Using device: cuda
DataFrame shape: (1000, 3)
Columns: ['event_times', 'event_types', 'cluster']
加载了 1000 个序列
检测到 8 种事件类型: [0, 1, 2, 3, 4, 5, 6, 7]
第一个序列长度: 80
[Hawkes Cold Start][001/005] train_nll/event=4.530360 val_nll/event=3.983941 max_grad=1.7082
[Hawkes Cold Start][002/005] train_nll/event=3.752346 val_nll/event=3.476004 max_grad=0.8174
[Hawkes Cold Start][003/005] train_nll/event=3.367936 val_nll/event=3.194996 max_grad=0.4840
[Hawkes Cold Start][004/005] train_nll/event=3.147597 val_nll/event=3.029957 max_grad=0.3228
[Hawkes Cold Start][005/005] train_nll/event=3.019739 val_nll/event=2.935587 max_grad=0.2016
[Hawkes Cold Start] checkpoint saved to /home/xinye/Hawkes-Memory/HawkesMemory/checkpoints/hawkes_backbone_init.pt
[Hawkes Cold Start] spectral_radius=0.627653, min_mu=1.175818e-02
[H_tree] initialized 19/19 node_emb from /home/xinye/Hawkes-Memory/HawkesMemory/Data/tree_10/h_tree_10.pt
[Routing] mode=active_frontier frontier=2..7 temperature=1.300 exploration=0.010

[Residual init]:   0%|          | 0/1000 [00:00<?, ?seq/s]
[Residual init]:   2%|▎         | 25/1000 [00:00<00:03, 247.92seq/s]
[Residual init]:   6%|▌         | 58/1000 [00:00<00:03, 291.00seq/s]
[Residual init]:   9%|▉         | 89/1000 [00:00<00:03, 298.69seq/s]
[Residual init]:  12%|█▏        | 120/1000 [00:00<00:02, 302.68seq/s]
[Residual init]:  15%|█▌        | 151/1000 [00:00<00:02, 305.22seq/s]
[Residual init]:  18%|█▊        | 183/1000 [00:00<00:02, 307.43seq/s]
[Residual init]:  21%|██▏       | 214/1000 [00:00<00:02, 308.01seq/s]
[Residual init]:  24%|██▍       | 245/1000 [00:00<00:02, 308.05seq/s]
[Residual init]:  28%|██▊       | 277/1000 [00:00<00:02, 308.62seq/s]
[Residual init]:  31%|███       | 308/1000 [00:01<00:02, 308.90seq/s]
[Residual init]:  34%|███▍      | 339/1000 [00:01<00:02, 307.06seq/s]
[Residual init]:  37%|███▋      | 370/1000 [00:01<00:02, 305.49seq/s]
[Residual init]:  40%|████      | 401/1000 [00:01<00:01, 304.81seq/s]
[Residual init]:  43%|████▎     | 432/1000 [00:01<00:01, 304.80seq/s]
[Residual init]:  46%|████▋     | 463/1000 [00:01<00:01, 305.38seq/s]
[Residual init]:  49%|████▉     | 494/1000 [00:01<00:01, 306.63seq/s]
[Residual init]:  52%|█████▎    | 525/1000 [00:01<00:01, 301.70seq/s]
[Residual init]:  56%|█████▌    | 556/1000 [00:01<00:01, 301.97seq/s]
[Residual init]:  59%|█████▊    | 587/1000 [00:01<00:01, 302.66seq/s]
[Residual init]:  62%|██████▏   | 618/1000 [00:02<00:01, 300.14seq/s]
[Residual init]:  65%|██████▍   | 649/1000 [00:02<00:01, 299.51seq/s]
[Residual init]:  68%|██████▊   | 679/1000 [00:02<00:01, 298.19seq/s]
[Residual init]:  71%|███████   | 709/1000 [00:02<00:00, 298.37seq/s]
[Residual init]:  74%|███████▍  | 740/1000 [00:02<00:00, 298.86seq/s]
[Residual init]:  77%|███████▋  | 770/1000 [00:02<00:00, 295.87seq/s]
[Residual init]:  80%|████████  | 800/1000 [00:02<00:00, 294.41seq/s]
[Residual init]:  83%|████████▎ | 830/1000 [00:02<00:00, 294.30seq/s]
[Residual init]:  86%|████████▌ | 860/1000 [00:02<00:00, 294.25seq/s]
[Residual init]:  89%|████████▉ | 890/1000 [00:02<00:00, 293.52seq/s]
[Residual init]:  92%|█████████▏| 920/1000 [00:03<00:00, 291.49seq/s]
[Residual init]:  95%|█████████▌| 950/1000 [00:03<00:00, 291.37seq/s]
[Residual init]:  98%|█████████▊| 980/1000 [00:03<00:00, 292.80seq/s]
[Residual init]: 100%|██████████| 1000/1000 [00:03<00:00, 299.65seq/s]
[Residual Initialization] sequences=1000 rank=4 grad_norm=5.422e+00/8.863e+00/1.497e+01 clipped=0.000 membership=[100.0, 100.0, 100.0, 100.0, 100.0, 100.0, 100.0, 100.0, 100.0, 100.0] target_mass=[0.10000000149011612, 0.10000000149011612, 0.10000000149011612, 0.10000000149011612, 0.10000000149011612, 0.10000000149011612, 0.10000000149011612, 0.10000000149011612, 0.10000000149011612, 0.10000000149011612]
[Initialization] mode=residual_signature semantic_blend=0.0000 semantic_delta_mean=1.5923e-02 semantic_delta_max=1.6515e-01 offset_mode=path_additive route_balance=0.1500
[Symmetry] mode=residual_signature router_gain=0.0500 router_norm_mean=7.3961e-02 leaf_delta_mean=2.0123e-02 leaf_mean_error=4.768e-07 spectral_radius=[0.624644,0.631782]

[H-align 01/05]:   0%|          | 0/63 [00:00<?, ?batch/s]
[H-align 01/05]:  11%|█         | 7/63 [00:00<00:00, 68.22batch/s, acc=0.572, loss=0.687]
[H-align 01/05]:  25%|██▌       | 16/63 [00:00<00:00, 77.62batch/s, acc=0.563, loss=0.682]
[H-align 01/05]:  40%|███▉      | 25/63 [00:00<00:00, 81.87batch/s, acc=0.562, loss=0.675]
[H-align 01/05]:  54%|█████▍    | 34/63 [00:00<00:00, 83.32batch/s, acc=0.558, loss=0.672]
[H-align 01/05]:  68%|██████▊   | 43/63 [00:00<00:00, 83.93batch/s, acc=0.554, loss=0.674]
[H-align 01/05]:  83%|████████▎ | 52/63 [00:00<00:00, 84.59batch/s, acc=0.559, loss=0.672]
[H-align 01/05]:  97%|█████████▋| 61/63 [00:00<00:00, 79.34batch/s, acc=0.564, loss=0.667]
[H-align 01/05]: 100%|██████████| 63/63 [00:00<00:00, 80.82batch/s, acc=0.563, loss=0.668]
[H-align] epoch=1/5 loss=0.667899 acc=0.5632 p_target=0.5233 confidence=1.0000 grad_max=9.478e-01

[H-align 02/05]:   0%|          | 0/63 [00:00<?, ?batch/s]
[H-align 02/05]:  14%|█▍        | 9/63 [00:00<00:00, 85.56batch/s, acc=0.558, loss=0.661]
[H-align 02/05]:  29%|██▊       | 18/63 [00:00<00:00, 83.92batch/s, acc=0.591, loss=0.651]
[H-align 02/05]:  43%|████▎     | 27/63 [00:00<00:00, 84.65batch/s, acc=0.611, loss=0.633]
[H-align 02/05]:  57%|█████▋    | 36/63 [00:00<00:00, 85.35batch/s, acc=0.633, loss=0.601]
[H-align 02/05]:  71%|███████▏  | 45/63 [00:00<00:00, 85.98batch/s, acc=0.648, loss=0.58] 
[H-align 02/05]:  86%|████████▌ | 54/63 [00:00<00:00, 86.06batch/s, acc=0.663, loss=0.562]
[H-align 02/05]: 100%|██████████| 63/63 [00:00<00:00, 85.38batch/s, acc=0.672, loss=0.554]
[H-align 02/05]: 100%|██████████| 63/63 [00:00<00:00, 85.34batch/s, acc=0.672, loss=0.554]
[H-align] epoch=2/5 loss=0.553551 acc=0.6715 p_target=0.6122 confidence=1.0000 grad_max=4.726e+00

[H-align 03/05]:   0%|          | 0/63 [00:00<?, ?batch/s]
[H-align 03/05]:  14%|█▍        | 9/63 [00:00<00:00, 84.75batch/s, acc=0.742, loss=0.449]
[H-align 03/05]:  29%|██▊       | 18/63 [00:00<00:00, 85.51batch/s, acc=0.758, loss=0.426]
[H-align 03/05]:  43%|████▎     | 27/63 [00:00<00:00, 85.77batch/s, acc=0.778, loss=0.403]
[H-align 03/05]:  57%|█████▋    | 36/63 [00:00<00:00, 85.28batch/s, acc=0.799, loss=0.375]
[H-align 03/05]:  71%|███████▏  | 45/63 [00:00<00:00, 86.25batch/s, acc=0.82, loss=0.344] 
[H-align 03/05]:  86%|████████▌ | 54/63 [00:00<00:00, 85.12batch/s, acc=0.835, loss=0.323]
[H-align 03/05]: 100%|██████████| 63/63 [00:00<00:00, 85.40batch/s, acc=0.847, loss=0.302]
[H-align 03/05]: 100%|██████████| 63/63 [00:00<00:00, 85.44batch/s, acc=0.847, loss=0.302]
[H-align] epoch=3/5 loss=0.302446 acc=0.8474 p_target=0.7877 confidence=1.0000 grad_max=2.221e+00

[H-align 04/05]:   0%|          | 0/63 [00:00<?, ?batch/s]
[H-align 04/05]:  14%|█▍        | 9/63 [00:00<00:00, 85.22batch/s, acc=0.95, loss=0.133]
[H-align 04/05]:  29%|██▊       | 18/63 [00:00<00:00, 85.95batch/s, acc=0.964, loss=0.116]
[H-align 04/05]:  43%|████▎     | 27/63 [00:00<00:00, 86.11batch/s, acc=0.968, loss=0.106]
[H-align 04/05]:  57%|█████▋    | 36/63 [00:00<00:00, 85.71batch/s, acc=0.971, loss=0.0977]
[H-align 04/05]:  71%|███████▏  | 45/63 [00:00<00:00, 85.40batch/s, acc=0.974, loss=0.088] 
[H-align 04/05]:  86%|████████▌ | 54/63 [00:00<00:00, 85.11batch/s, acc=0.976, loss=0.081]
[H-align 04/05]: 100%|██████████| 63/63 [00:00<00:00, 85.80batch/s, acc=0.978, loss=0.0754]
[H-align 04/05]: 100%|██████████| 63/63 [00:00<00:00, 85.65batch/s, acc=0.978, loss=0.0754]
[H-align] epoch=4/5 loss=0.075415 acc=0.9779 p_target=0.9508 confidence=1.0000 grad_max=1.613e+00

[H-align 05/05]:   0%|          | 0/63 [00:00<?, ?batch/s]
[H-align 05/05]:  14%|█▍        | 9/63 [00:00<00:00, 85.68batch/s, acc=0.992, loss=0.0336]
[H-align 05/05]:  29%|██▊       | 18/63 [00:00<00:00, 86.64batch/s, acc=0.992, loss=0.0299]
[H-align 05/05]:  43%|████▎     | 27/63 [00:00<00:00, 83.87batch/s, acc=0.992, loss=0.0283]
[H-align 05/05]:  57%|█████▋    | 36/63 [00:00<00:00, 84.79batch/s, acc=0.992, loss=0.0276]
[H-align 05/05]:  71%|███████▏  | 45/63 [00:00<00:00, 85.10batch/s, acc=0.992, loss=0.0271]
[H-align 05/05]:  86%|████████▌ | 54/63 [00:00<00:00, 85.73batch/s, acc=0.993, loss=0.0257]
[H-align 05/05]: 100%|██████████| 63/63 [00:00<00:00, 85.37batch/s, acc=0.993, loss=0.0256]
[H-align 05/05]: 100%|██████████| 63/63 [00:00<00:00, 85.26batch/s, acc=0.993, loss=0.0256]
[H-align] epoch=5/5 loss=0.025561 acc=0.9927 p_target=0.9849 confidence=1.0000 grad_max=2.206e+00
[H-align Complete] epochs=5 loss=0.692156->0.015426 accuracy=0.9954 p_target=0.9901 updated=encoder+router_compat frozen=hawkes+node_emb+semantics+memory

[Init] Cache:   0%|                                                                 | 0/1000 [00:00<?, ?seq/s]
[Init] Cache: 100%|###########################| 1000/1000 [00:00<00:00, 1186.60seq/s, built=1000, events=8e+4]
[Cache] sequences=1000 events=80000 built=1000 device=cuda time=0.843s

[Epoch 001] Wake: 100%|############| 1000/1000 [00:33<00:00, 29.68seq/s, events=8e+4, loss=2.9480, writes=596]
[Epoch 001] Global: 100%|################| 1000/1000 [00:04<00:00, 236.82seq-pass/s, batch=32/32, phase=train]
[Epoch 001] Sleep: 100%|############| 14/14 [00:00<00:00, 84.22step/s, actions=0, phase=light, pressure=0.117]
[MemoryTree][001/030] wake/event=2.947974 sleep_residual=0.000507 writes=596 memorize=2197 queue_split=0 wake_actions=A54319/R23484/M2197/Q0 novelty=0.0734 weighted_sim=0.8531 wm_grad_max=4.417e+00 global/event=2.772901 mix_diag=2.7707 global_steps=32 prior_KL=1.065e-01 seq_H_cond=0.5253 seq_H_marg=0.5470 seq_MI=2.167e-02 post_KL_diag=1.606e-01 branch_distill=5.353e-01 probe=5.563e+00/0.477->0.485/0.004/0.560 frontier=5.04/9.07/4.04 enc_gate=0.098 enc_scale=0.002 teacher_conf=0.048 teacher_JS=6.119e-02 max_mass=0.1090 owner_hard=[0, 0, 0, 100, 0, 0, 0, 0, 0, 100, 100, 100, 0, 101, 99, 100, 100, 100, 100] mem_assign=[1143, 81, 499, 7656, 299, 71, 103, 247, 97, 7460, 7459, 7435, 1224, 7553, 7659, 7475, 7581, 7782, 8176] topology_prune=off leaves=10 sleep_mode=light light_absorb=0 deep_probability=0.117 topology_action=null topology_gain=0.000e+00 topology_candidates=0 collapsed=0 topology_lambda=0.000e+00 time=W33.7/G4.2/S0.2s cache=0/1000 cuda_peak=10219MiB sleep_actions=[]
[Epoch 002] Wake: 100%|##############| 1000/1000 [00:16<00:00, 61.37seq/s, events=8e+4, loss=2.7934, writes=0]
[Epoch 002] Global: 100%|################| 1000/1000 [00:03<00:00, 284.03seq-pass/s, batch=32/32, phase=train]
[Epoch 002] Sleep: 100%|#############| 14/14 [00:00<00:00, 23.61step/s, actions=4, phase=deep, pressure=0.167]
[MemoryTree][002/030] wake/event=2.793432 sleep_residual=0.000489 writes=0 memorize=0 queue_split=0 wake_actions=A55333/R24667/M0/Q0 novelty=0.1612 weighted_sim=0.6777 wm_grad_max=3.936e+00 global/event=2.739045 mix_diag=2.8188 global_steps=32 prior_KL=3.654e-02 seq_H_cond=0.6267 seq_H_marg=0.6300 seq_MI=3.373e-03 post_KL_diag=3.326e-01 branch_distill=2.232e-01 probe=6.223e+00/0.288->0.282/0.000/0.675 frontier=4.28/7.56/3.28 enc_gate=0.156 enc_scale=0.007 teacher_conf=0.146 teacher_JS=3.334e-02 max_mass=0.1566 owner_hard=[4, 0, 730, 5, 0, 0, 55, 99, 104, 0, 0, 0, 3, 0, 0, 0, 0, 0, 0] mem_assign=[5213, 898, 41020, 4715, 1474, 254, 4502, 7035, 13317, 0, 0, 9, 1262, 0, 0, 301, 0, 0, 0] topology_prune=off leaves=10 sleep_mode=deep light_absorb=0 deep_probability=0.167 topology_action=null topology_gain=0.000e+00 topology_candidates=8 collapsed=0 topology_lambda=4.500e-04 time=W16.3/G3.5/S0.6s cache=0/1000 cuda_peak=8703MiB sleep_actions=['promotion', 'promotion', 'promotion', 'promotion']
[Epoch 003] Wake: 100%|############| 1000/1000 [00:20<00:00, 49.58seq/s, events=8e+4, loss=2.6898, writes=227]
[Epoch 003] Global: 100%|################| 1000/1000 [00:03<00:00, 279.64seq-pass/s, batch=32/32, phase=train]
[Epoch 003] Sleep: 100%|############| 14/14 [00:00<00:00, 89.09step/s, actions=0, phase=light, pressure=0.293]
[MemoryTree][003/030] wake/event=2.689801 sleep_residual=0.000478 writes=227 memorize=7 queue_split=256 wake_actions=A55192/R24545/M7/Q256 novelty=0.1558 weighted_sim=0.6884 wm_grad_max=5.545e+00 global/event=2.684647 mix_diag=2.8498 global_steps=32 prior_KL=5.235e-02 seq_H_cond=0.6215 seq_H_marg=0.6299 seq_MI=8.393e-03 post_KL_diag=4.114e-01 branch_distill=2.448e-01 probe=6.448e+00/0.292->0.291/0.002/0.683 frontier=5.10/9.20/4.10 enc_gate=0.177 enc_scale=0.008 teacher_conf=0.170 teacher_JS=3.772e-02 max_mass=0.2431 owner_hard=[12, 0, 493, 226, 0, 0, 0, 95, 3, 0, 0, 5, 1, 0, 0, 165, 0, 0, 0] mem_assign=[6428, 994, 27866, 15219, 3329, 497, 1118, 5112, 4157, 0, 0, 1778, 2562, 2, 0, 8867, 109, 1962, 0] topology_prune=off leaves=10 sleep_mode=light light_absorb=0 deep_probability=0.293 topology_action=null topology_gain=0.000e+00 topology_candidates=0 collapsed=0 topology_lambda=4.500e-04 time=W20.2/G3.6/S0.2s cache=0/1000 cuda_peak=9320MiB sleep_actions=[]
[Epoch 004] Wake: 100%|#############| 1000/1000 [00:18<00:00, 53.28seq/s, events=8e+4, loss=2.6657, writes=45]
[Epoch 004] Global: 100%|################| 1000/1000 [00:03<00:00, 275.84seq-pass/s, batch=32/32, phase=train]
[Epoch 004] Sleep: 100%|#############| 14/14 [00:04<00:00,  3.40step/s, actions=4, phase=deep, pressure=0.467]
[MemoryTree][004/030] wake/event=2.665732 sleep_residual=0.000473 writes=45 memorize=2 queue_split=46 wake_actions=A54915/R25037/M2/Q46 novelty=0.1720 weighted_sim=0.6560 wm_grad_max=4.716e+00 global/event=2.702099 mix_diag=2.9163 global_steps=32 prior_KL=6.252e-02 seq_H_cond=0.6252 seq_H_marg=0.6377 seq_MI=1.253e-02 post_KL_diag=4.841e-01 branch_distill=3.111e-01 probe=7.065e+00/0.236->0.239/0.006/0.705 frontier=5.54/10.09/4.54 enc_gate=0.197 enc_scale=0.010 teacher_conf=0.199 teacher_JS=4.295e-02 max_mass=0.2420 owner_hard=[5, 0, 500, 201, 2, 0, 0, 57, 0, 0, 0, 29, 8, 0, 0, 195, 0, 3, 0] mem_assign=[6607, 387, 26646, 16419, 2366, 1931, 502, 3452, 1890, 10, 0, 4056, 4630, 730, 0, 8692, 34, 1648, 0] topology_prune=off leaves=10 sleep_mode=deep light_absorb=0 deep_probability=0.467 topology_action=null topology_gain=0.000e+00 topology_candidates=11 collapsed=0 topology_lambda=9.000e-04 time=W18.8/G3.6/S4.1s cache=0/1000 cuda_peak=9674MiB sleep_actions=['promotion', 'promotion', 'promotion', 'promotion']
[Epoch 005] Wake: 100%|#############| 1000/1000 [00:19<00:00, 50.29seq/s, events=8e+4, loss=2.7228, writes=55]
[Epoch 005] Global: 100%|################| 1000/1000 [00:03<00:00, 275.15seq-pass/s, batch=32/32, phase=train]
[Epoch 005] Sleep: 100%|#############| 14/14 [00:05<00:00,  2.73step/s, actions=4, phase=deep, pressure=0.547]
[MemoryTree][005/030] wake/event=2.722833 sleep_residual=0.000472 writes=55 memorize=7 queue_split=50 wake_actions=A54886/R25057/M7/Q50 novelty=0.1620 weighted_sim=0.6760 wm_grad_max=4.573e+00 global/event=2.741235 mix_diag=3.0262 global_steps=32 prior_KL=3.788e-02 seq_H_cond=0.6089 seq_H_marg=0.6313 seq_MI=2.236e-02 post_KL_diag=3.987e-01 branch_distill=2.958e-01 probe=6.583e+00/0.259->0.274/0.012/0.744 frontier=6.12/11.23/5.12 enc_gate=0.235 enc_scale=0.011 teacher_conf=0.236 teacher_JS=4.620e-02 max_mass=0.2806 owner_hard=[20, 0, 313, 524, 2, 0, 0, 3, 0, 0, 0, 0, 17, 35, 0, 85, 1, 0, 0] mem_assign=[9216, 1899, 15660, 21119, 1981, 2886, 431, 3832, 2951, 0, 1, 2144, 5903, 2936, 0, 5674, 3367, 0, 0] topology_prune=off leaves=10 sleep_mode=deep light_absorb=0 deep_probability=0.547 topology_action=null topology_gain=0.000e+00 topology_candidates=12 collapsed=0 topology_lambda=1.350e-03 time=W19.9/G3.6/S5.1s cache=0/1000 cuda_peak=10093MiB sleep_actions=['promotion', 'promotion', 'promotion', 'promotion']
[Epoch 006] Wake: 100%|#############| 1000/1000 [00:20<00:00, 48.75seq/s, events=8e+4, loss=2.7455, writes=71]
[Epoch 006] Global: 100%|################| 1000/1000 [00:03<00:00, 271.00seq-pass/s, batch=32/32, phase=train]
[Epoch 006] Sleep: 100%|#############| 14/14 [00:07<00:00,  1.89step/s, actions=3, phase=deep, pressure=0.638]
[MemoryTree][006/030] wake/event=2.745511 sleep_residual=0.000464 writes=71 memorize=7 queue_split=69 wake_actions=A54644/R25280/M7/Q69 novelty=0.1440 weighted_sim=0.7120 wm_grad_max=4.898e+00 global/event=2.746379 mix_diag=2.9658 global_steps=32 prior_KL=3.567e-02 seq_H_cond=0.5953 seq_H_marg=0.6307 seq_MI=3.540e-02 post_KL_diag=3.855e-01 branch_distill=2.918e-01 probe=6.002e+00/0.313->0.333/0.009/0.702 frontier=6.79/12.57/5.79 enc_gate=0.183 enc_scale=0.010 teacher_conf=0.191 teacher_JS=4.413e-02 max_mass=0.1990 owner_hard=[124, 0, 124, 0, 0, 1, 0, 114, 53, 95, 15, 165, 156, 0, 0, 0, 153, 0, 0] mem_assign=[10772, 2080, 10547, 1106, 1319, 3212, 594, 5476, 9278, 4348, 2862, 11799, 7066, 418, 4, 1511, 7608, 0, 0] topology_prune=off leaves=10 sleep_mode=deep light_absorb=0 deep_probability=0.638 topology_action=null topology_gain=0.000e+00 topology_candidates=14 collapsed=0 topology_lambda=1.800e-03 time=W20.5/G3.7/S7.4s cache=0/1000 cuda_peak=10237MiB sleep_actions=['promotion', 'promotion', 'promotion']
[Epoch 007] Wake: 100%|#############| 1000/1000 [00:18<00:00, 53.37seq/s, events=8e+4, loss=2.7087, writes=21]
[Epoch 007] Global: 100%|################| 1000/1000 [00:04<00:00, 240.90seq-pass/s, batch=32/32, phase=train]
[Epoch 007] Sleep: 100%|#############| 14/14 [00:08<00:00,  1.63step/s, actions=3, phase=deep, pressure=0.699]
[MemoryTree][007/030] wake/event=2.708698 sleep_residual=0.000447 writes=21 memorize=4 queue_split=21 wake_actions=A55066/R24909/M4/Q21 novelty=0.1366 weighted_sim=0.7269 wm_grad_max=4.943e+00 global/event=2.714014 mix_diag=2.8429 global_steps=32 prior_KL=3.486e-02 seq_H_cond=0.5910 seq_H_marg=0.6373 seq_MI=4.634e-02 post_KL_diag=3.835e-01 branch_distill=3.558e-01 probe=6.307e+00/0.377->0.381/0.151/0.715 frontier=5.69/10.38/4.69 enc_gate=0.245 enc_scale=0.011 teacher_conf=0.224 teacher_JS=5.149e-02 max_mass=0.1101 owner_hard=[22, 22, 113, 0, 0, 194, 0, 28, 30, 0, 0, 69, 205, 76, 0, 0, 241, 0, 0] mem_assign=[6974, 5871, 10236, 3912, 1696, 8252, 534, 5473, 7398, 232, 62, 6440, 8806, 3950, 1202, 446, 8516, 0, 0] topology_prune=off leaves=10 sleep_mode=deep light_absorb=1 deep_probability=0.699 topology_action=null topology_gain=0.000e+00 topology_candidates=15 collapsed=0 topology_lambda=2.250e-03 time=W18.7/G4.2/S8.6s cache=0/1000 cuda_peak=10192MiB sleep_actions=['promotion', 'promotion', 'promotion']
[Epoch 008] Wake: 100%|#############| 1000/1000 [00:20<00:00, 49.11seq/s, events=8e+4, loss=2.7223, writes=61]
[Epoch 008] Global: 100%|################| 1000/1000 [00:03<00:00, 260.42seq-pass/s, batch=32/32, phase=train]
[Epoch 008] Sleep: 100%|#############| 14/14 [00:08<00:00,  1.67step/s, actions=2, phase=deep, pressure=0.760]
[MemoryTree][008/030] wake/event=2.722318 sleep_residual=0.000431 writes=61 memorize=8 queue_split=58 wake_actions=A55171/R24763/M8/Q58 novelty=0.1304 weighted_sim=0.7391 wm_grad_max=5.403e+00 global/event=2.732711 mix_diag=2.8523 global_steps=32 prior_KL=3.411e-02 seq_H_cond=0.5891 seq_H_marg=0.6532 seq_MI=6.415e-02 post_KL_diag=3.903e-01 branch_distill=3.639e-01 probe=6.533e+00/0.387->0.391/0.099/0.649 frontier=6.79/12.58/5.79 enc_gate=0.194 enc_scale=0.011 teacher_conf=0.217 teacher_JS=5.236e-02 max_mass=0.1182 owner_hard=[48, 4, 0, 2, 0, 0, 0, 297, 398, 46, 2, 7, 161, 35, 0, 0, 0, 0, 0] mem_assign=[7575, 4401, 2431, 2857, 3027, 1566, 201, 13364, 16523, 3935, 1748, 5737, 9104, 6249, 1056, 41, 149, 36, 0] topology_prune=off leaves=10 sleep_mode=deep light_absorb=0 deep_probability=0.760 topology_action=null topology_gain=0.000e+00 topology_candidates=15 collapsed=0 topology_lambda=2.700e-03 time=W20.4/G3.8/S8.4s cache=0/1000 cuda_peak=10200MiB sleep_actions=['promotion', 'promotion']
[Epoch 009] Wake: 100%|#############| 1000/1000 [00:20<00:00, 49.39seq/s, events=8e+4, loss=2.7202, writes=49]
[Epoch 009] Global: 100%|################| 1000/1000 [00:03<00:00, 256.04seq-pass/s, batch=32/32, phase=train]
[Epoch 009] Sleep: 100%|#############| 14/14 [00:09<00:00,  1.42step/s, actions=1, phase=deep, pressure=0.808]
[MemoryTree][009/030] wake/event=2.720153 sleep_residual=0.000434 writes=49 memorize=0 queue_split=53 wake_actions=A55369/R24578/M0/Q53 novelty=0.1475 weighted_sim=0.7051 wm_grad_max=5.093e+00 global/event=2.718265 mix_diag=2.7967 global_steps=32 prior_KL=4.061e-02 seq_H_cond=0.5679 seq_H_marg=0.6400 seq_MI=7.216e-02 post_KL_diag=3.367e-01 branch_distill=3.296e-01 probe=6.212e+00/0.393->0.398/0.040/0.617 frontier=6.11/11.22/5.11 enc_gate=0.193 enc_scale=0.010 teacher_conf=0.200 teacher_JS=5.189e-02 max_mass=0.1395 owner_hard=[103, 5, 7, 0, 59, 0, 0, 3, 88, 1, 9, 80, 354, 255, 5, 4, 27, 0, 0] mem_assign=[7627, 5187, 3493, 849, 7930, 1384, 407, 4080, 9033, 1333, 1946, 5367, 10524, 10605, 4248, 3247, 2732, 8, 0] topology_prune=off leaves=10 sleep_mode=deep light_absorb=0 deep_probability=0.808 topology_action=null topology_gain=0.000e+00 topology_candidates=16 collapsed=0 topology_lambda=3.150e-03 time=W20.2/G3.9/S9.8s cache=0/1000 cuda_peak=9653MiB sleep_actions=['promotion']
[Epoch 010] Wake: 100%|#############| 1000/1000 [00:19<00:00, 52.45seq/s, events=8e+4, loss=2.7299, writes=13]
[Epoch 010] Global: 100%|################| 1000/1000 [00:03<00:00, 263.15seq-pass/s, batch=32/32, phase=train]
[Epoch 010] Sleep: 100%|#############| 14/14 [00:10<00:00,  1.39step/s, actions=2, phase=deep, pressure=0.803]
[MemoryTree][010/030] wake/event=2.729945 sleep_residual=0.000427 writes=13 memorize=2 queue_split=12 wake_actions=A55226/R24760/M2/Q12 novelty=0.1581 weighted_sim=0.6838 wm_grad_max=3.777e+00 global/event=2.700881 mix_diag=2.8403 global_steps=32 prior_KL=3.633e-02 seq_H_cond=0.5684 seq_H_marg=0.6332 seq_MI=6.478e-02 post_KL_diag=3.725e-01 branch_distill=3.116e-01 probe=6.302e+00/0.352->0.356/0.013/0.617 frontier=5.89/10.77/4.89 enc_gate=0.181 enc_scale=0.010 teacher_conf=0.202 teacher_JS=5.269e-02 max_mass=0.1032 owner_hard=[154, 22, 38, 0, 2, 0, 0, 295, 108, 0, 5, 107, 249, 1, 19, 0, 0, 0, 0] mem_assign=[9222, 6680, 4365, 2305, 4437, 1030, 672, 13361, 7366, 741, 1720, 5975, 9365, 4466, 6520, 1069, 603, 103, 0] topology_prune=off leaves=10 sleep_mode=deep light_absorb=0 deep_probability=0.803 topology_action=null topology_gain=0.000e+00 topology_candidates=16 collapsed=0 topology_lambda=3.600e-03 time=W19.1/G3.8/S10.1s cache=0/1000 cuda_peak=9414MiB sleep_actions=['promotion', 'promotion']
[Epoch 011] Wake: 100%|#############| 1000/1000 [00:19<00:00, 52.56seq/s, events=8e+4, loss=2.7150, writes=18]
[Epoch 011] Global: 100%|################| 1000/1000 [00:03<00:00, 266.39seq-pass/s, batch=32/32, phase=train]
[Epoch 011] Sleep: 100%|#############| 14/14 [00:09<00:00,  1.41step/s, actions=2, phase=deep, pressure=0.718]
[MemoryTree][011/030] wake/event=2.714977 sleep_residual=0.000435 writes=18 memorize=5 queue_split=15 wake_actions=A55130/R24850/M5/Q15 novelty=0.1527 weighted_sim=0.6946 wm_grad_max=6.200e+00 global/event=2.721716 mix_diag=2.7943 global_steps=32 prior_KL=2.560e-02 seq_H_cond=0.5541 seq_H_marg=0.6310 seq_MI=7.689e-02 post_KL_diag=3.099e-01 branch_distill=2.456e-01 probe=5.669e+00/0.382->0.385/0.002/0.562 frontier=5.56/10.12/4.56 enc_gate=0.130 enc_scale=0.008 teacher_conf=0.147 teacher_JS=4.545e-02 max_mass=0.0835 owner_hard=[49, 8, 211, 0, 1, 0, 0, 145, 149, 23, 257, 81, 5, 4, 58, 0, 0] mem_assign=[7708, 5210, 10350, 1925, 3436, 798, 431, 10632, 10114, 3787, 9302, 3731, 3891, 2539, 2664, 263, 0] topology_prune=on leaves=9 sleep_mode=deep light_absorb=0 deep_probability=0.718 topology_action=topology_prune topology_gain=3.545e-02 topology_candidates=16 collapsed=0 topology_lambda=3.050e-03 time=W19.0/G3.8/S9.9s cache=0/1000 cuda_peak=9058MiB sleep_actions=['topology_prune', 'promotion']
[Epoch 012] Wake: 100%|#############| 1000/1000 [00:17<00:00, 55.70seq/s, events=8e+4, loss=2.7135, writes=15]
[Epoch 012] Global: 100%|################| 1000/1000 [00:03<00:00, 279.90seq-pass/s, batch=32/32, phase=train]
[Epoch 012] Sleep: 100%|#############| 13/13 [00:08<00:00,  1.52step/s, actions=2, phase=deep, pressure=0.758]
[MemoryTree][012/030] wake/event=2.713454 sleep_residual=51.470157 writes=15 memorize=0 queue_split=17 wake_actions=A55265/R24718/M0/Q17 novelty=0.1412 weighted_sim=0.7177 wm_grad_max=5.554e+00 global/event=2.706710 mix_diag=2.7801 global_steps=32 prior_KL=2.853e-02 seq_H_cond=0.5602 seq_H_marg=0.6311 seq_MI=7.088e-02 post_KL_diag=2.940e-01 branch_distill=2.461e-01 probe=5.473e+00/0.407->0.409/0.000/0.493 frontier=4.86/8.73/3.86 enc_gate=0.180 enc_scale=0.008 teacher_conf=0.176 teacher_JS=4.978e-02 max_mass=0.0970 owner_hard=[35, 0, 605, 58, 4, 10, 0, 59, 1, 0, 203, 0, 0, 0, 25, 0, 0] mem_assign=[7654, 2294, 19879, 3861, 4973, 4197, 291, 8454, 6934, 2413, 9449, 765, 3261, 343, 4435, 784, 13] topology_prune=on leaves=9 sleep_mode=deep light_absorb=0 deep_probability=0.758 topology_action=null topology_gain=0.000e+00 topology_candidates=13 collapsed=0 topology_lambda=2.500e-03 time=W18.0/G3.6/S8.6s cache=0/1000 cuda_peak=9217MiB sleep_actions=['promotion', 'promotion']
[Epoch 013] Wake: 100%|#############| 1000/1000 [00:18<00:00, 53.31seq/s, events=8e+4, loss=2.7019, writes=30]
[Epoch 013] Global: 100%|################| 1000/1000 [00:03<00:00, 279.08seq-pass/s, batch=32/32, phase=train]
[Epoch 013] Sleep: 100%|#############| 13/13 [00:10<00:00,  1.28step/s, actions=1, phase=deep, pressure=0.801]
[MemoryTree][013/030] wake/event=2.701905 sleep_residual=29.850011 writes=30 memorize=0 queue_split=30 wake_actions=A55119/R24851/M0/Q30 novelty=0.1416 weighted_sim=0.7168 wm_grad_max=4.974e+00 global/event=2.709352 mix_diag=2.7772 global_steps=32 prior_KL=3.168e-02 seq_H_cond=0.5525 seq_H_marg=0.6335 seq_MI=8.098e-02 post_KL_diag=3.216e-01 branch_distill=2.955e-01 probe=5.378e+00/0.422->0.421/0.009/0.563 frontier=5.64/10.28/4.64 enc_gate=0.253 enc_scale=0.011 teacher_conf=0.226 teacher_JS=5.764e-02 max_mass=0.1780 owner_hard=[5, 0, 343, 82, 1, 393, 0, 162, 6, 0, 6, 0, 0, 0, 0, 2, 0] mem_assign=[6454, 1062, 15050, 6014, 3377, 15971, 131, 10956, 6728, 1647, 4931, 478, 2032, 822, 1385, 2137, 825] topology_prune=on leaves=9 sleep_mode=deep light_absorb=0 deep_probability=0.801 topology_action=null topology_gain=0.000e+00 topology_candidates=14 collapsed=0 topology_lambda=1.950e-03 time=W18.8/G3.6/S10.2s cache=0/1000 cuda_peak=9766MiB sleep_actions=['promotion']
[Epoch 014] Wake: 100%|##############| 1000/1000 [00:19<00:00, 50.37seq/s, events=8e+4, loss=2.7038, writes=2]
[Epoch 014] Global: 100%|################| 1000/1000 [00:03<00:00, 270.67seq-pass/s, batch=32/32, phase=train]
[Epoch 014] Sleep: 100%|#############| 13/13 [00:09<00:00,  1.31step/s, actions=2, phase=deep, pressure=0.743]
[MemoryTree][014/030] wake/event=2.703798 sleep_residual=73.919751 writes=2 memorize=0 queue_split=3 wake_actions=A55188/R24809/M0/Q3 novelty=0.1381 weighted_sim=0.7239 wm_grad_max=5.369e+00 global/event=2.694692 mix_diag=2.7787 global_steps=32 prior_KL=4.016e-02 seq_H_cond=0.5379 seq_H_marg=0.6315 seq_MI=9.359e-02 post_KL_diag=3.645e-01 branch_distill=2.973e-01 probe=5.625e+00/0.390->0.395/0.011/0.619 frontier=6.32/11.63/5.32 enc_gate=0.280 enc_scale=0.013 teacher_conf=0.268 teacher_JS=6.175e-02 max_mass=0.2276 owner_hard=[14, 0, 82, 14, 0, 748, 0, 79, 25, 0, 1, 24, 0, 0, 13, 0, 0] mem_assign=[6910, 852, 7959, 4345, 2553, 20723, 443, 9077, 6634, 2476, 3900, 4015, 1534, 2345, 2972, 2029, 1233] topology_prune=on leaves=9 sleep_mode=deep light_absorb=0 deep_probability=0.743 topology_action=null topology_gain=0.000e+00 topology_candidates=14 collapsed=0 topology_lambda=1.400e-03 time=W19.9/G3.7/S9.9s cache=0/1000 cuda_peak=9836MiB sleep_actions=['promotion', 'promotion']
[Epoch 015] Wake: 100%|##############| 1000/1000 [00:19<00:00, 50.86seq/s, events=8e+4, loss=2.6848, writes=6]
[Epoch 015] Global: 100%|################| 1000/1000 [00:03<00:00, 263.97seq-pass/s, batch=32/32, phase=train]
[Epoch 015] Sleep: 100%|############| 13/13 [00:09<00:00,  1.38step/s, actions=0, phase=light, pressure=0.766]
[MemoryTree][015/030] wake/event=2.684796 sleep_residual=24.330115 writes=6 memorize=0 queue_split=6 wake_actions=A55230/R24764/M0/Q6 novelty=0.1385 weighted_sim=0.7230 wm_grad_max=5.095e+00 global/event=2.683310 mix_diag=2.7794 global_steps=32 prior_KL=3.763e-02 seq_H_cond=0.5067 seq_H_marg=0.6284 seq_MI=1.216e-01 post_KL_diag=3.554e-01 branch_distill=3.032e-01 probe=5.742e+00/0.391->0.394/0.024/0.616 frontier=6.13/11.26/5.13 enc_gate=0.250 enc_scale=0.013 teacher_conf=0.261 teacher_JS=6.474e-02 max_mass=0.2723 owner_hard=[0, 0, 0, 6, 0, 763, 0, 224, 0, 6, 0, 0, 0, 0, 1, 0, 0] mem_assign=[3832, 767, 3117, 6188, 2326, 23863, 548, 15629, 2717, 3555, 3827, 1637, 3199, 2477, 5033, 609, 676] topology_prune=on leaves=9 sleep_mode=light light_absorb=1 deep_probability=0.766 topology_action=null topology_gain=0.000e+00 topology_candidates=14 collapsed=0 topology_lambda=1.400e-03 time=W19.7/G3.8/S9.5s cache=0/1000 cuda_peak=9667MiB sleep_actions=[]
[Epoch 016] Wake: 100%|#############| 1000/1000 [00:19<00:00, 50.71seq/s, events=8e+4, loss=2.6918, writes=11]
[Epoch 016] Global: 100%|################| 1000/1000 [00:03<00:00, 270.70seq-pass/s, batch=32/32, phase=train]
[Epoch 016] Sleep: 100%|#############| 13/13 [00:10<00:00,  1.19step/s, actions=2, phase=deep, pressure=0.787]
[MemoryTree][016/030] wake/event=2.691828 sleep_residual=37.026369 writes=11 memorize=0 queue_split=13 wake_actions=A55074/R24913/M0/Q13 novelty=0.1430 weighted_sim=0.7140 wm_grad_max=6.000e+00 global/event=2.687412 mix_diag=2.7759 global_steps=32 prior_KL=2.139e-02 seq_H_cond=0.4873 seq_H_marg=0.6313 seq_MI=1.440e-01 post_KL_diag=3.254e-01 branch_distill=3.035e-01 probe=5.321e+00/0.445->0.442/0.010/0.526 frontier=6.10/11.20/5.10 enc_gate=0.257 enc_scale=0.012 teacher_conf=0.237 teacher_JS=6.633e-02 max_mass=0.2406 owner_hard=[0, 0, 0, 42, 0, 550, 0, 402, 0, 3, 0, 0, 2, 0, 1, 0, 0] mem_assign=[2624, 585, 2447, 8178, 1644, 20799, 1351, 19127, 2147, 2816, 2678, 913, 4927, 1476, 5209, 1596, 1483] topology_prune=on leaves=9 sleep_mode=deep light_absorb=1 deep_probability=0.787 topology_action=null topology_gain=0.000e+00 topology_candidates=15 collapsed=0 topology_lambda=8.500e-04 time=W19.7/G3.7/S10.9s cache=0/1000 cuda_peak=9593MiB sleep_actions=['promotion', 'promotion']
[Epoch 017] Wake: 100%|#############| 1000/1000 [00:19<00:00, 51.86seq/s, events=8e+4, loss=2.6747, writes=12]
[Epoch 017] Global: 100%|################| 1000/1000 [00:03<00:00, 270.23seq-pass/s, batch=32/32, phase=train]
[Epoch 017] Sleep: 100%|#############| 13/13 [00:10<00:00,  1.20step/s, actions=2, phase=deep, pressure=0.815]
[MemoryTree][017/030] wake/event=2.674741 sleep_residual=69.809036 writes=12 memorize=3 queue_split=9 wake_actions=A55177/R24811/M3/Q9 novelty=0.1118 weighted_sim=0.7764 wm_grad_max=5.520e+00 global/event=2.665896 mix_diag=2.7917 global_steps=32 prior_KL=2.162e-02 seq_H_cond=0.4771 seq_H_marg=0.6286 seq_MI=1.514e-01 post_KL_diag=3.492e-01 branch_distill=3.417e-01 probe=5.278e+00/0.442->0.441/0.035/0.572 frontier=5.86/10.71/4.86 enc_gate=0.258 enc_scale=0.013 teacher_conf=0.263 teacher_JS=7.683e-02 max_mass=0.3018 owner_hard=[0, 0, 0, 0, 0, 796, 0, 155, 0, 0, 0, 9, 8, 0, 32] mem_assign=[3356, 465, 2794, 6204, 1309, 26441, 527, 13633, 2952, 3039, 950, 2143, 3066, 5452, 3423] topology_prune=on leaves=8 sleep_mode=deep light_absorb=0 deep_probability=0.815 topology_action=merge topology_gain=3.920e-02 topology_candidates=15 collapsed=0 topology_lambda=0.000e+00 time=W19.3/G3.7/S10.8s cache=0/1000 cuda_peak=9758MiB sleep_actions=['merge', 'promotion']
[Epoch 018] Wake: 100%|#############| 1000/1000 [00:20<00:00, 49.31seq/s, events=8e+4, loss=2.6696, writes=11]
[Epoch 018] Global: 100%|################| 1000/1000 [00:04<00:00, 215.17seq-pass/s, batch=32/32, phase=train]
[Epoch 018] Sleep: 100%|#############| 12/12 [00:07<00:00,  1.51step/s, actions=2, phase=deep, pressure=0.828]
[MemoryTree][018/030] wake/event=2.669611 sleep_residual=175.245515 writes=11 memorize=6 queue_split=6 wake_actions=A54929/R25059/M6/Q6 novelty=0.1196 weighted_sim=0.7609 wm_grad_max=4.251e+00 global/event=2.678997 mix_diag=2.7858 global_steps=32 prior_KL=2.517e-02 seq_H_cond=0.4512 seq_H_marg=0.6165 seq_MI=1.653e-01 post_KL_diag=3.365e-01 branch_distill=3.690e-01 probe=5.061e+00/0.470->0.467/0.053/0.652 frontier=5.87/10.73/4.87 enc_gate=0.298 enc_scale=0.014 teacher_conf=0.295 teacher_JS=8.444e-02 max_mass=0.2796 owner_hard=[0, 0, 0, 3, 0, 807, 0, 0, 47, 10, 0, 2, 28] mem_assign=[2339, 607, 1478, 7059, 907, 24895, 407, 3088, 12726, 3115, 270, 4467, 3783] topology_prune=on leaves=7 sleep_mode=deep light_absorb=1 deep_probability=0.828 topology_action=topology_prune topology_gain=1.338e-02 topology_candidates=11 collapsed=0 topology_lambda=0.000e+00 time=W20.3/G4.6/S8.0s cache=0/1000 cuda_peak=13956MiB sleep_actions=['topology_prune', 'promotion']
[Epoch 019] Wake: 100%|#############| 1000/1000 [00:20<00:00, 48.41seq/s, events=8e+4, loss=2.6787, writes=70]
[Epoch 019] Global: 100%|################| 1000/1000 [00:03<00:00, 262.11seq-pass/s, batch=32/32, phase=train]
[Epoch 019] Sleep: 100%|############| 11/11 [00:00<00:00, 87.50step/s, actions=0, phase=light, pressure=0.813]
[MemoryTree][019/030] wake/event=2.678671 sleep_residual=12.752046 writes=70 memorize=72 queue_split=4 wake_actions=A55027/R24897/M72/Q4 novelty=0.1084 weighted_sim=0.7832 wm_grad_max=4.974e+00 global/event=2.688349 mix_diag=2.7703 global_steps=32 prior_KL=4.099e-02 seq_H_cond=0.4081 seq_H_marg=0.5972 seq_MI=1.891e-01 post_KL_diag=3.438e-01 branch_distill=3.704e-01 probe=4.930e+00/0.457->0.464/0.042/0.588 frontier=5.49/9.98/4.49 enc_gate=0.309 enc_scale=0.017 teacher_conf=0.334 teacher_JS=9.685e-02 max_mass=0.2797 owner_hard=[0, 0, 0, 3, 0, 602, 0, 348, 20, 2, 0, 22, 3] mem_assign=[1865, 427, 2060, 7256, 424, 24514, 274, 16469, 11897, 3247, 202, 7295, 4070] topology_prune=on leaves=7 sleep_mode=light light_absorb=1 deep_probability=0.813 topology_action=null topology_gain=0.000e+00 topology_candidates=0 collapsed=0 topology_lambda=0.000e+00 time=W20.7/G3.8/S0.1s cache=0/1000 cuda_peak=13449MiB sleep_actions=[]
[Epoch 020] Wake: 100%|#############| 1000/1000 [00:20<00:00, 49.45seq/s, events=8e+4, loss=2.6650, writes=78]
[Epoch 020] Global: 100%|################| 1000/1000 [00:03<00:00, 268.19seq-pass/s, batch=32/32, phase=train]
[Epoch 020] Sleep: 100%|#############| 11/11 [00:08<00:00,  1.29step/s, actions=2, phase=deep, pressure=0.862]
[MemoryTree][020/030] wake/event=2.664972 sleep_residual=84.445039 writes=78 memorize=71 queue_split=14 wake_actions=A54965/R24950/M71/Q14 novelty=0.1064 weighted_sim=0.7873 wm_grad_max=5.129e+00 global/event=2.680284 mix_diag=2.8051 global_steps=32 prior_KL=3.393e-02 seq_H_cond=0.4101 seq_H_marg=0.6059 seq_MI=1.958e-01 post_KL_diag=3.434e-01 branch_distill=3.527e-01 probe=4.780e+00/0.493->0.497/0.032/0.483 frontier=5.06/9.12/4.06 enc_gate=0.271 enc_scale=0.015 teacher_conf=0.293 teacher_JS=9.297e-02 max_mass=0.2271 owner_hard=[0, 0, 0, 39, 0, 523, 0, 24, 0, 7, 0] mem_assign=[1790, 858, 2325, 7668, 510, 21161, 1346, 4035, 187, 5581, 3722] topology_prune=on leaves=6 sleep_mode=deep light_absorb=1 deep_probability=0.862 topology_action=merge topology_gain=8.602e-01 topology_candidates=11 collapsed=0 topology_lambda=0.000e+00 time=W20.2/G3.7/S8.5s cache=0/1000 cuda_peak=13180MiB sleep_actions=['merge', 'promotion']