## Task 0:
[Epoch 001] Wake: 100%|##############| 128/128 [00:07<00:00, 17.62seq/s, events=8192, loss=3.2626, writes=426]
[Epoch 001] Global: 100%|#####################| 128/128 [00:02<00:00, 57.44seq-pass/s, batch=2/2, phase=train]
[Epoch 001] Sleep: 100%|##############| 5/5 [00:00<00:00, 29.84step/s, actions=0, phase=light, pressure=0.127]
[MemoryTree][001/020] wake/event=3.262606 sleep_residual_utility=0.028288 writes=426 memorize=1962 queue_split=0 wake_actions=A4789/R1441/M1962/Q0 novelty=0.5008 weighted_sim=-0.0016 wm_grad_max=6.681e+00 global/event=3.258206 mix_diag=3.2583 global_steps=2 prior_KL=0.000e+00 seq_H_cond=0.0000 seq_H_marg=0.0000 seq_MI=0.000e+00 post_KL_diag=0.000e+00 branch_distill=0.000e+00 probe=0.000e+00/0.000->0.000/0.000/0.000 frontier=1.00/1.00/0.00 enc_gate=0.000 enc_scale=0.000 teacher_conf=0.000 teacher_JS=0.000e+00 max_mass=1.0000 owner_hard=[128] mem_assign=[8192] topology_prune=off leaves=1 sleep_mode=light light_absorb=1 deep_probability=0.127 topology_action=null topology_gain=0.000e+00 topology_candidates=0 collapsed=0 topology_lambda=0.000e+00 time=W7.3/G2.2/S0.3s cache=0/128 cuda_peak=960MiB sleep_actions=[]
[Epoch 002] Wake: 100%|##############| 128/128 [00:07<00:00, 18.08seq/s, events=8192, loss=3.2425, writes=336]
[Epoch 002] Global: 100%|#####################| 128/128 [00:02<00:00, 57.45seq-pass/s, batch=2/2, phase=train]
[Epoch 002] Sleep: 100%|##############| 5/5 [00:00<00:00, 29.14step/s, actions=0, phase=light, pressure=0.195]
[MemoryTree][002/020] wake/event=3.242541 sleep_residual_utility=0.028210 writes=336 memorize=0 queue_split=0 wake_actions=A5334/R2858/M0/Q0 novelty=0.0112 weighted_sim=0.9777 wm_grad_max=6.460e+00 global/event=3.238564 mix_diag=3.2387 global_steps=2 prior_KL=0.000e+00 seq_H_cond=0.0000 seq_H_marg=0.0000 seq_MI=0.000e+00 post_KL_diag=0.000e+00 branch_distill=0.000e+00 probe=0.000e+00/0.000->0.000/0.000/0.000 frontier=1.00/1.00/0.00 enc_gate=0.000 enc_scale=0.000 teacher_conf=0.000 teacher_JS=0.000e+00 max_mass=1.0000 owner_hard=[128] mem_assign=[8192] topology_prune=off leaves=1 sleep_mode=light light_absorb=1 deep_probability=0.195 topology_action=null topology_gain=0.000e+00 topology_candidates=0 collapsed=0 topology_lambda=0.000e+00 time=W7.1/G2.2/S0.3s cache=0/128 cuda_peak=960MiB sleep_actions=[]
[Epoch 003] Wake: 100%|##############| 128/128 [00:07<00:00, 18.11seq/s, events=8192, loss=3.2226, writes=327]
[Epoch 003] Global: 100%|#####################| 128/128 [00:02<00:00, 57.05seq-pass/s, batch=2/2, phase=train]
[Epoch 003] Sleep: 100%|###############| 5/5 [00:03<00:00,  1.33step/s, actions=0, phase=deep, pressure=0.233]
[MemoryTree][003/020] wake/event=3.222609 sleep_residual_utility=0.029839 writes=327 memorize=0 queue_split=0 wake_actions=A5322/R2870/M0/Q0 novelty=0.0054 weighted_sim=0.9893 wm_grad_max=6.241e+00 global/event=3.217761 mix_diag=3.2179 global_steps=2 prior_KL=0.000e+00 seq_H_cond=0.0000 seq_H_marg=0.0000 seq_MI=0.000e+00 post_KL_diag=0.000e+00 branch_distill=0.000e+00 probe=0.000e+00/0.000->0.000/0.000/0.000 frontier=1.00/1.00/0.00 enc_gate=0.000 enc_scale=0.000 teacher_conf=0.000 teacher_JS=0.000e+00 max_mass=1.0000 owner_hard=[128] mem_assign=[8192] topology_prune=off leaves=1 sleep_mode=deep light_absorb=1 deep_probability=0.233 topology_action=null topology_gain=0.000e+00 topology_candidates=1 collapsed=0 topology_lambda=0.000e+00 time=W7.1/G2.2/S3.9s cache=0/128 cuda_peak=960MiB sleep_actions=[]
[Epoch 004] Wake: 100%|##############| 128/128 [00:07<00:00, 18.16seq/s, events=8192, loss=3.2006, writes=339]
[Epoch 004] Global: 100%|#####################| 128/128 [00:02<00:00, 57.25seq-pass/s, batch=2/2, phase=train]
[Epoch 004] Sleep: 100%|##############| 5/5 [00:00<00:00, 29.25step/s, actions=0, phase=light, pressure=0.133]
[MemoryTree][004/020] wake/event=3.200643 sleep_residual_utility=0.027916 writes=339 memorize=0 queue_split=0 wake_actions=A5302/R2890/M0/Q0 novelty=0.0057 weighted_sim=0.9886 wm_grad_max=5.993e+00 global/event=3.195100 mix_diag=3.1952 global_steps=2 prior_KL=0.000e+00 seq_H_cond=0.0000 seq_H_marg=0.0000 seq_MI=0.000e+00 post_KL_diag=0.000e+00 branch_distill=0.000e+00 probe=0.000e+00/0.000->0.000/0.000/0.000 frontier=1.00/1.00/0.00 enc_gate=0.000 enc_scale=0.000 teacher_conf=0.000 teacher_JS=0.000e+00 max_mass=1.0000 owner_hard=[128] mem_assign=[8192] topology_prune=off leaves=1 sleep_mode=light light_absorb=1 deep_probability=0.133 topology_action=null topology_gain=0.000e+00 topology_candidates=0 collapsed=0 topology_lambda=0.000e+00 time=W7.0/G2.2/S0.3s cache=0/128 cuda_peak=960MiB sleep_actions=[]
[Epoch 005] Wake: 100%|##############| 128/128 [00:07<00:00, 18.11seq/s, events=8192, loss=3.1756, writes=330]
[Epoch 005] Global: 100%|#####################| 128/128 [00:02<00:00, 57.36seq-pass/s, batch=2/2, phase=train]
[Epoch 005] Sleep: 100%|##############| 5/5 [00:03<00:00,  1.34step/s, actions=0, phase=light, pressure=0.204]
[MemoryTree][005/020] wake/event=3.175647 sleep_residual_utility=0.025674 writes=330 memorize=0 queue_split=0 wake_actions=A5266/R2926/M0/Q0 novelty=0.0071 weighted_sim=0.9859 wm_grad_max=5.701e+00 global/event=3.169242 mix_diag=3.1694 global_steps=2 prior_KL=0.000e+00 seq_H_cond=0.0000 seq_H_marg=0.0000 seq_MI=0.000e+00 post_KL_diag=0.000e+00 branch_distill=0.000e+00 probe=0.000e+00/0.000->0.000/0.000/0.000 frontier=1.00/1.00/0.00 enc_gate=0.000 enc_scale=0.000 teacher_conf=0.000 teacher_JS=0.000e+00 max_mass=1.0000 owner_hard=[128] mem_assign=[8192] topology_prune=off leaves=1 sleep_mode=light light_absorb=1 deep_probability=0.204 topology_action=null topology_gain=0.000e+00 topology_candidates=1 collapsed=0 topology_lambda=0.000e+00 time=W7.1/G2.2/S3.8s cache=0/128 cuda_peak=960MiB sleep_actions=[]
[Epoch 006] Wake: 100%|##############| 128/128 [00:06<00:00, 18.33seq/s, events=8192, loss=3.1473, writes=336]
[Epoch 006] Global: 100%|#####################| 128/128 [00:02<00:00, 57.36seq-pass/s, batch=2/2, phase=train]
[Epoch 006] Sleep: 100%|##############| 5/5 [00:00<00:00, 29.31step/s, actions=0, phase=light, pressure=0.134]
[MemoryTree][006/020] wake/event=3.147359 sleep_residual_utility=0.023633 writes=336 memorize=0 queue_split=0 wake_actions=A5253/R2939/M0/Q0 novelty=0.0095 weighted_sim=0.9810 wm_grad_max=5.365e+00 global/event=3.139749 mix_diag=3.1399 global_steps=2 prior_KL=0.000e+00 seq_H_cond=0.0000 seq_H_marg=0.0000 seq_MI=0.000e+00 post_KL_diag=0.000e+00 branch_distill=0.000e+00 probe=0.000e+00/0.000->0.000/0.000/0.000 frontier=1.00/1.00/0.00 enc_gate=0.000 enc_scale=0.000 teacher_conf=0.000 teacher_JS=0.000e+00 max_mass=1.0000 owner_hard=[128] mem_assign=[8192] topology_prune=off leaves=1 sleep_mode=light light_absorb=1 deep_probability=0.134 topology_action=null topology_gain=0.000e+00 topology_candidates=0 collapsed=0 topology_lambda=0.000e+00 time=W7.0/G2.2/S0.3s cache=0/128 cuda_peak=960MiB sleep_actions=[]
[Epoch 007] Wake: 100%|##############| 128/128 [00:06<00:00, 18.33seq/s, events=8192, loss=3.1161, writes=334]
[Epoch 007] Global: 100%|#####################| 128/128 [00:02<00:00, 57.09seq-pass/s, batch=2/2, phase=train]
[Epoch 007] Sleep: 100%|##############| 5/5 [00:00<00:00, 29.31step/s, actions=0, phase=light, pressure=0.205]
[MemoryTree][007/020] wake/event=3.116114 sleep_residual_utility=0.021247 writes=334 memorize=0 queue_split=0 wake_actions=A5199/R2993/M0/Q0 novelty=0.0097 weighted_sim=0.9805 wm_grad_max=4.986e+00 global/event=3.108584 mix_diag=3.1087 global_steps=2 prior_KL=0.000e+00 seq_H_cond=0.0000 seq_H_marg=0.0000 seq_MI=0.000e+00 post_KL_diag=0.000e+00 branch_distill=0.000e+00 probe=0.000e+00/0.000->0.000/0.000/0.000 frontier=1.00/1.00/0.00 enc_gate=0.000 enc_scale=0.000 teacher_conf=0.000 teacher_JS=0.000e+00 max_mass=1.0000 owner_hard=[128] mem_assign=[8192] topology_prune=off leaves=1 sleep_mode=light light_absorb=1 deep_probability=0.205 topology_action=null topology_gain=0.000e+00 topology_candidates=0 collapsed=0 topology_lambda=0.000e+00 time=W7.0/G2.2/S0.3s cache=0/128 cuda_peak=960MiB sleep_actions=[]
[Epoch 008] Wake: 100%|##############| 128/128 [00:07<00:00, 18.16seq/s, events=8192, loss=3.0827, writes=332]
[Epoch 008] Global: 100%|#####################| 128/128 [00:02<00:00, 57.27seq-pass/s, batch=2/2, phase=train]
[Epoch 008] Sleep: 100%|##############| 5/5 [00:00<00:00, 29.32step/s, actions=0, phase=light, pressure=0.240]
[MemoryTree][008/020] wake/event=3.082766 sleep_residual_utility=0.015979 writes=332 memorize=0 queue_split=0 wake_actions=A5112/R3080/M0/Q0 novelty=0.0084 weighted_sim=0.9832 wm_grad_max=4.549e+00 global/event=3.074788 mix_diag=3.0749 global_steps=2 prior_KL=0.000e+00 seq_H_cond=0.0000 seq_H_marg=0.0000 seq_MI=0.000e+00 post_KL_diag=0.000e+00 branch_distill=0.000e+00 probe=0.000e+00/0.000->0.000/0.000/0.000 frontier=1.00/1.00/0.00 enc_gate=0.000 enc_scale=0.000 teacher_conf=0.000 teacher_JS=0.000e+00 max_mass=1.0000 owner_hard=[128] mem_assign=[8192] topology_prune=off leaves=1 sleep_mode=light light_absorb=1 deep_probability=0.240 topology_action=null topology_gain=0.000e+00 topology_candidates=0 collapsed=0 topology_lambda=0.000e+00 time=W7.0/G2.2/S0.3s cache=0/128 cuda_peak=960MiB sleep_actions=[]
[Epoch 009] Wake: 100%|##############| 128/128 [00:07<00:00, 18.03seq/s, events=8192, loss=3.0493, writes=330]
[Epoch 009] Global: 100%|#####################| 128/128 [00:02<00:00, 57.28seq-pass/s, batch=2/2, phase=train]
[Epoch 009] Sleep: 100%|##############| 5/5 [00:00<00:00, 29.35step/s, actions=0, phase=light, pressure=0.258]
[MemoryTree][009/020] wake/event=3.049302 sleep_residual_utility=0.018121 writes=330 memorize=0 queue_split=0 wake_actions=A4961/R3231/M0/Q0 novelty=0.0068 weighted_sim=0.9864 wm_grad_max=4.129e+00 global/event=3.041915 mix_diag=3.0420 global_steps=2 prior_KL=0.000e+00 seq_H_cond=0.0000 seq_H_marg=0.0000 seq_MI=0.000e+00 post_KL_diag=0.000e+00 branch_distill=0.000e+00 probe=0.000e+00/0.000->0.000/0.000/0.000 frontier=1.00/1.00/0.00 enc_gate=0.000 enc_scale=0.000 teacher_conf=0.000 teacher_JS=0.000e+00 max_mass=1.0000 owner_hard=[128] mem_assign=[8192] topology_prune=off leaves=1 sleep_mode=light light_absorb=1 deep_probability=0.258 topology_action=null topology_gain=0.000e+00 topology_candidates=0 collapsed=0 topology_lambda=0.000e+00 time=W7.1/G2.2/S0.3s cache=0/128 cuda_peak=960MiB sleep_actions=[]
[Epoch 010] Wake: 100%|##############| 128/128 [00:07<00:00, 18.10seq/s, events=8192, loss=3.0173, writes=315]
[Epoch 010] Global: 100%|#####################| 128/128 [00:02<00:00, 57.29seq-pass/s, batch=2/2, phase=train]
[Epoch 010] Sleep: 100%|###############| 5/5 [00:03<00:00,  1.34step/s, actions=0, phase=deep, pressure=0.266]
[MemoryTree][010/020] wake/event=3.017345 sleep_residual_utility=0.015436 writes=315 memorize=0 queue_split=0 wake_actions=A4784/R3408/M0/Q0 novelty=0.0050 weighted_sim=0.9900 wm_grad_max=3.731e+00 global/event=3.009631 mix_diag=3.0097 global_steps=2 prior_KL=0.000e+00 seq_H_cond=0.0000 seq_H_marg=0.0000 seq_MI=0.000e+00 post_KL_diag=0.000e+00 branch_distill=0.000e+00 probe=0.000e+00/0.000->0.000/0.000/0.000 frontier=1.00/1.00/0.00 enc_gate=0.000 enc_scale=0.000 teacher_conf=0.000 teacher_JS=0.000e+00 max_mass=1.0000 owner_hard=[128] mem_assign=[8192] topology_prune=off leaves=1 sleep_mode=deep light_absorb=0 deep_probability=0.266 topology_action=null topology_gain=0.000e+00 topology_candidates=1 collapsed=0 topology_lambda=0.000e+00 time=W7.1/G2.2/S3.8s cache=0/128 cuda_peak=960MiB sleep_actions=[]
[Epoch 011] Wake: 100%|##############| 128/128 [00:07<00:00, 18.08seq/s, events=8192, loss=2.9882, writes=308]
[Epoch 011] Global: 100%|#####################| 128/128 [00:02<00:00, 57.21seq-pass/s, batch=2/2, phase=train]
[Epoch 011] Sleep: 100%|##############| 5/5 [00:00<00:00, 29.39step/s, actions=0, phase=light, pressure=0.136]
[MemoryTree][011/020] wake/event=2.988212 sleep_residual_utility=0.014797 writes=308 memorize=0 queue_split=0 wake_actions=A4629/R3563/M0/Q0 novelty=0.0041 weighted_sim=0.9917 wm_grad_max=3.369e+00 global/event=2.982331 mix_diag=2.9824 global_steps=2 prior_KL=0.000e+00 seq_H_cond=0.0000 seq_H_marg=0.0000 seq_MI=0.000e+00 post_KL_diag=0.000e+00 branch_distill=0.000e+00 probe=0.000e+00/0.000->0.000/0.000/0.000 frontier=1.00/1.00/0.00 enc_gate=0.000 enc_scale=0.000 teacher_conf=0.000 teacher_JS=0.000e+00 max_mass=1.0000 owner_hard=[128] mem_assign=[8192] topology_prune=on leaves=1 sleep_mode=light light_absorb=0 deep_probability=0.136 topology_action=null topology_gain=0.000e+00 topology_candidates=0 collapsed=0 topology_lambda=0.000e+00 time=W7.1/G2.2/S0.3s cache=0/128 cuda_peak=960MiB sleep_actions=[]
[Epoch 012] Wake: 100%|##############| 128/128 [00:07<00:00, 17.99seq/s, events=8192, loss=2.9615, writes=295]
[Epoch 012] Global: 100%|#####################| 128/128 [00:02<00:00, 57.68seq-pass/s, batch=2/2, phase=train]
[Epoch 012] Sleep: 100%|##############| 5/5 [00:00<00:00, 29.81step/s, actions=0, phase=light, pressure=0.206]
[MemoryTree][012/020] wake/event=2.961580 sleep_residual_utility=0.012595 writes=295 memorize=0 queue_split=0 wake_actions=A4511/R3681/M0/Q0 novelty=0.0033 weighted_sim=0.9934 wm_grad_max=3.075e+00 global/event=2.955456 mix_diag=2.9555 global_steps=2 prior_KL=0.000e+00 seq_H_cond=0.0000 seq_H_marg=0.0000 seq_MI=0.000e+00 post_KL_diag=0.000e+00 branch_distill=0.000e+00 probe=0.000e+00/0.000->0.000/0.000/0.000 frontier=1.00/1.00/0.00 enc_gate=0.000 enc_scale=0.000 teacher_conf=0.000 teacher_JS=0.000e+00 max_mass=1.0000 owner_hard=[128] mem_assign=[8192] topology_prune=on leaves=1 sleep_mode=light light_absorb=0 deep_probability=0.206 topology_action=null topology_gain=0.000e+00 topology_candidates=0 collapsed=0 topology_lambda=0.000e+00 time=W7.1/G2.2/S0.3s cache=0/128 cuda_peak=960MiB sleep_actions=[]
[Epoch 013] Wake: 100%|##############| 128/128 [00:07<00:00, 18.19seq/s, events=8192, loss=2.9375, writes=278]
[Epoch 013] Global: 100%|#####################| 128/128 [00:02<00:00, 57.69seq-pass/s, batch=2/2, phase=train]
[Epoch 013] Sleep: 100%|##############| 5/5 [00:00<00:00, 29.80step/s, actions=0, phase=light, pressure=0.240]
[MemoryTree][013/020] wake/event=2.937494 sleep_residual_utility=0.011072 writes=278 memorize=0 queue_split=0 wake_actions=A4429/R3763/M0/Q0 novelty=0.0027 weighted_sim=0.9946 wm_grad_max=2.786e+00 global/event=2.932299 mix_diag=2.9323 global_steps=2 prior_KL=0.000e+00 seq_H_cond=0.0000 seq_H_marg=0.0000 seq_MI=0.000e+00 post_KL_diag=0.000e+00 branch_distill=0.000e+00 probe=0.000e+00/0.000->0.000/0.000/0.000 frontier=1.00/1.00/0.00 enc_gate=0.000 enc_scale=0.000 teacher_conf=0.000 teacher_JS=0.000e+00 max_mass=1.0000 owner_hard=[128] mem_assign=[8192] topology_prune=on leaves=1 sleep_mode=light light_absorb=0 deep_probability=0.240 topology_action=null topology_gain=0.000e+00 topology_candidates=0 collapsed=0 topology_lambda=0.000e+00 time=W7.0/G2.2/S0.3s cache=0/128 cuda_peak=960MiB sleep_actions=[]
[Epoch 014] Wake: 100%|##############| 128/128 [00:07<00:00, 18.01seq/s, events=8192, loss=2.9193, writes=271]
[Epoch 014] Global: 100%|#####################| 128/128 [00:02<00:00, 58.15seq-pass/s, batch=2/2, phase=train]
[Epoch 014] Sleep: 100%|##############| 5/5 [00:00<00:00, 30.10step/s, actions=0, phase=light, pressure=0.256]
[MemoryTree][014/020] wake/event=2.919319 sleep_residual_utility=0.009786 writes=271 memorize=0 queue_split=0 wake_actions=A4371/R3821/M0/Q0 novelty=0.0024 weighted_sim=0.9952 wm_grad_max=2.478e+00 global/event=2.915629 mix_diag=2.9156 global_steps=2 prior_KL=0.000e+00 seq_H_cond=0.0000 seq_H_marg=0.0000 seq_MI=0.000e+00 post_KL_diag=0.000e+00 branch_distill=0.000e+00 probe=0.000e+00/0.000->0.000/0.000/0.000 frontier=1.00/1.00/0.00 enc_gate=0.000 enc_scale=0.000 teacher_conf=0.000 teacher_JS=0.000e+00 max_mass=1.0000 owner_hard=[128] mem_assign=[8192] topology_prune=on leaves=1 sleep_mode=light light_absorb=0 deep_probability=0.256 topology_action=null topology_gain=0.000e+00 topology_candidates=0 collapsed=0 topology_lambda=0.000e+00 time=W7.1/G2.2/S0.3s cache=0/128 cuda_peak=960MiB sleep_actions=[]
[Epoch 015] Wake: 100%|##############| 128/128 [00:06<00:00, 18.39seq/s, events=8192, loss=2.9086, writes=269]
[Epoch 015] Global: 100%|#####################| 128/128 [00:02<00:00, 57.95seq-pass/s, batch=2/2, phase=train]
[Epoch 015] Sleep: 100%|##############| 5/5 [00:03<00:00,  1.34step/s, actions=0, phase=light, pressure=0.263]
[MemoryTree][015/020] wake/event=2.908665 sleep_residual_utility=0.009708 writes=269 memorize=0 queue_split=0 wake_actions=A4376/R3816/M0/Q0 novelty=0.0027 weighted_sim=0.9945 wm_grad_max=2.233e+00 global/event=2.905680 mix_diag=2.9057 global_steps=2 prior_KL=0.000e+00 seq_H_cond=0.0000 seq_H_marg=0.0000 seq_MI=0.000e+00 post_KL_diag=0.000e+00 branch_distill=0.000e+00 probe=0.000e+00/0.000->0.000/0.000/0.000 frontier=1.00/1.00/0.00 enc_gate=0.000 enc_scale=0.000 teacher_conf=0.000 teacher_JS=0.000e+00 max_mass=1.0000 owner_hard=[128] mem_assign=[8192] topology_prune=on leaves=1 sleep_mode=light light_absorb=0 deep_probability=0.263 topology_action=null topology_gain=0.000e+00 topology_candidates=1 collapsed=0 topology_lambda=0.000e+00 time=W7.0/G2.2/S3.8s cache=0/128 cuda_peak=960MiB sleep_actions=[]
[Epoch 016] Wake: 100%|##############| 128/128 [00:07<00:00, 18.06seq/s, events=8192, loss=2.8945, writes=272]
[Epoch 016] Global: 100%|#####################| 128/128 [00:02<00:00, 57.28seq-pass/s, batch=2/2, phase=train]
[Epoch 016] Sleep: 100%|##############| 5/5 [00:00<00:00, 29.51step/s, actions=0, phase=light, pressure=0.137]
[MemoryTree][016/020] wake/event=2.894545 sleep_residual_utility=0.009184 writes=272 memorize=0 queue_split=0 wake_actions=A4365/R3827/M0/Q0 novelty=0.0021 weighted_sim=0.9958 wm_grad_max=2.280e+00 global/event=2.890079 mix_diag=2.8901 global_steps=2 prior_KL=0.000e+00 seq_H_cond=0.0000 seq_H_marg=0.0000 seq_MI=0.000e+00 post_KL_diag=0.000e+00 branch_distill=0.000e+00 probe=0.000e+00/0.000->0.000/0.000/0.000 frontier=1.00/1.00/0.00 enc_gate=0.000 enc_scale=0.000 teacher_conf=0.000 teacher_JS=0.000e+00 max_mass=1.0000 owner_hard=[128] mem_assign=[8192] topology_prune=on leaves=1 sleep_mode=light light_absorb=0 deep_probability=0.137 topology_action=null topology_gain=0.000e+00 topology_candidates=0 collapsed=0 topology_lambda=0.000e+00 time=W7.1/G2.2/S0.3s cache=0/128 cuda_peak=960MiB sleep_actions=[]
[Epoch 017] Wake: 100%|##############| 128/128 [00:07<00:00, 18.21seq/s, events=8192, loss=2.8751, writes=281]
[Epoch 017] Global: 100%|#####################| 128/128 [00:02<00:00, 57.70seq-pass/s, batch=2/2, phase=train]
[Epoch 017] Sleep: 100%|###############| 5/5 [00:03<00:00,  1.29step/s, actions=0, phase=deep, pressure=0.206]
[MemoryTree][017/020] wake/event=2.875105 sleep_residual_utility=0.008796 writes=281 memorize=0 queue_split=0 wake_actions=A4423/R3769/M0/Q0 novelty=0.0025 weighted_sim=0.9951 wm_grad_max=2.253e+00 global/event=2.871474 mix_diag=2.8715 global_steps=2 prior_KL=0.000e+00 seq_H_cond=0.0000 seq_H_marg=0.0000 seq_MI=0.000e+00 post_KL_diag=0.000e+00 branch_distill=0.000e+00 probe=0.000e+00/0.000->0.000/0.000/0.000 frontier=1.00/1.00/0.00 enc_gate=0.000 enc_scale=0.000 teacher_conf=0.000 teacher_JS=0.000e+00 max_mass=1.0000 owner_hard=[128] mem_assign=[8192] topology_prune=on leaves=1 sleep_mode=deep light_absorb=0 deep_probability=0.206 topology_action=null topology_gain=0.000e+00 topology_candidates=1 collapsed=0 topology_lambda=0.000e+00 time=W7.0/G2.2/S4.0s cache=0/128 cuda_peak=960MiB sleep_actions=[]
[Epoch 018] Wake: 100%|##############| 128/128 [00:07<00:00, 18.14seq/s, events=8192, loss=2.8625, writes=292]
[Epoch 018] Global: 100%|#####################| 128/128 [00:02<00:00, 57.76seq-pass/s, batch=2/2, phase=train]
[Epoch 018] Sleep: 100%|##############| 5/5 [00:00<00:00, 29.48step/s, actions=0, phase=light, pressure=0.137]
[MemoryTree][018/020] wake/event=2.862491 sleep_residual_utility=0.008758 writes=292 memorize=0 queue_split=0 wake_actions=A4500/R3692/M0/Q0 novelty=0.0019 weighted_sim=0.9961 wm_grad_max=2.326e+00 global/event=2.861113 mix_diag=2.8611 global_steps=2 prior_KL=0.000e+00 seq_H_cond=0.0000 seq_H_marg=0.0000 seq_MI=0.000e+00 post_KL_diag=0.000e+00 branch_distill=0.000e+00 probe=0.000e+00/0.000->0.000/0.000/0.000 frontier=1.00/1.00/0.00 enc_gate=0.000 enc_scale=0.000 teacher_conf=0.000 teacher_JS=0.000e+00 max_mass=1.0000 owner_hard=[128] mem_assign=[8192] topology_prune=on leaves=1 sleep_mode=light light_absorb=0 deep_probability=0.137 topology_action=null topology_gain=0.000e+00 topology_candidates=0 collapsed=0 topology_lambda=0.000e+00 time=W7.1/G2.2/S0.3s cache=0/128 cuda_peak=960MiB sleep_actions=[]
[Epoch 019] Wake: 100%|##############| 128/128 [00:07<00:00, 18.11seq/s, events=8192, loss=2.8588, writes=296]
[Epoch 019] Global: 100%|#####################| 128/128 [00:02<00:00, 57.59seq-pass/s, batch=2/2, phase=train]
[Epoch 019] Sleep: 100%|###############| 5/5 [00:03<00:00,  1.30step/s, actions=0, phase=deep, pressure=0.206]
[MemoryTree][019/020] wake/event=2.858868 sleep_residual_utility=0.009269 writes=296 memorize=0 queue_split=0 wake_actions=A4570/R3622/M0/Q0 novelty=0.0018 weighted_sim=0.9964 wm_grad_max=2.483e+00 global/event=2.858520 mix_diag=2.8585 global_steps=2 prior_KL=0.000e+00 seq_H_cond=0.0000 seq_H_marg=0.0000 seq_MI=0.000e+00 post_KL_diag=0.000e+00 branch_distill=0.000e+00 probe=0.000e+00/0.000->0.000/0.000/0.000 frontier=1.00/1.00/0.00 enc_gate=0.000 enc_scale=0.000 teacher_conf=0.000 teacher_JS=0.000e+00 max_mass=1.0000 owner_hard=[128] mem_assign=[8192] topology_prune=on leaves=1 sleep_mode=deep light_absorb=0 deep_probability=0.206 topology_action=null topology_gain=0.000e+00 topology_candidates=1 collapsed=0 topology_lambda=0.000e+00 time=W7.1/G2.2/S3.9s cache=0/128 cuda_peak=960MiB sleep_actions=[]
[Epoch 020] Wake: 100%|##############| 128/128 [00:07<00:00, 17.74seq/s, events=8192, loss=2.8577, writes=305]
[Epoch 020] Global: 100%|#####################| 128/128 [00:02<00:00, 57.53seq-pass/s, batch=2/2, phase=train]
[Epoch 020] Sleep: 100%|##############| 5/5 [00:03<00:00,  1.33step/s, actions=0, phase=light, pressure=0.137]
[MemoryTree][020/020] wake/event=2.857704 sleep_residual_utility=0.010283 writes=305 memorize=0 queue_split=0 wake_actions=A4607/R3585/M0/Q0 novelty=0.0021 weighted_sim=0.9959 wm_grad_max=2.582e+00 global/event=2.856976 mix_diag=2.8570 global_steps=2 prior_KL=0.000e+00 seq_H_cond=0.0000 seq_H_marg=0.0000 seq_MI=0.000e+00 post_KL_diag=0.000e+00 branch_distill=0.000e+00 probe=0.000e+00/0.000->0.000/0.000/0.000 frontier=1.00/1.00/0.00 enc_gate=0.000 enc_scale=0.000 teacher_conf=0.000 teacher_JS=0.000e+00 max_mass=1.0000 owner_hard=[128] mem_assign=[8192] topology_prune=on leaves=1 sleep_mode=light light_absorb=0 deep_probability=0.137 topology_action=null topology_gain=0.000e+00 topology_candidates=1 collapsed=0 topology_lambda=0.000e+00 time=W7.2/G2.2/S3.8s cache=0/128 cuda_peak=960MiB sleep_actions=[]

## Task 1:
[Epoch 021] Wake: 100%|##############| 128/128 [00:07<00:00, 17.77seq/s, events=8192, loss=3.5912, writes=352]
[Epoch 021] Global: 100%|#####################| 128/128 [00:02<00:00, 56.51seq-pass/s, batch=2/2, phase=train]
[Epoch 021] Sleep: 100%|##############| 5/5 [00:00<00:00, 29.42step/s, actions=0, phase=light, pressure=0.137]
[MemoryTree][021/050] wake/event=3.591212 sleep_residual_utility=0.010824 writes=352 memorize=0 queue_split=0 wake_actions=A5292/R2900/M0/Q0 novelty=0.0022 weighted_sim=0.9955 wm_grad_max=2.731e+00 global/event=3.579359 mix_diag=3.5794 global_steps=2 prior_KL=0.000e+00 seq_H_cond=0.0000 seq_H_marg=0.0000 seq_MI=0.000e+00 post_KL_diag=0.000e+00 branch_distill=0.000e+00 probe=0.000e+00/0.000->0.000/0.000/0.000 frontier=1.00/1.00/0.00 enc_gate=0.000 enc_scale=0.000 teacher_conf=0.000 teacher_JS=0.000e+00 max_mass=1.0000 owner_hard=[128] mem_assign=[8192] topology_prune=on leaves=1 sleep_mode=light light_absorb=0 deep_probability=0.137 topology_action=null topology_gain=0.000e+00 topology_candidates=0 collapsed=0 topology_lambda=0.000e+00 time=W7.2/G2.3/S0.3s cache=0/128 cuda_peak=961MiB sleep_actions=[]
[Epoch 022] Wake: 100%|##############| 128/128 [00:06<00:00, 18.45seq/s, events=8192, loss=3.5346, writes=360]
[Epoch 022] Global: 100%|#####################| 128/128 [00:02<00:00, 58.81seq-pass/s, batch=2/2, phase=train]
[Epoch 022] Sleep: 100%|##############| 5/5 [00:00<00:00, 29.32step/s, actions=0, phase=light, pressure=0.207]
[MemoryTree][022/050] wake/event=3.534611 sleep_residual_utility=0.011040 writes=360 memorize=0 queue_split=0 wake_actions=A5376/R2816/M0/Q0 novelty=0.0026 weighted_sim=0.9947 wm_grad_max=2.820e+00 global/event=3.517191 mix_diag=3.5172 global_steps=2 prior_KL=0.000e+00 seq_H_cond=0.0000 seq_H_marg=0.0000 seq_MI=0.000e+00 post_KL_diag=0.000e+00 branch_distill=0.000e+00 probe=0.000e+00/0.000->0.000/0.000/0.000 frontier=1.00/1.00/0.00 enc_gate=0.000 enc_scale=0.000 teacher_conf=0.000 teacher_JS=0.000e+00 max_mass=1.0000 owner_hard=[128] mem_assign=[8192] topology_prune=on leaves=1 sleep_mode=light light_absorb=0 deep_probability=0.207 topology_action=null topology_gain=0.000e+00 topology_candidates=0 collapsed=0 topology_lambda=0.000e+00 time=W6.9/G2.2/S0.3s cache=0/128 cuda_peak=961MiB sleep_actions=[]
[Epoch 023] Wake: 100%|##############| 128/128 [00:06<00:00, 18.54seq/s, events=8192, loss=3.4654, writes=356]
[Epoch 023] Global: 100%|#####################| 128/128 [00:02<00:00, 59.07seq-pass/s, batch=2/2, phase=train]
[Epoch 023] Sleep: 100%|###############| 5/5 [00:03<00:00,  1.35step/s, actions=0, phase=deep, pressure=0.241]
[MemoryTree][023/050] wake/event=3.465455 sleep_residual_utility=0.010912 writes=356 memorize=0 queue_split=0 wake_actions=A5459/R2733/M0/Q0 novelty=0.0025 weighted_sim=0.9949 wm_grad_max=2.980e+00 global/event=3.449561 mix_diag=3.4496 global_steps=2 prior_KL=0.000e+00 seq_H_cond=0.0000 seq_H_marg=0.0000 seq_MI=0.000e+00 post_KL_diag=0.000e+00 branch_distill=0.000e+00 probe=0.000e+00/0.000->0.000/0.000/0.000 frontier=1.00/1.00/0.00 enc_gate=0.000 enc_scale=0.000 teacher_conf=0.000 teacher_JS=0.000e+00 max_mass=1.0000 owner_hard=[128] mem_assign=[8192] topology_prune=on leaves=1 sleep_mode=deep light_absorb=0 deep_probability=0.241 topology_action=null topology_gain=0.000e+00 topology_candidates=1 collapsed=0 topology_lambda=0.000e+00 time=W6.9/G2.2/S3.8s cache=0/128 cuda_peak=961MiB sleep_actions=[]
[Epoch 024] Wake: 100%|##############| 128/128 [00:07<00:00, 17.98seq/s, events=8192, loss=3.4067, writes=358]
[Epoch 024] Global: 100%|#####################| 128/128 [00:02<00:00, 59.54seq-pass/s, batch=2/2, phase=train]
[Epoch 024] Sleep: 100%|##############| 5/5 [00:00<00:00, 29.82step/s, actions=0, phase=light, pressure=0.138]
[MemoryTree][024/050] wake/event=3.406695 sleep_residual_utility=0.015304 writes=358 memorize=0 queue_split=0 wake_actions=A5508/R2684/M0/Q0 novelty=0.0022 weighted_sim=0.9956 wm_grad_max=3.173e+00 global/event=3.394065 mix_diag=3.3941 global_steps=2 prior_KL=0.000e+00 seq_H_cond=0.0000 seq_H_marg=0.0000 seq_MI=0.000e+00 post_KL_diag=0.000e+00 branch_distill=0.000e+00 probe=0.000e+00/0.000->0.000/0.000/0.000 frontier=1.00/1.00/0.00 enc_gate=0.000 enc_scale=0.000 teacher_conf=0.000 teacher_JS=0.000e+00 max_mass=1.0000 owner_hard=[128] mem_assign=[8192] topology_prune=on leaves=1 sleep_mode=light light_absorb=0 deep_probability=0.138 topology_action=null topology_gain=0.000e+00 topology_candidates=0 collapsed=0 topology_lambda=0.000e+00 time=W7.1/G2.2/S0.3s cache=0/128 cuda_peak=961MiB sleep_actions=[]
[Epoch 025] Wake: 100%|##############| 128/128 [00:07<00:00, 17.97seq/s, events=8192, loss=3.3629, writes=359]
[Epoch 025] Global: 100%|#####################| 128/128 [00:02<00:00, 59.66seq-pass/s, batch=2/2, phase=train]
[Epoch 025] Sleep: 100%|##############| 5/5 [00:03<00:00,  1.35step/s, actions=0, phase=light, pressure=0.209]
[MemoryTree][025/050] wake/event=3.362902 sleep_residual_utility=0.016219 writes=359 memorize=0 queue_split=0 wake_actions=A5539/R2653/M0/Q0 novelty=0.0025 weighted_sim=0.9951 wm_grad_max=3.367e+00 global/event=3.353971 mix_diag=3.3540 global_steps=2 prior_KL=0.000e+00 seq_H_cond=0.0000 seq_H_marg=0.0000 seq_MI=0.000e+00 post_KL_diag=0.000e+00 branch_distill=0.000e+00 probe=0.000e+00/0.000->0.000/0.000/0.000 frontier=1.00/1.00/0.00 enc_gate=0.000 enc_scale=0.000 teacher_conf=0.000 teacher_JS=0.000e+00 max_mass=1.0000 owner_hard=[128] mem_assign=[8192] topology_prune=on leaves=1 sleep_mode=light light_absorb=0 deep_probability=0.209 topology_action=null topology_gain=0.000e+00 topology_candidates=1 collapsed=0 topology_lambda=0.000e+00 time=W7.1/G2.1/S3.8s cache=0/128 cuda_peak=961MiB sleep_actions=[]
[Epoch 026] Wake: 100%|##############| 128/128 [00:07<00:00, 18.19seq/s, events=8192, loss=3.3313, writes=357]
[Epoch 026] Global: 100%|#####################| 128/128 [00:02<00:00, 59.49seq-pass/s, batch=2/2, phase=train]
[Epoch 026] Sleep: 100%|###############| 5/5 [00:03<00:00,  1.35step/s, actions=0, phase=deep, pressure=0.138]
[MemoryTree][026/050] wake/event=3.331373 sleep_residual_utility=0.015458 writes=357 memorize=0 queue_split=0 wake_actions=A5528/R2664/M0/Q0 novelty=0.0021 weighted_sim=0.9957 wm_grad_max=3.547e+00 global/event=3.325810 mix_diag=3.3259 global_steps=2 prior_KL=0.000e+00 seq_H_cond=0.0000 seq_H_marg=0.0000 seq_MI=0.000e+00 post_KL_diag=0.000e+00 branch_distill=0.000e+00 probe=0.000e+00/0.000->0.000/0.000/0.000 frontier=1.00/1.00/0.00 enc_gate=0.000 enc_scale=0.000 teacher_conf=0.000 teacher_JS=0.000e+00 max_mass=1.0000 owner_hard=[128] mem_assign=[8192] topology_prune=on leaves=1 sleep_mode=deep light_absorb=1 deep_probability=0.138 topology_action=null topology_gain=0.000e+00 topology_candidates=1 collapsed=0 topology_lambda=0.000e+00 time=W7.0/G2.2/S3.8s cache=0/128 cuda_peak=961MiB sleep_actions=[]
[Epoch 027] Wake: 100%|##############| 128/128 [00:07<00:00, 17.76seq/s, events=8192, loss=3.3083, writes=367]
[Epoch 027] Global: 100%|#####################| 128/128 [00:02<00:00, 59.13seq-pass/s, batch=2/2, phase=train]
[Epoch 027] Sleep: 100%|##############| 5/5 [00:00<00:00, 29.65step/s, actions=0, phase=light, pressure=0.138]
[MemoryTree][027/050] wake/event=3.308392 sleep_residual_utility=0.017140 writes=367 memorize=0 queue_split=0 wake_actions=A5549/R2643/M0/Q0 novelty=0.0023 weighted_sim=0.9955 wm_grad_max=3.701e+00 global/event=3.304435 mix_diag=3.3045 global_steps=2 prior_KL=0.000e+00 seq_H_cond=0.0000 seq_H_marg=0.0000 seq_MI=0.000e+00 post_KL_diag=0.000e+00 branch_distill=0.000e+00 probe=0.000e+00/0.000->0.000/0.000/0.000 frontier=1.00/1.00/0.00 enc_gate=0.000 enc_scale=0.000 teacher_conf=0.000 teacher_JS=0.000e+00 max_mass=1.0000 owner_hard=[128] mem_assign=[8192] topology_prune=on leaves=1 sleep_mode=light light_absorb=1 deep_probability=0.138 topology_action=null topology_gain=0.000e+00 topology_candidates=0 collapsed=0 topology_lambda=0.000e+00 time=W7.2/G2.2/S0.3s cache=0/128 cuda_peak=961MiB sleep_actions=[]
[Epoch 028] Wake: 100%|##############| 128/128 [00:07<00:00, 18.01seq/s, events=8192, loss=3.2911, writes=358]
[Epoch 028] Global: 100%|#####################| 128/128 [00:02<00:00, 59.31seq-pass/s, batch=2/2, phase=train]
[Epoch 028] Sleep: 100%|##############| 5/5 [00:00<00:00, 29.73step/s, actions=0, phase=light, pressure=0.210]
[MemoryTree][028/050] wake/event=3.291102 sleep_residual_utility=0.018856 writes=358 memorize=0 queue_split=0 wake_actions=A5549/R2643/M0/Q0 novelty=0.0022 weighted_sim=0.9956 wm_grad_max=3.823e+00 global/event=3.287940 mix_diag=3.2880 global_steps=2 prior_KL=0.000e+00 seq_H_cond=0.0000 seq_H_marg=0.0000 seq_MI=0.000e+00 post_KL_diag=0.000e+00 branch_distill=0.000e+00 probe=0.000e+00/0.000->0.000/0.000/0.000 frontier=1.00/1.00/0.00 enc_gate=0.000 enc_scale=0.000 teacher_conf=0.000 teacher_JS=0.000e+00 max_mass=1.0000 owner_hard=[128] mem_assign=[8192] topology_prune=on leaves=1 sleep_mode=light light_absorb=1 deep_probability=0.210 topology_action=null topology_gain=0.000e+00 topology_candidates=0 collapsed=0 topology_lambda=0.000e+00 time=W7.1/G2.2/S0.3s cache=0/128 cuda_peak=961MiB sleep_actions=[]
[Epoch 029] Wake: 100%|##############| 128/128 [00:07<00:00, 18.20seq/s, events=8192, loss=3.2778, writes=355]
[Epoch 029] Global: 100%|#####################| 128/128 [00:02<00:00, 59.36seq-pass/s, batch=2/2, phase=train]
[Epoch 029] Sleep: 100%|##############| 5/5 [00:00<00:00, 29.89step/s, actions=0, phase=light, pressure=0.248]
[MemoryTree][029/050] wake/event=3.277820 sleep_residual_utility=0.021525 writes=355 memorize=0 queue_split=0 wake_actions=A5543/R2649/M0/Q0 novelty=0.0020 weighted_sim=0.9960 wm_grad_max=3.912e+00 global/event=3.275127 mix_diag=3.2753 global_steps=2 prior_KL=0.000e+00 seq_H_cond=0.0000 seq_H_marg=0.0000 seq_MI=0.000e+00 post_KL_diag=0.000e+00 branch_distill=0.000e+00 probe=0.000e+00/0.000->0.000/0.000/0.000 frontier=1.00/1.00/0.00 enc_gate=0.000 enc_scale=0.000 teacher_conf=0.000 teacher_JS=0.000e+00 max_mass=1.0000 owner_hard=[128] mem_assign=[8192] topology_prune=on leaves=1 sleep_mode=light light_absorb=1 deep_probability=0.248 topology_action=null topology_gain=0.000e+00 topology_candidates=0 collapsed=0 topology_lambda=0.000e+00 time=W7.0/G2.2/S0.3s cache=0/128 cuda_peak=961MiB sleep_actions=[]
[Epoch 030] Wake: 100%|##############| 128/128 [00:07<00:00, 18.05seq/s, events=8192, loss=3.2673, writes=360]
[Epoch 030] Global: 100%|#####################| 128/128 [00:02<00:00, 59.52seq-pass/s, batch=2/2, phase=train]
[Epoch 030] Sleep: 100%|###############| 5/5 [00:03<00:00,  1.33step/s, actions=0, phase=deep, pressure=0.266]
[MemoryTree][030/050] wake/event=3.267318 sleep_residual_utility=0.020167 writes=360 memorize=0 queue_split=0 wake_actions=A5516/R2676/M0/Q0 novelty=0.0020 weighted_sim=0.9961 wm_grad_max=3.965e+00 global/event=3.265114 mix_diag=3.2652 global_steps=2 prior_KL=0.000e+00 seq_H_cond=0.0000 seq_H_marg=0.0000 seq_MI=0.000e+00 post_KL_diag=0.000e+00 branch_distill=0.000e+00 probe=0.000e+00/0.000->0.000/0.000/0.000 frontier=1.00/1.00/0.00 enc_gate=0.000 enc_scale=0.000 teacher_conf=0.000 teacher_JS=0.000e+00 max_mass=1.0000 owner_hard=[128] mem_assign=[8192] topology_prune=on leaves=1 sleep_mode=deep light_absorb=1 deep_probability=0.266 topology_action=null topology_gain=0.000e+00 topology_candidates=1 collapsed=0 topology_lambda=0.000e+00 time=W7.1/G2.2/S3.8s cache=0/128 cuda_peak=961MiB sleep_actions=[]
[Epoch 031] Wake: 100%|##############| 128/128 [00:07<00:00, 17.93seq/s, events=8192, loss=3.2584, writes=355]
[Epoch 031] Global: 100%|#####################| 128/128 [00:02<00:00, 58.94seq-pass/s, batch=2/2, phase=train]
[Epoch 031] Sleep: 100%|###############| 5/5 [00:03<00:00,  1.36step/s, actions=0, phase=deep, pressure=0.139]
[MemoryTree][031/050] wake/event=3.258478 sleep_residual_utility=0.020970 writes=355 memorize=0 queue_split=0 wake_actions=A5495/R2697/M0/Q0 novelty=0.0034 weighted_sim=0.9932 wm_grad_max=3.979e+00 global/event=3.256558 mix_diag=3.2567 global_steps=2 prior_KL=0.000e+00 seq_H_cond=0.0000 seq_H_marg=0.0000 seq_MI=0.000e+00 post_KL_diag=0.000e+00 branch_distill=0.000e+00 probe=0.000e+00/0.000->0.000/0.000/0.000 frontier=1.00/1.00/0.00 enc_gate=0.000 enc_scale=0.000 teacher_conf=0.000 teacher_JS=0.000e+00 max_mass=1.0000 owner_hard=[128] mem_assign=[8192] topology_prune=on leaves=1 sleep_mode=deep light_absorb=1 deep_probability=0.139 topology_action=null topology_gain=0.000e+00 topology_candidates=1 collapsed=0 topology_lambda=0.000e+00 time=W7.1/G2.2/S3.8s cache=0/128 cuda_peak=961MiB sleep_actions=[]
[Epoch 032] Wake: 100%|##############| 128/128 [00:07<00:00, 17.77seq/s, events=8192, loss=3.2498, writes=349]
[Epoch 032] Global: 100%|#####################| 128/128 [00:02<00:00, 59.12seq-pass/s, batch=2/2, phase=train]
[Epoch 032] Sleep: 100%|##############| 5/5 [00:00<00:00, 29.65step/s, actions=0, phase=light, pressure=0.139]
[MemoryTree][032/050] wake/event=3.249878 sleep_residual_utility=0.021603 writes=349 memorize=0 queue_split=0 wake_actions=A5461/R2731/M0/Q0 novelty=0.0031 weighted_sim=0.9937 wm_grad_max=3.948e+00 global/event=3.247873 mix_diag=3.2480 global_steps=2 prior_KL=0.000e+00 seq_H_cond=0.0000 seq_H_marg=0.0000 seq_MI=0.000e+00 post_KL_diag=0.000e+00 branch_distill=0.000e+00 probe=0.000e+00/0.000->0.000/0.000/0.000 frontier=1.00/1.00/0.00 enc_gate=0.000 enc_scale=0.000 teacher_conf=0.000 teacher_JS=0.000e+00 max_mass=1.0000 owner_hard=[128] mem_assign=[8192] topology_prune=on leaves=1 sleep_mode=light light_absorb=1 deep_probability=0.139 topology_action=null topology_gain=0.000e+00 topology_candidates=0 collapsed=0 topology_lambda=0.000e+00 time=W7.2/G2.2/S0.3s cache=0/128 cuda_peak=961MiB sleep_actions=[]
[Epoch 033] Wake: 100%|##############| 128/128 [00:07<00:00, 17.77seq/s, events=8192, loss=3.2405, writes=347]
[Epoch 033] Global: 100%|#####################| 128/128 [00:02<00:00, 59.05seq-pass/s, batch=2/2, phase=train]
[Epoch 033] Sleep: 100%|##############| 5/5 [00:00<00:00, 29.94step/s, actions=0, phase=light, pressure=0.211]
[MemoryTree][033/050] wake/event=3.240568 sleep_residual_utility=0.019289 writes=347 memorize=0 queue_split=0 wake_actions=A5447/R2745/M0/Q0 novelty=0.0036 weighted_sim=0.9929 wm_grad_max=3.875e+00 global/event=3.238250 mix_diag=3.2384 global_steps=2 prior_KL=0.000e+00 seq_H_cond=0.0000 seq_H_marg=0.0000 seq_MI=0.000e+00 post_KL_diag=0.000e+00 branch_distill=0.000e+00 probe=0.000e+00/0.000->0.000/0.000/0.000 frontier=1.00/1.00/0.00 enc_gate=0.000 enc_scale=0.000 teacher_conf=0.000 teacher_JS=0.000e+00 max_mass=1.0000 owner_hard=[128] mem_assign=[8192] topology_prune=on leaves=1 sleep_mode=light light_absorb=1 deep_probability=0.211 topology_action=null topology_gain=0.000e+00 topology_candidates=0 collapsed=0 topology_lambda=0.000e+00 time=W7.2/G2.2/S0.3s cache=0/128 cuda_peak=961MiB sleep_actions=[]
[Epoch 034] Wake: 100%|##############| 128/128 [00:07<00:00, 18.11seq/s, events=8192, loss=3.2299, writes=339]
[Epoch 034] Global: 100%|#####################| 128/128 [00:02<00:00, 59.19seq-pass/s, batch=2/2, phase=train]
[Epoch 034] Sleep: 100%|###############| 5/5 [00:03<00:00,  1.32step/s, actions=0, phase=deep, pressure=0.248]
[MemoryTree][034/050] wake/event=3.229908 sleep_residual_utility=0.019332 writes=339 memorize=0 queue_split=0 wake_actions=A5436/R2756/M0/Q0 novelty=0.0040 weighted_sim=0.9919 wm_grad_max=3.765e+00 global/event=3.227415 mix_diag=3.2275 global_steps=2 prior_KL=0.000e+00 seq_H_cond=0.0000 seq_H_marg=0.0000 seq_MI=0.000e+00 post_KL_diag=0.000e+00 branch_distill=0.000e+00 probe=0.000e+00/0.000->0.000/0.000/0.000 frontier=1.00/1.00/0.00 enc_gate=0.000 enc_scale=0.000 teacher_conf=0.000 teacher_JS=0.000e+00 max_mass=1.0000 owner_hard=[128] mem_assign=[8192] topology_prune=on leaves=1 sleep_mode=deep light_absorb=1 deep_probability=0.248 topology_action=null topology_gain=0.000e+00 topology_candidates=1 collapsed=0 topology_lambda=0.000e+00 time=W7.1/G2.2/S3.9s cache=0/128 cuda_peak=961MiB sleep_actions=[]
[Epoch 035] Wake: 100%|##############| 128/128 [00:07<00:00, 18.03seq/s, events=8192, loss=3.2178, writes=340]
[Epoch 035] Global: 100%|#####################| 128/128 [00:02<00:00, 59.38seq-pass/s, batch=2/2, phase=train]
[Epoch 035] Sleep: 100%|##############| 5/5 [00:03<00:00,  1.36step/s, actions=0, phase=light, pressure=0.138]
[MemoryTree][035/050] wake/event=3.217848 sleep_residual_utility=0.017149 writes=340 memorize=0 queue_split=0 wake_actions=A5391/R2801/M0/Q0 novelty=0.0037 weighted_sim=0.9925 wm_grad_max=3.636e+00 global/event=3.214643 mix_diag=3.2147 global_steps=2 prior_KL=0.000e+00 seq_H_cond=0.0000 seq_H_marg=0.0000 seq_MI=0.000e+00 post_KL_diag=0.000e+00 branch_distill=0.000e+00 probe=0.000e+00/0.000->0.000/0.000/0.000 frontier=1.00/1.00/0.00 enc_gate=0.000 enc_scale=0.000 teacher_conf=0.000 teacher_JS=0.000e+00 max_mass=1.0000 owner_hard=[128] mem_assign=[8192] topology_prune=on leaves=1 sleep_mode=light light_absorb=1 deep_probability=0.138 topology_action=null topology_gain=0.000e+00 topology_candidates=1 collapsed=0 topology_lambda=0.000e+00 time=W7.1/G2.2/S3.8s cache=0/128 cuda_peak=961MiB sleep_actions=[]
[Epoch 036] Wake: 100%|##############| 128/128 [00:07<00:00, 18.07seq/s, events=8192, loss=3.2046, writes=343]
[Epoch 036] Global: 100%|#####################| 128/128 [00:02<00:00, 59.17seq-pass/s, batch=2/2, phase=train]
[Epoch 036] Sleep: 100%|##############| 5/5 [00:00<00:00, 29.86step/s, actions=0, phase=light, pressure=0.138]
[MemoryTree][036/050] wake/event=3.204616 sleep_residual_utility=0.017420 writes=343 memorize=0 queue_split=0 wake_actions=A5389/R2803/M0/Q0 novelty=0.0039 weighted_sim=0.9923 wm_grad_max=3.493e+00 global/event=3.201218 mix_diag=3.2013 global_steps=2 prior_KL=0.000e+00 seq_H_cond=0.0000 seq_H_marg=0.0000 seq_MI=0.000e+00 post_KL_diag=0.000e+00 branch_distill=0.000e+00 probe=0.000e+00/0.000->0.000/0.000/0.000 frontier=1.00/1.00/0.00 enc_gate=0.000 enc_scale=0.000 teacher_conf=0.000 teacher_JS=0.000e+00 max_mass=1.0000 owner_hard=[128] mem_assign=[8192] topology_prune=on leaves=1 sleep_mode=light light_absorb=1 deep_probability=0.138 topology_action=null topology_gain=0.000e+00 topology_candidates=0 collapsed=0 topology_lambda=0.000e+00 time=W7.1/G2.2/S0.3s cache=0/128 cuda_peak=961MiB sleep_actions=[]
[Epoch 037] Wake: 100%|##############| 128/128 [00:07<00:00, 18.14seq/s, events=8192, loss=3.1903, writes=341]
[Epoch 037] Global: 100%|#####################| 128/128 [00:02<00:00, 59.14seq-pass/s, batch=2/2, phase=train]
[Epoch 037] Sleep: 100%|##############| 5/5 [00:00<00:00, 29.92step/s, actions=0, phase=light, pressure=0.210]
[MemoryTree][037/050] wake/event=3.190318 sleep_residual_utility=0.017193 writes=341 memorize=0 queue_split=1 wake_actions=A5363/R2828/M0/Q1 novelty=0.0038 weighted_sim=0.9925 wm_grad_max=3.349e+00 global/event=3.186884 mix_diag=3.1869 global_steps=2 prior_KL=0.000e+00 seq_H_cond=0.0000 seq_H_marg=0.0000 seq_MI=0.000e+00 post_KL_diag=0.000e+00 branch_distill=0.000e+00 probe=0.000e+00/0.000->0.000/0.000/0.000 frontier=1.00/1.00/0.00 enc_gate=0.000 enc_scale=0.000 teacher_conf=0.000 teacher_JS=0.000e+00 max_mass=1.0000 owner_hard=[128] mem_assign=[8192] topology_prune=on leaves=1 sleep_mode=light light_absorb=1 deep_probability=0.210 topology_action=null topology_gain=0.000e+00 topology_candidates=0 collapsed=0 topology_lambda=0.000e+00 time=W7.1/G2.2/S0.3s cache=0/128 cuda_peak=961MiB sleep_actions=[]
[Epoch 038] Wake: 100%|##############| 128/128 [00:07<00:00, 17.99seq/s, events=8192, loss=3.1751, writes=341]
[Epoch 038] Global: 100%|#####################| 128/128 [00:02<00:00, 58.54seq-pass/s, batch=2/2, phase=train]
[Epoch 038] Sleep: 100%|###############| 5/5 [00:03<00:00,  1.27step/s, actions=0, phase=deep, pressure=0.246]
[MemoryTree][038/050] wake/event=3.175122 sleep_residual_utility=0.016527 writes=341 memorize=0 queue_split=0 wake_actions=A5328/R2864/M0/Q0 novelty=0.0034 weighted_sim=0.9932 wm_grad_max=3.207e+00 global/event=3.171180 mix_diag=3.1712 global_steps=2 prior_KL=0.000e+00 seq_H_cond=0.0000 seq_H_marg=0.0000 seq_MI=0.000e+00 post_KL_diag=0.000e+00 branch_distill=0.000e+00 probe=0.000e+00/0.000->0.000/0.000/0.000 frontier=1.00/1.00/0.00 enc_gate=0.000 enc_scale=0.000 teacher_conf=0.000 teacher_JS=0.000e+00 max_mass=1.0000 owner_hard=[128] mem_assign=[8192] topology_prune=on leaves=1 sleep_mode=deep light_absorb=1 deep_probability=0.246 topology_action=null topology_gain=0.000e+00 topology_candidates=1 collapsed=0 topology_lambda=0.000e+00 time=W7.1/G2.2/S4.0s cache=0/128 cuda_peak=961MiB sleep_actions=[]
[Epoch 039] Wake: 100%|##############| 128/128 [00:07<00:00, 17.95seq/s, events=8192, loss=3.1590, writes=327]
[Epoch 039] Global: 100%|#####################| 128/128 [00:02<00:00, 59.66seq-pass/s, batch=2/2, phase=train]
[Epoch 039] Sleep: 100%|##############| 5/5 [00:00<00:00, 30.35step/s, actions=0, phase=light, pressure=0.138]
[MemoryTree][039/050] wake/event=3.159071 sleep_residual_utility=0.015247 writes=327 memorize=0 queue_split=1 wake_actions=A5313/R2878/M0/Q1 novelty=0.0037 weighted_sim=0.9927 wm_grad_max=3.071e+00 global/event=3.154657 mix_diag=3.1547 global_steps=2 prior_KL=0.000e+00 seq_H_cond=0.0000 seq_H_marg=0.0000 seq_MI=0.000e+00 post_KL_diag=0.000e+00 branch_distill=0.000e+00 probe=0.000e+00/0.000->0.000/0.000/0.000 frontier=1.00/1.00/0.00 enc_gate=0.000 enc_scale=0.000 teacher_conf=0.000 teacher_JS=0.000e+00 max_mass=1.0000 owner_hard=[128] mem_assign=[8192] topology_prune=on leaves=1 sleep_mode=light light_absorb=1 deep_probability=0.138 topology_action=null topology_gain=0.000e+00 topology_candidates=0 collapsed=0 topology_lambda=0.000e+00 time=W7.1/G2.1/S0.2s cache=0/128 cuda_peak=961MiB sleep_actions=[]
[Epoch 040] Wake: 100%|##############| 128/128 [00:07<00:00, 17.87seq/s, events=8192, loss=3.1423, writes=324]
[Epoch 040] Global: 100%|#####################| 128/128 [00:02<00:00, 59.70seq-pass/s, batch=2/2, phase=train]
[Epoch 040] Sleep: 100%|##############| 5/5 [00:03<00:00,  1.36step/s, actions=0, phase=light, pressure=0.209]
[MemoryTree][040/050] wake/event=3.142388 sleep_residual_utility=0.013828 writes=324 memorize=0 queue_split=3 wake_actions=A5247/R2942/M0/Q3 novelty=0.0041 weighted_sim=0.9918 wm_grad_max=2.935e+00 global/event=3.138516 mix_diag=3.1385 global_steps=2 prior_KL=0.000e+00 seq_H_cond=0.0000 seq_H_marg=0.0000 seq_MI=0.000e+00 post_KL_diag=0.000e+00 branch_distill=0.000e+00 probe=0.000e+00/0.000->0.000/0.000/0.000 frontier=1.00/1.00/0.00 enc_gate=0.000 enc_scale=0.000 teacher_conf=0.000 teacher_JS=0.000e+00 max_mass=1.0000 owner_hard=[128] mem_assign=[8192] topology_prune=on leaves=1 sleep_mode=light light_absorb=1 deep_probability=0.209 topology_action=null topology_gain=0.000e+00 topology_candidates=1 collapsed=0 topology_lambda=0.000e+00 time=W7.2/G2.1/S3.8s cache=0/128 cuda_peak=961MiB sleep_actions=[]
[Epoch 041] Wake: 100%|##############| 128/128 [00:07<00:00, 17.94seq/s, events=8192, loss=3.1258, writes=313]
[Epoch 041] Global: 100%|#####################| 128/128 [00:02<00:00, 59.57seq-pass/s, batch=2/2, phase=train]
[Epoch 041] Sleep: 100%|##############| 5/5 [00:00<00:00, 30.24step/s, actions=0, phase=light, pressure=0.137]
[MemoryTree][041/050] wake/event=3.125798 sleep_residual_utility=0.011722 writes=313 memorize=0 queue_split=2 wake_actions=A5240/R2950/M0/Q2 novelty=0.0039 weighted_sim=0.9922 wm_grad_max=2.809e+00 global/event=3.121418 mix_diag=3.1214 global_steps=2 prior_KL=0.000e+00 seq_H_cond=0.0000 seq_H_marg=0.0000 seq_MI=0.000e+00 post_KL_diag=0.000e+00 branch_distill=0.000e+00 probe=0.000e+00/0.000->0.000/0.000/0.000 frontier=1.00/1.00/0.00 enc_gate=0.000 enc_scale=0.000 teacher_conf=0.000 teacher_JS=0.000e+00 max_mass=1.0000 owner_hard=[128] mem_assign=[8192] topology_prune=on leaves=1 sleep_mode=light light_absorb=1 deep_probability=0.137 topology_action=null topology_gain=0.000e+00 topology_candidates=0 collapsed=0 topology_lambda=0.000e+00 time=W7.1/G2.2/S0.2s cache=0/128 cuda_peak=961MiB sleep_actions=[]
[Epoch 042] Wake: 100%|##############| 128/128 [00:07<00:00, 18.18seq/s, events=8192, loss=3.1104, writes=325]
[Epoch 042] Global: 100%|#####################| 128/128 [00:02<00:00, 59.32seq-pass/s, batch=2/2, phase=train]
[Epoch 042] Sleep: 100%|##############| 5/5 [00:00<00:00, 30.19step/s, actions=0, phase=light, pressure=0.208]
[MemoryTree][042/050] wake/event=3.110434 sleep_residual_utility=0.013559 writes=325 memorize=0 queue_split=9 wake_actions=A5185/R2998/M0/Q9 novelty=0.0046 weighted_sim=0.9907 wm_grad_max=2.695e+00 global/event=3.107145 mix_diag=3.1072 global_steps=2 prior_KL=0.000e+00 seq_H_cond=0.0000 seq_H_marg=0.0000 seq_MI=0.000e+00 post_KL_diag=0.000e+00 branch_distill=0.000e+00 probe=0.000e+00/0.000->0.000/0.000/0.000 frontier=1.00/1.00/0.00 enc_gate=0.000 enc_scale=0.000 teacher_conf=0.000 teacher_JS=0.000e+00 max_mass=1.0000 owner_hard=[128] mem_assign=[8192] topology_prune=on leaves=1 sleep_mode=light light_absorb=0 deep_probability=0.208 topology_action=null topology_gain=0.000e+00 topology_candidates=0 collapsed=0 topology_lambda=0.000e+00 time=W7.0/G2.2/S0.2s cache=0/128 cuda_peak=961MiB sleep_actions=[]
[Epoch 043] Wake: 100%|##############| 128/128 [00:07<00:00, 17.54seq/s, events=8192, loss=3.0970, writes=317]
[Epoch 043] Global: 100%|#####################| 128/128 [00:02<00:00, 59.22seq-pass/s, batch=2/2, phase=train]
[Epoch 043] Sleep: 100%|##############| 5/5 [00:00<00:00, 29.99step/s, actions=0, phase=light, pressure=0.242]
[MemoryTree][043/050] wake/event=3.097076 sleep_residual_utility=0.010049 writes=317 memorize=0 queue_split=69 wake_actions=A5177/R2946/M0/Q69 novelty=0.0055 weighted_sim=0.9891 wm_grad_max=2.600e+00 global/event=3.094022 mix_diag=3.0940 global_steps=2 prior_KL=0.000e+00 seq_H_cond=0.0000 seq_H_marg=0.0000 seq_MI=0.000e+00 post_KL_diag=0.000e+00 branch_distill=0.000e+00 probe=0.000e+00/0.000->0.000/0.000/0.000 frontier=1.00/1.00/0.00 enc_gate=0.000 enc_scale=0.000 teacher_conf=0.000 teacher_JS=0.000e+00 max_mass=1.0000 owner_hard=[128] mem_assign=[8192] topology_prune=on leaves=1 sleep_mode=light light_absorb=0 deep_probability=0.242 topology_action=null topology_gain=0.000e+00 topology_candidates=0 collapsed=0 topology_lambda=0.000e+00 time=W7.3/G2.2/S0.3s cache=0/128 cuda_peak=961MiB sleep_actions=[]
[Epoch 044] Wake: 100%|##############| 128/128 [00:07<00:00, 18.22seq/s, events=8192, loss=3.0855, writes=308]
[Epoch 044] Global: 100%|#####################| 128/128 [00:02<00:00, 59.47seq-pass/s, batch=2/2, phase=train]
[Epoch 044] Sleep: 100%|##############| 5/5 [00:00<00:00, 30.05step/s, actions=0, phase=light, pressure=0.258]
[MemoryTree][044/050] wake/event=3.085534 sleep_residual_utility=0.010787 writes=308 memorize=0 queue_split=6 wake_actions=A5158/R3028/M0/Q6 novelty=0.0054 weighted_sim=0.9891 wm_grad_max=2.539e+00 global/event=3.082889 mix_diag=3.0829 global_steps=2 prior_KL=0.000e+00 seq_H_cond=0.0000 seq_H_marg=0.0000 seq_MI=0.000e+00 post_KL_diag=0.000e+00 branch_distill=0.000e+00 probe=0.000e+00/0.000->0.000/0.000/0.000 frontier=1.00/1.00/0.00 enc_gate=0.000 enc_scale=0.000 teacher_conf=0.000 teacher_JS=0.000e+00 max_mass=1.0000 owner_hard=[128] mem_assign=[8192] topology_prune=on leaves=1 sleep_mode=light light_absorb=0 deep_probability=0.258 topology_action=null topology_gain=0.000e+00 topology_candidates=0 collapsed=0 topology_lambda=0.000e+00 time=W7.0/G2.2/S0.3s cache=0/128 cuda_peak=961MiB sleep_actions=[]
[Epoch 045] Wake: 100%|##############| 128/128 [00:07<00:00, 18.24seq/s, events=8192, loss=3.0750, writes=298]
[Epoch 045] Global: 100%|#####################| 128/128 [00:02<00:00, 59.16seq-pass/s, batch=2/2, phase=train]
[Epoch 045] Sleep: 100%|##############| 5/5 [00:03<00:00,  1.35step/s, actions=0, phase=light, pressure=0.265]
[MemoryTree][045/050] wake/event=3.075084 sleep_residual_utility=0.010259 writes=298 memorize=0 queue_split=14 wake_actions=A5176/R3002/M0/Q14 novelty=0.0057 weighted_sim=0.9887 wm_grad_max=2.522e+00 global/event=3.072844 mix_diag=3.0729 global_steps=2 prior_KL=0.000e+00 seq_H_cond=0.0000 seq_H_marg=0.0000 seq_MI=0.000e+00 post_KL_diag=0.000e+00 branch_distill=0.000e+00 probe=0.000e+00/0.000->0.000/0.000/0.000 frontier=1.00/1.00/0.00 enc_gate=0.000 enc_scale=0.000 teacher_conf=0.000 teacher_JS=0.000e+00 max_mass=1.0000 owner_hard=[128] mem_assign=[8192] topology_prune=on leaves=1 sleep_mode=light light_absorb=0 deep_probability=0.265 topology_action=null topology_gain=0.000e+00 topology_candidates=1 collapsed=0 topology_lambda=0.000e+00 time=W7.0/G2.2/S3.8s cache=0/128 cuda_peak=961MiB sleep_actions=[]
[Epoch 046] Wake: 100%|##############| 128/128 [00:07<00:00, 18.25seq/s, events=8192, loss=3.0665, writes=291]
[Epoch 046] Global: 100%|#####################| 128/128 [00:02<00:00, 59.37seq-pass/s, batch=2/2, phase=train]
[Epoch 046] Sleep: 100%|##############| 5/5 [00:00<00:00, 30.06step/s, actions=0, phase=light, pressure=0.137]
[MemoryTree][046/050] wake/event=3.066516 sleep_residual_utility=0.010675 writes=291 memorize=0 queue_split=6 wake_actions=A5173/R3013/M0/Q6 novelty=0.0062 weighted_sim=0.9876 wm_grad_max=2.534e+00 global/event=3.064865 mix_diag=3.0649 global_steps=2 prior_KL=0.000e+00 seq_H_cond=0.0000 seq_H_marg=0.0000 seq_MI=0.000e+00 post_KL_diag=0.000e+00 branch_distill=0.000e+00 probe=0.000e+00/0.000->0.000/0.000/0.000 frontier=1.00/1.00/0.00 enc_gate=0.000 enc_scale=0.000 teacher_conf=0.000 teacher_JS=0.000e+00 max_mass=1.0000 owner_hard=[128] mem_assign=[8192] topology_prune=on leaves=1 sleep_mode=light light_absorb=0 deep_probability=0.137 topology_action=null topology_gain=0.000e+00 topology_candidates=0 collapsed=0 topology_lambda=0.000e+00 time=W7.0/G2.2/S0.3s cache=0/128 cuda_peak=961MiB sleep_actions=[]
[Epoch 047] Wake: 100%|##############| 128/128 [00:07<00:00, 18.19seq/s, events=8192, loss=3.0602, writes=306]
[Epoch 047] Global: 100%|#####################| 128/128 [00:02<00:00, 59.32seq-pass/s, batch=2/2, phase=train]
[Epoch 047] Sleep: 100%|##############| 5/5 [00:00<00:00, 30.05step/s, actions=0, phase=light, pressure=0.207]
[MemoryTree][047/050] wake/event=3.060260 sleep_residual_utility=0.010271 writes=306 memorize=0 queue_split=9 wake_actions=A5179/R3004/M0/Q9 novelty=0.0064 weighted_sim=0.9871 wm_grad_max=2.554e+00 global/event=3.058833 mix_diag=3.0588 global_steps=2 prior_KL=0.000e+00 seq_H_cond=0.0000 seq_H_marg=0.0000 seq_MI=0.000e+00 post_KL_diag=0.000e+00 branch_distill=0.000e+00 probe=0.000e+00/0.000->0.000/0.000/0.000 frontier=1.00/1.00/0.00 enc_gate=0.000 enc_scale=0.000 teacher_conf=0.000 teacher_JS=0.000e+00 max_mass=1.0000 owner_hard=[128] mem_assign=[8192] topology_prune=on leaves=1 sleep_mode=light light_absorb=0 deep_probability=0.207 topology_action=null topology_gain=0.000e+00 topology_candidates=0 collapsed=0 topology_lambda=0.000e+00 time=W7.0/G2.2/S0.3s cache=0/128 cuda_peak=961MiB sleep_actions=[]
[Epoch 048] Wake: 100%|##############| 128/128 [00:07<00:00, 18.16seq/s, events=8192, loss=3.0555, writes=308]
[Epoch 048] Global: 100%|#####################| 128/128 [00:02<00:00, 59.24seq-pass/s, batch=2/2, phase=train]
[Epoch 048] Sleep: 100%|###############| 5/5 [00:03<00:00,  1.35step/s, actions=0, phase=deep, pressure=0.241]
[MemoryTree][048/050] wake/event=3.055567 sleep_residual_utility=0.009694 writes=308 memorize=0 queue_split=34 wake_actions=A5197/R2961/M0/Q34 novelty=0.0070 weighted_sim=0.9860 wm_grad_max=2.552e+00 global/event=3.054389 mix_diag=3.0544 global_steps=2 prior_KL=0.000e+00 seq_H_cond=0.0000 seq_H_marg=0.0000 seq_MI=0.000e+00 post_KL_diag=0.000e+00 branch_distill=0.000e+00 probe=0.000e+00/0.000->0.000/0.000/0.000 frontier=1.00/1.00/0.00 enc_gate=0.000 enc_scale=0.000 teacher_conf=0.000 teacher_JS=0.000e+00 max_mass=1.0000 owner_hard=[128] mem_assign=[8192] topology_prune=on leaves=1 sleep_mode=deep light_absorb=0 deep_probability=0.241 topology_action=null topology_gain=0.000e+00 topology_candidates=1 collapsed=0 topology_lambda=0.000e+00 time=W7.1/G2.2/S3.8s cache=0/128 cuda_peak=961MiB sleep_actions=[]
[Epoch 049] Wake: 100%|##############| 128/128 [00:07<00:00, 17.84seq/s, events=8192, loss=3.0514, writes=297]
[Epoch 049] Global: 100%|#####################| 128/128 [00:02<00:00, 58.99seq-pass/s, batch=2/2, phase=train]
[Epoch 049] Sleep: 100%|##############| 5/5 [00:00<00:00, 29.85step/s, actions=0, phase=light, pressure=0.137]
[MemoryTree][049/050] wake/event=3.051443 sleep_residual_utility=0.008657 writes=297 memorize=0 queue_split=7 wake_actions=A5242/R2943/M0/Q7 novelty=0.0068 weighted_sim=0.9865 wm_grad_max=2.520e+00 global/event=3.050634 mix_diag=3.0506 global_steps=2 prior_KL=0.000e+00 seq_H_cond=0.0000 seq_H_marg=0.0000 seq_MI=0.000e+00 post_KL_diag=0.000e+00 branch_distill=0.000e+00 probe=0.000e+00/0.000->0.000/0.000/0.000 frontier=1.00/1.00/0.00 enc_gate=0.000 enc_scale=0.000 teacher_conf=0.000 teacher_JS=0.000e+00 max_mass=1.0000 owner_hard=[128] mem_assign=[8192] topology_prune=on leaves=1 sleep_mode=light light_absorb=0 deep_probability=0.137 topology_action=null topology_gain=0.000e+00 topology_candidates=0 collapsed=0 topology_lambda=0.000e+00 time=W7.2/G2.2/S0.3s cache=0/128 cuda_peak=961MiB sleep_actions=[]
[Epoch 050] Wake: 100%|##############| 128/128 [00:07<00:00, 18.14seq/s, events=8192, loss=3.0480, writes=293]
[Epoch 050] Global: 100%|#####################| 128/128 [00:02<00:00, 59.18seq-pass/s, batch=2/2, phase=train]
[Epoch 050] Sleep: 100%|##############| 5/5 [00:03<00:00,  1.33step/s, actions=0, phase=light, pressure=0.206]
[MemoryTree][050/050] wake/event=3.048036 sleep_residual_utility=0.008791 writes=293 memorize=0 queue_split=92 wake_actions=A5203/R2897/M0/Q92 novelty=0.0079 weighted_sim=0.9842 wm_grad_max=2.475e+00 global/event=3.047319 mix_diag=3.0473 global_steps=2 prior_KL=0.000e+00 seq_H_cond=0.0000 seq_H_marg=0.0000 seq_MI=0.000e+00 post_KL_diag=0.000e+00 branch_distill=0.000e+00 probe=0.000e+00/0.000->0.000/0.000/0.000 frontier=1.00/1.00/0.00 enc_gate=0.000 enc_scale=0.000 teacher_conf=0.000 teacher_JS=0.000e+00 max_mass=1.0000 owner_hard=[128] mem_assign=[8192] topology_prune=on leaves=1 sleep_mode=light light_absorb=0 deep_probability=0.206 topology_action=null topology_gain=0.000e+00 topology_candidates=1 collapsed=0 topology_lambda=0.000e+00 time=W7.1/G2.2/S3.8s cache=0/128 cuda_peak=961MiB sleep_actions=[]

## Task 2:
[Epoch 051] Wake: 100%|##############| 128/128 [00:07<00:00, 17.68seq/s, events=8192, loss=3.2689, writes=309]
[Epoch 051] Global: 100%|#####################| 128/128 [00:02<00:00, 57.12seq-pass/s, batch=2/2, phase=train]
[Epoch 051] Sleep: 100%|##############| 5/5 [00:00<00:00, 30.04step/s, actions=0, phase=light, pressure=0.137]
[MemoryTree][051/080] wake/event=3.268956 sleep_residual_utility=0.010723 writes=309 memorize=0 queue_split=32 wake_actions=A5552/R2608/M0/Q32 novelty=0.0074 weighted_sim=0.9852 wm_grad_max=2.548e+00 global/event=3.251947 mix_diag=3.2519 global_steps=2 prior_KL=0.000e+00 seq_H_cond=0.0000 seq_H_marg=0.0000 seq_MI=0.000e+00 post_KL_diag=0.000e+00 branch_distill=0.000e+00 probe=0.000e+00/0.000->0.000/0.000/0.000 frontier=1.00/1.00/0.00 enc_gate=0.000 enc_scale=0.000 teacher_conf=0.000 teacher_JS=0.000e+00 max_mass=1.0000 owner_hard=[128] mem_assign=[8192] topology_prune=on leaves=1 sleep_mode=light light_absorb=0 deep_probability=0.137 topology_action=null topology_gain=0.000e+00 topology_candidates=0 collapsed=0 topology_lambda=0.000e+00 time=W7.2/G2.2/S0.3s cache=0/128 cuda_peak=961MiB sleep_actions=[]
[Epoch 052] Wake: 100%|##############| 128/128 [00:06<00:00, 18.77seq/s, events=8192, loss=3.1788, writes=315]
[Epoch 052] Global: 100%|#####################| 128/128 [00:02<00:00, 59.96seq-pass/s, batch=2/2, phase=train]
[Epoch 052] Sleep: 100%|###############| 5/5 [00:03<00:00,  1.33step/s, actions=0, phase=deep, pressure=0.207]
[MemoryTree][052/080] wake/event=3.178877 sleep_residual_utility=0.010857 writes=315 memorize=0 queue_split=39 wake_actions=A5684/R2469/M0/Q39 novelty=0.0076 weighted_sim=0.9847 wm_grad_max=2.718e+00 global/event=3.154199 mix_diag=3.1542 global_steps=2 prior_KL=0.000e+00 seq_H_cond=0.0000 seq_H_marg=0.0000 seq_MI=0.000e+00 post_KL_diag=0.000e+00 branch_distill=0.000e+00 probe=0.000e+00/0.000->0.000/0.000/0.000 frontier=1.00/1.00/0.00 enc_gate=0.000 enc_scale=0.000 teacher_conf=0.000 teacher_JS=0.000e+00 max_mass=1.0000 owner_hard=[128] mem_assign=[8192] topology_prune=on leaves=1 sleep_mode=deep light_absorb=0 deep_probability=0.207 topology_action=null topology_gain=0.000e+00 topology_candidates=1 collapsed=0 topology_lambda=0.000e+00 time=W6.8/G2.1/S3.8s cache=0/128 cuda_peak=961MiB sleep_actions=[]
[Epoch 053] Wake: 100%|##############| 128/128 [00:06<00:00, 18.75seq/s, events=8192, loss=3.0810, writes=307]
[Epoch 053] Global: 100%|#####################| 128/128 [00:02<00:00, 59.89seq-pass/s, batch=2/2, phase=train]
[Epoch 053] Sleep: 100%|##############| 5/5 [00:00<00:00, 30.03step/s, actions=0, phase=light, pressure=0.137]
[MemoryTree][053/080] wake/event=3.081082 sleep_residual_utility=0.011433 writes=307 memorize=0 queue_split=73 wake_actions=A5822/R2297/M0/Q73 novelty=0.0080 weighted_sim=0.9840 wm_grad_max=3.062e+00 global/event=3.063974 mix_diag=3.0640 global_steps=2 prior_KL=0.000e+00 seq_H_cond=0.0000 seq_H_marg=0.0000 seq_MI=0.000e+00 post_KL_diag=0.000e+00 branch_distill=0.000e+00 probe=0.000e+00/0.000->0.000/0.000/0.000 frontier=1.00/1.00/0.00 enc_gate=0.000 enc_scale=0.000 teacher_conf=0.000 teacher_JS=0.000e+00 max_mass=1.0000 owner_hard=[128] mem_assign=[8192] topology_prune=on leaves=1 sleep_mode=light light_absorb=0 deep_probability=0.137 topology_action=null topology_gain=0.000e+00 topology_candidates=0 collapsed=0 topology_lambda=0.000e+00 time=W6.8/G2.1/S0.2s cache=0/128 cuda_peak=961MiB sleep_actions=[]
[Epoch 054] Wake: 100%|##############| 128/128 [00:06<00:00, 18.68seq/s, events=8192, loss=3.0143, writes=320]
[Epoch 054] Global: 100%|#####################| 128/128 [00:02<00:00, 59.75seq-pass/s, batch=2/2, phase=train]
[Epoch 054] Sleep: 100%|##############| 5/5 [00:00<00:00, 30.10step/s, actions=0, phase=light, pressure=0.208]
[MemoryTree][054/080] wake/event=3.014359 sleep_residual_utility=0.015626 writes=320 memorize=0 queue_split=92 wake_actions=A5963/R2137/M0/Q92 novelty=0.0099 weighted_sim=0.9801 wm_grad_max=3.498e+00 global/event=3.004081 mix_diag=3.0041 global_steps=2 prior_KL=0.000e+00 seq_H_cond=0.0000 seq_H_marg=0.0000 seq_MI=0.000e+00 post_KL_diag=0.000e+00 branch_distill=0.000e+00 probe=0.000e+00/0.000->0.000/0.000/0.000 frontier=1.00/1.00/0.00 enc_gate=0.000 enc_scale=0.000 teacher_conf=0.000 teacher_JS=0.000e+00 max_mass=1.0000 owner_hard=[128] mem_assign=[8192] topology_prune=on leaves=1 sleep_mode=light light_absorb=0 deep_probability=0.208 topology_action=null topology_gain=0.000e+00 topology_candidates=0 collapsed=0 topology_lambda=0.000e+00 time=W6.9/G2.1/S0.2s cache=0/128 cuda_peak=961MiB sleep_actions=[]
[Epoch 055] Wake: 100%|##############| 128/128 [00:07<00:00, 18.16seq/s, events=8192, loss=2.9726, writes=318]
[Epoch 055] Global: 100%|#####################| 128/128 [00:02<00:00, 59.47seq-pass/s, batch=2/2, phase=train]
[Epoch 055] Sleep: 100%|##############| 5/5 [00:03<00:00,  1.35step/s, actions=0, phase=light, pressure=0.243]
[MemoryTree][055/080] wake/event=2.972675 sleep_residual_utility=0.014564 writes=318 memorize=0 queue_split=106 wake_actions=A6026/R2060/M0/Q106 novelty=0.0114 weighted_sim=0.9773 wm_grad_max=3.933e+00 global/event=2.966852 mix_diag=2.9669 global_steps=2 prior_KL=0.000e+00 seq_H_cond=0.0000 seq_H_marg=0.0000 seq_MI=0.000e+00 post_KL_diag=0.000e+00 branch_distill=0.000e+00 probe=0.000e+00/0.000->0.000/0.000/0.000 frontier=1.00/1.00/0.00 enc_gate=0.000 enc_scale=0.000 teacher_conf=0.000 teacher_JS=0.000e+00 max_mass=1.0000 owner_hard=[128] mem_assign=[8192] topology_prune=on leaves=1 sleep_mode=light light_absorb=0 deep_probability=0.243 topology_action=null topology_gain=0.000e+00 topology_candidates=1 collapsed=0 topology_lambda=0.000e+00 time=W7.0/G2.2/S3.8s cache=0/128 cuda_peak=961MiB sleep_actions=[]
[Epoch 056] Wake: 100%|##############| 128/128 [00:07<00:00, 17.94seq/s, events=8192, loss=2.9454, writes=313]
[Epoch 056] Global: 100%|#####################| 128/128 [00:02<00:00, 59.75seq-pass/s, batch=2/2, phase=train]
[Epoch 056] Sleep: 100%|##############| 5/5 [00:00<00:00, 29.92step/s, actions=0, phase=light, pressure=0.138]
[MemoryTree][056/080] wake/event=2.945449 sleep_residual_utility=0.015819 writes=313 memorize=0 queue_split=132 wake_actions=A6106/R1954/M0/Q132 novelty=0.0147 weighted_sim=0.9705 wm_grad_max=4.299e+00 global/event=2.940696 mix_diag=2.9407 global_steps=2 prior_KL=0.000e+00 seq_H_cond=0.0000 seq_H_marg=0.0000 seq_MI=0.000e+00 post_KL_diag=0.000e+00 branch_distill=0.000e+00 probe=0.000e+00/0.000->0.000/0.000/0.000 frontier=1.00/1.00/0.00 enc_gate=0.000 enc_scale=0.000 teacher_conf=0.000 teacher_JS=0.000e+00 max_mass=1.0000 owner_hard=[128] mem_assign=[8192] topology_prune=on leaves=1 sleep_mode=light light_absorb=1 deep_probability=0.138 topology_action=null topology_gain=0.000e+00 topology_candidates=0 collapsed=0 topology_lambda=0.000e+00 time=W7.1/G2.1/S0.3s cache=0/128 cuda_peak=961MiB sleep_actions=[]
[Epoch 057] Wake: 100%|##############| 128/128 [00:06<00:00, 18.46seq/s, events=8192, loss=2.9252, writes=317]
[Epoch 057] Global: 100%|#####################| 128/128 [00:02<00:00, 59.83seq-pass/s, batch=2/2, phase=train]
[Epoch 057] Sleep: 100%|##############| 5/5 [00:00<00:00, 29.94step/s, actions=0, phase=light, pressure=0.209]
[MemoryTree][057/080] wake/event=2.925225 sleep_residual_utility=0.018010 writes=317 memorize=1 queue_split=167 wake_actions=A6140/R1884/M1/Q167 novelty=0.0190 weighted_sim=0.9620 wm_grad_max=4.607e+00 global/event=2.921641 mix_diag=2.9217 global_steps=2 prior_KL=0.000e+00 seq_H_cond=0.0000 seq_H_marg=0.0000 seq_MI=0.000e+00 post_KL_diag=0.000e+00 branch_distill=0.000e+00 probe=0.000e+00/0.000->0.000/0.000/0.000 frontier=1.00/1.00/0.00 enc_gate=0.000 enc_scale=0.000 teacher_conf=0.000 teacher_JS=0.000e+00 max_mass=1.0000 owner_hard=[128] mem_assign=[8192] topology_prune=on leaves=1 sleep_mode=light light_absorb=1 deep_probability=0.209 topology_action=null topology_gain=0.000e+00 topology_candidates=0 collapsed=0 topology_lambda=0.000e+00 time=W6.9/G2.1/S0.3s cache=0/128 cuda_peak=961MiB sleep_actions=[]
[Epoch 058] Wake: 100%|##############| 128/128 [00:07<00:00, 18.02seq/s, events=8192, loss=2.9072, writes=326]
[Epoch 058] Global: 100%|#####################| 128/128 [00:02<00:00, 59.02seq-pass/s, batch=2/2, phase=train]
[Epoch 058] Sleep: 100%|##############| 5/5 [00:00<00:00, 29.84step/s, actions=0, phase=light, pressure=0.246]
[MemoryTree][058/080] wake/event=2.907244 sleep_residual_utility=0.019440 writes=326 memorize=0 queue_split=148 wake_actions=A6146/R1898/M0/Q148 novelty=0.0177 weighted_sim=0.9647 wm_grad_max=4.811e+00 global/event=2.903832 mix_diag=2.9039 global_steps=2 prior_KL=0.000e+00 seq_H_cond=0.0000 seq_H_marg=0.0000 seq_MI=0.000e+00 post_KL_diag=0.000e+00 branch_distill=0.000e+00 probe=0.000e+00/0.000->0.000/0.000/0.000 frontier=1.00/1.00/0.00 enc_gate=0.000 enc_scale=0.000 teacher_conf=0.000 teacher_JS=0.000e+00 max_mass=1.0000 owner_hard=[128] mem_assign=[8192] topology_prune=on leaves=1 sleep_mode=light light_absorb=1 deep_probability=0.246 topology_action=null topology_gain=0.000e+00 topology_candidates=0 collapsed=0 topology_lambda=0.000e+00 time=W7.1/G2.2/S0.3s cache=0/128 cuda_peak=961MiB sleep_actions=[]
[Epoch 059] Wake: 100%|##############| 128/128 [00:06<00:00, 18.30seq/s, events=8192, loss=2.8890, writes=316]
[Epoch 059] Global: 100%|#####################| 128/128 [00:02<00:00, 58.54seq-pass/s, batch=2/2, phase=train]
[Epoch 059] Sleep: 100%|##############| 5/5 [00:00<00:00, 30.04step/s, actions=0, phase=light, pressure=0.265]
[MemoryTree][059/080] wake/event=2.889087 sleep_residual_utility=0.020618 writes=316 memorize=0 queue_split=205 wake_actions=A6155/R1832/M0/Q205 novelty=0.0247 weighted_sim=0.9505 wm_grad_max=4.943e+00 global/event=2.885128 mix_diag=2.8852 global_steps=2 prior_KL=0.000e+00 seq_H_cond=0.0000 seq_H_marg=0.0000 seq_MI=0.000e+00 post_KL_diag=0.000e+00 branch_distill=0.000e+00 probe=0.000e+00/0.000->0.000/0.000/0.000 frontier=1.00/1.00/0.00 enc_gate=0.000 enc_scale=0.000 teacher_conf=0.000 teacher_JS=0.000e+00 max_mass=1.0000 owner_hard=[128] mem_assign=[8192] topology_prune=on leaves=1 sleep_mode=light light_absorb=1 deep_probability=0.265 topology_action=null topology_gain=0.000e+00 topology_candidates=0 collapsed=0 topology_lambda=0.000e+00 time=W7.0/G2.2/S0.3s cache=0/128 cuda_peak=961MiB sleep_actions=[]
[Epoch 060] Wake: 100%|##############| 128/128 [00:06<00:00, 18.39seq/s, events=8192, loss=2.8700, writes=325]
[Epoch 060] Global: 100%|#####################| 128/128 [00:02<00:00, 58.61seq-pass/s, batch=2/2, phase=train]
[Epoch 060] Sleep: 100%|##############| 5/5 [00:04<00:00,  1.17step/s, actions=0, phase=light, pressure=0.274]
[MemoryTree][060/080] wake/event=2.870086 sleep_residual_utility=0.021301 writes=325 memorize=0 queue_split=187 wake_actions=A6146/R1859/M0/Q187 novelty=0.0256 weighted_sim=0.9488 wm_grad_max=5.014e+00 global/event=2.865631 mix_diag=2.8657 global_steps=2 prior_KL=0.000e+00 seq_H_cond=0.0000 seq_H_marg=0.0000 seq_MI=0.000e+00 post_KL_diag=0.000e+00 branch_distill=0.000e+00 probe=0.000e+00/0.000->0.000/0.000/0.000 frontier=1.00/1.00/0.00 enc_gate=0.000 enc_scale=0.000 teacher_conf=0.000 teacher_JS=0.000e+00 max_mass=1.0000 owner_hard=[128] mem_assign=[8192] topology_prune=on leaves=1 sleep_mode=light light_absorb=1 deep_probability=0.274 topology_action=null topology_gain=0.000e+00 topology_candidates=1 collapsed=0 topology_lambda=0.000e+00 time=W7.0/G2.2/S4.4s cache=0/128 cuda_peak=961MiB sleep_actions=[]
[Epoch 061] Wake: 100%|##############| 128/128 [00:07<00:00, 17.90seq/s, events=8192, loss=2.8501, writes=319]
[Epoch 061] Global: 100%|#####################| 128/128 [00:02<00:00, 57.61seq-pass/s, batch=2/2, phase=train]
[Epoch 061] Sleep: 100%|##############| 5/5 [00:00<00:00, 28.79step/s, actions=0, phase=light, pressure=0.138]
[MemoryTree][061/080] wake/event=2.850132 sleep_residual_utility=0.020829 writes=319 memorize=0 queue_split=177 wake_actions=A6117/R1898/M0/Q177 novelty=0.0228 weighted_sim=0.9544 wm_grad_max=5.052e+00 global/event=2.845788 mix_diag=2.8459 global_steps=2 prior_KL=0.000e+00 seq_H_cond=0.0000 seq_H_marg=0.0000 seq_MI=0.000e+00 post_KL_diag=0.000e+00 branch_distill=0.000e+00 probe=0.000e+00/0.000->0.000/0.000/0.000 frontier=1.00/1.00/0.00 enc_gate=0.000 enc_scale=0.000 teacher_conf=0.000 teacher_JS=0.000e+00 max_mass=1.0000 owner_hard=[128] mem_assign=[8192] topology_prune=on leaves=1 sleep_mode=light light_absorb=1 deep_probability=0.138 topology_action=null topology_gain=0.000e+00 topology_candidates=0 collapsed=0 topology_lambda=0.000e+00 time=W7.2/G2.2/S0.3s cache=0/128 cuda_peak=961MiB sleep_actions=[]
[Epoch 062] Wake: 100%|##############| 128/128 [00:07<00:00, 18.03seq/s, events=8192, loss=2.8296, writes=322]
[Epoch 062] Global: 100%|#####################| 128/128 [00:02<00:00, 58.13seq-pass/s, batch=2/2, phase=train]
[Epoch 062] Sleep: 100%|##############| 5/5 [00:00<00:00, 29.44step/s, actions=0, phase=light, pressure=0.210]
[MemoryTree][062/080] wake/event=2.829644 sleep_residual_utility=0.018979 writes=322 memorize=0 queue_split=170 wake_actions=A6076/R1946/M0/Q170 novelty=0.0178 weighted_sim=0.9644 wm_grad_max=5.063e+00 global/event=2.825167 mix_diag=2.8252 global_steps=2 prior_KL=0.000e+00 seq_H_cond=0.0000 seq_H_marg=0.0000 seq_MI=0.000e+00 post_KL_diag=0.000e+00 branch_distill=0.000e+00 probe=0.000e+00/0.000->0.000/0.000/0.000 frontier=1.00/1.00/0.00 enc_gate=0.000 enc_scale=0.000 teacher_conf=0.000 teacher_JS=0.000e+00 max_mass=1.0000 owner_hard=[128] mem_assign=[8192] topology_prune=on leaves=1 sleep_mode=light light_absorb=1 deep_probability=0.210 topology_action=null topology_gain=0.000e+00 topology_candidates=0 collapsed=0 topology_lambda=0.000e+00 time=W7.1/G2.2/S0.3s cache=0/128 cuda_peak=961MiB sleep_actions=[]
[Epoch 063] Wake: 100%|##############| 128/128 [00:06<00:00, 18.38seq/s, events=8192, loss=2.8093, writes=315]
[Epoch 063] Global: 100%|#####################| 128/128 [00:02<00:00, 58.23seq-pass/s, batch=2/2, phase=train]
[Epoch 063] Sleep: 100%|###############| 5/5 [00:03<00:00,  1.33step/s, actions=0, phase=deep, pressure=0.248]
[MemoryTree][063/080] wake/event=2.809294 sleep_residual_utility=0.023240 writes=315 memorize=0 queue_split=137 wake_actions=A6064/R1991/M0/Q137 novelty=0.0119 weighted_sim=0.9761 wm_grad_max=5.070e+00 global/event=2.805511 mix_diag=2.8056 global_steps=2 prior_KL=0.000e+00 seq_H_cond=0.0000 seq_H_marg=0.0000 seq_MI=0.000e+00 post_KL_diag=0.000e+00 branch_distill=0.000e+00 probe=0.000e+00/0.000->0.000/0.000/0.000 frontier=1.00/1.00/0.00 enc_gate=0.000 enc_scale=0.000 teacher_conf=0.000 teacher_JS=0.000e+00 max_mass=1.0000 owner_hard=[128] mem_assign=[8192] topology_prune=on leaves=1 sleep_mode=deep light_absorb=1 deep_probability=0.248 topology_action=null topology_gain=0.000e+00 topology_candidates=1 collapsed=0 topology_lambda=0.000e+00 time=W7.0/G2.2/S3.8s cache=0/128 cuda_peak=961MiB sleep_actions=[]
[Epoch 064] Wake: 100%|##############| 128/128 [00:07<00:00, 18.02seq/s, events=8192, loss=2.7895, writes=313]
[Epoch 064] Global: 100%|#####################| 128/128 [00:02<00:00, 57.96seq-pass/s, batch=2/2, phase=train]
[Epoch 064] Sleep: 100%|##############| 5/5 [00:00<00:00, 29.19step/s, actions=0, phase=light, pressure=0.138]
[MemoryTree][064/080] wake/event=2.789529 sleep_residual_utility=0.018173 writes=313 memorize=0 queue_split=121 wake_actions=A6006/R2065/M0/Q121 novelty=0.0084 weighted_sim=0.9832 wm_grad_max=5.078e+00 global/event=2.785871 mix_diag=2.7860 global_steps=2 prior_KL=0.000e+00 seq_H_cond=0.0000 seq_H_marg=0.0000 seq_MI=0.000e+00 post_KL_diag=0.000e+00 branch_distill=0.000e+00 probe=0.000e+00/0.000->0.000/0.000/0.000 frontier=1.00/1.00/0.00 enc_gate=0.000 enc_scale=0.000 teacher_conf=0.000 teacher_JS=0.000e+00 max_mass=1.0000 owner_hard=[128] mem_assign=[8192] topology_prune=on leaves=1 sleep_mode=light light_absorb=1 deep_probability=0.138 topology_action=null topology_gain=0.000e+00 topology_candidates=0 collapsed=0 topology_lambda=0.000e+00 time=W7.1/G2.2/S0.3s cache=0/128 cuda_peak=961MiB sleep_actions=[]
[Epoch 065] Wake: 100%|##############| 128/128 [00:07<00:00, 18.18seq/s, events=8192, loss=2.7707, writes=320]
[Epoch 065] Global: 100%|#####################| 128/128 [00:02<00:00, 57.93seq-pass/s, batch=2/2, phase=train]
[Epoch 065] Sleep: 100%|##############| 5/5 [00:03<00:00,  1.34step/s, actions=0, phase=light, pressure=0.210]
[MemoryTree][065/080] wake/event=2.770737 sleep_residual_utility=0.021251 writes=320 memorize=0 queue_split=118 wake_actions=A5974/R2100/M0/Q118 novelty=0.0067 weighted_sim=0.9865 wm_grad_max=5.081e+00 global/event=2.766496 mix_diag=2.7666 global_steps=2 prior_KL=0.000e+00 seq_H_cond=0.0000 seq_H_marg=0.0000 seq_MI=0.000e+00 post_KL_diag=0.000e+00 branch_distill=0.000e+00 probe=0.000e+00/0.000->0.000/0.000/0.000 frontier=1.00/1.00/0.00 enc_gate=0.000 enc_scale=0.000 teacher_conf=0.000 teacher_JS=0.000e+00 max_mass=1.0000 owner_hard=[128] mem_assign=[8192] topology_prune=on leaves=1 sleep_mode=light light_absorb=1 deep_probability=0.210 topology_action=null topology_gain=0.000e+00 topology_candidates=1 collapsed=0 topology_lambda=0.000e+00 time=W7.0/G2.2/S3.8s cache=0/128 cuda_peak=961MiB sleep_actions=[]
[Epoch 066] Wake: 100%|##############| 128/128 [00:07<00:00, 18.15seq/s, events=8192, loss=2.7527, writes=317]
[Epoch 066] Global: 100%|#####################| 128/128 [00:02<00:00, 58.46seq-pass/s, batch=2/2, phase=train]
[Epoch 066] Sleep: 100%|##############| 5/5 [00:00<00:00, 29.34step/s, actions=0, phase=light, pressure=0.139]
[MemoryTree][066/080] wake/event=2.752772 sleep_residual_utility=0.022162 writes=317 memorize=0 queue_split=111 wake_actions=A5953/R2128/M0/Q111 novelty=0.0052 weighted_sim=0.9895 wm_grad_max=5.069e+00 global/event=2.748683 mix_diag=2.7488 global_steps=2 prior_KL=0.000e+00 seq_H_cond=0.0000 seq_H_marg=0.0000 seq_MI=0.000e+00 post_KL_diag=0.000e+00 branch_distill=0.000e+00 probe=0.000e+00/0.000->0.000/0.000/0.000 frontier=1.00/1.00/0.00 enc_gate=0.000 enc_scale=0.000 teacher_conf=0.000 teacher_JS=0.000e+00 max_mass=1.0000 owner_hard=[128] mem_assign=[8192] topology_prune=on leaves=1 sleep_mode=light light_absorb=1 deep_probability=0.139 topology_action=null topology_gain=0.000e+00 topology_candidates=0 collapsed=0 topology_lambda=0.000e+00 time=W7.1/G2.2/S0.3s cache=0/128 cuda_peak=961MiB sleep_actions=[]
[Epoch 067] Wake: 100%|##############| 128/128 [00:07<00:00, 18.17seq/s, events=8192, loss=2.7352, writes=308]
[Epoch 067] Global: 100%|#####################| 128/128 [00:02<00:00, 58.19seq-pass/s, batch=2/2, phase=train]
[Epoch 067] Sleep: 100%|##############| 5/5 [00:00<00:00, 29.39step/s, actions=0, phase=light, pressure=0.212]
[MemoryTree][067/080] wake/event=2.735258 sleep_residual_utility=0.022213 writes=308 memorize=0 queue_split=98 wake_actions=A5924/R2170/M0/Q98 novelty=0.0028 weighted_sim=0.9944 wm_grad_max=5.039e+00 global/event=2.731865 mix_diag=2.7320 global_steps=2 prior_KL=0.000e+00 seq_H_cond=0.0000 seq_H_marg=0.0000 seq_MI=0.000e+00 post_KL_diag=0.000e+00 branch_distill=0.000e+00 probe=0.000e+00/0.000->0.000/0.000/0.000 frontier=1.00/1.00/0.00 enc_gate=0.000 enc_scale=0.000 teacher_conf=0.000 teacher_JS=0.000e+00 max_mass=1.0000 owner_hard=[128] mem_assign=[8192] topology_prune=on leaves=1 sleep_mode=light light_absorb=1 deep_probability=0.212 topology_action=null topology_gain=0.000e+00 topology_candidates=0 collapsed=0 topology_lambda=0.000e+00 time=W7.0/G2.2/S0.3s cache=0/128 cuda_peak=961MiB sleep_actions=[]
[Epoch 068] Wake: 100%|##############| 128/128 [00:07<00:00, 18.14seq/s, events=8192, loss=2.7175, writes=323]
[Epoch 068] Global: 100%|#####################| 128/128 [00:02<00:00, 58.93seq-pass/s, batch=2/2, phase=train]
[Epoch 068] Sleep: 100%|##############| 5/5 [00:00<00:00, 30.11step/s, actions=0, phase=light, pressure=0.248]
[MemoryTree][068/080] wake/event=2.717509 sleep_residual_utility=0.018657 writes=323 memorize=0 queue_split=90 wake_actions=A5917/R2185/M0/Q90 novelty=0.0016 weighted_sim=0.9969 wm_grad_max=4.975e+00 global/event=2.713583 mix_diag=2.7136 global_steps=2 prior_KL=0.000e+00 seq_H_cond=0.0000 seq_H_marg=0.0000 seq_MI=0.000e+00 post_KL_diag=0.000e+00 branch_distill=0.000e+00 probe=0.000e+00/0.000->0.000/0.000/0.000 frontier=1.00/1.00/0.00 enc_gate=0.000 enc_scale=0.000 teacher_conf=0.000 teacher_JS=0.000e+00 max_mass=1.0000 owner_hard=[128] mem_assign=[8192] topology_prune=on leaves=1 sleep_mode=light light_absorb=1 deep_probability=0.248 topology_action=null topology_gain=0.000e+00 topology_candidates=0 collapsed=0 topology_lambda=0.000e+00 time=W7.1/G2.2/S0.3s cache=0/128 cuda_peak=961MiB sleep_actions=[]
[Epoch 069] Wake: 100%|##############| 128/128 [00:06<00:00, 18.31seq/s, events=8192, loss=2.6990, writes=309]
[Epoch 069] Global: 100%|#####################| 128/128 [00:02<00:00, 58.69seq-pass/s, batch=2/2, phase=train]
[Epoch 069] Sleep: 100%|##############| 5/5 [00:00<00:00, 29.89step/s, actions=0, phase=light, pressure=0.267]
[MemoryTree][069/080] wake/event=2.699047 sleep_residual_utility=0.020022 writes=309 memorize=0 queue_split=94 wake_actions=A5863/R2235/M0/Q94 novelty=0.0013 weighted_sim=0.9975 wm_grad_max=4.865e+00 global/event=2.694492 mix_diag=2.6945 global_steps=2 prior_KL=0.000e+00 seq_H_cond=0.0000 seq_H_marg=0.0000 seq_MI=0.000e+00 post_KL_diag=0.000e+00 branch_distill=0.000e+00 probe=0.000e+00/0.000->0.000/0.000/0.000 frontier=1.00/1.00/0.00 enc_gate=0.000 enc_scale=0.000 teacher_conf=0.000 teacher_JS=0.000e+00 max_mass=1.0000 owner_hard=[128] mem_assign=[8192] topology_prune=on leaves=1 sleep_mode=light light_absorb=1 deep_probability=0.267 topology_action=null topology_gain=0.000e+00 topology_candidates=0 collapsed=0 topology_lambda=0.000e+00 time=W7.0/G2.2/S0.3s cache=0/128 cuda_peak=961MiB sleep_actions=[]
[Epoch 070] Wake: 100%|##############| 128/128 [00:06<00:00, 18.39seq/s, events=8192, loss=2.6787, writes=312]
[Epoch 070] Global: 100%|#####################| 128/128 [00:02<00:00, 59.03seq-pass/s, batch=2/2, phase=train]
[Epoch 070] Sleep: 100%|###############| 5/5 [00:03<00:00,  1.37step/s, actions=0, phase=deep, pressure=0.274]
[MemoryTree][070/080] wake/event=2.678707 sleep_residual_utility=0.016688 writes=312 memorize=0 queue_split=90 wake_actions=A5839/R2263/M0/Q90 novelty=0.0009 weighted_sim=0.9982 wm_grad_max=4.697e+00 global/event=2.673632 mix_diag=2.6737 global_steps=2 prior_KL=0.000e+00 seq_H_cond=0.0000 seq_H_marg=0.0000 seq_MI=0.000e+00 post_KL_diag=0.000e+00 branch_distill=0.000e+00 probe=0.000e+00/0.000->0.000/0.000/0.000 frontier=1.00/1.00/0.00 enc_gate=0.000 enc_scale=0.000 teacher_conf=0.000 teacher_JS=0.000e+00 max_mass=1.0000 owner_hard=[128] mem_assign=[8192] topology_prune=on leaves=1 sleep_mode=deep light_absorb=1 deep_probability=0.274 topology_action=null topology_gain=0.000e+00 topology_candidates=1 collapsed=0 topology_lambda=0.000e+00 time=W7.0/G2.2/S3.7s cache=0/128 cuda_peak=961MiB sleep_actions=[]
[Epoch 071] Wake: 100%|##############| 128/128 [00:06<00:00, 18.37seq/s, events=8192, loss=2.6566, writes=318]
[Epoch 071] Global: 100%|#####################| 128/128 [00:02<00:00, 59.16seq-pass/s, batch=2/2, phase=train]
[Epoch 071] Sleep: 100%|##############| 5/5 [00:00<00:00, 30.02step/s, actions=0, phase=light, pressure=0.139]
[MemoryTree][071/080] wake/event=2.656592 sleep_residual_utility=0.019675 writes=318 memorize=0 queue_split=86 wake_actions=A5836/R2270/M0/Q86 novelty=0.0008 weighted_sim=0.9984 wm_grad_max=4.497e+00 global/event=2.650788 mix_diag=2.6508 global_steps=2 prior_KL=0.000e+00 seq_H_cond=0.0000 seq_H_marg=0.0000 seq_MI=0.000e+00 post_KL_diag=0.000e+00 branch_distill=0.000e+00 probe=0.000e+00/0.000->0.000/0.000/0.000 frontier=1.00/1.00/0.00 enc_gate=0.000 enc_scale=0.000 teacher_conf=0.000 teacher_JS=0.000e+00 max_mass=1.0000 owner_hard=[128] mem_assign=[8192] topology_prune=on leaves=1 sleep_mode=light light_absorb=1 deep_probability=0.139 topology_action=null topology_gain=0.000e+00 topology_candidates=0 collapsed=0 topology_lambda=0.000e+00 time=W7.0/G2.2/S0.3s cache=0/128 cuda_peak=961MiB sleep_actions=[]
[Epoch 072] Wake: 100%|##############| 128/128 [00:06<00:00, 18.40seq/s, events=8192, loss=2.6330, writes=310]
[Epoch 072] Global: 100%|#####################| 128/128 [00:02<00:00, 59.17seq-pass/s, batch=2/2, phase=train]
[Epoch 072] Sleep: 100%|##############| 5/5 [00:00<00:00, 30.10step/s, actions=0, phase=light, pressure=0.210]
[MemoryTree][072/080] wake/event=2.633080 sleep_residual_utility=0.015756 writes=310 memorize=0 queue_split=84 wake_actions=A5795/R2313/M0/Q84 novelty=0.0006 weighted_sim=0.9987 wm_grad_max=4.272e+00 global/event=2.626967 mix_diag=2.6270 global_steps=2 prior_KL=0.000e+00 seq_H_cond=0.0000 seq_H_marg=0.0000 seq_MI=0.000e+00 post_KL_diag=0.000e+00 branch_distill=0.000e+00 probe=0.000e+00/0.000->0.000/0.000/0.000 frontier=1.00/1.00/0.00 enc_gate=0.000 enc_scale=0.000 teacher_conf=0.000 teacher_JS=0.000e+00 max_mass=1.0000 owner_hard=[128] mem_assign=[8192] topology_prune=on leaves=1 sleep_mode=light light_absorb=1 deep_probability=0.210 topology_action=null topology_gain=0.000e+00 topology_candidates=0 collapsed=0 topology_lambda=0.000e+00 time=W7.0/G2.2/S0.3s cache=0/128 cuda_peak=961MiB sleep_actions=[]
[Epoch 073] Wake: 100%|##############| 128/128 [00:07<00:00, 18.00seq/s, events=8192, loss=2.6098, writes=309]
[Epoch 073] Global: 100%|#####################| 128/128 [00:02<00:00, 58.38seq-pass/s, batch=2/2, phase=train]
[Epoch 073] Sleep: 100%|##############| 5/5 [00:00<00:00, 29.81step/s, actions=0, phase=light, pressure=0.246]
[MemoryTree][073/080] wake/event=2.609850 sleep_residual_utility=0.016348 writes=309 memorize=0 queue_split=80 wake_actions=A5806/R2306/M0/Q80 novelty=0.0007 weighted_sim=0.9986 wm_grad_max=4.054e+00 global/event=2.603969 mix_diag=2.6040 global_steps=2 prior_KL=0.000e+00 seq_H_cond=0.0000 seq_H_marg=0.0000 seq_MI=0.000e+00 post_KL_diag=0.000e+00 branch_distill=0.000e+00 probe=0.000e+00/0.000->0.000/0.000/0.000 frontier=1.00/1.00/0.00 enc_gate=0.000 enc_scale=0.000 teacher_conf=0.000 teacher_JS=0.000e+00 max_mass=1.0000 owner_hard=[128] mem_assign=[8192] topology_prune=on leaves=1 sleep_mode=light light_absorb=1 deep_probability=0.246 topology_action=null topology_gain=0.000e+00 topology_candidates=0 collapsed=0 topology_lambda=0.000e+00 time=W7.1/G2.2/S0.3s cache=0/128 cuda_peak=961MiB sleep_actions=[]
[Epoch 074] Wake: 100%|##############| 128/128 [00:07<00:00, 17.89seq/s, events=8192, loss=2.5882, writes=321]
[Epoch 074] Global: 100%|#####################| 128/128 [00:02<00:00, 57.77seq-pass/s, batch=2/2, phase=train]
[Epoch 074] Sleep: 100%|###############| 5/5 [00:03<00:00,  1.33step/s, actions=0, phase=deep, pressure=0.263]
[MemoryTree][074/080] wake/event=2.588276 sleep_residual_utility=0.016396 writes=321 memorize=0 queue_split=78 wake_actions=A5792/R2322/M0/Q78 novelty=0.0006 weighted_sim=0.9987 wm_grad_max=3.848e+00 global/event=2.583597 mix_diag=2.5836 global_steps=2 prior_KL=0.000e+00 seq_H_cond=0.0000 seq_H_marg=0.0000 seq_MI=0.000e+00 post_KL_diag=0.000e+00 branch_distill=0.000e+00 probe=0.000e+00/0.000->0.000/0.000/0.000 frontier=1.00/1.00/0.00 enc_gate=0.000 enc_scale=0.000 teacher_conf=0.000 teacher_JS=0.000e+00 max_mass=1.0000 owner_hard=[128] mem_assign=[8192] topology_prune=on leaves=1 sleep_mode=deep light_absorb=0 deep_probability=0.263 topology_action=null topology_gain=0.000e+00 topology_candidates=1 collapsed=0 topology_lambda=0.000e+00 time=W7.2/G2.2/S3.8s cache=0/128 cuda_peak=961MiB sleep_actions=[]
[Epoch 075] Wake: 100%|##############| 128/128 [00:07<00:00, 17.92seq/s, events=8192, loss=2.5698, writes=328]
[Epoch 075] Global: 100%|#####################| 128/128 [00:02<00:00, 58.90seq-pass/s, batch=2/2, phase=train]
[Epoch 075] Sleep: 100%|##############| 5/5 [00:03<00:00,  1.35step/s, actions=0, phase=light, pressure=0.137]
[MemoryTree][075/080] wake/event=2.569824 sleep_residual_utility=0.012242 writes=328 memorize=0 queue_split=84 wake_actions=A5772/R2336/M0/Q84 novelty=0.0006 weighted_sim=0.9987 wm_grad_max=3.666e+00 global/event=2.565733 mix_diag=2.5657 global_steps=2 prior_KL=0.000e+00 seq_H_cond=0.0000 seq_H_marg=0.0000 seq_MI=0.000e+00 post_KL_diag=0.000e+00 branch_distill=0.000e+00 probe=0.000e+00/0.000->0.000/0.000/0.000 frontier=1.00/1.00/0.00 enc_gate=0.000 enc_scale=0.000 teacher_conf=0.000 teacher_JS=0.000e+00 max_mass=1.0000 owner_hard=[128] mem_assign=[8192] topology_prune=on leaves=1 sleep_mode=light light_absorb=0 deep_probability=0.137 topology_action=null topology_gain=0.000e+00 topology_candidates=1 collapsed=0 topology_lambda=0.000e+00 time=W7.1/G2.2/S3.8s cache=0/128 cuda_peak=961MiB sleep_actions=[]
[Epoch 076] Wake: 100%|##############| 128/128 [00:07<00:00, 18.03seq/s, events=8192, loss=2.5547, writes=351]
[Epoch 076] Global: 100%|#####################| 128/128 [00:02<00:00, 58.75seq-pass/s, batch=2/2, phase=train]
[Epoch 076] Sleep: 100%|##############| 5/5 [00:00<00:00, 29.70step/s, actions=0, phase=light, pressure=0.137]
[MemoryTree][076/080] wake/event=2.554751 sleep_residual_utility=0.011153 writes=351 memorize=63 queue_split=83 wake_actions=A5744/R2302/M63/Q83 novelty=0.0047 weighted_sim=0.9906 wm_grad_max=3.499e+00 global/event=2.551551 mix_diag=2.5516 global_steps=2 prior_KL=0.000e+00 seq_H_cond=0.0000 seq_H_marg=0.0000 seq_MI=0.000e+00 post_KL_diag=0.000e+00 branch_distill=0.000e+00 probe=0.000e+00/0.000->0.000/0.000/0.000 frontier=1.00/1.00/0.00 enc_gate=0.000 enc_scale=0.000 teacher_conf=0.000 teacher_JS=0.000e+00 max_mass=1.0000 owner_hard=[128] mem_assign=[8192] topology_prune=on leaves=1 sleep_mode=light light_absorb=0 deep_probability=0.137 topology_action=null topology_gain=0.000e+00 topology_candidates=0 collapsed=0 topology_lambda=0.000e+00 time=W7.1/G2.2/S0.3s cache=0/128 cuda_peak=961MiB sleep_actions=[]
[Epoch 077] Wake: 100%|##############| 128/128 [00:07<00:00, 17.88seq/s, events=8192, loss=2.5427, writes=342]
[Epoch 077] Global: 100%|#####################| 128/128 [00:02<00:00, 58.92seq-pass/s, batch=2/2, phase=train]
[Epoch 077] Sleep: 100%|##############| 5/5 [00:00<00:00, 29.90step/s, actions=0, phase=light, pressure=0.207]
[MemoryTree][077/080] wake/event=2.542787 sleep_residual_utility=0.012764 writes=342 memorize=62 queue_split=77 wake_actions=A5752/R2301/M62/Q77 novelty=0.0046 weighted_sim=0.9907 wm_grad_max=3.345e+00 global/event=2.540098 mix_diag=2.5401 global_steps=2 prior_KL=0.000e+00 seq_H_cond=0.0000 seq_H_marg=0.0000 seq_MI=0.000e+00 post_KL_diag=0.000e+00 branch_distill=0.000e+00 probe=0.000e+00/0.000->0.000/0.000/0.000 frontier=1.00/1.00/0.00 enc_gate=0.000 enc_scale=0.000 teacher_conf=0.000 teacher_JS=0.000e+00 max_mass=1.0000 owner_hard=[128] mem_assign=[8192] topology_prune=on leaves=1 sleep_mode=light light_absorb=0 deep_probability=0.207 topology_action=null topology_gain=0.000e+00 topology_candidates=0 collapsed=0 topology_lambda=0.000e+00 time=W7.2/G2.2/S0.3s cache=0/128 cuda_peak=961MiB sleep_actions=[]
[Epoch 078] Wake: 100%|##############| 128/128 [00:06<00:00, 18.30seq/s, events=8192, loss=2.5328, writes=308]
[Epoch 078] Global: 100%|#####################| 128/128 [00:02<00:00, 58.93seq-pass/s, batch=2/2, phase=train]
[Epoch 078] Sleep: 100%|##############| 5/5 [00:00<00:00, 29.98step/s, actions=0, phase=light, pressure=0.241]
[MemoryTree][078/080] wake/event=2.532835 sleep_residual_utility=0.010837 writes=308 memorize=0 queue_split=80 wake_actions=A5742/R2370/M0/Q80 novelty=0.0004 weighted_sim=0.9991 wm_grad_max=3.202e+00 global/event=2.530292 mix_diag=2.5303 global_steps=2 prior_KL=0.000e+00 seq_H_cond=0.0000 seq_H_marg=0.0000 seq_MI=0.000e+00 post_KL_diag=0.000e+00 branch_distill=0.000e+00 probe=0.000e+00/0.000->0.000/0.000/0.000 frontier=1.00/1.00/0.00 enc_gate=0.000 enc_scale=0.000 teacher_conf=0.000 teacher_JS=0.000e+00 max_mass=1.0000 owner_hard=[128] mem_assign=[8192] topology_prune=on leaves=1 sleep_mode=light light_absorb=0 deep_probability=0.241 topology_action=null topology_gain=0.000e+00 topology_candidates=0 collapsed=0 topology_lambda=0.000e+00 time=W7.0/G2.2/S0.3s cache=0/128 cuda_peak=961MiB sleep_actions=[]
[Epoch 079] Wake: 100%|##############| 128/128 [00:07<00:00, 18.26seq/s, events=8192, loss=2.5241, writes=321]
[Epoch 079] Global: 100%|#####################| 128/128 [00:02<00:00, 58.88seq-pass/s, batch=2/2, phase=train]
[Epoch 079] Sleep: 100%|##############| 5/5 [00:00<00:00, 29.83step/s, actions=0, phase=light, pressure=0.257]
[MemoryTree][079/080] wake/event=2.524110 sleep_residual_utility=0.010298 writes=321 memorize=0 queue_split=82 wake_actions=A5731/R2379/M0/Q82 novelty=0.0004 weighted_sim=0.9991 wm_grad_max=3.068e+00 global/event=2.522043 mix_diag=2.5221 global_steps=2 prior_KL=0.000e+00 seq_H_cond=0.0000 seq_H_marg=0.0000 seq_MI=0.000e+00 post_KL_diag=0.000e+00 branch_distill=0.000e+00 probe=0.000e+00/0.000->0.000/0.000/0.000 frontier=1.00/1.00/0.00 enc_gate=0.000 enc_scale=0.000 teacher_conf=0.000 teacher_JS=0.000e+00 max_mass=1.0000 owner_hard=[128] mem_assign=[8192] topology_prune=on leaves=1 sleep_mode=light light_absorb=0 deep_probability=0.257 topology_action=null topology_gain=0.000e+00 topology_candidates=0 collapsed=0 topology_lambda=0.000e+00 time=W7.0/G2.2/S0.3s cache=0/128 cuda_peak=961MiB sleep_actions=[]
[Epoch 080] Wake: 100%|##############| 128/128 [00:07<00:00, 18.23seq/s, events=8192, loss=2.5165, writes=315]
[Epoch 080] Global: 100%|#####################| 128/128 [00:02<00:00, 58.67seq-pass/s, batch=2/2, phase=train]
[Epoch 080] Sleep: 100%|##############| 5/5 [00:03<00:00,  1.35step/s, actions=0, phase=light, pressure=0.263]
[MemoryTree][080/080] wake/event=2.516558 sleep_residual_utility=0.009834 writes=315 memorize=0 queue_split=80 wake_actions=A5702/R2410/M0/Q80 novelty=0.0004 weighted_sim=0.9992 wm_grad_max=2.943e+00 global/event=2.514851 mix_diag=2.5149 global_steps=2 prior_KL=0.000e+00 seq_H_cond=0.0000 seq_H_marg=0.0000 seq_MI=0.000e+00 post_KL_diag=0.000e+00 branch_distill=0.000e+00 probe=0.000e+00/0.000->0.000/0.000/0.000 frontier=1.00/1.00/0.00 enc_gate=0.000 enc_scale=0.000 teacher_conf=0.000 teacher_JS=0.000e+00 max_mass=1.0000 owner_hard=[128] mem_assign=[8192] topology_prune=on leaves=1 sleep_mode=light light_absorb=0 deep_probability=0.263 topology_action=null topology_gain=0.000e+00 topology_candidates=1 collapsed=0 topology_lambda=0.000e+00 time=W7.0/G2.2/S3.8s cache=0/128 cuda_peak=961MiB sleep_actions=[]

# Task 3:
