Using device: cuda
DataFrame shape: (1500, 3)
Columns: ['event_times', 'event_types', 'cluster']
加载了 1500 个序列
检测到 8 种事件类型: [0, 1, 2, 3, 4, 5, 6, 7]
第一个序列长度: 80
[Hawkes Cold Start][001/010] train_nll/event=4.434513 val_nll/event=3.845228 max_grad=1.7014
[Hawkes Cold Start][002/010] train_nll/event=3.525351 val_nll/event=3.328343 max_grad=0.7526
[Hawkes Cold Start][003/010] train_nll/event=3.171508 val_nll/event=3.102257 max_grad=0.2838
[Hawkes Cold Start][004/010] train_nll/event=3.017865 val_nll/event=3.009076 max_grad=0.1876
[Hawkes Cold Start][005/010] train_nll/event=2.956109 val_nll/event=2.971629 max_grad=0.1752
[Hawkes Cold Start][006/010] train_nll/event=2.929401 val_nll/event=2.953256 max_grad=0.1819
[Hawkes Cold Start][007/010] train_nll/event=2.915526 val_nll/event=2.942766 max_grad=0.1862
[Hawkes Cold Start][008/010] train_nll/event=2.907445 val_nll/event=2.936413 max_grad=0.1873
[Hawkes Cold Start][009/010] train_nll/event=2.902469 val_nll/event=2.932423 max_grad=0.1885
[Hawkes Cold Start][010/010] train_nll/event=2.899300 val_nll/event=2.929935 max_grad=0.1895
[Hawkes Cold Start] checkpoint saved to /home/xinye/HawkesMemory_wfy/checkpoints/hawkes_backbone_init.pt
[Hawkes Cold Start] spectral_radius=0.747907, min_mu=8.121500e-03
[H_tree] initialized 29/29 node_emb from /home/xinye/HawkesMemory_wfy/Data/tree_15/h_tree_one_circle.pt
[Routing] mode=active_frontier frontier=2..7 temperature=1.100 exploration=0.000

[Residual init]:   0%|          | 0/1500 [00:00<?, ?seq/s]
[Residual init]:   2%|▏         | 25/1500 [00:00<00:06, 242.99seq/s]
[Residual init]:   4%|▍         | 57/1500 [00:00<00:05, 284.04seq/s]
[Residual init]:   6%|▌         | 89/1500 [00:00<00:04, 298.11seq/s]
[Residual init]:   8%|▊         | 121/1500 [00:00<00:04, 303.33seq/s]
[Residual init]:  10%|█         | 152/1500 [00:00<00:04, 305.14seq/s]
[Residual init]:  12%|█▏        | 184/1500 [00:00<00:04, 308.77seq/s]
[Residual init]:  14%|█▍        | 216/1500 [00:00<00:04, 310.19seq/s]
[Residual init]:  17%|█▋        | 248/1500 [00:00<00:04, 310.92seq/s]
[Residual init]:  19%|█▊        | 280/1500 [00:00<00:03, 313.01seq/s]
[Residual init]:  21%|██        | 312/1500 [00:01<00:03, 315.10seq/s]
[Residual init]:  23%|██▎       | 344/1500 [00:01<00:03, 314.32seq/s]
[Residual init]:  25%|██▌       | 376/1500 [00:01<00:03, 313.93seq/s]
[Residual init]:  27%|██▋       | 408/1500 [00:01<00:03, 313.86seq/s]
[Residual init]:  29%|██▉       | 440/1500 [00:01<00:03, 313.44seq/s]
[Residual init]:  31%|███▏      | 472/1500 [00:01<00:03, 313.32seq/s]
[Residual init]:  34%|███▎      | 504/1500 [00:01<00:03, 308.74seq/s]
[Residual init]:  36%|███▌      | 535/1500 [00:01<00:03, 307.59seq/s]
[Residual init]:  38%|███▊      | 566/1500 [00:01<00:03, 306.30seq/s]
[Residual init]:  40%|███▉      | 597/1500 [00:01<00:02, 305.75seq/s]
[Residual init]:  42%|████▏     | 628/1500 [00:02<00:02, 305.52seq/s]
[Residual init]:  44%|████▍     | 659/1500 [00:02<00:02, 305.14seq/s]
[Residual init]:  46%|████▌     | 690/1500 [00:02<00:02, 306.25seq/s]
[Residual init]:  48%|████▊     | 722/1500 [00:02<00:02, 307.95seq/s]
[Residual init]:  50%|█████     | 755/1500 [00:02<00:02, 312.88seq/s]
[Residual init]:  52%|█████▏    | 787/1500 [00:02<00:02, 312.54seq/s]
[Residual init]:  55%|█████▍    | 819/1500 [00:02<00:02, 312.97seq/s]
[Residual init]:  57%|█████▋    | 851/1500 [00:02<00:02, 312.84seq/s]
[Residual init]:  59%|█████▉    | 883/1500 [00:02<00:01, 311.52seq/s]
[Residual init]:  61%|██████    | 915/1500 [00:02<00:01, 312.34seq/s]
[Residual init]:  63%|██████▎   | 947/1500 [00:03<00:01, 311.55seq/s]
[Residual init]:  65%|██████▌   | 979/1500 [00:03<00:01, 313.90seq/s]
[Residual init]:  68%|██████▊   | 1013/1500 [00:03<00:01, 319.05seq/s]
[Residual init]:  70%|██████▉   | 1046/1500 [00:03<00:01, 320.27seq/s]
[Residual init]:  72%|███████▏  | 1079/1500 [00:03<00:01, 319.46seq/s]
[Residual init]:  74%|███████▍  | 1113/1500 [00:03<00:01, 323.83seq/s]
[Residual init]:  76%|███████▋  | 1147/1500 [00:03<00:01, 326.80seq/s]
[Residual init]:  79%|███████▊  | 1180/1500 [00:03<00:00, 324.67seq/s]
[Residual init]:  81%|████████  | 1213/1500 [00:03<00:00, 322.70seq/s]
[Residual init]:  83%|████████▎ | 1246/1500 [00:03<00:00, 319.47seq/s]
[Residual init]:  85%|████████▌ | 1278/1500 [00:04<00:00, 318.92seq/s]
[Residual init]:  87%|████████▋ | 1310/1500 [00:04<00:00, 317.28seq/s]
[Residual init]:  89%|████████▉ | 1342/1500 [00:04<00:00, 314.56seq/s]
[Residual init]:  92%|█████████▏| 1374/1500 [00:04<00:00, 313.19seq/s]
[Residual init]:  94%|█████████▎| 1406/1500 [00:04<00:00, 311.37seq/s]
[Residual init]:  96%|█████████▌| 1438/1500 [00:04<00:00, 312.25seq/s]
[Residual init]:  98%|█████████▊| 1470/1500 [00:04<00:00, 311.68seq/s]
[Residual init]: 100%|██████████| 1500/1500 [00:04<00:00, 312.19seq/s]
[Residual Initialization] sequences=1500 rank=4 grad_norm=5.392e+00/9.844e+00/1.514e+01 clipped=0.000 membership=[100.0, 100.0, 100.0, 100.0, 100.0, 100.0, 100.0, 100.0, 100.0, 100.0, 100.0, 100.0, 100.0, 100.0, 100.0] target_mass=[0.06666667014360428, 0.06666667014360428, 0.06666667014360428, 0.06666667014360428, 0.06666667014360428, 0.06666667014360428, 0.06666667014360428, 0.06666667014360428, 0.06666667014360428, 0.06666667014360428, 0.06666667014360428, 0.06666667014360428, 0.06666667014360428, 0.06666667014360428, 0.06666667014360428]
[Initialization] mode=residual_signature semantic_blend=0.0000 semantic_delta_mean=1.7611e-02 semantic_delta_max=2.4571e-01 offset_mode=path_additive route_balance=0.1000
[Symmetry] mode=residual_signature router_gain=0.0500 router_norm_mean=7.3961e-02 leaf_delta_mean=2.1988e-02 leaf_mean_error=9.537e-07 spectral_radius=[0.746161,0.757918]

[H-align 01/05]:   0%|          | 0/94 [00:00<?, ?batch/s]
[H-align 01/05]:   7%|▋         | 7/94 [00:00<00:01, 68.70batch/s, acc=0.59, loss=0.685]
[H-align 01/05]:  17%|█▋        | 16/94 [00:00<00:01, 76.96batch/s, acc=0.604, loss=0.678]
[H-align 01/05]:  27%|██▋       | 25/94 [00:00<00:00, 81.53batch/s, acc=0.605, loss=0.673]
[H-align 01/05]:  36%|███▌      | 34/94 [00:00<00:00, 82.94batch/s, acc=0.613, loss=0.668]
[H-align 01/05]:  46%|████▌     | 43/94 [00:00<00:00, 84.04batch/s, acc=0.616, loss=0.665]
[H-align 01/05]:  55%|█████▌    | 52/94 [00:00<00:00, 84.98batch/s, acc=0.621, loss=0.661]
[H-align 01/05]:  65%|██████▍   | 61/94 [00:00<00:00, 85.42batch/s, acc=0.628, loss=0.656]
[H-align 01/05]:  74%|███████▍  | 70/94 [00:00<00:00, 85.15batch/s, acc=0.626, loss=0.656]
[H-align 01/05]:  84%|████████▍ | 79/94 [00:00<00:00, 84.86batch/s, acc=0.628, loss=0.652]
[H-align 01/05]:  94%|█████████▎| 88/94 [00:01<00:00, 84.41batch/s, acc=0.636, loss=0.645]
[H-align 01/05]: 100%|██████████| 94/94 [00:01<00:00, 83.63batch/s, acc=0.641, loss=0.638]
[H-align] epoch=1/5 loss=0.638274 acc=0.6409 p_target=0.5471 confidence=1.0000 grad_max=6.636e-01

[H-align 02/05]:   0%|          | 0/94 [00:00<?, ?batch/s]
[H-align 02/05]:  10%|▉         | 9/94 [00:00<00:01, 84.83batch/s, acc=0.718, loss=0.522]
[H-align 02/05]:  19%|█▉        | 18/94 [00:00<00:00, 85.63batch/s, acc=0.743, loss=0.489]
[H-align 02/05]:  29%|██▊       | 27/94 [00:00<00:00, 80.60batch/s, acc=0.767, loss=0.456]
[H-align 02/05]:  38%|███▊      | 36/94 [00:00<00:00, 81.65batch/s, acc=0.788, loss=0.425]
[H-align 02/05]:  48%|████▊     | 45/94 [00:00<00:00, 82.84batch/s, acc=0.801, loss=0.404]
[H-align 02/05]:  57%|█████▋    | 54/94 [00:00<00:00, 82.24batch/s, acc=0.809, loss=0.393]
[H-align 02/05]:  67%|██████▋   | 63/94 [00:00<00:00, 82.81batch/s, acc=0.816, loss=0.383]
[H-align 02/05]:  77%|███████▋  | 72/94 [00:00<00:00, 84.03batch/s, acc=0.822, loss=0.374]
[H-align 02/05]:  86%|████████▌ | 81/94 [00:00<00:00, 84.26batch/s, acc=0.829, loss=0.364]
[H-align 02/05]:  96%|█████████▌| 90/94 [00:01<00:00, 85.10batch/s, acc=0.835, loss=0.353]
[H-align 02/05]: 100%|██████████| 94/94 [00:01<00:00, 83.88batch/s, acc=0.838, loss=0.349]
[H-align] epoch=2/5 loss=0.349155 acc=0.8383 p_target=0.7644 confidence=1.0000 grad_max=3.059e+00

[H-align 03/05]:   0%|          | 0/94 [00:00<?, ?batch/s]
[H-align 03/05]:  10%|▉         | 9/94 [00:00<00:00, 85.59batch/s, acc=0.922, loss=0.2]
[H-align 03/05]:  19%|█▉        | 18/94 [00:00<00:00, 84.63batch/s, acc=0.921, loss=0.198]
[H-align 03/05]:  29%|██▊       | 27/94 [00:00<00:00, 82.48batch/s, acc=0.927, loss=0.188]
[H-align 03/05]:  38%|███▊      | 36/94 [00:00<00:00, 82.66batch/s, acc=0.931, loss=0.181]
[H-align 03/05]:  48%|████▊     | 45/94 [00:00<00:00, 82.72batch/s, acc=0.936, loss=0.168]
[H-align 03/05]:  57%|█████▋    | 54/94 [00:00<00:00, 82.82batch/s, acc=0.94, loss=0.159] 
[H-align 03/05]:  67%|██████▋   | 63/94 [00:00<00:00, 83.67batch/s, acc=0.944, loss=0.15]
[H-align 03/05]:  77%|███████▋  | 72/94 [00:00<00:00, 84.24batch/s, acc=0.949, loss=0.141]
[H-align 03/05]:  86%|████████▌ | 81/94 [00:00<00:00, 84.25batch/s, acc=0.952, loss=0.134]
[H-align 03/05]:  96%|█████████▌| 90/94 [00:01<00:00, 84.52batch/s, acc=0.954, loss=0.127]
[H-align 03/05]: 100%|██████████| 94/94 [00:01<00:00, 83.96batch/s, acc=0.955, loss=0.125]
[H-align] epoch=3/5 loss=0.125263 acc=0.9553 p_target=0.9183 confidence=1.0000 grad_max=2.418e+00

[H-align 04/05]:   0%|          | 0/94 [00:00<?, ?batch/s]
[H-align 04/05]:  10%|▉         | 9/94 [00:00<00:00, 86.69batch/s, acc=0.984, loss=0.0517]
[H-align 04/05]:  19%|█▉        | 18/94 [00:00<00:00, 85.60batch/s, acc=0.984, loss=0.0516]
[H-align 04/05]:  29%|██▊       | 27/94 [00:00<00:00, 81.18batch/s, acc=0.981, loss=0.0597]
[H-align 04/05]:  38%|███▊      | 36/94 [00:00<00:00, 82.50batch/s, acc=0.98, loss=0.0608] 
[H-align 04/05]:  48%|████▊     | 45/94 [00:00<00:00, 79.77batch/s, acc=0.981, loss=0.0576]
[H-align 04/05]:  57%|█████▋    | 54/94 [00:00<00:00, 81.62batch/s, acc=0.983, loss=0.0544]
[H-align 04/05]:  67%|██████▋   | 63/94 [00:00<00:00, 82.78batch/s, acc=0.983, loss=0.053] 
[H-align 04/05]:  77%|███████▋  | 72/94 [00:00<00:00, 83.87batch/s, acc=0.984, loss=0.0509]
[H-align 04/05]:  86%|████████▌ | 81/94 [00:00<00:00, 83.77batch/s, acc=0.984, loss=0.0488]
[H-align 04/05]:  96%|█████████▌| 90/94 [00:01<00:00, 84.21batch/s, acc=0.984, loss=0.0484]
[H-align 04/05]: 100%|██████████| 94/94 [00:01<00:00, 83.34batch/s, acc=0.985, loss=0.0474]
[H-align] epoch=4/5 loss=0.047350 acc=0.9848 p_target=0.9716 confidence=1.0000 grad_max=2.700e+00

[H-align 05/05]:   0%|          | 0/94 [00:00<?, ?batch/s]
[H-align 05/05]:  10%|▉         | 9/94 [00:00<00:00, 86.08batch/s, acc=0.989, loss=0.0317]
[H-align 05/05]:  19%|█▉        | 18/94 [00:00<00:00, 86.88batch/s, acc=0.989, loss=0.0299]
[H-align 05/05]:  29%|██▊       | 27/94 [00:00<00:00, 87.46batch/s, acc=0.99, loss=0.0308] 
[H-align 05/05]:  38%|███▊      | 36/94 [00:00<00:00, 87.64batch/s, acc=0.989, loss=0.0335]
[H-align 05/05]:  48%|████▊     | 45/94 [00:00<00:00, 87.18batch/s, acc=0.989, loss=0.0323]
[H-align 05/05]:  57%|█████▋    | 54/94 [00:00<00:00, 86.42batch/s, acc=0.99, loss=0.0314] 
[H-align 05/05]:  67%|██████▋   | 63/94 [00:00<00:00, 85.35batch/s, acc=0.99, loss=0.0304]
[H-align 05/05]:  77%|███████▋  | 72/94 [00:00<00:00, 85.99batch/s, acc=0.99, loss=0.0295]
[H-align 05/05]:  86%|████████▌ | 81/94 [00:00<00:00, 85.74batch/s, acc=0.991, loss=0.0283]
[H-align 05/05]:  96%|█████████▌| 90/94 [00:01<00:00, 85.50batch/s, acc=0.991, loss=0.0272]
[H-align 05/05]: 100%|██████████| 94/94 [00:01<00:00, 86.18batch/s, acc=0.991, loss=0.027] 
[H-align] epoch=5/5 loss=0.027009 acc=0.9911 p_target=0.9838 confidence=1.0000 grad_max=2.043e+00
[H-align Complete] epochs=5 loss=0.693809->0.018439 accuracy=0.9938 p_target=0.9884 updated=encoder+router_compat frozen=hawkes+node_emb+semantics+memory

[Init] Cache:   0%|                                                                 | 0/1500 [00:00<?, ?seq/s]
[Init] Cache: 100%|#########################| 1500/1500 [00:01<00:00, 1062.18seq/s, built=1500, events=120000]
[Cache] sequences=1500 events=120000 built=1500 device=cuda time=1.413s

[Epoch 001] Wake: 100%|#########| 1500/1500 [02:20<00:00, 10.68seq/s, events=120000, loss=2.8618, writes=4952]
[Epoch 001] Global: 100%|#################| 1500/1500 [00:35<00:00, 41.99seq-pass/s, batch=24/24, phase=train]
[Epoch 001] Sleep: 100%|############| 19/19 [00:00<00:00, 24.51step/s, actions=0, phase=light, pressure=0.150]
[MemoryTree][001/050] wake/event=2.861886 sleep_residual_utility=0.009292 writes=4952 memorize=2093 queue_split=0 wake_actions=A80810/R37097/M2093/Q0 novelty=0.0507 weighted_sim=0.8985 wm_grad_max=3.596e+00 global/event=2.840222 mix_diag=2.8592 global_steps=24 prior_KL=1.085e-01 seq_H_cond=0.5064 seq_H_marg=0.5252seq_MI=1.880e-02 post_KL_diag=1.038e-01 branch_distill=5.100e-01 probe=5.312e+00/0.549->0.568/0.006/0.422 frontier=5.74/10.47/4.74 enc_gate=0.038 enc_scale=0.001 teacher_conf=0.025 teacher_JS=5.715e-02 max_mass=0.0688 owner_hard=[0, 0, 0, 0, 0, 0, 0, 100, 0, 0, 0, 103, 97, 102, 0, 100, 0, 100, 100, 100, 0, 100, 98, 100, 100, 100, 0, 100, 100] mem_assign=[549, 232, 390, 53, 126, 114, 231, 7164, 754, 158, 154, 8074, 7176, 7960, 271, 7730, 181, 7654, 7765, 8011, 389, 7638, 7267, 7852, 7653, 7236, 2344, 7010, 7864] topology_prune=off leaves=15 sleep_mode=light light_absorb=1 deep_probability=0.150 topology_action=null topology_gain=0.000e+00 topology_candidates=0 collapsed=0 topology_lambda=0.000e+00 time=W140.4/G35.7/S0.8s cache=0/1500 cuda_peak=7069MiB sleep_actions=[]
[Epoch 002] Wake: 100%|#########| 1500/1500 [02:14<00:00, 11.11seq/s, events=120000, loss=2.8895, writes=5038]
[Epoch 002] Global: 100%|#################| 1500/1500 [00:35<00:00, 41.83seq-pass/s, batch=24/24, phase=train]
[Epoch 002] Sleep: 100%|############| 19/19 [00:00<00:00, 24.25step/s, actions=0, phase=light, pressure=0.220]
[MemoryTree][002/050] wake/event=2.889576 sleep_residual_utility=0.008903 writes=5038 memorize=0 queue_split=0 wake_actions=A81804/R38196/M0/Q0 novelty=0.0177 weighted_sim=0.9647 wm_grad_max=3.889e+00 global/event=2.882440 mix_diag=3.0284 global_steps=24 prior_KL=1.046e-02 seq_H_cond=0.6101 seq_H_marg=0.6120 seq_MI=1.909e-03 post_KL_diag=2.334e-01 branch_distill=1.462e-01 probe=5.358e+00/0.467->0.468/0.002/0.456 frontier=7.00/13.00/6.00 enc_gate=0.061 enc_scale=0.004 teacher_conf=0.056 teacher_JS=2.427e-02 max_mass=0.1015 owner_hard=[102, 1, 0, 0, 0, 0, 545, 0, 343, 177, 0, 0, 0, 0, 0, 0, 0, 0, 0, 0, 332, 0, 0, 0, 0, 0, 0, 0, 0] mem_assign=[20164, 5001, 477, 0, 5705, 126, 32233, 0, 15410, 18949, 819, 0, 0, 0, 71, 0, 0, 0, 0, 451, 19683, 0, 0, 0, 0, 0, 911, 0, 0] topology_prune=off leaves=15 sleep_mode=light light_absorb=0 deep_probability=0.220 topology_action=null topology_gain=0.000e+00 topology_candidates=0 collapsed=0 topology_lambda=0.000e+00 time=W135.0/G35.9/S0.9s cache=0/1500 cuda_peak=7077MiB sleep_actions=[]
[Epoch 003] Wake: 100%|#########| 1500/1500 [02:18<00:00, 10.83seq/s, events=120000, loss=2.8553, writes=5180]
[Epoch 003] Global: 100%|#################| 1500/1500 [00:35<00:00, 41.67seq-pass/s, batch=24/24, phase=train]
[Epoch 003] Sleep: 100%|############| 19/19 [00:00<00:00, 24.09step/s, actions=0, phase=light, pressure=0.245]
[MemoryTree][003/050] wake/event=2.855374 sleep_residual_utility=0.008533 writes=5180 memorize=4 queue_split=1544 wake_actions=A82445/R36007/M4/Q1544 novelty=0.0210 weighted_sim=0.9580 wm_grad_max=3.912e+00 global/event=2.803160 mix_diag=3.0225 global_steps=24 prior_KL=3.284e-02 seq_H_cond=0.5899 seq_H_marg=0.5960seq_MI=6.116e-03 post_KL_diag=3.829e-01 branch_distill=2.122e-01 probe=6.831e+00/0.342->0.335/0.004/0.528 frontier=6.94/12.89/5.94 enc_gate=0.142 enc_scale=0.008 teacher_conf=0.113 teacher_JS=3.291e-02 max_mass=0.0989 owner_hard=[2, 0, 0, 0, 0, 0, 504, 0, 411, 68, 7, 0, 0, 0, 0, 0, 0, 0, 0, 0, 508, 0, 0, 0, 0, 0, 0, 0, 0] mem_assign=[9822, 4674, 1069, 13, 3386, 63, 28871, 0, 23557, 14682, 3004, 0, 0, 1, 88, 0, 85, 0, 0, 17, 29006, 0, 0, 0, 0, 0, 1662, 0, 0] topology_prune=off leaves=15 sleep_mode=light light_absorb=0 deep_probability=0.245 topology_action=null topology_gain=0.000e+00 topology_candidates=0 collapsed=0 topology_lambda=0.000e+00 time=W138.6/G36.0/S0.9s cache=0/1500 cuda_peak=7053MiB sleep_actions=[]
[Epoch 004] Wake: 100%|#########| 1500/1500 [02:16<00:00, 10.97seq/s, events=120000, loss=2.7655, writes=1320]
[Epoch 004] Global: 100%|#################| 1500/1500 [00:36<00:00, 41.28seq-pass/s, batch=24/24, phase=train]
[Epoch 004] Sleep: 100%|#############| 19/19 [00:55<00:00,  2.93s/step, actions=5, phase=deep, pressure=0.357]
[MemoryTree][004/050] wake/event=2.765477 sleep_residual_utility=0.009941 writes=1320 memorize=3 queue_split=2113 wake_actions=A82778/R35106/M3/Q2113 novelty=0.1214 weighted_sim=0.7572 wm_grad_max=4.573e+00 global/event=2.753952 mix_diag=3.0196 global_steps=24 prior_KL=5.860e-02 seq_H_cond=0.5904 seq_H_marg=0.6045seq_MI=1.409e-02 post_KL_diag=4.325e-01 branch_distill=2.384e-01 probe=6.868e+00/0.343->0.341/0.001/0.535 frontier=6.85/12.70/5.85 enc_gate=0.122 enc_scale=0.011 teacher_conf=0.132 teacher_JS=3.552e-02 max_mass=0.0586 owner_hard=[1, 0, 0, 0, 92, 0, 28, 0, 18, 351, 667, 0, 0, 63, 2, 195, 0, 1, 80, 0, 0, 0, 0, 0, 0,0, 0] mem_assign=[3211, 2372, 1301, 1074, 5701, 344, 6819, 568, 9763, 25111, 31997, 17, 0, 4759, 2185, 9893, 239, 2905, 6252, 167, 0, 0, 0, 0, 627, 0, 964] topology_prune=off leaves=14 sleep_mode=deep light_absorb=0 deep_probability=0.357 topology_action=merge topology_gain=4.910e-03 topology_candidates=25 collapsed=0 topology_lambda=0.000e+00 time=W136.8/G36.3/S55.7s cache=0/1500 cuda_peak=7063MiB sleep_actions=['merge', 'promotion', 'promotion', 'promotion', 'promotion']
[Epoch 005] Wake: 100%|#########| 1500/1500 [02:21<00:00, 10.57seq/s, events=120000, loss=2.7391, writes=4572]
[Epoch 005] Global: 100%|#################| 1500/1500 [00:39<00:00, 38.24seq-pass/s, batch=24/24, phase=train]
[Epoch 005] Sleep: 100%|#############| 18/18 [00:50<00:00,  2.80s/step, actions=4, phase=deep, pressure=0.191]
[MemoryTree][005/050] wake/event=2.739102 sleep_residual_utility=0.016091 writes=4572 memorize=0 queue_split=5545 wake_actions=A83250/R31205/M0/Q5545 novelty=0.0287 weighted_sim=0.9425 wm_grad_max=5.018e+00 global/event=2.746810 mix_diag=3.1211 global_steps=24 prior_KL=5.445e-02 seq_H_cond=0.5746 seq_H_marg=0.5932seq_MI=1.857e-02 post_KL_diag=3.904e-01 branch_distill=2.639e-01 probe=6.768e+00/0.344->0.343/0.001/0.489 frontier=6.95/12.89/5.95 enc_gate=0.160 enc_scale=0.011 teacher_conf=0.146 teacher_JS=4.149e-02 max_mass=0.1753 owner_hard=[11, 1, 4, 26, 12, 11, 21, 0, 303, 351, 235, 0, 0, 221, 0, 32, 0, 0, 165, 0, 0, 0, 0, 0, 107, 0, 0] mem_assign=[3699, 1526, 6548, 3024, 3849, 1519, 5274, 226, 15002, 20644, 17049, 575, 34, 9683, 1268, 3158, 443, 4193, 14041, 325, 0, 9, 0, 4, 6640, 0, 1267] topology_prune=off leaves=14 sleep_mode=deep light_absorb=0 deep_probability=0.191 topology_action=null topology_gain=0.000e+00 topology_candidates=22 collapsed=0 topology_lambda=0.000e+00 time=W141.9/G39.2/S50.4s cache=0/1500 cuda_peak=16277MiB sleep_actions=['promotion', 'promotion', 'promotion', 'promotion']
[Epoch 006] Wake: 100%|#########| 1500/1500 [02:20<00:00, 10.70seq/s, events=120000, loss=2.7557, writes=3772]
[Epoch 006] Global: 100%|#################| 1500/1500 [00:36<00:00, 41.45seq-pass/s, batch=24/24, phase=train]
[Epoch 006] Sleep: 100%|############| 18/18 [00:00<00:00, 22.60step/s, actions=0, phase=light, pressure=0.209]
[MemoryTree][006/050] wake/event=2.755713 sleep_residual_utility=0.011439 writes=3772 memorize=0 queue_split=26557 wake_actions=A83545/R9898/M0/Q26557 novelty=0.0274 weighted_sim=0.9453 wm_grad_max=4.559e+00 global/event=2.743813 mix_diag=3.1545 global_steps=24 prior_KL=6.557e-02 seq_H_cond=0.5826 seq_H_marg=0.6067 seq_MI=2.415e-02 post_KL_diag=3.810e-01 branch_distill=2.801e-01 probe=6.550e+00/0.353->0.355/0.000/0.500 frontier=6.57/12.15/5.57 enc_gate=0.200 enc_scale=0.014 teacher_conf=0.179 teacher_JS=4.531e-02 max_mass=0.1286 owner_hard=[0, 0, 49, 68, 0, 0, 508, 0, 55, 237, 258, 0, 0, 0, 0, 105, 0, 6, 212, 0, 0, 0, 0, 0,2, 0, 0] mem_assign=[3095, 1525, 8026, 6410, 693, 3145, 25061, 256, 7212, 14709, 20737, 44, 263, 523, 1846, 6301, 70, 5505, 10454, 946, 0, 104, 0, 0, 3075, 0, 0] topology_prune=off leaves=14 sleep_mode=light light_absorb=0 deep_probability=0.209 topology_action=null topology_gain=0.000e+00 topology_candidates=0 collapsed=0 topology_lambda=0.000e+00 time=W140.3/G36.2/S0.9s cache=0/1500 cuda_peak=6906MiB sleep_actions=[]
[Epoch 007] Wake: 100%|#########| 1500/1500 [02:20<00:00, 10.64seq/s, events=120000, loss=2.7533, writes=3313]
[Epoch 007] Global: 100%|#################| 1500/1500 [00:36<00:00, 41.42seq-pass/s, batch=24/24, phase=train]
[Epoch 007] Sleep: 100%|############| 18/18 [00:00<00:00, 23.08step/s, actions=0, phase=light, pressure=0.373]
[MemoryTree][007/050] wake/event=2.753348 sleep_residual_utility=0.011624 writes=3313 memorize=4 queue_split=34109 wake_actions=A83694/R2193/M4/Q34109 novelty=0.0469 weighted_sim=0.9063 wm_grad_max=4.718e+00 global/event=2.754104 mix_diag=3.0258 global_steps=24 prior_KL=7.972e-02 seq_H_cond=0.5646 seq_H_marg=0.6062 seq_MI=4.165e-02 post_KL_diag=3.897e-01 branch_distill=3.013e-01 probe=6.514e+00/0.373->0.386/0.014/0.566 frontier=6.75/12.49/5.75 enc_gate=0.271 enc_scale=0.019 teacher_conf=0.255 teacher_JS=6.045e-02 max_mass=0.2144 owner_hard=[0, 0, 29, 26, 0, 0, 423, 0, 6, 255, 34, 0, 0, 0, 0, 54, 0, 546, 127, 0, 0, 0, 0, 0, 0, 0, 0] mem_assign=[2643, 1461, 5941, 5900, 511, 3747, 22794, 425, 4698, 13639, 9283, 844, 589, 2975, 1383, 4648, 180, 28990, 6221, 848, 163, 62, 0, 76, 1979, 0, 0] topology_prune=off leaves=14 sleep_mode=light light_absorb=1 deep_probability=0.373 topology_action=null topology_gain=0.000e+00 topology_candidates=0collapsed=0 topology_lambda=0.000e+00 time=W141.0/G36.2/S0.8s cache=0/1500 cuda_peak=7059MiB sleep_actions=[]
[Epoch 008] Wake: 100%|#########| 1500/1500 [02:19<00:00, 10.75seq/s, events=120000, loss=2.7443, writes=2598]
[Epoch 008] Global: 100%|#################| 1500/1500 [00:36<00:00, 41.63seq-pass/s, batch=24/24, phase=train]
[Epoch 008] Sleep: 100%|#############| 18/18 [00:52<00:00,  2.90s/step, actions=4, phase=deep, pressure=0.505]
[MemoryTree][008/050] wake/event=2.744299 sleep_residual_utility=0.011508 writes=2598 memorize=5 queue_split=35422 wake_actions=A83767/R806/M5/Q35422 novelty=0.0527 weighted_sim=0.8946 wm_grad_max=4.478e+00 global/event=2.739012 mix_diag=3.0161 global_steps=24 prior_KL=9.913e-02 seq_H_cond=0.5503 seq_H_marg=0.5984seq_MI=4.810e-02 post_KL_diag=3.766e-01 branch_distill=3.142e-01 probe=6.560e+00/0.403->0.410/0.049/0.591 frontier=6.97/12.94/5.97 enc_gate=0.314 enc_scale=0.023 teacher_conf=0.294 teacher_JS=6.934e-02 max_mass=0.2364 owner_hard=[0, 0, 62, 6, 0, 14, 233, 0, 1, 296, 0, 0, 0, 37, 1, 16, 0, 768, 65, 1, 0, 0, 0, 0, 0,0, 0] mem_assign=[2747, 1192, 7991, 4479, 481, 6903, 14006, 411, 2943, 14710, 2466, 757, 851, 7943, 4360, 3380, 624, 31710, 6790, 1930, 920, 173, 0, 137, 2096, 0, 0] topology_prune=off leaves=14 sleep_mode=deep light_absorb=0 deep_probability=0.505 topology_action=null topology_gain=0.000e+00 topology_candidates=22 collapsed=0 topology_lambda=0.000e+00 time=W139.5/G36.0/S52.2s cache=0/1500 cuda_peak=7066MiB sleep_actions=['promotion', 'promotion', 'promotion', 'promotion']
[Epoch 009] Wake: 100%|#########| 1500/1500 [02:18<00:00, 10.86seq/s, events=120000, loss=2.7266, writes=1367]
[Epoch 009] Global: 100%|#################| 1500/1500 [00:36<00:00, 41.46seq-pass/s, batch=24/24, phase=train]
[Epoch 009] Sleep: 100%|#############| 18/18 [00:52<00:00,  2.90s/step, actions=4, phase=deep, pressure=0.245]
[MemoryTree][009/050] wake/event=2.726595 sleep_residual_utility=0.013192 writes=1367 memorize=11 queue_split=35877 wake_actions=A83813/R299/M11/Q35877 novelty=0.0419 weighted_sim=0.9163 wm_grad_max=3.977e+00 global/event=2.723055 mix_diag=3.0801 global_steps=24 prior_KL=9.778e-02 seq_H_cond=0.5544 seq_H_marg=0.6045 seq_MI=5.018e-02 post_KL_diag=4.020e-01 branch_distill=3.250e-01 probe=6.834e+00/0.415->0.422/0.098/0.613 frontier=6.99/12.98/5.99 enc_gate=0.310 enc_scale=0.025 teacher_conf=0.316 teacher_JS=7.115e-02 max_mass=0.1711 owner_hard=[0, 0, 304, 48, 0, 36, 31, 0, 0, 289, 3, 0, 0, 328, 16, 0, 0, 436, 5, 4, 0, 0, 0, 0,0, 0, 0] mem_assign=[4369, 1663, 13455, 7228, 495, 10538, 10682, 1299, 1569, 10906, 2794, 984, 683, 14169, 5780, 2737, 422, 21401, 3740, 2077, 1201, 83, 1, 8, 1716, 0, 0] topology_prune=off leaves=14 sleep_mode=deep light_absorb=0 deep_probability=0.245 topology_action=null topology_gain=0.000e+00 topology_candidates=22 collapsed=0 topology_lambda=0.000e+00 time=W138.1/G36.2/S52.3s cache=0/1500 cuda_peak=7077MiB sleep_actions=['promotion', 'promotion', 'promotion', 'promotion']
[Epoch 010] Wake: 100%|#########| 1500/1500 [02:19<00:00, 10.72seq/s, events=120000, loss=2.7269, writes=1469]
[Epoch 010] Global: 100%|#################| 1500/1500 [00:36<00:00, 41.10seq-pass/s, batch=24/24, phase=train]
[Epoch 010] Sleep: 100%|#############| 18/18 [00:52<00:00,  2.91s/step, actions=4, phase=deep, pressure=0.253]
[MemoryTree][010/050] wake/event=2.726887 sleep_residual_utility=0.013477 writes=1469 memorize=35 queue_split=35119 wake_actions=A83895/R951/M35/Q35119 novelty=0.0512 weighted_sim=0.8977 wm_grad_max=3.972e+00 global/event=2.727753 mix_diag=3.0197 global_steps=24 prior_KL=9.859e-02 seq_H_cond=0.5386 seq_H_marg=0.5988 seq_MI=6.021e-02 post_KL_diag=4.224e-01 branch_distill=3.162e-01 probe=7.035e+00/0.424->0.417/0.086/0.604 frontier=6.98/12.96/5.98 enc_gate=0.292 enc_scale=0.023 teacher_conf=0.290 teacher_JS=6.800e-02 max_mass=0.1268 owner_hard=[0, 0, 544, 3, 0, 4, 531, 4, 0, 229, 0, 0, 0, 0, 73, 2, 0, 102, 0, 8, 0, 0, 0, 0, 0,0, 0] mem_assign=[2793, 1584, 21749, 5118, 418, 8495, 21945, 3353, 1436, 9891, 1909, 1014, 822, 2921, 7948, 2927, 1148, 15396, 3465, 2365, 1537, 50, 3, 2, 1709, 0, 2] topology_prune=off leaves=14 sleep_mode=deep light_absorb=0 deep_probability=0.253 topology_action=null topology_gain=0.000e+00 topology_candidates=22 collapsed=0 topology_lambda=0.000e+00 time=W140.0/G36.5/S52.5s cache=0/1500 cuda_peak=7065MiB sleep_actions=['promotion', 'promotion', 'promotion', 'promotion']
[Epoch 011] Wake: 100%|#########| 1500/1500 [02:18<00:00, 10.84seq/s, events=120000, loss=2.7518, writes=1958]
[Epoch 011] Global: 100%|#################| 1500/1500 [00:35<00:00, 41.74seq-pass/s, batch=24/24, phase=train]
[Epoch 011] Sleep: 100%|#############| 18/18 [00:51<00:00,  2.87s/step, actions=4, phase=deep, pressure=0.259]
[MemoryTree][011/050] wake/event=2.751799 sleep_residual_utility=0.012320 writes=1958 memorize=93 queue_split=33534 wake_actions=A84113/R2260/M93/Q33534 novelty=0.0490 weighted_sim=0.9021 wm_grad_max=3.778e+00 global/event=2.737784 mix_diag=2.9177 global_steps=24 prior_KL=8.970e-02 seq_H_cond=0.5257 seq_H_marg=0.5909 seq_MI=6.522e-02 post_KL_diag=4.110e-01 branch_distill=3.147e-01 probe=6.788e+00/0.441->0.456/0.151/0.588 frontier=6.97/12.94/5.97 enc_gate=0.328 enc_scale=0.024 teacher_conf=0.305 teacher_JS=7.285e-02 max_mass=0.0866 owner_hard=[0, 0, 52, 259, 0, 89, 673, 0, 0, 290, 18, 1, 42, 0, 1, 0, 0, 21, 8, 36, 10, 0, 0, 0, 0, 0, 0] mem_assign=[2985, 738, 6589, 9514, 335, 15479, 22338, 1051, 871, 10289, 6183, 3857, 5521, 3197, 6452, 467, 800, 7238, 2575, 5707, 5293, 22, 5, 8, 2473, 1, 12] topology_prune=off leaves=14 sleep_mode=deep light_absorb=1 deep_probability=0.259 topology_action=null topology_gain=0.000e+00 topology_candidates=22 collapsed=0 topology_lambda=0.000e+00 time=W138.4/G35.9/S51.7s cache=0/1500 cuda_peak=7078MiB sleep_actions=['promotion', 'promotion', 'promotion', 'promotion']
[Epoch 012] Wake: 100%|#########| 1500/1500 [02:19<00:00, 10.78seq/s, events=120000, loss=2.7175, writes=1538]
[Epoch 012] Global: 100%|#################| 1500/1500 [00:35<00:00, 41.80seq-pass/s, batch=24/24, phase=train]
[Epoch 012] Sleep: 100%|#############| 18/18 [00:51<00:00,  2.86s/step, actions=4, phase=deep, pressure=0.264]
[MemoryTree][012/050] wake/event=2.717525 sleep_residual_utility=0.011725 writes=1538 memorize=186 queue_split=34506 wake_actions=A83935/R1373/M186/Q34506 novelty=0.0503 weighted_sim=0.8994 wm_grad_max=4.181e+00 global/event=2.718316 mix_diag=2.9391 global_steps=24 prior_KL=1.078e-01 seq_H_cond=0.5305 seq_H_marg=0.5918 seq_MI=6.128e-02 post_KL_diag=4.323e-01 branch_distill=3.186e-01 probe=6.982e+00/0.475->0.477/0.253/0.642 frontier=7.00/13.00/6.00 enc_gate=0.318 enc_scale=0.026 teacher_conf=0.328 teacher_JS=7.382e-02 max_mass=0.0954 owner_hard=[0, 0, 855, 0, 0, 13, 421, 17, 0, 74, 34, 65, 0, 2, 0, 0, 0, 13, 5, 0, 1, 0, 0, 0, 0, 0, 0] mem_assign=[2245, 1115, 25641, 1338, 255, 10124, 18588, 5000, 797, 7655, 6696, 7145, 2532, 3398, 2739, 1650, 1471, 9413, 5350, 2126, 2395, 103, 2, 11, 2208, 0, 3] topology_prune=off leaves=14 sleep_mode=deep light_absorb=1 deep_probability=0.264 topology_action=null topology_gain=0.000e+00 topology_candidates=22 collapsed=0 topology_lambda=0.000e+00 time=W139.2/G35.9/S51.6s cache=0/1500 cuda_peak=7078MiB sleep_actions=['promotion', 'promotion', 'promotion', 'promotion']
[Epoch 013] Wake: 100%|#########| 1500/1500 [02:21<00:00, 10.61seq/s, events=120000, loss=2.7104, writes=2213]
[Epoch 013] Global: 100%|#################| 1500/1500 [00:36<00:00, 41.51seq-pass/s, batch=24/24, phase=train]
[Epoch 013] Sleep: 100%|############| 18/18 [00:00<00:00, 23.83step/s, actions=0, phase=light, pressure=0.268]
[MemoryTree][013/050] wake/event=2.710394 sleep_residual_utility=0.010383 writes=2213 memorize=1 queue_split=34466 wake_actions=A83798/R1735/M1/Q34466 novelty=0.0438 weighted_sim=0.9124 wm_grad_max=3.365e+00 global/event=2.714471 mix_diag=2.8801 global_steps=24 prior_KL=9.783e-02 seq_H_cond=0.5421 seq_H_marg=0.6118 seq_MI=6.977e-02 post_KL_diag=4.306e-01 branch_distill=3.136e-01 probe=7.517e+00/0.435->0.432/0.174/0.641 frontier=7.00/13.00/6.00 enc_gate=0.339 enc_scale=0.025 teacher_conf=0.321 teacher_JS=6.583e-02 max_mass=0.1245 owner_hard=[0, 0, 741, 0, 0, 43, 273, 6, 0, 271, 0, 5, 0, 21, 44, 0, 0, 68, 23, 4, 1, 0, 0, 0, 0, 0, 0] mem_assign=[2420, 1021, 23568, 2164, 373, 9242, 14159, 5193, 754, 10746, 2048, 2616, 3193, 5465, 7125, 1932, 1480, 12206, 7575, 3557, 2183, 5, 0, 44, 930, 0, 1] topology_prune=on leaves=14 sleep_mode=light light_absorb=1 deep_probability=0.268 topology_action=null topology_gain=0.000e+00 topology_candidates=0 collapsed=0 topology_lambda=0.000e+00 time=W141.3/G36.1/S0.8s cache=0/1500 cuda_peak=7078MiB sleep_actions=[]
[Epoch 014] Wake: 100%|#########| 1500/1500 [02:19<00:00, 10.76seq/s, events=120000, loss=2.7121, writes=1644]
[Epoch 014] Global: 100%|#################| 1500/1500 [00:36<00:00, 41.40seq-pass/s, batch=24/24, phase=train]
[Epoch 014] Sleep: 100%|############| 18/18 [00:00<00:00, 23.67step/s, actions=0, phase=light, pressure=0.463]
[MemoryTree][014/050] wake/event=2.712111 sleep_residual_utility=0.013098 writes=1644 memorize=9 queue_split=34551 wake_actions=A83867/R1573/M9/Q34551 novelty=0.0389 weighted_sim=0.9222 wm_grad_max=3.674e+00 global/event=2.701468 mix_diag=2.9336 global_steps=24 prior_KL=9.887e-02 seq_H_cond=0.5354 seq_H_marg=0.6116 seq_MI=7.621e-02 post_KL_diag=4.433e-01 branch_distill=3.129e-01 probe=7.822e+00/0.421->0.422/0.189/0.646 frontier=7.00/13.00/6.00 enc_gate=0.324 enc_scale=0.026 teacher_conf=0.328 teacher_JS=6.818e-02 max_mass=0.1111 owner_hard=[0, 0, 360, 0, 0, 370, 116, 4, 0, 152, 3, 95, 18, 193, 31, 0, 0, 127, 16, 8, 7, 0, 0,0, 0, 0, 0] mem_assign=[1641, 523, 14250, 2632, 272, 15817, 13093, 2781, 1029, 6865, 3434, 7615, 4653, 12426, 4328, 1013, 335, 11866, 4991, 3038, 4001, 752, 737, 39, 1823, 8, 38] topology_prune=on leaves=14 sleep_mode=light light_absorb=4 deep_probability=0.463 topology_action=null topology_gain=0.000e+00 topology_candidates=0 collapsed=0 topology_lambda=0.000e+00 time=W139.4/G36.2/S0.8s cache=0/1500 cuda_peak=7078MiB sleep_actions=[]
[Epoch 015] Wake: 100%|#########| 1500/1500 [02:19<00:00, 10.74seq/s, events=120000, loss=2.6827, writes=1197]
[Epoch 015] Global: 100%|#################| 1500/1500 [00:36<00:00, 41.31seq-pass/s, batch=24/24, phase=train]
[Epoch 015] Sleep: 100%|############| 18/18 [00:47<00:00,  2.63s/step, actions=0, phase=light, pressure=0.606]
[MemoryTree][015/050] wake/event=2.682672 sleep_residual_utility=0.011862 writes=1197 memorize=3 queue_split=35023 wake_actions=A83967/R1007/M3/Q35023 novelty=0.0710 weighted_sim=0.8579 wm_grad_max=3.915e+00 global/event=2.687341 mix_diag=2.9798 global_steps=24 prior_KL=1.008e-01 seq_H_cond=0.5274 seq_H_marg=0.6109 seq_MI=8.350e-02 post_KL_diag=4.545e-01 branch_distill=3.121e-01 probe=8.007e+00/0.401->0.402/0.232/0.637 frontier=7.00/13.00/6.00 enc_gate=0.329 enc_scale=0.027 teacher_conf=0.333 teacher_JS=6.740e-02 max_mass=0.1144 owner_hard=[0, 0, 543, 0, 0, 47, 200, 6, 0, 114, 18, 21, 1, 399, 12, 0, 0, 91, 4, 8, 36, 0, 0, 0, 0, 0, 0] mem_assign=[1100, 441, 18665, 980, 368, 10701, 15393, 3777, 761, 7403, 5028, 5137, 3126, 14541, 3499, 1495, 361, 10540, 4138, 3708, 6076, 777, 724,24, 1206, 0, 31] topology_prune=on leaves=14 sleep_mode=light light_absorb=3 deep_probability=0.606 topology_action=null topology_gain=0.000e+00 topology_candidates=22 collapsed=0 topology_lambda=0.000e+00 time=W139.7/G36.3/S47.4s cache=0/1500 cuda_peak=7078MiB sleep_actions=[]
[Epoch 016] Wake: 100%|#########| 1500/1500 [02:22<00:00, 10.51seq/s, events=120000, loss=2.6911, writes=3256]
[Epoch 016] Global: 100%|#################| 1500/1500 [00:36<00:00, 40.77seq-pass/s, batch=24/24, phase=train]
[Epoch 016] Sleep: 100%|############| 18/18 [00:00<00:00, 23.05step/s, actions=0, phase=light, pressure=0.275]
[MemoryTree][016/050] wake/event=2.691102 sleep_residual_utility=0.011436 writes=3256 memorize=23 queue_split=34621 wake_actions=A83968/R1388/M23/Q34621 novelty=0.0367 weighted_sim=0.9266 wm_grad_max=3.892e+00 global/event=2.705758 mix_diag=2.9478 global_steps=24 prior_KL=8.730e-02 seq_H_cond=0.5363 seq_H_marg=0.6183 seq_MI=8.199e-02 post_KL_diag=4.160e-01 branch_distill=3.204e-01 probe=7.342e+00/0.413->0.414/0.232/0.588 frontier=7.00/13.00/6.00 enc_gate=0.292 enc_scale=0.025 teacher_conf=0.300 teacher_JS=6.490e-02 max_mass=0.0930 owner_hard=[0, 0, 615, 0, 0, 109, 70, 59, 0, 160, 61, 55, 0, 270, 4, 0, 0, 4, 13, 50, 30, 0, 0, 0, 0, 0, 0] mem_assign=[1208, 393, 19373, 432, 1160, 12658, 11601, 6251, 224, 7766, 7405, 5664, 2567, 11566, 3768, 1072, 665, 6410, 7007, 4656, 5640, 573, 950, 13, 965, 2, 11] topology_prune=on leaves=14 sleep_mode=light light_absorb=2 deep_probability=0.275 topology_action=null topology_gain=0.000e+00 topology_candidates=0 collapsed=0 topology_lambda=0.000e+00 time=W142.8/G36.8/S0.8s cache=0/1500 cuda_peak=7079MiB sleep_actions=[]
[Epoch 017] Wake: 100%|#########| 1500/1500 [02:22<00:00, 10.50seq/s, events=120000, loss=2.6982, writes=3532]
[Epoch 017] Global: 100%|#################| 1500/1500 [00:36<00:00, 41.23seq-pass/s, batch=24/24, phase=train]
[Epoch 017] Sleep: 100%|############| 18/18 [00:00<00:00, 23.46step/s, actions=0, phase=light, pressure=0.474]
[MemoryTree][017/050] wake/event=2.698210 sleep_residual_utility=0.013849 writes=3532 memorize=30 queue_split=33451 wake_actions=A84294/R2225/M30/Q33451 novelty=0.0329 weighted_sim=0.9342 wm_grad_max=4.665e+00 global/event=2.701610 mix_diag=2.9766 global_steps=24 prior_KL=7.546e-02 seq_H_cond=0.5429 seq_H_marg=0.6165 seq_MI=7.360e-02 post_KL_diag=4.224e-01 branch_distill=3.120e-01 probe=6.948e+00/0.430->0.430/0.283/0.574 frontier=7.00/13.00/6.00 enc_gate=0.345 enc_scale=0.025 teacher_conf=0.327 teacher_JS=6.748e-02 max_mass=0.0950 owner_hard=[0, 0, 757, 0, 0, 6, 46, 42, 0, 305, 58, 1, 0, 213, 2, 0, 0, 36, 21, 4, 9, 0, 0, 0,0, 0, 0] mem_assign=[1556, 584, 22453, 793, 1432, 6934, 10324, 6540, 398, 11679, 6737, 1975, 882, 11668, 2846, 1756, 640, 8979, 10547, 3056, 4257, 562, 938, 65, 2389, 2, 8] topology_prune=on leaves=14 sleep_mode=light light_absorb=2 deep_probability=0.474 topology_action=null topology_gain=0.000e+00 topology_candidates=0 collapsed=0 topology_lambda=0.000e+00 time=W142.9/G36.4/S0.8s cache=0/1500 cuda_peak=7079MiB sleep_actions=[]
[Epoch 018] Wake: 100%|#########| 1500/1500 [02:24<00:00, 10.41seq/s, events=120000, loss=2.6822, writes=3139]
[Epoch 018] Global: 100%|#################| 1500/1500 [00:36<00:00, 41.31seq-pass/s, batch=24/24, phase=train]
[Epoch 018] Sleep: 100%|############| 18/18 [00:00<00:00, 23.39step/s, actions=0, phase=light, pressure=0.619]
[MemoryTree][018/050] wake/event=2.682224 sleep_residual_utility=0.013262 writes=3139 memorize=41 queue_split=34565 wake_actions=A84393/R1001/M41/Q34565 novelty=0.0462 weighted_sim=0.9075 wm_grad_max=4.165e+00 global/event=2.680994 mix_diag=3.0030 global_steps=24 prior_KL=8.227e-02 seq_H_cond=0.5365 seq_H_marg=0.6138 seq_MI=7.724e-02 post_KL_diag=4.384e-01 branch_distill=3.161e-01 probe=6.949e+00/0.438->0.435/0.334/0.619 frontier=7.00/13.00/6.00 enc_gate=0.338 enc_scale=0.028 teacher_conf=0.347 teacher_JS=6.944e-02 max_mass=0.1118 owner_hard=[0, 0, 726, 0, 0, 6, 28, 19, 0, 128, 86, 9, 0, 418, 5, 1, 0, 18, 16, 22, 17, 0, 0, 0, 1, 0, 0] mem_assign=[1313, 390, 21011, 531, 1937, 7315, 10375, 3807, 270, 7861, 7885, 4600, 2260, 15498, 3107, 2559, 1206, 5735, 8911, 4148, 4990, 647, 1012, 193, 2275, 21, 143] topology_prune=on leaves=14 sleep_mode=light light_absorb=4 deep_probability=0.619 topology_action=null topology_gain=0.000e+00 topology_candidates=0 collapsed=0 topology_lambda=0.000e+00 time=W144.1/G36.3/S0.8s cache=0/1500 cuda_peak=7079MiB sleep_actions=[]
[Epoch 019] Wake: 100%|#########| 1500/1500 [02:22<00:00, 10.51seq/s, events=120000, loss=2.6810, writes=3426]
[Epoch 019] Global: 100%|#################| 1500/1500 [00:36<00:00, 41.27seq-pass/s, batch=24/24, phase=train]
[Epoch 019] Sleep: 100%|#############| 18/18 [00:51<00:00,  2.87s/step, actions=2, phase=deep, pressure=0.723]
[MemoryTree][019/050] wake/event=2.680981 sleep_residual_utility=0.012376 writes=3426 memorize=27 queue_split=34572 wake_actions=A84463/R938/M27/Q34572 novelty=0.0276 weighted_sim=0.9449 wm_grad_max=4.369e+00 global/event=2.696871 mix_diag=3.0586 global_steps=24 prior_KL=7.041e-02 seq_H_cond=0.5225 seq_H_marg=0.6131 seq_MI=9.060e-02 post_KL_diag=4.078e-01 branch_distill=3.145e-01 probe=6.417e+00/0.452->0.454/0.312/0.580 frontier=7.00/13.00/6.00 enc_gate=0.323 enc_scale=0.026 teacher_conf=0.326 teacher_JS=6.876e-02 max_mass=0.0966 owner_hard=[0, 0, 791, 0, 2, 7, 15, 38, 0, 170, 59, 18, 0, 300, 2, 0, 0, 20, 31, 21, 26, 0, 0, 0, 0, 0, 0] mem_assign=[1330, 440, 21353, 369, 2034, 6229, 8829, 5445, 105, 9517, 8024, 4730, 2276, 12635, 3443, 2141, 741, 6631, 10244, 4747, 5026, 1176, 1316, 106, 1104, 0, 9] topology_prune=on leaves=14 sleep_mode=deep light_absorb=2 deep_probability=0.723 topology_action=null topology_gain=0.000e+00 topology_candidates=22 collapsed=0 topology_lambda=0.000e+00 time=W142.8/G36.4/S51.8s cache=0/1500 cuda_peak=7079MiB sleep_actions=['promotion', 'promotion']
[Epoch 020] Wake: 100%|#########| 1500/1500 [02:24<00:00, 10.36seq/s, events=120000, loss=2.7070, writes=3759]
[Epoch 020] Global: 100%|#################| 1500/1500 [00:36<00:00, 41.19seq-pass/s, batch=24/24, phase=train]
[Epoch 020] Sleep: 100%|############| 18/18 [00:47<00:00,  2.66s/step, actions=0, phase=light, pressure=0.280]
[MemoryTree][020/050] wake/event=2.707001 sleep_residual_utility=0.015165 writes=3759 memorize=2 queue_split=34578 wake_actions=A84600/R820/M2/Q34578 novelty=0.0225 weighted_sim=0.9550 wm_grad_max=4.675e+00 global/event=2.705089 mix_diag=3.0282 global_steps=24 prior_KL=5.399e-02 seq_H_cond=0.5047 seq_H_marg=0.5918seq_MI=8.711e-02 post_KL_diag=3.860e-01 branch_distill=3.073e-01 probe=5.966e+00/0.493->0.495/0.276/0.522 frontier=7.00/13.00/6.00 enc_gate=0.303 enc_scale=0.025 teacher_conf=0.305 teacher_JS=6.977e-02 max_mass=0.0889 owner_hard=[0, 0, 447, 0, 0, 6, 23, 83, 0, 252, 383, 28, 1, 94, 0, 36, 0, 4, 89, 52, 2, 0, 0, 0, 0, 0, 0] mem_assign=[1352, 929, 17160, 402, 1872, 5759, 6544, 7026, 412, 11382, 15038, 2972, 1727, 6380, 1943, 7643, 1333, 3899, 12088, 4981, 3307, 1791, 1609, 154, 2295, 0, 2] topology_prune=on leaves=14 sleep_mode=light light_absorb=2 deep_probability=0.280 topology_action=null topology_gain=0.000e+00 topology_candidates=22 collapsed=0 topology_lambda=0.000e+00 time=W144.8/G36.4/S47.9s cache=0/1500 cuda_peak=7079MiB sleep_actions=[]
[Epoch 021] Wake: 100%|#########| 1500/1500 [02:24<00:00, 10.36seq/s, events=120000, loss=2.6953, writes=3677]
[Epoch 021] Global: 100%|#################| 1500/1500 [00:36<00:00, 41.14seq-pass/s, batch=24/24, phase=train]
[Epoch 021] Sleep: 100%|############| 18/18 [00:00<00:00, 23.35step/s, actions=0, phase=light, pressure=0.281]
[MemoryTree][021/050] wake/event=2.695349 sleep_residual_utility=0.016471 writes=3677 memorize=24 queue_split=34854 wake_actions=A84738/R384/M24/Q34854 novelty=0.0222 weighted_sim=0.9557 wm_grad_max=4.399e+00 global/event=2.699734 mix_diag=3.0233 global_steps=24 prior_KL=6.393e-02 seq_H_cond=0.4873 seq_H_marg=0.5868 seq_MI=9.947e-02 post_KL_diag=3.667e-01 branch_distill=3.037e-01 probe=5.867e+00/0.520->0.521/0.311/0.531 frontier=7.00/13.00/6.00 enc_gate=0.314 enc_scale=0.026 teacher_conf=0.329 teacher_JS=7.553e-02 max_mass=0.1170 owner_hard=[0, 0, 106, 0, 0, 0, 38, 0, 0, 400, 375, 0, 0, 22, 0, 53, 0, 10, 495, 0, 0, 0, 0, 0,1, 0, 0] mem_assign=[1623, 935, 13027, 501, 1314, 2952, 4604, 1651, 856, 15847, 18394, 1807, 833, 4470, 1867, 6474, 2006, 6897, 20122, 2779, 1584, 1579, 2267, 1440, 4170, 0, 1] topology_prune=on leaves=14 sleep_mode=light light_absorb=3 deep_probability=0.281 topology_action=null topology_gain=0.000e+00 topology_candidates=0 collapsed=0 topology_lambda=0.000e+00 time=W144.8/G36.5/S0.8s cache=0/1500 cuda_peak=7079MiB sleep_actions=[]
[Epoch 022] Wake: 100%|#########| 1500/1500 [02:21<00:00, 10.59seq/s, events=120000, loss=2.7074, writes=3235]
[Epoch 022] Global: 100%|#################| 1500/1500 [00:36<00:00, 41.27seq-pass/s, batch=24/24, phase=train]
[Epoch 022] Sleep: 100%|#############| 18/18 [00:50<00:00,  2.80s/step, actions=4, phase=deep, pressure=0.483]
[MemoryTree][022/050] wake/event=2.707473 sleep_residual_utility=0.013899 writes=3235 memorize=47 queue_split=34852 wake_actions=A84966/R135/M47/Q34852 novelty=0.0315 weighted_sim=0.9370 wm_grad_max=4.489e+00 global/event=2.706534 mix_diag=3.0537 global_steps=24 prior_KL=7.265e-02 seq_H_cond=0.4735 seq_H_marg=0.5738 seq_MI=1.003e-01 post_KL_diag=3.726e-01 branch_distill=2.923e-01 probe=6.113e+00/0.519->0.523/0.304/0.539 frontier=7.00/13.00/6.00 enc_gate=0.332 enc_scale=0.026 teacher_conf=0.330 teacher_JS=7.599e-02 max_mass=0.1248 owner_hard=[0, 0, 94, 0, 0, 2, 17, 0, 0, 484, 385, 0, 0, 2, 0, 192, 6, 72, 238, 0, 0, 0, 0, 0, 8, 0, 0] mem_assign=[1473, 1086, 10447, 406, 1617, 3397, 4899, 957, 1404, 16310, 18066, 947, 892, 2430, 1059, 11939, 2956, 7875, 16471, 1748, 602, 1662, 2267,2625, 6421, 0, 44] topology_prune=on leaves=14 sleep_mode=deep light_absorb=2 deep_probability=0.483 topology_action=null topology_gain=0.000e+00 topology_candidates=22 collapsed=0 topology_lambda=0.000e+00 time=W141.6/G36.4/S50.5s cache=0/1500 cuda_peak=7080MiB sleep_actions=['promotion', 'promotion', 'promotion', 'promotion']
[Epoch 023] Wake: 100%|#########| 1500/1500 [02:20<00:00, 10.65seq/s, events=120000, loss=2.7122, writes=2953]
[Epoch 023] Global: 100%|#################| 1500/1500 [00:36<00:00, 41.33seq-pass/s, batch=24/24, phase=train]
[Epoch 023] Sleep: 100%|############| 18/18 [00:00<00:00, 23.49step/s, actions=0, phase=light, pressure=0.282]
[MemoryTree][023/050] wake/event=2.712178 sleep_residual_utility=0.012053 writes=2953 memorize=15 queue_split=34591 wake_actions=A85289/R105/M15/Q34591 novelty=0.0212 weighted_sim=0.9576 wm_grad_max=4.524e+00 global/event=2.713085 mix_diag=3.0395 global_steps=24 prior_KL=8.223e-02 seq_H_cond=0.4837 seq_H_marg=0.5855 seq_MI=1.018e-01 post_KL_diag=3.788e-01 branch_distill=2.979e-01 probe=6.098e+00/0.525->0.525/0.311/0.560 frontier=7.00/13.00/6.00 enc_gate=0.330 enc_scale=0.027 teacher_conf=0.339 teacher_JS=7.621e-02 max_mass=0.1709 owner_hard=[0, 0, 16, 0, 0, 0, 4, 0, 0, 305, 224, 0, 0, 9, 0, 144, 0, 631, 165, 0, 0, 0, 0, 0, 2, 0, 0] mem_assign=[1297, 793, 10340, 277, 751, 4653, 3960, 254, 879, 13568, 16830, 1641, 1307, 2507, 624, 10874, 1367, 21296, 13811, 1068, 977, 1033, 1853, 4117, 3839, 0, 84] topology_prune=on leaves=14 sleep_mode=light light_absorb=4 deep_probability=0.282 topology_action=null topology_gain=0.000e+00 topology_candidates=0 collapsed=0 topology_lambda=0.000e+00 time=W140.8/G36.3/S0.8s cache=0/1500 cuda_peak=7079MiB sleep_actions=[]
[Epoch 024] Wake: 100%|#########| 1500/1500 [02:23<00:00, 10.47seq/s, events=120000, loss=2.7000, writes=3572]
[Epoch 024] Global: 100%|#################| 1500/1500 [00:36<00:00, 41.29seq-pass/s, batch=24/24, phase=train]
[Epoch 024] Sleep: 100%|#############| 18/18 [00:55<00:00,  3.11s/step, actions=4, phase=deep, pressure=0.484]
[MemoryTree][024/050] wake/event=2.700018 sleep_residual_utility=0.014804 writes=3572 memorize=31 queue_split=34237 wake_actions=A85415/R317/M31/Q34237 novelty=0.0208 weighted_sim=0.9585 wm_grad_max=4.607e+00 global/event=2.689698 mix_diag=3.1657 global_steps=24 prior_KL=8.229e-02 seq_H_cond=0.4715 seq_H_marg=0.5829 seq_MI=1.114e-01 post_KL_diag=3.705e-01 branch_distill=2.970e-01 probe=6.291e+00/0.498->0.500/0.260/0.570 frontier=7.00/13.00/6.00 enc_gate=0.348 enc_scale=0.027 teacher_conf=0.347 teacher_JS=7.664e-02 max_mass=0.1874 owner_hard=[0, 0, 3, 0, 0, 0, 8, 0, 0, 471, 85, 0, 0, 0, 0, 113, 0, 744, 63, 0, 0, 0, 0, 13, 0,0, 0] mem_assign=[965, 967, 7578, 303, 984, 3498, 3685, 582, 1294, 16275, 14083, 1689, 542, 1714, 747, 10311, 842, 25358, 10830, 1497, 1224, 1563, 1803, 7185, 4421, 0, 60] topology_prune=on leaves=14 sleep_mode=deep light_absorb=1 deep_probability=0.484 topology_action=null topology_gain=0.000e+00 topology_candidates=22 collapsed=0 topology_lambda=0.000e+00 time=W143.3/G36.3/S56.0s cache=0/1500 cuda_peak=7079MiB sleep_actions=['promotion', 'promotion', 'promotion', 'promotion']
[Epoch 025] Wake: 100%|#########| 1500/1500 [02:22<00:00, 10.52seq/s, events=120000, loss=2.6833, writes=4513]
[Epoch 025] Global: 100%|#################| 1500/1500 [00:36<00:00, 41.11seq-pass/s, batch=24/24, phase=train]
[Epoch 025] Sleep: 100%|############| 18/18 [00:47<00:00,  2.64s/step, actions=0, phase=light, pressure=0.282]
[MemoryTree][025/050] wake/event=2.683321 sleep_residual_utility=0.015608 writes=4513 memorize=9 queue_split=34129 wake_actions=A85339/R523/M9/Q34129 novelty=0.0194 weighted_sim=0.9612 wm_grad_max=4.640e+00 global/event=2.688574 mix_diag=3.2272 global_steps=24 prior_KL=7.970e-02 seq_H_cond=0.4674 seq_H_marg=0.5794seq_MI=1.120e-01 post_KL_diag=3.928e-01 branch_distill=2.955e-01 probe=6.440e+00/0.479->0.475/0.248/0.574 frontier=7.00/13.00/6.00 enc_gate=0.348 enc_scale=0.029 teacher_conf=0.362 teacher_JS=7.617e-02 max_mass=0.1263 owner_hard=[0, 0, 171, 0, 1, 0, 29, 0, 0, 508, 57, 0, 0, 8, 0, 177, 0, 198, 313, 1, 0, 0, 0, 20, 17, 0, 0] mem_assign=[1239, 1115, 11953, 504, 2913, 2394, 5504, 574, 1510, 16177, 9149, 1074, 773, 3608, 472, 11887, 1663, 9207, 15415, 2481, 824, 2202, 2099,8887, 6376, 0, 0] topology_prune=on leaves=14 sleep_mode=light light_absorb=2 deep_probability=0.282 topology_action=null topology_gain=0.000e+00 topology_candidates=22 collapsed=0 topology_lambda=0.000e+00 time=W142.6/G36.5/S47.6s cache=0/1500 cuda_peak=7079MiB sleep_actions=[]
[Epoch 026] Wake: 100%|#########| 1500/1500 [02:22<00:00, 10.50seq/s, events=120000, loss=2.6869, writes=5121]
[Epoch 026] Global: 100%|#################| 1500/1500 [00:36<00:00, 41.15seq-pass/s, batch=24/24, phase=train]
[Epoch 026] Sleep: 100%|############| 18/18 [00:00<00:00, 23.51step/s, actions=0, phase=light, pressure=0.283]
[MemoryTree][026/050] wake/event=2.686991 sleep_residual_utility=0.015467 writes=5121 memorize=0 queue_split=34795 wake_actions=A85159/R46/M0/Q34795 novelty=0.0368 weighted_sim=0.9264 wm_grad_max=4.362e+00 global/event=2.690397 mix_diag=3.1620 global_steps=24 prior_KL=7.168e-02 seq_H_cond=0.4704 seq_H_marg=0.5915 seq_MI=1.211e-01 post_KL_diag=3.981e-01 branch_distill=3.078e-01 probe=6.273e+00/0.461->0.461/0.175/0.545 frontier=7.00/13.00/6.00 enc_gate=0.349 enc_scale=0.028 teacher_conf=0.351 teacher_JS=7.682e-02 max_mass=0.1426 owner_hard=[0, 0, 108, 0, 0, 0, 57, 0, 0, 446, 60, 2, 0, 1, 0, 590, 0, 126, 38, 0, 0, 0, 0, 61, 11, 0, 0] mem_assign=[1297, 1090, 11724, 643, 2135, 2793, 5804, 1014, 1280, 14601, 9977, 2957, 2151, 3383, 309, 18426, 1192, 8915, 10283, 1965, 465, 1633, 2074,8839, 5037, 0, 13] topology_prune=on leaves=14 sleep_mode=light light_absorb=1 deep_probability=0.283 topology_action=null topology_gain=0.000e+00 topology_candidates=0 collapsed=0 topology_lambda=0.000e+00 time=W142.9/G36.5/S0.8s cache=0/1500 cuda_peak=7079MiB sleep_actions=[]
[Epoch 027] Wake: 100%|#########| 1500/1500 [02:25<00:00, 10.30seq/s, events=120000, loss=2.6953, writes=5131]
[Epoch 027] Global: 100%|#################| 1500/1500 [00:36<00:00, 41.37seq-pass/s, batch=24/24, phase=train]
[Epoch 027] Sleep: 100%|#############| 18/18 [00:50<00:00,  2.82s/step, actions=4, phase=deep, pressure=0.485]
[MemoryTree][027/050] wake/event=2.695388 sleep_residual_utility=0.014611 writes=5131 memorize=5 queue_split=34787 wake_actions=A85103/R105/M5/Q34787 novelty=0.0448 weighted_sim=0.9104 wm_grad_max=4.486e+00 global/event=2.690407 mix_diag=3.0655 global_steps=24 prior_KL=7.154e-02 seq_H_cond=0.4824 seq_H_marg=0.5894seq_MI=1.070e-01 post_KL_diag=3.986e-01 branch_distill=3.139e-01 probe=6.177e+00/0.448->0.448/0.149/0.519 frontier=7.00/13.00/6.00 enc_gate=0.350 enc_scale=0.028 teacher_conf=0.350 teacher_JS=7.690e-02 max_mass=0.1387 owner_hard=[0, 0, 53, 0, 0, 0, 58, 13, 0, 497, 45, 10, 8, 1, 0, 664, 3, 8, 16, 0, 0, 6, 0, 104, 14, 0, 0] mem_assign=[1991, 1104, 8815, 1014, 3232, 3439, 7147, 2062, 1684, 14280, 7274, 4244, 3161, 3332, 333, 17886, 2134, 2825, 7106, 2993, 721, 4638, 3220,9683, 5612, 0, 70] topology_prune=on leaves=14 sleep_mode=deep light_absorb=1 deep_probability=0.485 topology_action=null topology_gain=0.000e+00 topology_candidates=22 collapsed=0 topology_lambda=0.000e+00 time=W145.6/G36.3/S50.8s cache=0/1500 cuda_peak=7079MiB sleep_actions=['promotion', 'promotion', 'promotion', 'promotion']
[Epoch 028] Wake: 100%|#########| 1500/1500 [02:25<00:00, 10.29seq/s, events=120000, loss=2.6853, writes=5431]
[Epoch 028] Global: 100%|#################| 1500/1500 [00:36<00:00, 41.53seq-pass/s, batch=24/24, phase=train]
[Epoch 028] Sleep: 100%|############| 18/18 [00:00<00:00, 23.54step/s, actions=0, phase=light, pressure=0.283]
[MemoryTree][028/050] wake/event=2.685325 sleep_residual_utility=0.013452 writes=5431 memorize=2 queue_split=34931 wake_actions=A84973/R94/M2/Q34931 novelty=0.0394 weighted_sim=0.9212 wm_grad_max=4.438e+00 global/event=2.684497 mix_diag=3.1050 global_steps=24 prior_KL=6.757e-02 seq_H_cond=0.4741 seq_H_marg=0.5826 seq_MI=1.085e-01 post_KL_diag=4.095e-01 branch_distill=3.036e-01 probe=6.296e+00/0.453->0.451/0.159/0.530 frontier=7.00/13.00/6.00 enc_gate=0.382 enc_scale=0.029 teacher_conf=0.372 teacher_JS=7.962e-02 max_mass=0.1333 owner_hard=[0, 0, 111, 0, 0, 0, 60, 2, 1, 514, 54, 4, 1, 1, 0, 489, 4, 49, 92, 0, 0, 0, 0, 74, 44,0, 0] mem_assign=[1978, 1404, 11162, 1287, 1615, 3381, 6403, 2375, 2052, 14677, 8308, 3435, 1554, 2035, 505, 16973, 2273, 5889, 11345, 655, 299, 3437, 1601, 9865, 5421, 0, 71] topology_prune=on leaves=14 sleep_mode=light light_absorb=3 deep_probability=0.283 topology_action=null topology_gain=0.000e+00 topology_candidates=0 collapsed=0 topology_lambda=0.000e+00 time=W145.8/G36.1/S0.8s cache=0/1500 cuda_peak=7079MiB sleep_actions=[]
[Epoch 029] Wake: 100%|#########| 1500/1500 [02:26<00:00, 10.26seq/s, events=120000, loss=2.6931, writes=4525]
[Epoch 029] Global: 100%|#################| 1500/1500 [00:36<00:00, 40.93seq-pass/s, batch=24/24, phase=train]
[Epoch 029] Sleep: 100%|#############| 18/18 [00:51<00:00,  2.86s/step, actions=4, phase=deep, pressure=0.486]
[MemoryTree][029/050] wake/event=2.693143 sleep_residual_utility=0.013166 writes=4525 memorize=1 queue_split=34566 wake_actions=A85299/R134/M1/Q34566 novelty=0.0301 weighted_sim=0.9397 wm_grad_max=4.183e+00 global/event=2.695742 mix_diag=3.0773 global_steps=24 prior_KL=7.277e-02 seq_H_cond=0.4799 seq_H_marg=0.5747seq_MI=9.477e-02 post_KL_diag=4.027e-01 branch_distill=2.945e-01 probe=6.260e+00/0.485->0.483/0.185/0.526 frontier=6.99/12.97/5.99 enc_gate=0.349 enc_scale=0.028 teacher_conf=0.348 teacher_JS=7.449e-02 max_mass=0.1436 owner_hard=[0, 0, 66, 0, 0, 0, 2, 0, 0, 402, 14, 0, 0, 0, 0, 328, 1, 0, 572, 0, 0, 3, 1, 62, 49, 0, 0] mem_assign=[1198, 987, 10027, 960, 1156, 1472, 3339, 2734, 1953, 13238, 7761, 1352, 1258, 836, 391, 17042, 2526, 3195, 22857, 121, 97, 6539, 2188, 9241,7258, 80, 194] topology_prune=on leaves=14 sleep_mode=deep light_absorb=2 deep_probability=0.486 topology_action=null topology_gain=0.000e+00 topology_candidates=22 collapsed=0 topology_lambda=0.000e+00 time=W146.2/G36.7/S51.5s cache=0/1500 cuda_peak=7070MiB sleep_actions=['promotion', 'promotion', 'promotion', 'promotion']
[Epoch 030] Wake: 100%|#########| 1500/1500 [02:23<00:00, 10.48seq/s, events=120000, loss=2.6825, writes=4372]
[Epoch 030] Global: 100%|#################| 1500/1500 [00:36<00:00, 41.34seq-pass/s, batch=24/24, phase=train]
[Epoch 030] Sleep: 100%|############| 18/18 [00:50<00:00,  2.78s/step, actions=0, phase=light, pressure=0.283]
[MemoryTree][030/050] wake/event=2.682519 sleep_residual_utility=0.012939 writes=4372 memorize=10 queue_split=34651 wake_actions=A85301/R38/M10/Q34651 novelty=0.0282 weighted_sim=0.9436 wm_grad_max=4.236e+00 global/event=2.683332 mix_diag=3.0269 global_steps=24 prior_KL=6.694e-02 seq_H_cond=0.4678 seq_H_marg=0.5691 seq_MI=1.013e-01 post_KL_diag=4.102e-01 branch_distill=2.858e-01 probe=6.163e+00/0.537->0.535/0.175/0.498 frontier=6.99/12.97/5.99 enc_gate=0.386 enc_scale=0.029 teacher_conf=0.372 teacher_JS=7.834e-02 max_mass=0.1264 owner_hard=[0, 0, 58, 0, 0, 0, 0, 0, 0, 374, 17, 0, 0, 0, 0, 95, 0, 18, 844, 0, 0, 2, 2, 90, 0, 0, 0] mem_assign=[893, 1067, 9346, 411, 2489, 1111, 2645, 2806, 846, 15608, 7352, 437, 827, 903, 515, 12599, 1451, 5438, 27473, 168, 357, 6727, 3812, 8742, 5748, 102, 127] topology_prune=on leaves=14 sleep_mode=light light_absorb=5 deep_probability=0.283 topology_action=null topology_gain=0.000e+00 topology_candidates=22 collapsed=0 topology_lambda=0.000e+00 time=W143.1/G36.3/S50.1s cache=0/1500 cuda_peak=7070MiB sleep_actions=[]
[Epoch 031] Wake: 100%|#########| 1500/1500 [02:32<00:00,  9.85seq/s, events=120000, loss=2.6726, writes=4505]
[Epoch 031] Global: 100%|#################| 1500/1500 [00:36<00:00, 41.48seq-pass/s, batch=24/24, phase=train]
[Epoch 031] Sleep: 100%|############| 18/18 [00:00<00:00, 23.42step/s, actions=0, phase=light, pressure=0.283]
[MemoryTree][031/050] wake/event=2.672620 sleep_residual_utility=0.012011 writes=4505 memorize=22 queue_split=34678 wake_actions=A85196/R104/M22/Q34678 novelty=0.0293 weighted_sim=0.9414 wm_grad_max=4.189e+00 global/event=2.688920 mix_diag=3.0543 global_steps=24 prior_KL=6.188e-02 seq_H_cond=0.4651 seq_H_marg=0.5736 seq_MI=1.085e-01 post_KL_diag=4.210e-01 branch_distill=3.083e-01 probe=6.274e+00/0.513->0.517/0.135/0.500 frontier=6.99/12.97/5.99 enc_gate=0.374 enc_scale=0.030 teacher_conf=0.374 teacher_JS=8.055e-02 max_mass=0.1110 owner_hard=[0, 0, 8, 0, 0, 0, 0, 0, 0, 290, 9, 0, 0, 0, 0, 77, 0, 36, 1025, 0, 0, 8, 0, 45, 2, 0, 0] mem_assign=[844, 833, 5544, 1419, 1751, 1457, 1416, 4864, 1305, 13948, 8430, 1059, 1273, 1518, 661, 11724, 1632, 6658, 29872, 151, 441, 7220, 2019, 7459, 5920, 375, 207] topology_prune=on leaves=14 sleep_mode=light light_absorb=3 deep_probability=0.283 topology_action=null topology_gain=0.000e+00 topology_candidates=0 collapsed=0 topology_lambda=0.000e+00 time=W152.2/G36.2/S0.8s cache=0/1500 cuda_peak=7071MiB sleep_actions=[]
[Epoch 032] Wake: 100%|#########| 1500/1500 [02:24<00:00, 10.39seq/s, events=120000, loss=2.6805, writes=4602]
[Epoch 032] Global: 100%|#################| 1500/1500 [00:36<00:00, 41.07seq-pass/s, batch=24/24, phase=train]
[Epoch 032] Sleep: 100%|#############| 18/18 [00:51<00:00,  2.87s/step, actions=4, phase=deep, pressure=0.486]
[MemoryTree][032/050] wake/event=2.680552 sleep_residual_utility=0.014255 writes=4602 memorize=19 queue_split=34866 wake_actions=A85087/R28/M19/Q34866 novelty=0.0271 weighted_sim=0.9459 wm_grad_max=4.270e+00 global/event=2.692332 mix_diag=3.0594 global_steps=24 prior_KL=7.463e-02 seq_H_cond=0.4647 seq_H_marg=0.5706 seq_MI=1.059e-01 post_KL_diag=4.535e-01 branch_distill=3.045e-01 probe=6.492e+00/0.504->0.503/0.168/0.510 frontier=6.99/12.97/5.99 enc_gate=0.355 enc_scale=0.029 teacher_conf=0.360 teacher_JS=7.807e-02 max_mass=0.1413 owner_hard=[0, 0, 13, 14, 0, 0, 0, 65, 0, 339, 15, 0, 0, 0, 0, 533, 0, 16, 431, 31, 0, 34, 9, 0,0] mem_assign=[1145, 1028, 5584, 3883, 849, 1435, 1184, 8073, 3120, 11835, 7768, 669, 958, 1381, 743, 18031, 2694, 5796, 19091, 9659, 1882, 7060, 5367, 64, 8] topology_prune=on leaves=13 sleep_mode=deep light_absorb=2 deep_probability=0.486 topology_action=topology_prune topology_gain=1.120e-02 topology_candidates=22 collapsed=0 topology_lambda=0.000e+00 time=W144.4/G36.5/S51.7s cache=0/1500 cuda_peak=7071MiB sleep_actions=['topology_prune', 'promotion', 'promotion', 'promotion']
[Epoch 033] Wake: 100%|#########| 1500/1500 [02:22<00:00, 10.54seq/s, events=120000, loss=2.6948, writes=4805]
[Epoch 033] Global: 100%|#################| 1500/1500 [00:38<00:00, 39.42seq-pass/s, batch=24/24, phase=train]
[Epoch 033] Sleep: 100%|############| 17/17 [00:00<00:00, 22.04step/s, actions=0, phase=light, pressure=0.283]
[MemoryTree][033/050] wake/event=2.694868 sleep_residual_utility=0.012089 writes=4805 memorize=44 queue_split=34641 wake_actions=A85226/R89/M44/Q34641 novelty=0.0347 weighted_sim=0.9306 wm_grad_max=3.613e+00 global/event=2.683861 mix_diag=2.9912 global_steps=24 prior_KL=6.267e-02 seq_H_cond=0.4637 seq_H_marg=0.5676 seq_MI=1.039e-01 post_KL_diag=4.554e-01 branch_distill=2.846e-01 probe=6.179e+00/0.487->0.483/0.108/0.559 frontier=6.99/12.97/5.99 enc_gate=0.346 enc_scale=0.028 teacher_conf=0.345 teacher_JS=7.727e-02 max_mass=0.1658 owner_hard=[0, 0, 9, 0, 0, 0, 0, 0, 5, 500, 0, 0, 0, 0, 0, 8, 0, 77, 309, 5, 0, 477, 110, 0, 0] mem_assign=[989, 1113, 5024, 2807, 1226, 1227, 2107, 3280, 3961, 16607, 2991, 41, 640, 727, 1017, 4418, 2302, 9511, 17419, 5713, 1482, 20762, 14477, 39, 120] topology_prune=on leaves=13 sleep_mode=light light_absorb=0 deep_probability=0.283 topology_action=null topology_gain=0.000e+00 topology_candidates=0 collapsed=0 topology_lambda=0.000e+00 time=W142.4/G38.1/S0.8s cache=0/1500 cuda_peak=14933MiB sleep_actions=[]
[Epoch 034] Wake: 100%|#########| 1500/1500 [02:23<00:00, 10.47seq/s, events=120000, loss=2.6717, writes=3982]
[Epoch 034] Global: 100%|#################| 1500/1500 [00:37<00:00, 39.71seq-pass/s, batch=24/24, phase=train]
[Epoch 034] Sleep: 100%|###########| 17/17 [00:00<00:00, 110.52step/s, actions=0, phase=light, pressure=0.486]
[MemoryTree][034/050] wake/event=2.671719 sleep_residual_utility=0.000000 writes=3982 memorize=30 queue_split=34743 wake_actions=A85198/R29/M30/Q34743 novelty=0.0302 weighted_sim=0.9397 wm_grad_max=3.865e+00 global/event=2.681213 mix_diag=2.9997 global_steps=24 prior_KL=5.730e-02 seq_H_cond=0.4670 seq_H_marg=0.5687 seq_MI=1.017e-01 post_KL_diag=4.164e-01 branch_distill=2.930e-01 probe=5.969e+00/0.501->0.503/0.161/0.577 frontier=6.99/12.97/5.99 enc_gate=0.335 enc_scale=0.028 teacher_conf=0.345 teacher_JS=7.598e-02 max_mass=0.0996 owner_hard=[0, 0, 17, 22, 0, 0, 7, 33, 8, 466, 0, 0, 0, 0, 0, 123, 2, 64, 416, 128, 0, 102, 112,0, 0] mem_assign=[867, 976, 4089, 3493, 999, 676, 3144, 6784, 6268, 13685, 3045, 641, 1039, 223, 1001, 8776, 3058, 6087, 18581, 10385, 1629, 11737, 12649, 108, 60] topology_prune=on leaves=13 sleep_mode=light light_absorb=0 deep_probability=0.486 topology_action=null topology_gain=0.000e+00 topology_candidates=0 collapsed=0 topology_lambda=0.000e+00 time=W143.2/G37.8/S0.2s cache=0/1500 cuda_peak=14956MiB sleep_actions=[]
[Epoch 035] Wake: 100%|#########| 1500/1500 [02:23<00:00, 10.47seq/s, events=120000, loss=2.6785, writes=3407]
[Epoch 035] Global: 100%|#################| 1500/1500 [00:36<00:00, 41.08seq-pass/s, batch=24/24, phase=train]
[Epoch 035] Sleep: 100%|#############| 17/17 [00:47<00:00,  2.82s/step, actions=3, phase=deep, pressure=0.632]
[MemoryTree][035/050] wake/event=2.678538 sleep_residual_utility=0.013030 writes=3407 memorize=17 queue_split=34841 wake_actions=A85131/R11/M17/Q34841 novelty=0.0261 weighted_sim=0.9478 wm_grad_max=3.880e+00 global/event=2.680220 mix_diag=2.9715 global_steps=24 prior_KL=7.008e-02 seq_H_cond=0.4593 seq_H_marg=0.5511 seq_MI=9.189e-02 post_KL_diag=4.392e-01 branch_distill=2.810e-01 probe=6.490e+00/0.503->0.503/0.210/0.564 frontier=6.99/12.97/5.99 enc_gate=0.347 enc_scale=0.027 teacher_conf=0.343 teacher_JS=7.317e-02 max_mass=0.0837 owner_hard=[0, 0, 0, 93, 0, 0, 2, 5, 534, 300, 6, 0, 0, 0, 0, 1, 1, 0, 531, 15, 0, 0, 12, 0, 0] mem_assign=[1301, 839, 1259, 12227, 719, 1223, 5181, 6204, 19752, 11398, 6296, 1774, 1787, 183, 552, 2558, 4041, 2902, 21832, 7701, 608, 2715, 6827, 73, 48] topology_prune=on leaves=13 sleep_mode=deep light_absorb=2 deep_probability=0.632 topology_action=null topology_gain=0.000e+00 topology_candidates=21 collapsed=0 topology_lambda=0.000e+00 time=W143.3/G36.5/S48.1s cache=0/1500 cuda_peak=7076MiB sleep_actions=['promotion', 'promotion', 'promotion']
[Epoch 036] Wake: 100%|#########| 1500/1500 [02:24<00:00, 10.42seq/s, events=120000, loss=2.6683, writes=3920]
[Epoch 036] Global: 100%|#################| 1500/1500 [00:36<00:00, 41.60seq-pass/s, batch=24/24, phase=train]
[Epoch 036] Sleep: 100%|############| 17/17 [00:00<00:00, 23.94step/s, actions=0, phase=light, pressure=0.283]
[MemoryTree][036/050] wake/event=2.668362 sleep_residual_utility=0.013280 writes=3920 memorize=2 queue_split=34924 wake_actions=A85068/R6/M2/Q34924 novelty=0.0267 weighted_sim=0.9466 wm_grad_max=3.920e+00 global/event=2.684092 mix_diag=2.9618 global_steps=24 prior_KL=7.203e-02 seq_H_cond=0.4823 seq_H_marg=0.5687 seq_MI=8.635e-02 post_KL_diag=4.375e-01 branch_distill=3.034e-01 probe=5.806e+00/0.501->0.511/0.173/0.570 frontier=7.00/13.00/6.00 enc_gate=0.333 enc_scale=0.029 teacher_conf=0.358 teacher_JS=7.541e-02 max_mass=0.1555 owner_hard=[0, 0, 1, 15, 0, 0, 54, 0, 0, 385, 13, 0, 0, 0, 0, 0, 0, 135, 566, 1, 0, 297, 33, 0, 0] mem_assign=[1124, 893, 1827, 5834, 838, 499, 7923, 3586, 4430, 14238, 4175, 810, 641, 216, 816, 2533, 2216, 9667, 21196, 6213, 507, 19457, 10151, 47, 163] topology_prune=on leaves=13 sleep_mode=light light_absorb=1 deep_probability=0.283 topology_action=null topology_gain=0.000e+00 topology_candidates=0 collapsed=0topology_lambda=0.000e+00 time=W144.0/G36.1/S0.8s cache=0/1500 cuda_peak=7076MiB sleep_actions=[]
[Epoch 037] Wake: 100%|#########| 1500/1500 [02:23<00:00, 10.44seq/s, events=120000, loss=2.6827, writes=4339]
[Epoch 037] Global: 100%|#################| 1500/1500 [00:36<00:00, 41.23seq-pass/s, batch=24/24, phase=train]
[Epoch 037] Sleep: 100%|############| 17/17 [00:00<00:00, 23.32step/s, actions=0, phase=light, pressure=0.486]
[MemoryTree][037/050] wake/event=2.682752 sleep_residual_utility=0.011705 writes=4339 memorize=0 queue_split=34854 wake_actions=A85140/R6/M0/Q34854 novelty=0.0247 weighted_sim=0.9506 wm_grad_max=4.458e+00 global/event=2.668685 mix_diag=2.9436 global_steps=24 prior_KL=5.930e-02 seq_H_cond=0.4772 seq_H_marg=0.5700 seq_MI=9.276e-02 post_KL_diag=4.645e-01 branch_distill=2.991e-01 probe=5.829e+00/0.561->0.564/0.295/0.540 frontier=7.00/13.00/6.00 enc_gate=0.366 enc_scale=0.027 teacher_conf=0.339 teacher_JS=7.642e-02 max_mass=0.1655 owner_hard=[0, 0, 0, 0, 0, 0, 6, 2, 2, 357, 4, 0, 0, 0, 0, 0, 0, 121, 382, 0, 0, 257, 369, 0, 0] mem_assign=[1341, 908, 1813, 2949, 822, 657, 6181, 4236, 6046, 14798, 4481, 1978, 616, 297, 782, 3138, 1377, 9924, 17086, 1848, 193, 19588, 18858, 48, 35] topology_prune=on leaves=13 sleep_mode=light light_absorb=3 deep_probability=0.486 topology_action=null topology_gain=0.000e+00 topology_candidates=0 collapsed=0 topology_lambda=0.000e+00 time=W143.7/G36.4/S0.8s cache=0/1500 cuda_peak=7076MiB sleep_actions=[]
[Epoch 038] Wake: 100%|#########| 1500/1500 [02:24<00:00, 10.39seq/s, events=120000, loss=2.6490, writes=4539]
[Epoch 038] Global: 100%|#################| 1500/1500 [00:36<00:00, 41.42seq-pass/s, batch=24/24, phase=train]
[Epoch 038] Sleep: 100%|############| 17/17 [00:00<00:00, 23.58step/s, actions=0, phase=light, pressure=0.632]
[MemoryTree][038/050] wake/event=2.649075 sleep_residual_utility=0.013262 writes=4539 memorize=20 queue_split=34874 wake_actions=A85075/R31/M20/Q34874 novelty=0.0237 weighted_sim=0.9526 wm_grad_max=3.791e+00 global/event=2.663006 mix_diag=2.9814 global_steps=24 prior_KL=6.630e-02 seq_H_cond=0.4641 seq_H_marg=0.5574 seq_MI=9.328e-02 post_KL_diag=4.346e-01 branch_distill=2.848e-01 probe=5.999e+00/0.559->0.562/0.351/0.537 frontier=7.00/13.00/6.00 enc_gate=0.379 enc_scale=0.029 teacher_conf=0.368 teacher_JS=8.007e-02 max_mass=0.1232 owner_hard=[0, 0, 0, 0, 0, 0, 0, 0, 0, 462, 53, 0, 0, 0, 0, 9, 0, 110, 674, 0, 0, 52, 140, 0, 0]mem_assign=[1142, 953, 2156, 745, 1542, 1145, 3308, 3967, 3021, 15887, 8431, 1563, 479, 41, 117, 6294, 2103, 9564, 23923, 3214, 1235, 14516, 14627, 1, 26] topology_prune=on leaves=13 sleep_mode=light light_absorb=2 deep_probability=0.632 topology_action=null topology_gain=0.000e+00 topology_candidates=0 collapsed=0 topology_lambda=0.000e+00 time=W144.3/G36.2/S0.8s cache=0/1500 cuda_peak=7076MiB sleep_actions=[]
[Epoch 039] Wake: 100%|#########| 1500/1500 [02:23<00:00, 10.47seq/s, events=120000, loss=2.6674, writes=4207]
[Epoch 039] Global: 100%|#################| 1500/1500 [00:36<00:00, 41.23seq-pass/s, batch=24/24, phase=train]
[Epoch 039] Sleep: 100%|#############| 17/17 [00:46<00:00,  2.72s/step, actions=2, phase=deep, pressure=0.736]
[MemoryTree][039/050] wake/event=2.667428 sleep_residual_utility=0.013723 writes=4207 memorize=0 queue_split=34639 wake_actions=A85360/R1/M0/Q34639 novelty=0.0190 weighted_sim=0.9619 wm_grad_max=4.297e+00 global/event=2.664638 mix_diag=2.9225 global_steps=24 prior_KL=6.706e-02 seq_H_cond=0.4518 seq_H_marg=0.5550 seq_MI=1.032e-01 post_KL_diag=4.270e-01 branch_distill=2.784e-01 probe=5.697e+00/0.545->0.551/0.247/0.528 frontier=6.99/12.97/5.99 enc_gate=0.339 enc_scale=0.029 teacher_conf=0.355 teacher_JS=8.229e-02 max_mass=0.0953 owner_hard=[0, 0, 0, 0, 0, 0, 25, 15, 0, 309, 140, 7, 0, 0, 0, 104, 0, 107, 766, 0, 0, 9, 18, 0, 0]mem_assign=[1207, 1064, 1815, 946, 2517, 1073, 4519, 6178, 3474, 12919, 11430, 4618, 1984, 337, 817, 8526, 2277, 8113, 24743, 3701, 2068, 8653, 7021, 0, 0] topology_prune=on leaves=13 sleep_mode=deep light_absorb=4 deep_probability=0.736 topology_action=null topology_gain=0.000e+00 topology_candidates=21 collapsed=0 topology_lambda=0.000e+00 time=W143.3/G36.4/S46.3s cache=0/1500 cuda_peak=7076MiB sleep_actions=['promotion', 'promotion']
[Epoch 040] Wake: 100%|#########| 1500/1500 [02:21<00:00, 10.57seq/s, events=120000, loss=2.6564, writes=3601]
[Epoch 040] Global: 100%|#################| 1500/1500 [00:36<00:00, 41.43seq-pass/s, batch=24/24, phase=train]
[Epoch 040] Sleep: 100%|############| 17/17 [00:42<00:00,  2.52s/step, actions=0, phase=light, pressure=0.283]
[MemoryTree][040/050] wake/event=2.656444 sleep_residual_utility=0.012139 writes=3601 memorize=0 queue_split=34386 wake_actions=A85613/R1/M0/Q34386 novelty=0.0168 weighted_sim=0.9665 wm_grad_max=3.727e+00 global/event=2.667359 mix_diag=2.9847 global_steps=24 prior_KL=7.224e-02 seq_H_cond=0.4276 seq_H_marg=0.5362 seq_MI=1.086e-01 post_KL_diag=4.190e-01 branch_distill=2.756e-01 probe=5.731e+00/0.535->0.544/0.257/0.541 frontier=7.00/13.00/6.00 enc_gate=0.346 enc_scale=0.028 teacher_conf=0.357 teacher_JS=8.299e-02 max_mass=0.1560 owner_hard=[0, 0, 0, 0, 0, 0, 4, 5, 0, 329, 12, 0, 0, 0, 0, 0, 0, 172, 557, 0, 0, 129, 292, 0, 0] mem_assign=[781, 750, 1057, 1612, 1169, 458, 5019, 3947, 3886, 14948, 5243, 1833, 524, 553, 537, 3209, 2127, 12019, 22167, 692, 1085, 18224, 18069, 45, 46] topology_prune=on leaves=13 sleep_mode=light light_absorb=2 deep_probability=0.283 topology_action=null topology_gain=0.000e+00 topology_candidates=21 collapsed=0 topology_lambda=0.000e+00 time=W141.9/G36.2/S42.9s cache=0/1500 cuda_peak=7076MiB sleep_actions=[]
[Epoch 041] Wake: 100%|#########| 1500/1500 [02:22<00:00, 10.53seq/s, events=120000, loss=2.6693, writes=3136]
[Epoch 041] Global: 100%|#################| 1500/1500 [00:36<00:00, 41.45seq-pass/s, batch=24/24, phase=train]
[Epoch 041] Sleep: 100%|############| 17/17 [00:00<00:00, 22.95step/s, actions=0, phase=light, pressure=0.283]
[MemoryTree][041/050] wake/event=2.669314 sleep_residual_utility=0.012164 writes=3136 memorize=0 queue_split=34515 wake_actions=A85469/R16/M0/Q34515 novelty=0.0147 weighted_sim=0.9707 wm_grad_max=4.124e+00 global/event=2.671555 mix_diag=2.9089 global_steps=24 prior_KL=9.326e-02 seq_H_cond=0.4281 seq_H_marg=0.5203 seq_MI=9.215e-02 post_KL_diag=4.260e-01 branch_distill=2.671e-01 probe=5.887e+00/0.568->0.567/0.394/0.552 frontier=7.00/13.00/6.00 enc_gate=0.364 enc_scale=0.029 teacher_conf=0.370 teacher_JS=8.216e-02 max_mass=0.1842 owner_hard=[0, 0, 0, 1, 0, 0, 12, 4, 0, 226, 0, 0, 0, 0, 0, 1, 0, 78, 467, 0, 0, 244, 467, 0, 0] mem_assign=[709, 772, 1020, 2425, 749, 371, 5509, 4130, 4738, 15965, 2554, 1548, 333, 2139, 118, 2222, 2146, 8884, 19064, 158, 399, 22158, 21407, 84, 398] topology_prune=on leaves=13 sleep_mode=light light_absorb=2 deep_probability=0.283 topology_action=null topology_gain=0.000e+00 topology_candidates=0 collapsed=0 topology_lambda=0.000e+00 time=W142.4/G36.2/S0.8s cache=0/1500 cuda_peak=7076MiB sleep_actions=[]
[Epoch 042] Wake: 100%|#########| 1500/1500 [02:21<00:00, 10.57seq/s, events=120000, loss=2.6766, writes=3801]
[Epoch 042] Global: 100%|#################| 1500/1500 [00:36<00:00, 41.38seq-pass/s, batch=24/24, phase=train]
[Epoch 042] Sleep: 100%|############| 17/17 [00:00<00:00, 22.55step/s, actions=0, phase=light, pressure=0.487]
[MemoryTree][042/050] wake/event=2.676643 sleep_residual_utility=0.012136 writes=3801 memorize=0 queue_split=34712 wake_actions=A85155/R133/M0/Q34712 novelty=0.0146 weighted_sim=0.9709 wm_grad_max=4.301e+00 global/event=2.679459 mix_diag=3.0248 global_steps=24 prior_KL=6.135e-02 seq_H_cond=0.4493 seq_H_marg=0.5700seq_MI=1.207e-01 post_KL_diag=4.024e-01 branch_distill=2.755e-01 probe=5.892e+00/0.496->0.498/0.136/0.508 frontier=7.00/13.00/6.00 enc_gate=0.377 enc_scale=0.030 teacher_conf=0.374 teacher_JS=8.062e-02 max_mass=0.1231 owner_hard=[0, 0, 0, 0, 1, 0, 55, 1, 3, 279, 20, 0, 0, 0, 0, 20, 4, 110, 984, 0, 0, 1, 22, 0, 0] mem_assign=[837, 630, 749, 966, 2474, 600, 7983, 5654, 4838, 15524, 8555, 2708, 2162, 1018, 1901, 5081, 2784, 8313, 29506, 968, 1251, 6822, 8676, 0, 0] topology_prune=on leaves=13 sleep_mode=light light_absorb=2 deep_probability=0.487 topology_action=null topology_gain=0.000e+00 topology_candidates=0 collapsed=0 topology_lambda=0.000e+00 time=W141.9/G36.3/S0.8s cache=0/1500 cuda_peak=7076MiB sleep_actions=[]
[Epoch 043] Wake: 100%|#########| 1500/1500 [02:25<00:00, 10.34seq/s, events=120000, loss=2.6759, writes=3856]
[Epoch 043] Global: 100%|#################| 1500/1500 [00:36<00:00, 40.96seq-pass/s, batch=24/24, phase=train]
[Epoch 043] Sleep: 100%|#############| 17/17 [00:48<00:00,  2.86s/step, actions=3, phase=deep, pressure=0.632]
[MemoryTree][043/050] wake/event=2.675886 sleep_residual_utility=0.013278 writes=3856 memorize=0 queue_split=34759 wake_actions=A85240/R1/M0/Q34759 novelty=0.0111 weighted_sim=0.9777 wm_grad_max=3.997e+00 global/event=2.668616 mix_diag=2.8964 global_steps=24 prior_KL=8.915e-02 seq_H_cond=0.4330 seq_H_marg=0.5298 seq_MI=9.682e-02 post_KL_diag=4.246e-01 branch_distill=2.708e-01 probe=5.966e+00/0.543->0.550/0.342/0.576 frontier=6.99/12.97/5.99 enc_gate=0.385 enc_scale=0.029 teacher_conf=0.364 teacher_JS=8.218e-02 max_mass=0.1068 owner_hard=[0, 0, 1, 0, 0, 0, 1, 212, 4, 281, 20, 0, 0, 0, 0, 266, 30, 34, 169, 232, 0, 111, 139, 0, 0] mem_assign=[748, 1057, 2073, 1662, 540, 1399, 3573, 12142, 8241, 11674, 5588, 438, 841, 363, 134, 11133, 5699, 6690, 13502, 11374, 1193, 11035, 8830, 56,15] topology_prune=on leaves=13 sleep_mode=deep light_absorb=1 deep_probability=0.632 topology_action=null topology_gain=0.000e+00 topology_candidates=21 collapsed=0 topology_lambda=0.000e+00 time=W145.1/G36.6/S48.6s cache=0/1500 cuda_peak=7077MiB sleep_actions=['promotion', 'promotion', 'promotion']
[Epoch 044] Wake: 100%|#########| 1500/1500 [02:24<00:00, 10.41seq/s, events=120000, loss=2.6631, writes=4240]
[Epoch 044] Global: 100%|#################| 1500/1500 [00:36<00:00, 40.92seq-pass/s, batch=24/24, phase=train]
[Epoch 044] Sleep: 100%|############| 17/17 [00:00<00:00, 23.15step/s, actions=0, phase=light, pressure=0.283]
[MemoryTree][044/050] wake/event=2.663144 sleep_residual_utility=0.012432 writes=4240 memorize=0 queue_split=34842 wake_actions=A85151/R7/M0/Q34842 novelty=0.0100 weighted_sim=0.9800 wm_grad_max=3.905e+00 global/event=2.661260 mix_diag=2.9879 global_steps=24 prior_KL=6.209e-02 seq_H_cond=0.4542 seq_H_marg=0.5694 seq_MI=1.152e-01 post_KL_diag=3.912e-01 branch_distill=2.779e-01 probe=5.756e+00/0.527->0.528/0.216/0.555 frontier=6.97/12.95/5.97 enc_gate=0.367 enc_scale=0.031 teacher_conf=0.383 teacher_JS=8.219e-02 max_mass=0.0883 owner_hard=[0, 0, 0, 0, 0, 0, 60, 30, 25, 204, 297, 0, 2, 0, 0, 125, 26, 162, 411, 0, 0, 43, 115, 0, 0] mem_assign=[1073, 863, 1097, 776, 2374, 781, 5888, 6422, 7859, 10070, 13465, 2976, 4446, 176, 811, 7937, 4253, 11038, 17845, 1735, 985, 8814, 8316, 0, 0]topology_prune=on leaves=13 sleep_mode=light light_absorb=2 deep_probability=0.283 topology_action=null topology_gain=0.000e+00 topology_candidates=0 collapsed=0 topology_lambda=0.000e+00 time=W144.1/G36.7/S0.8s cache=0/1500 cuda_peak=7059MiB sleep_actions=[]
[Epoch 045] Wake: 100%|#########| 1500/1500 [02:23<00:00, 10.45seq/s, events=120000, loss=2.6532, writes=3866]
[Epoch 045] Global: 100%|#################| 1500/1500 [00:36<00:00, 41.10seq-pass/s, batch=24/24, phase=train]
[Epoch 045] Sleep: 100%|#############| 17/17 [00:45<00:00,  2.70s/step, actions=2, phase=deep, pressure=0.487]
[MemoryTree][045/050] wake/event=2.653271 sleep_residual_utility=0.014010 writes=3866 memorize=0 queue_split=34994 wake_actions=A84997/R9/M0/Q34994 novelty=0.0108 weighted_sim=0.9784 wm_grad_max=3.895e+00 global/event=2.647415 mix_diag=2.9428 global_steps=24 prior_KL=6.847e-02 seq_H_cond=0.4373 seq_H_marg=0.5418 seq_MI=1.045e-01 post_KL_diag=4.295e-01 branch_distill=2.644e-01 probe=5.881e+00/0.531->0.528/0.216/0.590 frontier=6.96/12.92/5.96 enc_gate=0.383 enc_scale=0.030 teacher_conf=0.377 teacher_JS=8.250e-02 max_mass=0.1182 owner_hard=[0, 0, 0, 2, 0, 0, 10, 14, 133, 391, 3, 0, 0, 0, 0, 20, 11, 86, 436, 0, 0, 136, 258, 0, 0] mem_assign=[758, 658, 1269, 2635, 1232, 431, 4414, 6152, 11067, 15349, 4091, 1895, 1586, 1436, 996, 3980, 4516, 7996, 17592, 2381, 805, 14659, 14005, 37, 60] topology_prune=on leaves=13 sleep_mode=deep light_absorb=3 deep_probability=0.487 topology_action=null topology_gain=0.000e+00 topology_candidates=21 collapsed=0 topology_lambda=0.000e+00 time=W143.6/G36.5/S45.9s cache=0/1500 cuda_peak=7077MiB sleep_actions=['promotion', 'promotion']
[Epoch 046] Wake: 100%|#########| 1500/1500 [02:22<00:00, 10.52seq/s, events=120000, loss=2.6527, writes=4346]
[Epoch 046] Global: 100%|#################| 1500/1500 [00:36<00:00, 41.19seq-pass/s, batch=24/24, phase=train]
[Epoch 046] Sleep: 100%|#############| 17/17 [00:46<00:00,  2.76s/step, actions=3, phase=deep, pressure=0.283]
[MemoryTree][046/050] wake/event=2.652744 sleep_residual_utility=0.013182 writes=4346 memorize=0 queue_split=35009 wake_actions=A84971/R20/M0/Q35009 novelty=0.0109 weighted_sim=0.9783 wm_grad_max=4.426e+00 global/event=2.659690 mix_diag=2.9465 global_steps=24 prior_KL=7.723e-02 seq_H_cond=0.4203 seq_H_marg=0.5498 seq_MI=1.295e-01 post_KL_diag=4.040e-01 branch_distill=2.757e-01 probe=5.732e+00/0.532->0.544/0.190/0.543 frontier=6.98/12.95/5.98 enc_gate=0.361 enc_scale=0.030 teacher_conf=0.365 teacher_JS=8.298e-02 max_mass=0.0832 owner_hard=[0, 0, 0, 1, 0, 0, 61, 23, 155, 180, 37, 20, 0, 13, 1, 0, 10, 119, 726, 0, 0, 6, 148, 0, 0] mem_assign=[1153, 606, 740, 2351, 1026, 394, 5665, 6537, 10430, 10514, 8366, 5303, 4603, 3466, 2079, 2346, 3388, 8776, 21402, 2130, 754, 7256, 10714, 1, 0] topology_prune=on leaves=13 sleep_mode=deep light_absorb=4 deep_probability=0.283 topology_action=null topology_gain=0.000e+00 topology_candidates=21 collapsed=0 topology_lambda=0.000e+00 time=W142.6/G36.4/S47.0s cache=0/1500 cuda_peak=7075MiB sleep_actions=['promotion', 'promotion', 'promotion']
[Epoch 047] Wake: 100%|#########| 1500/1500 [02:23<00:00, 10.42seq/s, events=120000, loss=2.6636, writes=4583]
[Epoch 047] Global: 100%|#################| 1500/1500 [00:36<00:00, 41.27seq-pass/s, batch=24/24, phase=train]
[Epoch 047] Sleep: 100%|############| 17/17 [00:00<00:00, 23.64step/s, actions=0, phase=light, pressure=0.283]
[MemoryTree][047/050] wake/event=2.663668 sleep_residual_utility=0.012477 writes=4583 memorize=0 queue_split=34911 wake_actions=A85089/R0/M0/Q34911 novelty=0.0176 weighted_sim=0.9647 wm_grad_max=3.953e+00 global/event=2.658379 mix_diag=2.9805 global_steps=24 prior_KL=6.921e-02 seq_H_cond=0.4255 seq_H_marg=0.5528 seq_MI=1.273e-01 post_KL_diag=4.093e-01 branch_distill=2.758e-01 probe=5.836e+00/0.522->0.519/0.150/0.544 frontier=6.99/12.97/5.99 enc_gate=0.359 enc_scale=0.029 teacher_conf=0.359 teacher_JS=8.326e-02 max_mass=0.1224 owner_hard=[0, 0, 0, 0, 0, 0, 12, 3, 7, 402, 14, 0, 0, 0, 0, 148, 9, 135, 461, 0, 0, 47, 262, 0, 0]mem_assign=[518, 630, 1762, 407, 1215, 441, 3791, 5188, 3704, 16114, 6555, 1382, 2528, 119, 838, 10230, 2771, 13009, 20345, 456, 737, 10539, 16664, 24, 33] topology_prune=on leaves=13 sleep_mode=light light_absorb=2 deep_probability=0.283 topology_action=null topology_gain=0.000e+00 topology_candidates=0 collapsed=0 topology_lambda=0.000e+00 time=W144.0/G36.3/S0.8s cache=0/1500 cuda_peak=7075MiB sleep_actions=[]
[Epoch 048] Wake: 100%|#########| 1500/1500 [02:22<00:00, 10.55seq/s, events=120000, loss=2.6407, writes=4544]
[Epoch 048] Global: 100%|#################| 1500/1500 [00:36<00:00, 41.26seq-pass/s, batch=24/24, phase=train]
[Epoch 048] Sleep: 100%|############| 17/17 [00:00<00:00, 23.59step/s, actions=0, phase=light, pressure=0.487]
[MemoryTree][048/050] wake/event=2.640761 sleep_residual_utility=0.013217 writes=4544 memorize=0 queue_split=34990 wake_actions=A85009/R1/M0/Q34990 novelty=0.0232 weighted_sim=0.9536 wm_grad_max=3.942e+00 global/event=2.647525 mix_diag=2.9493 global_steps=24 prior_KL=8.632e-02 seq_H_cond=0.4208 seq_H_marg=0.5363 seq_MI=1.155e-01 post_KL_diag=4.133e-01 branch_distill=2.593e-01 probe=5.986e+00/0.552->0.561/0.245/0.564 frontier=7.00/13.00/6.00 enc_gate=0.377 enc_scale=0.030 teacher_conf=0.379 teacher_JS=8.123e-02 max_mass=0.1217 owner_hard=[0, 0, 0, 1, 0, 0, 27, 7, 154, 296, 44, 1, 2, 1, 0, 7, 1, 152, 320, 0, 0, 46, 441, 0, 0]mem_assign=[838, 736, 927, 1381, 1656, 1190, 4877, 4424, 9972, 12205, 6684, 1622, 3508, 1883, 1093, 3024, 2076, 13895, 15225, 1343, 576, 12609, 18062, 188, 6] topology_prune=on leaves=13 sleep_mode=light light_absorb=2 deep_probability=0.487 topology_action=null topology_gain=0.000e+00 topology_candidates=0 collapsed=0 topology_lambda=0.000e+00 time=W142.2/G36.4/S0.8s cache=0/1500 cuda_peak=7077MiB sleep_actions=[]
[Epoch 049] Wake: 100%|#########| 1500/1500 [02:24<00:00, 10.37seq/s, events=120000, loss=2.6449, writes=4755]
[Epoch 049] Global: 100%|#################| 1500/1500 [00:36<00:00, 40.81seq-pass/s, batch=24/24, phase=train]
[Epoch 049] Sleep: 100%|#############| 17/17 [00:46<00:00,  2.72s/step, actions=3, phase=deep, pressure=0.632]
[MemoryTree][049/050] wake/event=2.644977 sleep_residual_utility=0.014519 writes=4755 memorize=0 queue_split=34984 wake_actions=A84997/R19/M0/Q34984 novelty=0.0243 weighted_sim=0.9515 wm_grad_max=3.990e+00 global/event=2.634826 mix_diag=3.0429 global_steps=24 prior_KL=6.984e-02 seq_H_cond=0.4294 seq_H_marg=0.5519 seq_MI=1.226e-01 post_KL_diag=4.084e-01 branch_distill=2.790e-01 probe=5.902e+00/0.517->0.514/0.144/0.560 frontier=7.00/12.99/6.00 enc_gate=0.394 enc_scale=0.030 teacher_conf=0.382 teacher_JS=8.153e-02 max_mass=0.1168 owner_hard=[0, 0, 0, 0, 0, 0, 30, 27, 125, 414, 92, 0, 13, 0, 0, 43, 0, 111, 184, 0, 0, 66, 395, 0, 0] mem_assign=[570, 616, 769, 690, 1911, 440, 5729, 6583, 8834, 14418, 8873, 2271, 5578, 350, 1358, 3913, 1875, 11011, 13762, 314, 716, 13388, 15576, 156, 299] topology_prune=on leaves=13 sleep_mode=deep light_absorb=4 deep_probability=0.632 topology_action=null topology_gain=0.000e+00 topology_candidates=21 collapsed=0 topology_lambda=0.000e+00 time=W144.6/G36.8/S46.4s cache=0/1500 cuda_peak=7075MiB sleep_actions=['promotion', 'promotion', 'promotion']
[Epoch 050] Wake: 100%|#########| 1500/1500 [02:21<00:00, 10.57seq/s, events=120000, loss=2.6370, writes=3946]
[Epoch 050] Global: 100%|#################| 1500/1500 [00:36<00:00, 41.31seq-pass/s, batch=24/24, phase=train]
[Epoch 050] Sleep: 100%|#############| 17/17 [00:47<00:00,  2.77s/step, actions=2, phase=deep, pressure=0.283]
[MemoryTree][050/050] wake/event=2.637052 sleep_residual_utility=0.014110 writes=3946 memorize=0 queue_split=34879 wake_actions=A85052/R69/M0/Q34879 novelty=0.0243 weighted_sim=0.9514 wm_grad_max=4.447e+00 global/event=2.646588 mix_diag=3.0355 global_steps=24 prior_KL=7.224e-02 seq_H_cond=0.4385 seq_H_marg=0.5528 seq_MI=1.144e-01 post_KL_diag=4.156e-01 branch_distill=2.688e-01 probe=5.940e+00/0.560->0.560/0.245/0.535 frontier=6.97/12.95/5.97 enc_gate=0.372 enc_scale=0.031 teacher_conf=0.385 teacher_JS=8.158e-02 max_mass=0.1651 owner_hard=[0, 0, 0, 0, 0, 0, 8, 1, 152, 274, 2, 0, 0, 0, 0, 122, 0, 151, 28, 0, 0, 331, 431, 0, 0] mem_assign=[396, 521, 1332, 1338, 632, 573, 4214, 5620, 11224, 13401, 4298, 879, 2138, 511, 640, 6973, 2297, 13211, 9515, 1921, 577, 18784, 17657, 1218, 130] topology_prune=on leaves=13 sleep_mode=deep light_absorb=4 deep_probability=0.283 topology_action=null topology_gain=0.000e+00 topology_candidates=21 collapsed=0 topology_lambda=0.000e+00 time=W141.9/G36.3/S47.2s cache=0/1500 cuda_peak=7068MiB sleep_actions=['promotion', 'promotion']