Using device: cuda
DataFrame shape: (1700, 3)
Columns: ['event_times', 'event_types', 'cluster']
加载了 1700 个序列
检测到 8 种事件类型: [0, 1, 2, 3, 4, 5, 6, 7]
第一个序列长度: 80
[Hawkes Cold Start][001/010] train_nll/event=4.273062 val_nll/event=3.740769 max_grad=1.7795
[Hawkes Cold Start][002/010] train_nll/event=3.405243 val_nll/event=3.259835 max_grad=0.5574
[Hawkes Cold Start][003/010] train_nll/event=3.097862 val_nll/event=3.072356 max_grad=0.2723
[Hawkes Cold Start][004/010] train_nll/event=2.981458 val_nll/event=3.004127 max_grad=0.1706
[Hawkes Cold Start][005/010] train_nll/event=2.938245 val_nll/event=2.976134 max_grad=0.1754
[Hawkes Cold Start][006/010] train_nll/event=2.918717 val_nll/event=2.961527 max_grad=0.1807
[Hawkes Cold Start][007/010] train_nll/event=2.908339 val_nll/event=2.953137 max_grad=0.1811
[Hawkes Cold Start][008/010] train_nll/event=2.902360 val_nll/event=2.948058 max_grad=0.1843
[Hawkes Cold Start][009/010] train_nll/event=2.898798 val_nll/event=2.945133 max_grad=0.1862
[Hawkes Cold Start][010/010] train_nll/event=2.896611 val_nll/event=2.943036 max_grad=0.1869
[Hawkes Cold Start] checkpoint saved to /home/xinye/HawkesMemory_wfy/checkpoints/hawkes_backbone_init.pt
[Hawkes Cold Start] spectral_radius=0.756667, min_mu=8.554223e-03
[H_tree] initialized 33/33 node_emb from /home/xinye/HawkesMemory_wfy/Data/tree_17/h_tree_one_circle.pt
[Routing] mode=active_frontier frontier=2..7 temperature=1.100 exploration=0.000

[Residual init]:   0%|          | 0/1700 [00:00<?, ?seq/s]
[Residual init]:   1%|▏         | 24/1700 [00:00<00:07, 238.63seq/s]
[Residual init]:   3%|▎         | 56/1700 [00:00<00:05, 281.51seq/s]
[Residual init]:   5%|▌         | 87/1700 [00:00<00:05, 291.03seq/s]
[Residual init]:   7%|▋         | 118/1700 [00:00<00:05, 298.24seq/s]
[Residual init]:   9%|▉         | 150/1700 [00:00<00:05, 303.31seq/s]
[Residual init]:  11%|█         | 182/1700 [00:00<00:04, 306.14seq/s]
[Residual init]:  13%|█▎        | 214/1700 [00:00<00:04, 308.24seq/s]
[Residual init]:  14%|█▍        | 246/1700 [00:00<00:04, 309.23seq/s]
[Residual init]:  16%|█▋        | 278/1700 [00:00<00:04, 310.74seq/s]
[Residual init]:  18%|█▊        | 310/1700 [00:01<00:04, 313.42seq/s]
[Residual init]:  20%|██        | 342/1700 [00:01<00:04, 314.68seq/s]
[Residual init]:  22%|██▏       | 374/1700 [00:01<00:04, 315.02seq/s]
[Residual init]:  24%|██▍       | 406/1700 [00:01<00:04, 316.05seq/s]
[Residual init]:  26%|██▌       | 438/1700 [00:01<00:03, 316.59seq/s]
[Residual init]:  28%|██▊       | 470/1700 [00:01<00:03, 316.49seq/s]
[Residual init]:  30%|██▉       | 502/1700 [00:01<00:03, 317.41seq/s]
[Residual init]:  31%|███▏      | 534/1700 [00:01<00:03, 318.17seq/s]
[Residual init]:  33%|███▎      | 566/1700 [00:01<00:03, 311.25seq/s]
[Residual init]:  35%|███▌      | 598/1700 [00:01<00:03, 308.61seq/s]
[Residual init]:  37%|███▋      | 629/1700 [00:02<00:03, 307.40seq/s]
[Residual init]:  39%|███▉      | 660/1700 [00:02<00:03, 306.86seq/s]
[Residual init]:  41%|████      | 691/1700 [00:02<00:03, 307.50seq/s]
[Residual init]:  42%|████▏     | 722/1700 [00:02<00:03, 304.85seq/s]
[Residual init]:  44%|████▍     | 753/1700 [00:02<00:03, 305.19seq/s]
[Residual init]:  46%|████▌     | 784/1700 [00:02<00:03, 303.19seq/s]
[Residual init]:  48%|████▊     | 815/1700 [00:02<00:02, 298.59seq/s]
[Residual init]:  50%|████▉     | 845/1700 [00:02<00:02, 298.96seq/s]
[Residual init]:  52%|█████▏    | 876/1700 [00:02<00:02, 299.31seq/s]
[Residual init]:  53%|█████▎    | 906/1700 [00:02<00:02, 297.56seq/s]
[Residual init]:  55%|█████▌    | 937/1700 [00:03<00:02, 299.20seq/s]
[Residual init]:  57%|█████▋    | 967/1700 [00:03<00:02, 299.14seq/s]
[Residual init]:  59%|█████▊    | 998/1700 [00:03<00:02, 300.32seq/s]
[Residual init]:  61%|██████    | 1029/1700 [00:03<00:02, 298.12seq/s]
[Residual init]:  62%|██████▏   | 1060/1700 [00:03<00:02, 300.34seq/s]
[Residual init]:  64%|██████▍   | 1091/1700 [00:03<00:02, 299.69seq/s]
[Residual init]:  66%|██████▌   | 1121/1700 [00:03<00:01, 298.70seq/s]
[Residual init]:  68%|██████▊   | 1151/1700 [00:03<00:01, 299.02seq/s]
[Residual init]:  69%|██████▉   | 1181/1700 [00:03<00:01, 298.30seq/s]
[Residual init]:  71%|███████▏  | 1212/1700 [00:03<00:01, 299.12seq/s]
[Residual init]:  73%|███████▎  | 1242/1700 [00:04<00:01, 298.08seq/s]
[Residual init]:  75%|███████▍  | 1272/1700 [00:04<00:01, 298.46seq/s]
[Residual init]:  77%|███████▋  | 1302/1700 [00:04<00:01, 298.23seq/s]
[Residual init]:  78%|███████▊  | 1332/1700 [00:04<00:01, 297.63seq/s]
[Residual init]:  80%|████████  | 1363/1700 [00:04<00:01, 298.31seq/s]
[Residual init]:  82%|████████▏ | 1393/1700 [00:04<00:01, 297.90seq/s]
[Residual init]:  84%|████████▎ | 1423/1700 [00:04<00:00, 297.60seq/s]
[Residual init]:  85%|████████▌ | 1453/1700 [00:04<00:00, 296.88seq/s]
[Residual init]:  87%|████████▋ | 1484/1700 [00:04<00:00, 298.74seq/s]
[Residual init]:  89%|████████▉ | 1514/1700 [00:05<00:00, 294.86seq/s]
[Residual init]:  91%|█████████ | 1544/1700 [00:05<00:00, 295.12seq/s]
[Residual init]:  93%|█████████▎| 1574/1700 [00:05<00:00, 294.95seq/s]
[Residual init]:  94%|█████████▍| 1605/1700 [00:05<00:00, 296.91seq/s]
[Residual init]:  96%|█████████▌| 1635/1700 [00:05<00:00, 296.57seq/s]
[Residual init]:  98%|█████████▊| 1665/1700 [00:05<00:00, 297.52seq/s]
[Residual init]: 100%|█████████▉| 1696/1700 [00:05<00:00, 298.29seq/s]
[Residual init]: 100%|██████████| 1700/1700 [00:05<00:00, 302.16seq/s]
[Residual Initialization] sequences=1700 rank=4 grad_norm=5.301e+00/9.817e+00/1.504e+01 clipped=0.000 membership=[100.0, 100.0, 100.0, 100.0, 100.0, 100.0, 100.0, 100.0, 100.0, 100.0, 100.0, 100.0, 100.0, 100.0, 100.0, 100.0, 100.0] target_mass=[0.05882352963089943, 0.05882352963089943, 0.05882352963089943, 0.05882352963089943, 0.05882352963089943, 0.05882352963089943, 0.05882352963089943, 0.05882352963089943, 0.05882352963089943, 0.05882352963089943, 0.05882352963089943, 0.05882352963089943, 0.05882352963089943, 0.05882352963089943, 0.05882352963089943, 0.05882352963089943, 0.05882352963089943]
[Initialization] mode=residual_signature semantic_blend=0.0000 semantic_delta_mean=1.8265e-02 semantic_delta_max=2.7678e-01 offset_mode=path_additive route_balance=0.1000
[Symmetry] mode=residual_signature router_gain=0.0500 router_norm_mean=7.3961e-02 leaf_delta_mean=2.3055e-02 leaf_mean_error=9.537e-07 spectral_radius=[0.751336,0.762674]

[H-align 01/05]:   0%|          | 0/107 [00:00<?, ?batch/s]
[H-align 01/05]:   7%|▋         | 8/107 [00:00<00:01, 78.10batch/s, acc=0.609, loss=0.663]
[H-align 01/05]:  16%|█▌        | 17/107 [00:00<00:01, 82.74batch/s, acc=0.628, loss=0.656]
[H-align 01/05]:  24%|██▍       | 26/107 [00:00<00:00, 84.28batch/s, acc=0.626, loss=0.653]
[H-align 01/05]:  33%|███▎      | 35/107 [00:00<00:00, 84.00batch/s, acc=0.621, loss=0.653]
[H-align 01/05]:  41%|████      | 44/107 [00:00<00:00, 84.74batch/s, acc=0.624, loss=0.651]
[H-align 01/05]:  50%|████▉     | 53/107 [00:00<00:00, 84.44batch/s, acc=0.628, loss=0.647]
[H-align 01/05]:  58%|█████▊    | 62/107 [00:00<00:00, 84.30batch/s, acc=0.629, loss=0.646]
[H-align 01/05]:  66%|██████▋   | 71/107 [00:00<00:00, 84.70batch/s, acc=0.627, loss=0.648]
[H-align 01/05]:  75%|███████▍  | 80/107 [00:00<00:00, 85.01batch/s, acc=0.628, loss=0.648]
[H-align 01/05]:  83%|████████▎ | 89/107 [00:01<00:00, 85.42batch/s, acc=0.628, loss=0.648]
[H-align 01/05]:  92%|█████████▏| 98/107 [00:01<00:00, 84.13batch/s, acc=0.63, loss=0.646] 
[H-align 01/05]: 100%|██████████| 107/107 [00:01<00:00, 84.00batch/s, acc=0.634, loss=0.641]
[H-align 01/05]: 100%|██████████| 107/107 [00:01<00:00, 84.18batch/s, acc=0.634, loss=0.641]
[H-align] epoch=1/5 loss=0.641366 acc=0.6343 p_target=0.5466 confidence=1.0000 grad_max=8.154e-01

[H-align 02/05]:   0%|          | 0/107 [00:00<?, ?batch/s]
[H-align 02/05]:   8%|▊         | 9/107 [00:00<00:01, 84.82batch/s, acc=0.733, loss=0.524]
[H-align 02/05]:  17%|█▋        | 18/107 [00:00<00:01, 84.97batch/s, acc=0.713, loss=0.535]
[H-align 02/05]:  25%|██▌       | 27/107 [00:00<00:00, 84.06batch/s, acc=0.723, loss=0.518]
[H-align 02/05]:  34%|███▎      | 36/107 [00:00<00:00, 84.21batch/s, acc=0.736, loss=0.497]
[H-align 02/05]:  42%|████▏     | 45/107 [00:00<00:00, 83.67batch/s, acc=0.747, loss=0.478]
[H-align 02/05]:  50%|█████     | 54/107 [00:00<00:00, 83.44batch/s, acc=0.757, loss=0.461]
[H-align 02/05]:  59%|█████▉    | 63/107 [00:00<00:00, 83.16batch/s, acc=0.765, loss=0.447]
[H-align 02/05]:  67%|██████▋   | 72/107 [00:00<00:00, 83.40batch/s, acc=0.774, loss=0.434]
[H-align 02/05]:  76%|███████▌  | 81/107 [00:00<00:00, 84.13batch/s, acc=0.784, loss=0.417]
[H-align 02/05]:  84%|████████▍ | 90/107 [00:01<00:00, 84.60batch/s, acc=0.794, loss=0.402]
[H-align 02/05]:  93%|█████████▎| 99/107 [00:01<00:00, 84.65batch/s, acc=0.804, loss=0.387]
[H-align 02/05]: 100%|██████████| 107/107 [00:01<00:00, 84.31batch/s, acc=0.811, loss=0.376]
[H-align] epoch=2/5 loss=0.376290 acc=0.8107 p_target=0.7379 confidence=1.0000 grad_max=3.830e+00

[H-align 03/05]:   0%|          | 0/107 [00:00<?, ?batch/s]
[H-align 03/05]:   8%|▊         | 9/107 [00:00<00:01, 81.58batch/s, acc=0.919, loss=0.2]
[H-align 03/05]:  17%|█▋        | 18/107 [00:00<00:01, 84.45batch/s, acc=0.921, loss=0.194]
[H-align 03/05]:  25%|██▌       | 27/107 [00:00<00:00, 84.33batch/s, acc=0.923, loss=0.19] 
[H-align 03/05]:  34%|███▎      | 36/107 [00:00<00:00, 84.74batch/s, acc=0.929, loss=0.179]
[H-align 03/05]:  42%|████▏     | 45/107 [00:00<00:00, 84.70batch/s, acc=0.935, loss=0.169]
[H-align 03/05]:  50%|█████     | 54/107 [00:00<00:00, 84.69batch/s, acc=0.939, loss=0.16] 
[H-align 03/05]:  59%|█████▉    | 63/107 [00:00<00:00, 84.99batch/s, acc=0.944, loss=0.149]
[H-align 03/05]:  67%|██████▋   | 72/107 [00:00<00:00, 85.14batch/s, acc=0.947, loss=0.144]
[H-align 03/05]:  76%|███████▌  | 81/107 [00:00<00:00, 84.52batch/s, acc=0.95, loss=0.138] 
[H-align 03/05]:  84%|████████▍ | 90/107 [00:01<00:00, 84.91batch/s, acc=0.952, loss=0.134]
[H-align 03/05]:  93%|█████████▎| 99/107 [00:01<00:00, 85.53batch/s, acc=0.954, loss=0.128]
[H-align 03/05]: 100%|██████████| 107/107 [00:01<00:00, 85.01batch/s, acc=0.956, loss=0.123]
[H-align] epoch=3/5 loss=0.122833 acc=0.9564 p_target=0.9195 confidence=1.0000 grad_max=3.731e+00

[H-align 04/05]:   0%|          | 0/107 [00:00<?, ?batch/s]
[H-align 04/05]:   8%|▊         | 9/107 [00:00<00:01, 83.29batch/s, acc=0.984, loss=0.0546]
[H-align 04/05]:  17%|█▋        | 18/107 [00:00<00:01, 84.21batch/s, acc=0.987, loss=0.049]
[H-align 04/05]:  25%|██▌       | 27/107 [00:00<00:00, 83.80batch/s, acc=0.989, loss=0.0441]
[H-align 04/05]:  34%|███▎      | 36/107 [00:00<00:00, 82.72batch/s, acc=0.988, loss=0.0438]
[H-align 04/05]:  42%|████▏     | 45/107 [00:00<00:00, 82.59batch/s, acc=0.989, loss=0.0419]
[H-align 04/05]:  50%|█████     | 54/107 [00:00<00:00, 83.02batch/s, acc=0.989, loss=0.0411]
[H-align 04/05]:  59%|█████▉    | 63/107 [00:00<00:00, 83.47batch/s, acc=0.989, loss=0.0417]
[H-align 04/05]:  67%|██████▋   | 72/107 [00:00<00:00, 84.23batch/s, acc=0.989, loss=0.0407]
[H-align 04/05]:  76%|███████▌  | 81/107 [00:00<00:00, 83.55batch/s, acc=0.99, loss=0.0393] 
[H-align 04/05]:  84%|████████▍ | 90/107 [00:01<00:00, 83.80batch/s, acc=0.99, loss=0.0376]
[H-align 04/05]:  93%|█████████▎| 99/107 [00:01<00:00, 83.14batch/s, acc=0.99, loss=0.0373]
[H-align 04/05]: 100%|██████████| 107/107 [00:01<00:00, 83.50batch/s, acc=0.99, loss=0.0368]
[H-align] epoch=4/5 loss=0.036831 acc=0.9899 p_target=0.9780 confidence=1.0000 grad_max=1.633e+00

[H-align 05/05]:   0%|          | 0/107 [00:00<?, ?batch/s]
[H-align 05/05]:   8%|▊         | 9/107 [00:00<00:01, 82.88batch/s, acc=0.991, loss=0.0296]
[H-align 05/05]:  17%|█▋        | 18/107 [00:00<00:01, 82.41batch/s, acc=0.992, loss=0.0253]
[H-align 05/05]:  25%|██▌       | 27/107 [00:00<00:00, 82.85batch/s, acc=0.992, loss=0.0256]
[H-align 05/05]:  34%|███▎      | 36/107 [00:00<00:00, 83.90batch/s, acc=0.993, loss=0.0242]
[H-align 05/05]:  42%|████▏     | 45/107 [00:00<00:00, 83.28batch/s, acc=0.993, loss=0.0228]
[H-align 05/05]:  50%|█████     | 54/107 [00:00<00:00, 84.34batch/s, acc=0.994, loss=0.0218]
[H-align 05/05]:  59%|█████▉    | 63/107 [00:00<00:00, 85.10batch/s, acc=0.994, loss=0.0215]
[H-align 05/05]:  67%|██████▋   | 72/107 [00:00<00:00, 84.67batch/s, acc=0.994, loss=0.0216]
[H-align 05/05]:  76%|███████▌  | 81/107 [00:00<00:00, 84.39batch/s, acc=0.994, loss=0.0214]
[H-align 05/05]:  84%|████████▍ | 90/107 [00:01<00:00, 83.49batch/s, acc=0.994, loss=0.0212]
[H-align 05/05]:  93%|█████████▎| 99/107 [00:01<00:00, 83.34batch/s, acc=0.994, loss=0.0206]
[H-align 05/05]: 100%|██████████| 107/107 [00:01<00:00, 83.70batch/s, acc=0.994, loss=0.0204]
[H-align] epoch=5/5 loss=0.020387 acc=0.9938 p_target=0.9877 confidence=1.0000 grad_max=7.742e-01
[H-align Complete] epochs=5 loss=0.692324->0.013900 accuracy=0.9955 p_target=0.9911 updated=encoder+router_compat frozen=hawkes+node_emb+semantics+memory

[Init] Cache:   0%|                                                                 | 0/1700 [00:00<?, ?seq/s]
[Init] Cache: 100%|#########################| 1700/1700 [00:01<00:00, 1112.56seq/s, built=1700, events=136000]
[Cache] sequences=1700 events=136000 built=1700 device=cuda time=1.528s

[Epoch 001] Wake: 100%|#########| 1700/1700 [01:57<00:00, 14.42seq/s, events=136000, loss=2.8606, writes=5751]
[Epoch 001] Global: 100%|#################| 1700/1700 [00:41<00:00, 41.25seq-pass/s, batch=27/27, phase=train]
[Epoch 001] Sleep: 100%|#############| 21/21 [01:02<00:00,  2.99s/step, actions=6, phase=deep, pressure=0.121]
[MemoryTree][001/050] wake/event=2.860674 sleep_residual_utility=0.009349 writes=5751 memorize=1996 queue_split=0 wake_actions=A93075/R40929/M1996/Q0 novelty=0.0434 weighted_sim=0.9133 wm_grad_max=3.387e+00 global/event=2.862017 mix_diag=2.8700 global_steps=27 prior_KL=1.040e-01 seq_H_cond=0.4878 seq_H_marg=0.5036 seq_MI=1.583e-02 post_KL_diag=7.931e-02 branch_distill=4.896e-01 probe=5.118e+00/0.570->0.585/0.008/0.428 frontier=5.95/10.91/4.95 enc_gate=0.026 enc_scale=0.001 teacher_conf=0.014 teacher_JS=6.222e-02 max_mass=0.0620 owner_hard=[0, 0, 0, 100, 0, 0, 0, 100, 0, 0, 0, 0, 0, 100, 100, 100, 100, 100, 0, 0, 0, 100, 0, 100, 100, 100, 0, 100, 100, 100, 100] mem_assign=[252, 31, 308, 7320, 249, 1863, 267, 8044, 194, 135, 156, 288, 283, 7052, 7973, 7491, 7780, 7099, 270, 172, 1271, 7305, 302, 8245, 7172, 7865, 931, 7660, 7849, 8234, 7216] topology_prune=off leaves=16 sleep_mode=deep light_absorb=2 deep_probability=0.121 topology_action=merge topology_gain=1.297e-02 topology_candidates=29 collapsed=0 topology_lambda=0.000e+00 time=W117.9/G41.2/S63.0s cache=0/1700 cuda_peak=7091MiB sleep_actions=['merge', 'promotion', 'promotion', 'promotion', 'promotion', 'promotion']
[Epoch 002] Wake: 100%|#########| 1700/1700 [01:56<00:00, 14.56seq/s, events=136000, loss=2.8888, writes=4940]
[Epoch 002] Global: 100%|#################| 1700/1700 [00:42<00:00, 40.37seq-pass/s, batch=27/27, phase=train]
[Epoch 002] Sleep: 100%|###########| 20/20 [00:00<00:00, 129.73step/s, actions=0, phase=light, pressure=0.122]
[MemoryTree][002/050] wake/event=2.888853 sleep_residual_utility=0.000000 writes=4940 memorize=33 queue_split=57 wake_actions=A94021/R41889/M33/Q57 novelty=0.0211 weighted_sim=0.9578 wm_grad_max=3.437e+00 global/event=2.879848 mix_diag=2.9411 global_steps=27 prior_KL=5.603e-02 seq_H_cond=0.6050 seq_H_marg=0.6060 seq_MI=9.909e-04 post_KL_diag=1.804e-01 branch_distill=1.185e-01 probe=5.421e+00/0.481->0.482/0.002/0.495 frontier=7.00/13.00/6.00 enc_gate=0.092 enc_scale=0.004 teacher_conf=0.066 teacher_JS=2.173e-02 max_mass=0.1075 owner_hard=[123, 351, 103, 0, 0, 140, 314, 0, 0, 0, 12, 1, 334, 0, 0, 0, 0, 0, 107, 21, 194, 0, 0, 0, 0, 0, 0, 0, 0, 0, 0] mem_assign=[17205, 17482, 13872, 1, 0, 8413, 24607, 0, 0, 953, 4159, 2022, 23504, 0, 0, 0, 0, 0, 7359, 2958, 12986, 0, 292, 0, 0, 0, 183, 0, 4, 0, 0] topology_prune=off leaves=16 sleep_mode=light light_absorb=0 deep_probability=0.122 topology_action=null topology_gain=0.000e+00 topology_candidates=0 collapsed=0 topology_lambda=0.000e+00 time=W116.8/G42.1/S0.3s cache=0/1700 cuda_peak=12003MiB sleep_actions=[]
[Epoch 003] Wake: 100%|#########| 1700/1700 [01:57<00:00, 14.50seq/s, events=136000, loss=2.8485, writes=4296]
[Epoch 003] Global: 100%|#################| 1700/1700 [00:40<00:00, 41.55seq-pass/s, batch=27/27, phase=train]
[Epoch 003] Sleep: 100%|############| 20/20 [00:00<00:00, 27.09step/s, actions=0, phase=light, pressure=0.185]
[MemoryTree][003/050] wake/event=2.848543 sleep_residual_utility=0.007980 writes=4296 memorize=1459 queue_split=92 wake_actions=A94501/R39948/M1459/Q92 novelty=0.0271 weighted_sim=0.9458 wm_grad_max=4.483e+00 global/event=2.812021 mix_diag=2.8874 global_steps=27 prior_KL=6.697e-02 seq_H_cond=0.6102 seq_H_marg=0.6149 seq_MI=4.683e-03 post_KL_diag=2.738e-01 branch_distill=1.890e-01 probe=6.327e+00/0.412->0.410/0.000/0.479 frontier=6.64/12.28/5.64 enc_gate=0.112 enc_scale=0.008 teacher_conf=0.104 teacher_JS=2.612e-02 max_mass=0.1304 owner_hard=[0, 0, 1, 27, 0, 288, 86, 0, 0, 0, 102, 28, 369, 0, 0, 0, 0, 0, 0, 56, 743, 0, 0, 0, 0, 0, 0, 0, 0, 0, 0] mem_assign=[5439, 2235, 7222, 7342, 108, 15419, 13937, 57, 0, 419, 9321, 6007, 20288, 0, 0, 4, 0, 0, 340, 6495, 41003, 2, 266, 0, 0, 5, 91, 0, 0, 0, 0] topology_prune=off leaves=16 sleep_mode=light light_absorb=1 deep_probability=0.185 topology_action=null topology_gain=0.000e+00 topology_candidates=0 collapsed=0 topology_lambda=0.000e+00 time=W117.3/G40.9/S0.8s cache=0/1700 cuda_peak=6842MiB sleep_actions=[]
[Epoch 004] Wake: 100%|#########| 1700/1700 [01:55<00:00, 14.68seq/s, events=136000, loss=2.7828, writes=1979]
[Epoch 004] Global: 100%|#################| 1700/1700 [00:40<00:00, 41.68seq-pass/s, batch=27/27, phase=train]
[Epoch 004] Sleep: 100%|############| 20/20 [00:00<00:00, 26.92step/s, actions=0, phase=light, pressure=0.218]
[MemoryTree][004/050] wake/event=2.782795 sleep_residual_utility=0.007756 writes=1979 memorize=31 queue_split=1879 wake_actions=A94798/R39292/M31/Q1879 novelty=0.0349 weighted_sim=0.9302 wm_grad_max=3.709e+00 global/event=2.770021 mix_diag=2.8369 global_steps=27 prior_KL=6.231e-02 seq_H_cond=0.5952 seq_H_marg=0.6110 seq_MI=1.584e-02 post_KL_diag=3.093e-01 branch_distill=2.181e-01 probe=6.871e+00/0.366->0.364/0.000/0.486 frontier=5.56/10.12/4.56 enc_gate=0.118 enc_scale=0.009 teacher_conf=0.119 teacher_JS=2.964e-02 max_mass=0.1071 owner_hard=[0, 0, 0, 245, 0, 20, 918, 0, 0, 0, 11, 0, 190, 0, 0, 0, 0, 0, 0, 13, 303, 0, 0, 0, 0, 0, 0, 0, 0, 0, 0] mem_assign=[2629, 1544, 2648, 17747, 207, 12084, 46087, 86, 281, 1506, 6092, 4934, 13334, 8, 0, 11, 1, 1, 1196, 3956, 20806, 13, 132, 450, 0, 0, 247, 0, 0, 0, 0] topology_prune=off leaves=16 sleep_mode=light light_absorb=1 deep_probability=0.218 topology_action=null topology_gain=0.000e+00 topology_candidates=0 collapsed=0 topology_lambda=0.000e+00 time=W115.8/G40.8/S0.8s cache=0/1700 cuda_peak=6344MiB sleep_actions=[]
[Epoch 005] Wake: 100%|#########| 1700/1700 [01:55<00:00, 14.71seq/s, events=136000, loss=2.7643, writes=1615]
[Epoch 005] Global: 100%|#################| 1700/1700 [00:41<00:00, 41.31seq-pass/s, batch=27/27, phase=train]
[Epoch 005] Sleep: 100%|############| 20/20 [00:55<00:00,  2.75s/step, actions=0, phase=light, pressure=0.236]
[MemoryTree][005/050] wake/event=2.764294 sleep_residual_utility=0.008703 writes=1615 memorize=187 queue_split=2371 wake_actions=A95046/R38396/M187/Q2371 novelty=0.0390 weighted_sim=0.9220 wm_grad_max=3.730e+00 global/event=2.760568 mix_diag=2.8896 global_steps=27 prior_KL=6.303e-02 seq_H_cond=0.5570 seq_H_marg=0.5947 seq_MI=3.773e-02 post_KL_diag=3.086e-01 branch_distill=2.095e-01 probe=6.542e+00/0.416->0.412/0.004/0.481 frontier=5.85/10.69/4.85 enc_gate=0.136 enc_scale=0.010 teacher_conf=0.129 teacher_JS=3.652e-02 max_mass=0.0946 owner_hard=[0, 0, 0, 198, 0, 63, 1055, 0, 0, 48, 16, 68, 110, 0, 0, 0, 0, 0, 0, 14, 128, 0, 0, 0, 0, 0, 0, 0, 0, 0, 0] mem_assign=[2806, 2535, 1589, 14234, 634, 6824, 45408, 523, 747, 4226, 8094, 11909, 14539, 393, 103, 106, 949, 249, 1213, 5973, 10172, 161, 1303, 613, 0, 0, 697, 0, 0, 0, 0] topology_prune=off leaves=16 sleep_mode=light light_absorb=1 deep_probability=0.236 topology_action=merge topology_gain=1.333e-03 topology_candidates=26 collapsed=0 topology_lambda=0.000e+00 time=W115.6/G41.2/S55.2s cache=0/1700 cuda_peak=6685MiB sleep_actions=[]
[Epoch 006] Wake: 100%|#########| 1700/1700 [01:53<00:00, 14.92seq/s, events=136000, loss=2.7686, writes=1960]
[Epoch 006] Global: 100%|#################| 1700/1700 [00:41<00:00, 41.23seq-pass/s, batch=27/27, phase=train]
[Epoch 006] Sleep: 100%|#############| 20/20 [00:58<00:00,  2.95s/step, actions=5, phase=deep, pressure=0.134]
[MemoryTree][006/050] wake/event=2.768660 sleep_residual_utility=0.009690 writes=1960 memorize=227 queue_split=8790 wake_actions=A95303/R31680/M227/Q8790 novelty=0.0450 weighted_sim=0.9100 wm_grad_max=3.383e+00 global/event=2.771733 mix_diag=2.9234 global_steps=27 prior_KL=6.238e-02 seq_H_cond=0.5257 seq_H_marg=0.5895 seq_MI=6.382e-02 post_KL_diag=2.979e-01 branch_distill=2.197e-01 probe=6.431e+00/0.474->0.466/0.051/0.494 frontier=6.52/12.03/5.52 enc_gate=0.128 enc_scale=0.011 teacher_conf=0.133 teacher_JS=4.264e-02 max_mass=0.0891 owner_hard=[0, 0, 0, 73, 0, 0, 1194, 0, 0, 1, 87, 41, 76, 0, 0, 0, 0, 11, 0, 178, 39, 0, 0, 0, 0, 0, 0, 0, 0, 0, 0] mem_assign=[2342, 4430, 2242, 9994, 2338, 1475, 38805, 1402, 1320, 2268, 9539, 13434, 16857, 727, 63, 0, 164, 2811, 1158, 12854, 7823, 207, 1460, 714, 62, 3, 1493, 0, 15, 0, 0] topology_prune=off leaves=16 sleep_mode=deep light_absorb=0 deep_probability=0.134 topology_action=null topology_gain=0.000e+00 topology_candidates=26 collapsed=0 topology_lambda=0.000e+00 time=W114.0/G41.2/S59.0s cache=0/1700 cuda_peak=7049MiB sleep_actions=['promotion', 'promotion', 'promotion', 'promotion', 'promotion']
[Epoch 007] Wake: 100%|#########| 1700/1700 [01:55<00:00, 14.66seq/s, events=136000, loss=2.7636, writes=2786]
[Epoch 007] Global: 100%|#################| 1700/1700 [00:41<00:00, 41.20seq-pass/s, batch=27/27, phase=train]
[Epoch 007] Sleep: 100%|############| 20/20 [00:00<00:00, 25.49step/s, actions=0, phase=light, pressure=0.135]
[MemoryTree][007/050] wake/event=2.763597 sleep_residual_utility=0.011213 writes=2786 memorize=238 queue_split=29378 wake_actions=A95642/R10742/M238/Q29378 novelty=0.0469 weighted_sim=0.9062 wm_grad_max=3.928e+00 global/event=2.760518 mix_diag=2.9823 global_steps=27 prior_KL=5.346e-02 seq_H_cond=0.5155 seq_H_marg=0.5778 seq_MI=6.229e-02 post_KL_diag=2.962e-01 branch_distill=2.125e-01 probe=6.131e+00/0.518->0.516/0.109/0.457 frontier=6.85/12.70/5.85 enc_gate=0.157 enc_scale=0.011 teacher_conf=0.145 teacher_JS=4.989e-02 max_mass=0.0850 owner_hard=[0, 0, 0, 3, 0, 0, 1329, 0, 0, 34, 0, 193, 9, 0, 0, 0, 0, 132, 0, 0, 0, 0, 0, 0, 0, 0, 0, 0, 0, 0, 0] mem_assign=[1237, 5520, 2666, 6934, 2551, 1309, 55004, 2359, 1969, 3624, 3418, 18900, 9994, 508, 117, 31, 72, 6378, 1501, 1408, 1740, 0, 64, 2246, 5407, 0, 1043, 0, 0, 0, 0] topology_prune=off leaves=16 sleep_mode=light light_absorb=0 deep_probability=0.135 topology_action=null topology_gain=0.000e+00 topology_candidates=0 collapsed=0 topology_lambda=0.000e+00 time=W115.9/G41.3/S0.9s cache=0/1700 cuda_peak=7037MiB sleep_actions=[]
[Epoch 008] Wake: 100%|#########| 1700/1700 [01:55<00:00, 14.72seq/s, events=136000, loss=2.7539, writes=2039]
[Epoch 008] Global: 100%|#################| 1700/1700 [00:41<00:00, 41.08seq-pass/s, batch=27/27, phase=train]
[Epoch 008] Sleep: 100%|############| 20/20 [00:00<00:00, 25.41step/s, actions=0, phase=light, pressure=0.205]
[MemoryTree][008/050] wake/event=2.753931 sleep_residual_utility=0.010727 writes=2039 memorize=123 queue_split=38627 wake_actions=A95903/R1347/M123/Q38627 novelty=0.0389 weighted_sim=0.9221 wm_grad_max=3.971e+00 global/event=2.753012 mix_diag=2.9631 global_steps=27 prior_KL=6.787e-02 seq_H_cond=0.4895 seq_H_marg=0.5639 seq_MI=7.437e-02 post_KL_diag=3.040e-01 branch_distill=2.173e-01 probe=6.181e+00/0.546->0.544/0.124/0.452 frontier=6.93/12.86/5.93 enc_gate=0.145 enc_scale=0.012 teacher_conf=0.154 teacher_JS=5.416e-02 max_mass=0.0559 owner_hard=[0, 49, 0, 0, 0, 0, 641, 21, 0, 1, 4, 828, 122, 0, 0, 0, 0, 28, 0, 5, 1, 0, 0, 0, 0, 0, 0, 0, 0, 0, 0] mem_assign=[2947, 8039, 1843, 747, 2257, 995, 28612, 7727, 636, 1563, 5426, 29347, 21093, 2169, 680, 1, 12, 3427, 1937, 7491, 3332, 9, 68, 2652, 651, 0, 2185, 0, 1, 153, 0] topology_prune=off leaves=16 sleep_mode=light light_absorb=1 deep_probability=0.205 topology_action=null topology_gain=0.000e+00 topology_candidates=0 collapsed=0 topology_lambda=0.000e+00 time=W115.5/G41.4/S0.9s cache=0/1700 cuda_peak=7072MiB sleep_actions=[]
[Epoch 009] Wake: 100%|#########| 1700/1700 [01:55<00:00, 14.75seq/s, events=136000, loss=2.7575, writes=1683]
[Epoch 009] Global: 100%|#################| 1700/1700 [00:41<00:00, 40.66seq-pass/s, batch=27/27, phase=train]
[Epoch 009] Sleep: 100%|############| 20/20 [00:00<00:00, 24.98step/s, actions=0, phase=light, pressure=0.241]
[MemoryTree][009/050] wake/event=2.757527 sleep_residual_utility=0.011268 writes=1683 memorize=63 queue_split=37598 wake_actions=A95993/R2346/M63/Q37598 novelty=0.0266 weighted_sim=0.9469 wm_grad_max=3.506e+00 global/event=2.752853 mix_diag=2.9401 global_steps=27 prior_KL=7.441e-02 seq_H_cond=0.4909 seq_H_marg=0.5718 seq_MI=8.087e-02 post_KL_diag=2.923e-01 branch_distill=2.170e-01 probe=6.067e+00/0.557->0.557/0.132/0.447 frontier=6.96/12.92/5.96 enc_gate=0.143 enc_scale=0.012 teacher_conf=0.149 teacher_JS=5.641e-02 max_mass=0.0577 owner_hard=[0, 183, 0, 0, 0, 3, 102, 70, 0, 4, 42, 36, 909, 0, 0, 0, 0, 5, 0, 27, 224, 0, 94, 1, 0, 0, 0, 0, 0, 0, 0] mem_assign=[2757, 11485, 1910, 2021, 749, 3742, 14294, 7587, 193, 1557, 6379, 11774, 27016, 1573, 299, 27, 0, 2502, 1943, 6829, 11655, 294, 13132, 2594, 761, 0, 1693, 587, 159, 488, 0] topology_prune=off leaves=16 sleep_mode=light light_absorb=1 deep_probability=0.241 topology_action=null topology_gain=0.000e+00 topology_candidates=0 collapsed=0 topology_lambda=0.000e+00 time=W115.3/G41.8/S0.9s cache=0/1700 cuda_peak=7080MiB sleep_actions=[]
[Epoch 010] Wake: 100%|#########| 1700/1700 [01:55<00:00, 14.74seq/s, events=136000, loss=2.7524, writes=1723]
[Epoch 010] Global: 100%|#################| 1700/1700 [00:41<00:00, 41.11seq-pass/s, batch=27/27, phase=train]
[Epoch 010] Sleep: 100%|############| 20/20 [00:55<00:00,  2.75s/step, actions=0, phase=light, pressure=0.259]
[MemoryTree][010/050] wake/event=2.752449 sleep_residual_utility=0.009771 writes=1723 memorize=6 queue_split=38129 wake_actions=A95971/R1894/M6/Q38129 novelty=0.0252 weighted_sim=0.9495 wm_grad_max=4.228e+00 global/event=2.745913 mix_diag=2.9470 global_steps=27 prior_KL=9.491e-02 seq_H_cond=0.4889 seq_H_marg=0.5688 seq_MI=7.997e-02 post_KL_diag=3.101e-01 branch_distill=2.076e-01 probe=6.212e+00/0.552->0.551/0.138/0.457 frontier=6.96/12.92/5.96 enc_gate=0.140 enc_scale=0.012 teacher_conf=0.148 teacher_JS=5.371e-02 max_mass=0.0683 owner_hard=[0, 2, 0, 117, 0, 12, 135, 0, 0, 0, 8, 1, 1366, 0, 0, 0, 0, 15, 7, 21, 13, 0, 1, 2, 0, 0, 0, 0, 0, 0, 0] mem_assign=[1764, 5104, 1613, 11228, 693, 4883, 17041, 3974, 310, 1841, 5101, 7183, 39084, 1208, 178, 268, 0, 3233, 3736, 8320, 7721, 146, 4431, 3424, 165, 7, 2170, 250, 94, 830, 0] topology_prune=off leaves=16 sleep_mode=light light_absorb=1 deep_probability=0.259 topology_action=null topology_gain=0.000e+00 topology_candidates=26 collapsed=0 topology_lambda=0.000e+00 time=W115.4/G41.4/S55.1s cache=0/1700 cuda_peak=7099MiB sleep_actions=[]
[Epoch 011] Wake: 100%|#########| 1700/1700 [01:55<00:00, 14.78seq/s, events=136000, loss=2.7372, writes=1227]
[Epoch 011] Global: 100%|#################| 1700/1700 [00:41<00:00, 41.25seq-pass/s, batch=27/27, phase=train]
[Epoch 011] Sleep: 100%|############| 20/20 [00:00<00:00, 25.43step/s, actions=0, phase=light, pressure=0.138]
[MemoryTree][011/050] wake/event=2.737190 sleep_residual_utility=0.010857 writes=1227 memorize=98 queue_split=37938 wake_actions=A95905/R2059/M98/Q37938 novelty=0.0394 weighted_sim=0.9212 wm_grad_max=3.435e+00 global/event=2.742196 mix_diag=2.9808 global_steps=27 prior_KL=8.389e-02 seq_H_cond=0.4816 seq_H_marg=0.5674 seq_MI=8.577e-02 post_KL_diag=3.065e-01 branch_distill=2.158e-01 probe=6.136e+00/0.569->0.567/0.221/0.461 frontier=7.00/12.99/6.00 enc_gate=0.176 enc_scale=0.013 teacher_conf=0.163 teacher_JS=5.790e-02 max_mass=0.0516 owner_hard=[0, 96, 0, 12, 0, 1, 2, 0, 0, 47, 0, 0, 1389, 0, 0, 0, 0, 26, 0, 1, 1, 0, 23, 102, 0, 0, 0, 0, 0, 0, 0] mem_assign=[2201, 12297, 2980, 4318, 1144, 3801, 7135, 2826, 303, 4664, 5383, 4451, 42482, 925, 187, 45, 78, 4753, 3471, 5123, 4225, 640, 10403, 7188, 1649, 0, 2851, 411, 46, 18, 2] topology_prune=off leaves=16 sleep_mode=light light_absorb=0 deep_probability=0.138 topology_action=null topology_gain=0.000e+00 topology_candidates=0 collapsed=0 topology_lambda=0.000e+00 time=W115.0/G41.2/S0.9s cache=0/1700 cuda_peak=7099MiB sleep_actions=[]
[Epoch 012] Wake: 100%|#########| 1700/1700 [01:54<00:00, 14.85seq/s, events=136000, loss=2.7501, writes=1461]
[Epoch 012] Global: 100%|#################| 1700/1700 [00:41<00:00, 41.26seq-pass/s, batch=27/27, phase=train]
[Epoch 012] Sleep: 100%|#############| 20/20 [00:59<00:00,  2.97s/step, actions=4, phase=deep, pressure=0.210]
[MemoryTree][012/050] wake/event=2.750141 sleep_residual_utility=0.010766 writes=1461 memorize=114 queue_split=37758 wake_actions=A96079/R2049/M114/Q37758 novelty=0.0236 weighted_sim=0.9527 wm_grad_max=3.985e+00 global/event=2.759984 mix_diag=2.9498 global_steps=27 prior_KL=1.063e-01 seq_H_cond=0.4750 seq_H_marg=0.5654 seq_MI=9.040e-02 post_KL_diag=3.136e-01 branch_distill=2.086e-01 probe=7.349e+00/0.549->0.542/0.275/0.523 frontier=7.00/13.00/6.00 enc_gate=0.177 enc_scale=0.015 teacher_conf=0.182 teacher_JS=5.752e-02 max_mass=0.0789 owner_hard=[0, 1, 0, 2, 0, 0, 0, 0, 0, 1, 0, 0, 1674, 0, 0, 0, 0, 0, 11, 10, 0, 0, 0, 0, 0, 0, 1, 0, 0, 0, 0] mem_assign=[1460, 10731, 1488, 6086, 587, 1804, 7556, 2802, 269, 3422, 6295, 3876, 54107, 661, 122, 157, 20, 3251, 5847, 10938, 2970, 690, 2336, 2299, 380, 1318, 4318, 5, 5, 195, 5] topology_prune=off leaves=16 sleep_mode=deep light_absorb=2 deep_probability=0.210 topology_action=null topology_gain=0.000e+00 topology_candidates=26 collapsed=0 topology_lambda=0.000e+00 time=W114.5/G41.2/S59.4s cache=0/1700 cuda_peak=7100MiB sleep_actions=['promotion', 'promotion', 'promotion', 'promotion']
[Epoch 013] Wake: 100%|#########| 1700/1700 [01:54<00:00, 14.80seq/s, events=136000, loss=2.7680, writes=1465]
[Epoch 013] Global: 100%|#################| 1700/1700 [00:41<00:00, 40.92seq-pass/s, batch=27/27, phase=train]
[Epoch 013] Sleep: 100%|#############| 20/20 [01:04<00:00,  3.22s/step, actions=4, phase=deep, pressure=0.139]
[MemoryTree][013/050] wake/event=2.768001 sleep_residual_utility=0.012324 writes=1465 memorize=331 queue_split=38803 wake_actions=A96199/R667/M331/Q38803 novelty=0.0214 weighted_sim=0.9573 wm_grad_max=3.704e+00 global/event=2.769793 mix_diag=2.9328 global_steps=27 prior_KL=7.765e-02 seq_H_cond=0.4756 seq_H_marg=0.5642 seq_MI=8.862e-02 post_KL_diag=3.328e-01 branch_distill=2.201e-01 probe=9.234e+00/0.516->0.510/0.360/0.548 frontier=7.00/13.00/6.00 enc_gate=0.189 enc_scale=0.014 teacher_conf=0.181 teacher_JS=6.159e-02 max_mass=0.0657 owner_hard=[0, 0, 0, 0, 0, 0, 0, 0, 0, 0, 0, 0, 1696, 0, 0, 0, 0, 0, 3, 1, 0, 0, 0, 0, 0, 0, 0, 0, 0, 0, 0] mem_assign=[1092, 6345, 2291, 2660, 81, 2598, 3341, 1532, 51, 4416, 5835, 2682, 62455, 61, 299, 628, 434, 3621, 7001, 8505, 2939, 1935, 6435, 6049, 163, 315, 1845, 380, 11, 0, 0] topology_prune=on leaves=16 sleep_mode=deep light_absorb=2 deep_probability=0.139 topology_action=null topology_gain=0.000e+00 topology_candidates=26 collapsed=0 topology_lambda=0.000e+00 time=W114.9/G41.5/S64.4s cache=0/1700 cuda_peak=7098MiB sleep_actions=['promotion', 'promotion', 'promotion', 'promotion']
[Epoch 014] Wake: 100%|#########| 1700/1700 [01:54<00:00, 14.82seq/s, events=136000, loss=2.7959, writes=1314]
[Epoch 014] Global: 100%|#################| 1700/1700 [00:41<00:00, 41.01seq-pass/s, batch=27/27, phase=train]
[Epoch 014] Sleep: 100%|############| 20/20 [00:00<00:00, 25.26step/s, actions=0, phase=light, pressure=0.139]
[MemoryTree][014/050] wake/event=2.795933 sleep_residual_utility=0.009782 writes=1314 memorize=16 queue_split=39566 wake_actions=A96162/R256/M16/Q39566 novelty=0.0319 weighted_sim=0.9363 wm_grad_max=5.535e+00 global/event=2.780909 mix_diag=2.9344 global_steps=27 prior_KL=6.088e-02 seq_H_cond=0.4762 seq_H_marg=0.5512 seq_MI=7.497e-02 post_KL_diag=3.372e-01 branch_distill=2.444e-01 probe=6.363e+00/0.515->0.515/0.229/0.495 frontier=7.00/13.00/6.00 enc_gate=0.186 enc_scale=0.015 teacher_conf=0.189 teacher_JS=5.976e-02 max_mass=0.0724 owner_hard=[0, 19, 0, 0, 0, 7, 5, 11, 0, 4, 2, 1, 1608, 0, 0, 0, 0, 0, 16, 16, 9, 0, 2, 0, 0, 0, 0, 0, 0, 0, 0] mem_assign=[1812, 9423, 1339, 2941, 2095, 7344, 7440, 4990, 292, 4690, 7317, 2703, 44389, 1381, 308, 253, 4, 1625, 7157, 9424, 8096, 1550, 5018, 2380, 19, 250, 1654, 27, 5, 74, 0] topology_prune=on leaves=16 sleep_mode=light light_absorb=4 deep_probability=0.139 topology_action=null topology_gain=0.000e+00 topology_candidates=0 collapsed=0 topology_lambda=0.000e+00 time=W114.7/G41.5/S0.9s cache=0/1700 cuda_peak=7098MiB sleep_actions=[]
[Epoch 015] Wake: 100%|#########| 1700/1700 [01:55<00:00, 14.76seq/s, events=136000, loss=2.7503, writes=1540]
[Epoch 015] Global: 100%|#################| 1700/1700 [00:41<00:00, 40.82seq-pass/s, batch=27/27, phase=train]
[Epoch 015] Sleep: 100%|############| 20/20 [00:55<00:00,  2.76s/step, actions=0, phase=light, pressure=0.211]
[MemoryTree][015/050] wake/event=2.750305 sleep_residual_utility=0.010431 writes=1540 memorize=25 queue_split=39595 wake_actions=A95980/R400/M25/Q39595 novelty=0.0256 weighted_sim=0.9488 wm_grad_max=3.705e+00 global/event=2.752390 mix_diag=2.8720 global_steps=27 prior_KL=5.453e-02 seq_H_cond=0.4622 seq_H_marg=0.5648 seq_MI=1.027e-01 post_KL_diag=3.408e-01 branch_distill=2.378e-01 probe=6.320e+00/0.508->0.511/0.165/0.484 frontier=7.00/13.00/6.00 enc_gate=0.195 enc_scale=0.015 teacher_conf=0.188 teacher_JS=6.111e-02 max_mass=0.0749 owner_hard=[0, 1, 0, 0, 0, 1, 1, 5, 0, 3, 2, 0, 1568, 0, 0, 0, 0, 0, 107, 12, 0, 0, 0, 0, 0, 0, 0, 0, 0, 0, 0] mem_assign=[2935, 7468, 1389, 1096, 3697, 4713, 8208, 5106, 1648, 6952, 6360, 3430, 51171, 3040, 140, 139, 77, 2166, 9879, 11281, 2477, 43, 1176, 126, 10, 550, 655, 10, 56, 1, 1] topology_prune=on leaves=16 sleep_mode=light light_absorb=2 deep_probability=0.211 topology_action=null topology_gain=0.000e+00 topology_candidates=26 collapsed=0 topology_lambda=0.000e+00 time=W115.2/G41.6/S55.3s cache=0/1700 cuda_peak=7098MiB sleep_actions=[]
[Epoch 016] Wake: 100%|#########| 1700/1700 [01:55<00:00, 14.69seq/s, events=136000, loss=2.7379, writes=1792]
[Epoch 016] Global: 100%|#################| 1700/1700 [00:41<00:00, 40.57seq-pass/s, batch=27/27, phase=train]
[Epoch 016] Sleep: 100%|#############| 20/20 [00:59<00:00,  2.98s/step, actions=2, phase=deep, pressure=0.140]
[MemoryTree][016/050] wake/event=2.737962 sleep_residual_utility=0.011355 writes=1792 memorize=20 queue_split=39417 wake_actions=A95837/R726/M20/Q39417 novelty=0.0207 weighted_sim=0.9585 wm_grad_max=3.346e+00 global/event=2.744272 mix_diag=2.8678 global_steps=27 prior_KL=6.163e-02 seq_H_cond=0.4485 seq_H_marg=0.5765 seq_MI=1.281e-01 post_KL_diag=3.373e-01 branch_distill=2.426e-01 probe=6.315e+00/0.530->0.527/0.187/0.457 frontier=6.97/12.95/5.97 enc_gate=0.190 enc_scale=0.015 teacher_conf=0.190 teacher_JS=6.507e-02 max_mass=0.0637 owner_hard=[0, 0, 0, 0, 0, 0, 0, 0, 0, 2, 1, 0, 1682, 0, 0, 0, 0, 1, 13, 1, 0, 0, 0, 0, 0, 0, 0, 0, 0, 0, 0] mem_assign=[1564, 8408, 1013, 734, 3028, 4179, 3032, 3939, 2031, 7621, 6724, 1390, 58198, 2051, 450, 214, 202, 5176, 8979, 8743, 2380, 341, 2922, 958, 22, 1117, 561, 9, 8, 4, 2] topology_prune=on leaves=16 sleep_mode=deep light_absorb=2 deep_probability=0.140 topology_action=null topology_gain=0.000e+00 topology_candidates=26 collapsed=0 topology_lambda=0.000e+00 time=W115.7/G41.9/S59.8s cache=0/1700 cuda_peak=7082MiB sleep_actions=['promotion', 'promotion']
[Epoch 017] Wake: 100%|#########| 1700/1700 [01:55<00:00, 14.69seq/s, events=136000, loss=2.7463, writes=2414]
[Epoch 017] Global: 100%|#################| 1700/1700 [00:41<00:00, 40.52seq-pass/s, batch=27/27, phase=train]
[Epoch 017] Sleep: 100%|############| 20/20 [00:00<00:00, 25.19step/s, actions=0, phase=light, pressure=0.140]
[MemoryTree][017/050] wake/event=2.746344 sleep_residual_utility=0.012391 writes=2414 memorize=43 queue_split=38954 wake_actions=A95715/R1288/M43/Q38954 novelty=0.0292 weighted_sim=0.9416 wm_grad_max=3.324e+00 global/event=2.741819 mix_diag=2.8351 global_steps=27 prior_KL=8.344e-02 seq_H_cond=0.4560 seq_H_marg=0.5931 seq_MI=1.371e-01 post_KL_diag=3.512e-01 branch_distill=2.638e-01 probe=6.653e+00/0.506->0.509/0.193/0.480 frontier=6.97/12.94/5.97 enc_gate=0.224 enc_scale=0.016 teacher_conf=0.207 teacher_JS=6.655e-02 max_mass=0.0836 owner_hard=[0, 5, 0, 0, 0, 2, 1, 1, 0, 3, 0, 0, 1668, 0, 0, 0, 0, 1, 9, 3, 0, 0, 7, 0, 0, 0, 0, 0, 0, 0, 0] mem_assign=[1505, 9726, 1082, 4442, 1889, 5379, 4436, 3880, 711, 6194, 5363, 1199, 51470, 1566, 327, 342, 400, 4342, 6102, 11154, 1425, 1198, 6666, 65, 1, 3926, 977, 69, 103, 54, 7] topology_prune=on leaves=16 sleep_mode=light light_absorb=2 deep_probability=0.140 topology_action=null topology_gain=0.000e+00 topology_candidates=0 collapsed=0 topology_lambda=0.000e+00 time=W115.7/G42.0/S0.9s cache=0/1700 cuda_peak=7082MiB sleep_actions=[]
[Epoch 018] Wake: 100%|#########| 1700/1700 [01:56<00:00, 14.65seq/s, events=136000, loss=2.7434, writes=2551]
[Epoch 018] Global: 100%|#################| 1700/1700 [00:41<00:00, 40.82seq-pass/s, batch=27/27, phase=train]
[Epoch 018] Sleep: 100%|############| 20/20 [00:00<00:00, 25.21step/s, actions=0, phase=light, pressure=0.213]
[MemoryTree][018/050] wake/event=2.743372 sleep_residual_utility=0.011688 writes=2551 memorize=47 queue_split=39761 wake_actions=A95820/R372/M47/Q39761 novelty=0.0260 weighted_sim=0.9481 wm_grad_max=4.318e+00 global/event=2.747564 mix_diag=2.8697 global_steps=27 prior_KL=9.161e-02 seq_H_cond=0.4627 seq_H_marg=0.5914 seq_MI=1.286e-01 post_KL_diag=3.644e-01 branch_distill=2.618e-01 probe=6.296e+00/0.555->0.556/0.316/0.478 frontier=6.97/12.94/5.97 enc_gate=0.226 enc_scale=0.019 teacher_conf=0.233 teacher_JS=6.696e-02 max_mass=0.0848 owner_hard=[0, 0, 0, 17, 0, 8, 0, 0, 0, 3, 1, 0, 1631, 0, 0, 0, 0, 0, 1, 8, 0, 0, 31, 0, 0, 0, 0, 0, 0, 0, 0] mem_assign=[1580, 999, 1043, 13062, 207, 6560, 5568, 3512, 245, 6242, 7319, 1435, 49087, 452, 544, 2309, 1560, 3221, 4656, 11470, 2751, 1023, 7885, 56, 12, 2314, 644, 12, 184, 0, 48] topology_prune=on leaves=16 sleep_mode=light light_absorb=1 deep_probability=0.213 topology_action=null topology_gain=0.000e+00 topology_candidates=0 collapsed=0 topology_lambda=0.000e+00 time=W116.1/G41.7/S0.9s cache=0/1700 cuda_peak=7081MiB sleep_actions=[]
[Epoch 019] Wake: 100%|#########| 1700/1700 [01:57<00:00, 14.50seq/s, events=136000, loss=2.7591, writes=2791]
[Epoch 019] Global: 100%|#################| 1700/1700 [00:41<00:00, 40.52seq-pass/s, batch=27/27, phase=train]
[Epoch 019] Sleep: 100%|############| 20/20 [00:00<00:00, 25.01step/s, actions=0, phase=light, pressure=0.250]
[MemoryTree][019/050] wake/event=2.759135 sleep_residual_utility=0.012351 writes=2791 memorize=106 queue_split=39456 wake_actions=A96188/R250/M106/Q39456 novelty=0.0360 weighted_sim=0.9281 wm_grad_max=3.968e+00 global/event=2.767164 mix_diag=2.8216 global_steps=27 prior_KL=9.622e-02 seq_H_cond=0.4643 seq_H_marg=0.5768 seq_MI=1.125e-01 post_KL_diag=3.463e-01 branch_distill=2.654e-01 probe=6.102e+00/0.563->0.573/0.414/0.482 frontier=6.97/12.95/5.97 enc_gate=0.218 enc_scale=0.018 teacher_conf=0.224 teacher_JS=7.034e-02 max_mass=0.0709 owner_hard=[0, 0, 0, 25, 0, 38, 0, 0, 0, 31, 6, 0, 1450, 1, 0, 0, 1, 1, 3, 12, 0, 0, 132, 0, 0, 0, 0, 0, 0, 0, 0] mem_assign=[1817, 3146, 1334, 7587, 782, 9179, 3117, 3622, 924, 7168, 7123, 663, 40670, 2571, 4, 3426, 4237, 4292, 5180, 9396, 1883, 1633, 12578, 3, 43, 1223, 2136, 32, 102, 7, 122] topology_prune=on leaves=16 sleep_mode=light light_absorb=1 deep_probability=0.250 topology_action=null topology_gain=0.000e+00 topology_candidates=0 collapsed=0 topology_lambda=0.000e+00 time=W117.2/G42.0/S0.9s cache=0/1700 cuda_peak=7084MiB sleep_actions=[]
[Epoch 020] Wake: 100%|#########| 1700/1700 [01:55<00:00, 14.68seq/s, events=136000, loss=2.7613, writes=1956]
[Epoch 020] Global: 100%|#################| 1700/1700 [00:41<00:00, 40.85seq-pass/s, batch=27/27, phase=train]
[Epoch 020] Sleep: 100%|############| 20/20 [00:53<00:00,  2.69s/step, actions=0, phase=light, pressure=0.269]
[MemoryTree][020/050] wake/event=2.761304 sleep_residual_utility=0.012265 writes=1956 memorize=13 queue_split=39670 wake_actions=A96288/R29/M13/Q39670 novelty=0.0258 weighted_sim=0.9485 wm_grad_max=4.386e+00 global/event=2.757836 mix_diag=2.8406 global_steps=27 prior_KL=7.424e-02 seq_H_cond=0.4702 seq_H_marg=0.5822 seq_MI=1.121e-01 post_KL_diag=3.475e-01 branch_distill=2.622e-01 probe=6.162e+00/0.569->0.569/0.305/0.464 frontier=6.97/12.95/5.97 enc_gate=0.238 enc_scale=0.017 teacher_conf=0.220 teacher_JS=6.958e-02 max_mass=0.0624 owner_hard=[0, 0, 0, 4, 0, 25, 26, 1, 0, 34, 40, 0, 1541, 0, 0, 0, 0, 0, 23, 5, 0, 0, 1, 0, 0, 0, 0, 0, 0, 0, 0] mem_assign=[2216, 1256, 1460, 6024, 427, 9761, 10519, 4734, 636, 8622, 9113, 4017, 40914, 2193, 124, 3161, 1217, 967, 5366, 8529, 5457, 1004, 4176, 0, 3, 219, 3740, 106, 2, 16, 21] topology_prune=on leaves=16 sleep_mode=light light_absorb=1 deep_probability=0.269 topology_action=null topology_gain=0.000e+00 topology_candidates=26 collapsed=0 topology_lambda=0.000e+00 time=W115.8/G41.6/S53.9s cache=0/1700 cuda_peak=7084MiB sleep_actions=[]
[Epoch 021] Wake: 100%|#########| 1700/1700 [01:56<00:00, 14.56seq/s, events=136000, loss=2.7477, writes=2586]
[Epoch 021] Global: 100%|#################| 1700/1700 [00:41<00:00, 40.76seq-pass/s, batch=27/27, phase=train]
[Epoch 021] Sleep: 100%|############| 20/20 [00:00<00:00, 24.97step/s, actions=0, phase=light, pressure=0.140]
[MemoryTree][021/050] wake/event=2.747713 sleep_residual_utility=0.012353 writes=2586 memorize=13 queue_split=39513 wake_actions=A96348/R126/M13/Q39513 novelty=0.0271 weighted_sim=0.9459 wm_grad_max=3.488e+00 global/event=2.751053 mix_diag=2.8278 global_steps=27 prior_KL=8.081e-02 seq_H_cond=0.4721 seq_H_marg=0.5815 seq_MI=1.093e-01 post_KL_diag=3.512e-01 branch_distill=2.711e-01 probe=6.626e+00/0.551->0.554/0.310/0.493 frontier=6.96/12.92/5.96 enc_gate=0.258 enc_scale=0.020 teacher_conf=0.253 teacher_JS=6.687e-02 max_mass=0.0989 owner_hard=[0, 0, 0, 19, 0, 1, 1, 1, 0, 0, 1, 0, 1672, 0, 0, 0, 0, 0, 0, 4, 0, 0, 1, 0, 0, 0, 0, 0, 0, 0, 0] mem_assign=[1776, 2349, 1061, 11845, 854, 6258, 2628, 6276, 585, 4382, 9280, 1608, 50646, 199, 160, 1159, 1510, 587, 1711, 12186, 2172, 1833, 8643, 0, 5, 1092, 4587, 153, 14, 43, 398] topology_prune=on leaves=16 sleep_mode=light light_absorb=2 deep_probability=0.140 topology_action=null topology_gain=0.000e+00 topology_candidates=0 collapsed=0 topology_lambda=0.000e+00 time=W116.8/G41.7/S0.9s cache=0/1700 cuda_peak=7075MiB sleep_actions=[]
[Epoch 022] Wake: 100%|#########| 1700/1700 [01:55<00:00, 14.67seq/s, events=136000, loss=2.7358, writes=2008]
[Epoch 022] Global: 100%|#################| 1700/1700 [00:41<00:00, 41.02seq-pass/s, batch=27/27, phase=train]
[Epoch 022] Sleep: 100%|############| 20/20 [00:00<00:00, 25.30step/s, actions=0, phase=light, pressure=0.213]
[MemoryTree][022/050] wake/event=2.735775 sleep_residual_utility=0.012491 writes=2008 memorize=23 queue_split=39498 wake_actions=A96394/R85/M23/Q39498 novelty=0.0210 weighted_sim=0.9580 wm_grad_max=3.474e+00 global/event=2.747923 mix_diag=2.8752 global_steps=27 prior_KL=7.907e-02 seq_H_cond=0.4481 seq_H_marg=0.5699 seq_MI=1.218e-01 post_KL_diag=3.631e-01 branch_distill=2.848e-01 probe=6.874e+00/0.589->0.597/0.631/0.555 frontier=6.96/12.93/5.96 enc_gate=0.282 enc_scale=0.022 teacher_conf=0.282 teacher_JS=7.351e-02 max_mass=0.0914 owner_hard=[0, 0, 0, 2, 0, 0, 53, 0, 0, 0, 26, 0, 1615, 0, 0, 0, 0, 0, 0, 4, 0, 0, 0, 0, 0, 0, 0, 0, 0, 0, 0] mem_assign=[1691, 2379, 893, 8633, 1157, 388, 13004, 6701, 390, 4612, 13607, 2624, 51950, 779, 211, 421, 272, 709, 2857, 12028, 3778, 122, 721, 0, 18, 213, 5831, 2, 0, 5, 4] topology_prune=on leaves=16 sleep_mode=light light_absorb=2 deep_probability=0.213 topology_action=null topology_gain=0.000e+00 topology_candidates=0 collapsed=0 topology_lambda=0.000e+00 time=W115.9/G41.5/S0.9s cache=0/1700 cuda_peak=7101MiB sleep_actions=[]
[Epoch 023] Wake: 100%|#########| 1700/1700 [01:55<00:00, 14.68seq/s, events=136000, loss=2.7496, writes=1875]
[Epoch 023] Global: 100%|#################| 1700/1700 [00:41<00:00, 40.81seq-pass/s, batch=27/27, phase=train]
[Epoch 023] Sleep: 100%|#############| 20/20 [00:59<00:00,  2.98s/step, actions=5, phase=deep, pressure=0.251]
[MemoryTree][023/050] wake/event=2.749565 sleep_residual_utility=0.012126 writes=1875 memorize=30 queue_split=39253 wake_actions=A96581/R136/M30/Q39253 novelty=0.0191 weighted_sim=0.9618 wm_grad_max=3.974e+00 global/event=2.753533 mix_diag=2.8969 global_steps=27 prior_KL=9.629e-02 seq_H_cond=0.4332 seq_H_marg=0.5706 seq_MI=1.375e-01 post_KL_diag=3.644e-01 branch_distill=3.016e-01 probe=6.819e+00/0.622->0.624/0.941/0.553 frontier=6.97/12.95/5.97 enc_gate=0.299 enc_scale=0.023 teacher_conf=0.292 teacher_JS=7.674e-02 max_mass=0.0880 owner_hard=[0, 0, 0, 0, 0, 0, 2, 0, 0, 0, 56, 0, 1642, 0, 0, 0, 0, 0, 0, 0, 0, 0, 0, 0, 0, 0, 0, 0, 0, 0, 0] mem_assign=[1164, 1373, 509, 10217, 1014, 202, 7145, 6382, 870, 3920, 17131, 4769, 59249, 138, 598, 95, 45, 42, 391, 11500, 2981, 65, 739, 0, 0, 402, 5044, 0, 8, 0, 7] topology_prune=on leaves=16 sleep_mode=deep light_absorb=1 deep_probability=0.251 topology_action=null topology_gain=0.000e+00 topology_candidates=26 collapsed=0 topology_lambda=0.000e+00 time=W115.8/G41.7/S59.7s cache=0/1700 cuda_peak=7101MiB sleep_actions=['promotion', 'promotion', 'promotion', 'promotion', 'promotion']
[Epoch 024] Wake: 100%|#########| 1700/1700 [01:55<00:00, 14.67seq/s, events=136000, loss=2.7463, writes=2132]
[Epoch 024] Global: 100%|#################| 1700/1700 [00:41<00:00, 40.70seq-pass/s, batch=27/27, phase=train]
[Epoch 024] Sleep: 100%|############| 20/20 [00:00<00:00, 25.19step/s, actions=0, phase=light, pressure=0.140]
[MemoryTree][024/050] wake/event=2.746284 sleep_residual_utility=0.011847 writes=2132 memorize=19 queue_split=39279 wake_actions=A96677/R25/M19/Q39279 novelty=0.0193 weighted_sim=0.9613 wm_grad_max=4.047e+00 global/event=2.752750 mix_diag=2.8538 global_steps=27 prior_KL=9.921e-02 seq_H_cond=0.4517 seq_H_marg=0.5808 seq_MI=1.291e-01 post_KL_diag=3.561e-01 branch_distill=2.987e-01 probe=6.636e+00/0.612->0.612/0.851/0.545 frontier=6.96/12.93/5.96 enc_gate=0.265 enc_scale=0.023 teacher_conf=0.285 teacher_JS=7.219e-02 max_mass=0.1035 owner_hard=[0, 0, 0, 0, 0, 0, 2, 0, 0, 0, 46, 0, 1651, 0, 0, 0, 0, 0, 0, 1, 0, 0, 0, 0, 0, 0, 0, 0, 0, 0, 0] mem_assign=[1242, 1115, 636, 10457, 366, 283, 4492, 6282, 32, 4062, 16018, 4576, 60708, 88, 45, 1, 12, 22, 47, 14046, 4213, 22, 235, 0, 0, 1658, 5273, 1, 0, 2, 66] topology_prune=on leaves=16 sleep_mode=light light_absorb=2 deep_probability=0.140 topology_action=null topology_gain=0.000e+00 topology_candidates=0 collapsed=0 topology_lambda=0.000e+00 time=W115.9/G41.8/S0.9s cache=0/1700 cuda_peak=7099MiB sleep_actions=[]
[Epoch 025] Wake: 100%|#########| 1700/1700 [01:56<00:00, 14.64seq/s, events=136000, loss=2.7605, writes=1959]
[Epoch 025] Global: 100%|#################| 1700/1700 [00:41<00:00, 40.67seq-pass/s, batch=27/27, phase=train]
[Epoch 025] Sleep: 100%|############| 20/20 [00:55<00:00,  2.79s/step, actions=0, phase=light, pressure=0.213]
[MemoryTree][025/050] wake/event=2.760479 sleep_residual_utility=0.010475 writes=1959 memorize=50 queue_split=39179 wake_actions=A96592/R179/M50/Q39179 novelty=0.0695 weighted_sim=0.8611 wm_grad_max=3.575e+00 global/event=2.745432 mix_diag=2.8477 global_steps=27 prior_KL=9.475e-02 seq_H_cond=0.4612 seq_H_marg=0.5798 seq_MI=1.187e-01 post_KL_diag=3.678e-01 branch_distill=2.918e-01 probe=6.712e+00/0.595->0.598/0.800/0.533 frontier=7.00/13.00/6.00 enc_gate=0.267 enc_scale=0.023 teacher_conf=0.282 teacher_JS=7.224e-02 max_mass=0.0936 owner_hard=[0, 0, 0, 2, 0, 0, 5, 0, 0, 1, 16, 0, 1676, 0, 0, 0, 0, 0, 0, 0, 0, 0, 0, 0, 0, 0, 0, 0, 0, 0, 0] mem_assign=[1747, 1478, 812, 10142, 445, 206, 3987, 3700, 103, 6215, 15994, 3526, 61354, 13, 25, 324, 180, 494, 821, 12746, 3368, 198, 1942, 0, 0, 722, 5314, 3, 37, 0, 104] topology_prune=on leaves=16 sleep_mode=light light_absorb=2 deep_probability=0.213 topology_action=null topology_gain=0.000e+00 topology_candidates=26 collapsed=0 topology_lambda=0.000e+00 time=W116.1/G41.8/S55.9s cache=0/1700 cuda_peak=7100MiB sleep_actions=[]
[Epoch 026] Wake: 100%|#########| 1700/1700 [01:58<00:00, 14.38seq/s, events=136000, loss=2.7551, writes=4264]
[Epoch 026] Global: 100%|#################| 1700/1700 [00:41<00:00, 41.06seq-pass/s, batch=27/27, phase=train]
[Epoch 026] Sleep: 100%|############| 20/20 [00:00<00:00, 25.34step/s, actions=0, phase=light, pressure=0.140]
[MemoryTree][026/050] wake/event=2.755103 sleep_residual_utility=0.010515 writes=4264 memorize=75 queue_split=39014 wake_actions=A96522/R389/M75/Q39014 novelty=0.0422 weighted_sim=0.9156 wm_grad_max=3.389e+00 global/event=2.778354 mix_diag=2.8075 global_steps=27 prior_KL=9.146e-02 seq_H_cond=0.4609 seq_H_marg=0.5797 seq_MI=1.188e-01 post_KL_diag=3.384e-01 branch_distill=2.800e-01 probe=6.051e+00/0.592->0.586/0.380/0.503 frontier=6.96/12.93/5.96 enc_gate=0.223 enc_scale=0.019 teacher_conf=0.223 teacher_JS=6.882e-02 max_mass=0.0760 owner_hard=[0, 0, 0, 4, 0, 0, 4, 0, 0, 4, 21, 0, 1653, 0, 0, 0, 0, 0, 0, 0, 1, 0, 13, 0, 0, 0, 0, 0, 0, 0, 0] mem_assign=[1454, 923, 580, 12255, 192, 330, 3442, 4520, 191, 7594, 13465, 3661, 54146, 15, 146, 311, 101, 148, 1251, 9346, 6996, 999, 8718, 4, 3, 664, 3897, 619, 23, 0, 6] topology_prune=on leaves=16 sleep_mode=light light_absorb=2 deep_probability=0.140 topology_action=null topology_gain=0.000e+00 topology_candidates=0 collapsed=0 topology_lambda=0.000e+00 time=W118.2/G41.4/S0.9s cache=0/1700 cuda_peak=7099MiB sleep_actions=[]
[Epoch 027] Wake: 100%|#########| 1700/1700 [01:59<00:00, 14.22seq/s, events=136000, loss=2.7631, writes=4456]
[Epoch 027] Global: 100%|#################| 1700/1700 [00:41<00:00, 40.70seq-pass/s, batch=27/27, phase=train]
[Epoch 027] Sleep: 100%|############| 20/20 [00:00<00:00, 25.24step/s, actions=0, phase=light, pressure=0.213]
[MemoryTree][027/050] wake/event=2.763115 sleep_residual_utility=0.011352 writes=4456 memorize=88 queue_split=38791 wake_actions=A96423/R698/M88/Q38791 novelty=0.0333 weighted_sim=0.9334 wm_grad_max=3.314e+00 global/event=2.748270 mix_diag=2.8236 global_steps=27 prior_KL=8.882e-02 seq_H_cond=0.4542 seq_H_marg=0.5898 seq_MI=1.357e-01 post_KL_diag=3.243e-01 branch_distill=2.407e-01 probe=5.926e+00/0.606->0.606/0.412/0.468 frontier=6.97/12.95/5.97 enc_gate=0.214 enc_scale=0.016 teacher_conf=0.202 teacher_JS=6.359e-02 max_mass=0.0888 owner_hard=[0, 0, 0, 99, 0, 0, 0, 0, 0, 60, 168, 0, 1373, 0, 0, 0, 0, 0, 0, 0, 0, 0, 0, 0, 0, 0, 0, 0, 0, 0, 0] mem_assign=[2695, 1623, 1168, 12280, 498, 1462, 2623, 6225, 908, 13039, 20803, 1657, 43731, 104, 1202, 413, 548, 2609, 5162, 8316, 3773, 44, 675, 19, 74, 1690, 2426, 0, 15, 1, 217] topology_prune=on leaves=16 sleep_mode=light light_absorb=2 deep_probability=0.213 topology_action=null topology_gain=0.000e+00 topology_candidates=0 collapsed=0 topology_lambda=0.000e+00 time=W119.5/G41.8/S0.9s cache=0/1700 cuda_peak=7100MiB sleep_actions=[]
[Epoch 028] Wake: 100%|#########| 1700/1700 [01:59<00:00, 14.23seq/s, events=136000, loss=2.7432, writes=5064]
[Epoch 028] Global: 100%|#################| 1700/1700 [00:41<00:00, 40.63seq-pass/s, batch=27/27, phase=train]
[Epoch 028] Sleep: 100%|############| 20/20 [00:00<00:00, 25.12step/s, actions=0, phase=light, pressure=0.250]
[MemoryTree][028/050] wake/event=2.743203 sleep_residual_utility=0.010823 writes=5064 memorize=0 queue_split=39056 wake_actions=A96556/R388/M0/Q39056 novelty=0.0308 weighted_sim=0.9385 wm_grad_max=3.666e+00 global/event=2.741508 mix_diag=2.8667 global_steps=27 prior_KL=5.034e-02 seq_H_cond=0.4638 seq_H_marg=0.5905 seq_MI=1.267e-01 post_KL_diag=3.556e-01 branch_distill=2.652e-01 probe=6.238e+00/0.608->0.608/0.522/0.501 frontier=7.00/12.99/6.00 enc_gate=0.234 enc_scale=0.017 teacher_conf=0.222 teacher_JS=6.518e-02 max_mass=0.0695 owner_hard=[0, 0, 0, 9, 0, 0, 0, 0, 0, 3, 101, 0, 1581, 0, 0, 0, 0, 0, 0, 2, 4, 0, 0, 0, 0, 0, 0, 0, 0, 0, 0] mem_assign=[2147, 971, 631, 7766, 791, 5173, 5129, 7789, 1400, 3692, 18610, 3099, 46060, 607, 536, 1197, 1219, 238, 1719, 9202, 7658, 298, 3013, 1, 19, 1129, 5705, 66, 12, 59, 64] topology_prune=on leaves=16 sleep_mode=light light_absorb=1 deep_probability=0.250 topology_action=null topology_gain=0.000e+00 topology_candidates=0 collapsed=0 topology_lambda=0.000e+00 time=W119.5/G41.8/S0.9s cache=0/1700 cuda_peak=7101MiB sleep_actions=[]
[Epoch 029] Wake: 100%|#########| 1700/1700 [01:59<00:00, 14.21seq/s, events=136000, loss=2.7393, writes=5478]
[Epoch 029] Global: 100%|#################| 1700/1700 [00:41<00:00, 40.70seq-pass/s, batch=27/27, phase=train]
[Epoch 029] Sleep: 100%|#############| 20/20 [01:00<00:00,  3.01s/step, actions=5, phase=deep, pressure=0.269]
[MemoryTree][029/050] wake/event=2.739301 sleep_residual_utility=0.012088 writes=5478 memorize=3 queue_split=38862 wake_actions=A96529/R606/M3/Q38862 novelty=0.0280 weighted_sim=0.9440 wm_grad_max=4.311e+00 global/event=2.735854 mix_diag=2.8482 global_steps=27 prior_KL=5.024e-02 seq_H_cond=0.4447 seq_H_marg=0.5628 seq_MI=1.181e-01 post_KL_diag=3.601e-01 branch_distill=2.457e-01 probe=6.178e+00/0.588->0.586/0.280/0.502 frontier=6.99/12.99/5.99 enc_gate=0.255 enc_scale=0.019 teacher_conf=0.241 teacher_JS=6.856e-02 max_mass=0.0727 owner_hard=[0, 0, 0, 0, 0, 0, 28, 12, 0, 1, 651, 1, 1003, 2, 0, 0, 0, 0, 0, 2, 0, 0, 0, 0, 0, 0, 0, 0, 0, 0, 0] mem_assign=[2253, 933, 1030, 1355, 1264, 3506, 11992, 9197, 1190, 4212, 27695, 6999, 36028, 2042, 1889, 1014, 1098, 79, 1790, 9516, 4907, 193, 1228, 13, 1, 615, 3913, 17, 4, 20, 7] topology_prune=on leaves=16 sleep_mode=deep light_absorb=2 deep_probability=0.269 topology_action=null topology_gain=0.000e+00 topology_candidates=26 collapsed=0 topology_lambda=0.000e+00 time=W119.7/G41.8/S60.2s cache=0/1700 cuda_peak=7102MiB sleep_actions=['promotion', 'promotion', 'promotion', 'promotion', 'promotion']
[Epoch 030] Wake: 100%|#########| 1700/1700 [01:59<00:00, 14.23seq/s, events=136000, loss=2.7218, writes=5281]
[Epoch 030] Global: 100%|#################| 1700/1700 [00:41<00:00, 40.97seq-pass/s, batch=27/27, phase=train]
[Epoch 030] Sleep: 100%|############| 20/20 [00:54<00:00,  2.73s/step, actions=0, phase=light, pressure=0.141]
[MemoryTree][030/050] wake/event=2.721804 sleep_residual_utility=0.012826 writes=5281 memorize=6 queue_split=38483 wake_actions=A96226/R1285/M6/Q38483 novelty=0.0268 weighted_sim=0.9463 wm_grad_max=3.613e+00 global/event=2.725955 mix_diag=2.8383 global_steps=27 prior_KL=5.347e-02 seq_H_cond=0.4464 seq_H_marg=0.5698 seq_MI=1.235e-01 post_KL_diag=3.928e-01 branch_distill=2.816e-01 probe=6.297e+00/0.588->0.586/0.301/0.543 frontier=7.00/13.00/6.00 enc_gate=0.278 enc_scale=0.021 teacher_conf=0.272 teacher_JS=7.018e-02 max_mass=0.0790 owner_hard=[0, 0, 0, 0, 0, 0, 0, 0, 0, 0, 65, 0, 1596, 0, 0, 0, 0, 0, 0, 0, 0, 0, 39, 0, 0, 0, 0, 0, 0, 0, 0] mem_assign=[1195, 1044, 496, 770, 1421, 2431, 1674, 6987, 7624, 858, 18054, 1395, 47416, 744, 1361, 1654, 2504, 219, 4483, 9565, 8526, 1065, 8026, 99, 13, 2864, 3317, 134, 19, 36, 6] topology_prune=on leaves=16 sleep_mode=light light_absorb=2 deep_probability=0.141 topology_action=null topology_gain=0.000e+00 topology_candidates=26 collapsed=0 topology_lambda=0.000e+00 time=W119.5/G41.5/S54.8s cache=0/1700 cuda_peak=7100MiB sleep_actions=[]
[Epoch 031] Wake: 100%|#########| 1700/1700 [01:58<00:00, 14.40seq/s, events=136000, loss=2.7282, writes=3842]
[Epoch 031] Global: 100%|#################| 1700/1700 [00:42<00:00, 40.39seq-pass/s, batch=27/27, phase=train]
[Epoch 031] Sleep: 100%|############| 20/20 [00:00<00:00, 25.02step/s, actions=0, phase=light, pressure=0.141]
[MemoryTree][031/050] wake/event=2.728278 sleep_residual_utility=0.011890 writes=3842 memorize=20 queue_split=39354 wake_actions=A96409/R217/M20/Q39354 novelty=0.0219 weighted_sim=0.9563 wm_grad_max=3.218e+00 global/event=2.730072 mix_diag=2.8300 global_steps=27 prior_KL=6.620e-02 seq_H_cond=0.4621 seq_H_marg=0.5698 seq_MI=1.077e-01 post_KL_diag=3.909e-01 branch_distill=2.767e-01 probe=6.496e+00/0.572->0.569/0.330/0.558 frontier=7.00/13.00/6.00 enc_gate=0.273 enc_scale=0.022 teacher_conf=0.272 teacher_JS=6.703e-02 max_mass=0.0718 owner_hard=[0, 0, 0, 0, 0, 0, 0, 4, 0, 0, 54, 0, 1582, 0, 0, 0, 0, 0, 0, 2, 4, 0, 54, 0, 0, 0, 0, 0, 0, 0, 0] mem_assign=[1251, 1290, 608, 2082, 1568, 721, 1578, 7465, 4299, 2463, 16961, 2361, 45030, 1560, 1013, 2070, 2311, 3247, 4212, 9581, 8709, 2056, 8871, 27, 209, 1756, 2609, 57, 25, 1, 9] topology_prune=on leaves=16 sleep_mode=light light_absorb=1 deep_probability=0.141 topology_action=null topology_gain=0.000e+00 topology_candidates=0 collapsed=0 topology_lambda=0.000e+00 time=W118.1/G42.1/S0.9s cache=0/1700 cuda_peak=7101MiB sleep_actions=[]
[Epoch 032] Wake: 100%|#########| 1700/1700 [01:57<00:00, 14.42seq/s, events=136000, loss=2.7322, writes=3188]
[Epoch 032] Global: 100%|#################| 1700/1700 [00:41<00:00, 40.97seq-pass/s, batch=27/27, phase=train]
[Epoch 032] Sleep: 100%|############| 20/20 [00:00<00:00, 25.50step/s, actions=0, phase=light, pressure=0.214]
[MemoryTree][032/050] wake/event=2.732251 sleep_residual_utility=0.011964 writes=3188 memorize=12 queue_split=39114 wake_actions=A96583/R291/M12/Q39114 novelty=0.0268 weighted_sim=0.9463 wm_grad_max=3.778e+00 global/event=2.729947 mix_diag=2.8312 global_steps=27 prior_KL=6.816e-02 seq_H_cond=0.4769 seq_H_marg=0.5745 seq_MI=9.752e-02 post_KL_diag=4.089e-01 branch_distill=2.739e-01 probe=6.711e+00/0.581->0.577/0.406/0.571 frontier=7.00/13.00/6.00 enc_gate=0.288 enc_scale=0.022 teacher_conf=0.283 teacher_JS=7.069e-02 max_mass=0.0708 owner_hard=[0, 0, 0, 0, 0, 0, 0, 0, 0, 0, 0, 0, 1688, 0, 0, 0, 0, 0, 0, 1, 1, 0, 10, 0, 0, 0, 0, 0, 0, 0, 0] mem_assign=[1262, 2284, 1201, 2123, 2431, 519, 1952, 6005, 1827, 4613, 5959, 1532, 56710, 923, 701, 1470, 460, 3166, 6669, 8446, 9819, 1418, 7464, 2125, 780, 1215, 2759, 37, 84, 42, 4] topology_prune=on leaves=16 sleep_mode=light light_absorb=2 deep_probability=0.214 topology_action=null topology_gain=0.000e+00 topology_candidates=0 collapsed=0 topology_lambda=0.000e+00 time=W117.9/G41.5/S0.9s cache=0/1700 cuda_peak=7101MiB sleep_actions=[]
[Epoch 033] Wake: 100%|#########| 1700/1700 [01:56<00:00, 14.62seq/s, events=136000, loss=2.7210, writes=2174]
[Epoch 033] Global: 100%|#################| 1700/1700 [00:42<00:00, 40.24seq-pass/s, batch=27/27, phase=train]
[Epoch 033] Sleep: 100%|#############| 20/20 [01:02<00:00,  3.11s/step, actions=5, phase=deep, pressure=0.251]
[MemoryTree][033/050] wake/event=2.721005 sleep_residual_utility=0.011871 writes=2174 memorize=38 queue_split=39308 wake_actions=A96529/R125/M38/Q39308 novelty=0.0265 weighted_sim=0.9471 wm_grad_max=4.323e+00 global/event=2.726153 mix_diag=2.8417 global_steps=27 prior_KL=7.402e-02 seq_H_cond=0.4656 seq_H_marg=0.5773 seq_MI=1.117e-01 post_KL_diag=4.117e-01 branch_distill=2.694e-01 probe=6.810e+00/0.592->0.595/0.471/0.554 frontier=7.00/13.00/6.00 enc_gate=0.278 enc_scale=0.023 teacher_conf=0.280 teacher_JS=7.087e-02 max_mass=0.0687 owner_hard=[0, 0, 0, 0, 0, 0, 0, 0, 0, 0, 0, 0, 1683, 0, 0, 0, 0, 0, 0, 1, 1, 0, 15, 0, 0, 0, 0, 0, 0, 0, 0] mem_assign=[1152, 1984, 711, 2042, 3080, 198, 3699, 5584, 2109, 4248, 6003, 4996, 53689, 2839, 1760, 653, 810, 7448, 5032, 8519, 8423, 1611, 5039, 735, 236, 1091, 2171, 113, 13, 1, 11] topology_prune=on leaves=16 sleep_mode=deep light_absorb=6 deep_probability=0.251 topology_action=null topology_gain=0.000e+00 topology_candidates=26 collapsed=0 topology_lambda=0.000e+00 time=W116.3/G42.2/S62.3s cache=0/1700 cuda_peak=7102MiB sleep_actions=['promotion', 'promotion', 'promotion', 'promotion', 'promotion']
[Epoch 034] Wake: 100%|#########| 1700/1700 [01:56<00:00, 14.65seq/s, events=136000, loss=2.7250, writes=1793]
[Epoch 034] Global: 100%|#################| 1700/1700 [00:41<00:00, 40.94seq-pass/s, batch=27/27, phase=train]
[Epoch 034] Sleep: 100%|############| 20/20 [00:00<00:00, 25.25step/s, actions=0, phase=light, pressure=0.140]
[MemoryTree][034/050] wake/event=2.725012 sleep_residual_utility=0.010768 writes=1793 memorize=47 queue_split=38656 wake_actions=A96758/R539/M47/Q38656 novelty=0.0456 weighted_sim=0.9088 wm_grad_max=4.179e+00 global/event=2.715675 mix_diag=2.8634 global_steps=27 prior_KL=7.533e-02 seq_H_cond=0.4549 seq_H_marg=0.5862 seq_MI=1.313e-01 post_KL_diag=4.010e-01 branch_distill=2.905e-01 probe=6.685e+00/0.600->0.601/0.489/0.534 frontier=7.00/13.00/6.00 enc_gate=0.269 enc_scale=0.022 teacher_conf=0.272 teacher_JS=7.425e-02 max_mass=0.0936 owner_hard=[0, 0, 0, 0, 0, 0, 0, 0, 0, 0, 0, 0, 1689, 0, 0, 0, 0, 3, 0, 7, 0, 0, 1, 0, 0, 0, 0, 0, 0, 0, 0] mem_assign=[1163, 4257, 806, 3930, 2615, 522, 2606, 2642, 1532, 4297, 4035, 2723, 54333, 524, 549, 742, 611, 9500, 2806, 11986, 7993, 2118, 4946, 1513, 436, 1714, 4768, 266, 15, 20, 32] topology_prune=on leaves=16 sleep_mode=light light_absorb=3 deep_probability=0.140 topology_action=null topology_gain=0.000e+00 topology_candidates=0 collapsed=0 topology_lambda=0.000e+00 time=W116.0/G41.5/S0.9s cache=0/1700 cuda_peak=7100MiB sleep_actions=[]
[Epoch 035] Wake: 100%|#########| 1700/1700 [01:56<00:00, 14.60seq/s, events=136000, loss=2.7060, writes=2428]
[Epoch 035] Global: 100%|#################| 1700/1700 [00:41<00:00, 40.87seq-pass/s, batch=27/27, phase=train]
[Epoch 035] Sleep: 100%|############| 20/20 [00:54<00:00,  2.74s/step, actions=0, phase=light, pressure=0.213]
[MemoryTree][035/050] wake/event=2.705988 sleep_residual_utility=0.010941 writes=2428 memorize=28 queue_split=39079 wake_actions=A96586/R307/M28/Q39079 novelty=0.0355 weighted_sim=0.9290 wm_grad_max=4.445e+00 global/event=2.716223 mix_diag=2.9079 global_steps=27 prior_KL=7.456e-02 seq_H_cond=0.4633 seq_H_marg=0.5875 seq_MI=1.242e-01 post_KL_diag=3.847e-01 branch_distill=2.767e-01 probe=6.577e+00/0.601->0.595/0.409/0.523 frontier=6.97/12.95/5.97 enc_gate=0.265 enc_scale=0.021 teacher_conf=0.268 teacher_JS=7.258e-02 max_mass=0.0864 owner_hard=[0, 0, 0, 0, 0, 0, 0, 0, 0, 0, 0, 0, 1638, 0, 0, 0, 0, 1, 0, 26, 7, 0, 28, 0, 0, 0, 0, 0, 0, 0, 0] mem_assign=[1749, 2714, 775, 5928, 1653, 870, 5595, 5678, 548, 3251, 2934, 5721, 47149, 351, 283, 1554, 1248, 7862, 3085, 12625, 9305, 2402, 8270, 1302, 206, 863, 1803, 127, 109, 3, 37] topology_prune=on leaves=16 sleep_mode=light light_absorb=1 deep_probability=0.213 topology_action=null topology_gain=0.000e+00 topology_candidates=26 collapsed=0 topology_lambda=0.000e+00 time=W116.5/G41.6/S54.9s cache=0/1700 cuda_peak=7085MiB sleep_actions=[]
[Epoch 036] Wake: 100%|#########| 1700/1700 [01:56<00:00, 14.62seq/s, events=136000, loss=2.7251, writes=2255]
[Epoch 036] Global: 100%|#################| 1700/1700 [00:41<00:00, 41.00seq-pass/s, batch=27/27, phase=train]
[Epoch 036] Sleep: 100%|############| 20/20 [00:00<00:00, 25.58step/s, actions=0, phase=light, pressure=0.141]
[MemoryTree][036/050] wake/event=2.725073 sleep_residual_utility=0.012253 writes=2255 memorize=15 queue_split=39247 wake_actions=A96685/R53/M15/Q39247 novelty=0.0241 weighted_sim=0.9517 wm_grad_max=3.999e+00 global/event=2.719648 mix_diag=2.8813 global_steps=27 prior_KL=8.192e-02 seq_H_cond=0.4655 seq_H_marg=0.5963 seq_MI=1.309e-01 post_KL_diag=3.806e-01 branch_distill=3.012e-01 probe=6.644e+00/0.561->0.564/0.281/0.488 frontier=6.96/12.92/5.96 enc_gate=0.263 enc_scale=0.021 teacher_conf=0.263 teacher_JS=7.368e-02 max_mass=0.0799 owner_hard=[0, 0, 0, 0, 0, 0, 108, 10, 0, 0, 0, 0, 1457, 0, 0, 0, 0, 38, 0, 47, 3, 0, 37, 0, 0, 0, 0, 0, 0, 0, 0] mem_assign=[1343, 2733, 692, 6880, 2061, 854, 12766, 7241, 1367, 3873, 2131, 4954, 38053, 908, 489, 1189, 1920, 10157, 1851, 12786, 7405, 2317, 7654, 1031, 508, 415, 1823, 524, 47, 27, 1] topology_prune=on leaves=16 sleep_mode=light light_absorb=1 deep_probability=0.141 topology_action=null topology_gain=0.000e+00 topology_candidates=0 collapsed=0 topology_lambda=0.000e+00 time=W116.3/G41.5/S0.9s cache=0/1700 cuda_peak=7077MiB sleep_actions=[]
[Epoch 037] Wake: 100%|#########| 1700/1700 [01:56<00:00, 14.58seq/s, events=136000, loss=2.7211, writes=2508]
[Epoch 037] Global: 100%|#################| 1700/1700 [00:41<00:00, 40.54seq-pass/s, batch=27/27, phase=train]
[Epoch 037] Sleep: 100%|############| 20/20 [00:00<00:00, 25.05step/s, actions=0, phase=light, pressure=0.214]
[MemoryTree][037/050] wake/event=2.721073 sleep_residual_utility=0.012379 writes=2508 memorize=0 queue_split=39021 wake_actions=A96933/R46/M0/Q39021 novelty=0.0295 weighted_sim=0.9411 wm_grad_max=4.039e+00 global/event=2.723476 mix_diag=2.8716 global_steps=27 prior_KL=8.570e-02 seq_H_cond=0.4764 seq_H_marg=0.6014 seq_MI=1.251e-01 post_KL_diag=3.875e-01 branch_distill=2.976e-01 probe=6.444e+00/0.597->0.603/0.414/0.453 frontier=6.95/12.90/5.95 enc_gate=0.288 enc_scale=0.021 teacher_conf=0.273 teacher_JS=7.099e-02 max_mass=0.0889 owner_hard=[0, 0, 0, 37, 0, 1, 0, 0, 0, 0, 0, 0, 1385, 0, 0, 0, 1, 7, 0, 95, 18, 1, 153, 0, 0, 0, 0, 2, 0, 0, 0] mem_assign=[1384, 5647, 819, 11943, 1208, 2155, 976, 1381, 285, 2962, 3021, 2620, 35778, 86, 65, 2121, 3797, 7569, 1943, 13258, 9490, 6555, 13275, 143, 88, 2835, 1755, 2530, 288, 4, 19] topology_prune=on leaves=16 sleep_mode=light light_absorb=5 deep_probability=0.214 topology_action=null topology_gain=0.000e+00 topology_candidates=0 collapsed=0 topology_lambda=0.000e+00 time=W116.6/G41.9/S0.9s cache=0/1700 cuda_peak=7103MiB sleep_actions=[]
[Epoch 038] Wake: 100%|#########| 1700/1700 [01:56<00:00, 14.57seq/s, events=136000, loss=2.7218, writes=2244]
[Epoch 038] Global: 100%|#################| 1700/1700 [00:42<00:00, 40.40seq-pass/s, batch=27/27, phase=train]
[Epoch 038] Sleep: 100%|############| 20/20 [00:00<00:00, 24.88step/s, actions=0, phase=light, pressure=0.251]
[MemoryTree][038/050] wake/event=2.721826 sleep_residual_utility=0.012156 writes=2244 memorize=0 queue_split=38928 wake_actions=A97035/R37/M0/Q38928 novelty=0.0234 weighted_sim=0.9532 wm_grad_max=4.147e+00 global/event=2.733286 mix_diag=2.8725 global_steps=27 prior_KL=9.296e-02 seq_H_cond=0.4664 seq_H_marg=0.5845 seq_MI=1.181e-01 post_KL_diag=3.768e-01 branch_distill=2.822e-01 probe=6.362e+00/0.638->0.645/0.610/0.490 frontier=6.96/12.92/5.96 enc_gate=0.290 enc_scale=0.023 teacher_conf=0.288 teacher_JS=7.295e-02 max_mass=0.1065 owner_hard=[0, 0, 0, 43, 0, 0, 1, 0, 0, 0, 16, 7, 1126, 0, 0, 0, 0, 11, 0, 81, 59, 234, 122, 0, 0, 0, 0, 0, 0, 0, 0] mem_assign=[1369, 2151, 698, 10347, 425, 324, 2146, 308, 347, 2088, 8454, 7361, 32008, 444, 1138, 1096, 922, 5625, 2259, 13820, 10573, 14122, 16531, 7, 0, 373, 600, 77, 386, 0, 1] topology_prune=on leaves=16 sleep_mode=light light_absorb=4 deep_probability=0.251 topology_action=null topology_gain=0.000e+00 topology_candidates=0 collapsed=0 topology_lambda=0.000e+00 time=W116.7/G42.1/S0.9s cache=0/1700 cuda_peak=7094MiB sleep_actions=[]
[Epoch 039] Wake: 100%|#########| 1700/1700 [01:56<00:00, 14.58seq/s, events=136000, loss=2.7358, writes=2097]
[Epoch 039] Global: 100%|#################| 1700/1700 [00:42<00:00, 40.43seq-pass/s, batch=27/27, phase=train]
[Epoch 039] Sleep: 100%|#############| 20/20 [01:00<00:00,  3.01s/step, actions=5, phase=deep, pressure=0.269]
[MemoryTree][039/050] wake/event=2.735844 sleep_residual_utility=0.011785 writes=2097 memorize=0 queue_split=38977 wake_actions=A96833/R190/M0/Q38977 novelty=0.0260 weighted_sim=0.9479 wm_grad_max=3.508e+00 global/event=2.726978 mix_diag=2.9046 global_steps=27 prior_KL=7.501e-02 seq_H_cond=0.4620 seq_H_marg=0.5869 seq_MI=1.249e-01 post_KL_diag=3.699e-01 branch_distill=2.747e-01 probe=6.326e+00/0.628->0.630/0.449/0.477 frontier=6.96/12.93/5.96 enc_gate=0.281 enc_scale=0.023 teacher_conf=0.288 teacher_JS=7.305e-02 max_mass=0.0989 owner_hard=[0, 0, 0, 25, 0, 0, 2, 0, 0, 0, 41, 14, 1491, 0, 0, 0, 0, 1, 0, 46, 34, 26, 20, 0, 0, 0, 0, 0, 0, 0, 0] mem_assign=[1191, 718, 653, 12337, 94, 575, 3502, 368, 359, 2549, 10818, 7808, 41258, 1885, 304, 787, 476, 3620, 1336, 14123, 10541, 8410, 11128, 1, 0, 346, 617, 5, 190, 0, 1] topology_prune=on leaves=16 sleep_mode=deep light_absorb=2 deep_probability=0.269 topology_action=null topology_gain=0.000e+00 topology_candidates=26 collapsed=0 topology_lambda=0.000e+00 time=W116.6/G42.1/S60.4s cache=0/1700 cuda_peak=7094MiB sleep_actions=['promotion', 'promotion', 'promotion', 'promotion', 'promotion']
[Epoch 040] Wake: 100%|#########| 1700/1700 [01:56<00:00, 14.54seq/s, events=136000, loss=2.7112, writes=2293]
[Epoch 040] Global: 100%|#################| 1700/1700 [00:41<00:00, 40.98seq-pass/s, batch=27/27, phase=train]
[Epoch 040] Sleep: 100%|############| 20/20 [00:54<00:00,  2.73s/step, actions=0, phase=light, pressure=0.141]
[MemoryTree][040/050] wake/event=2.711202 sleep_residual_utility=0.011965 writes=2293 memorize=8 queue_split=39079 wake_actions=A96573/R340/M8/Q39079 novelty=0.0207 weighted_sim=0.9586 wm_grad_max=3.752e+00 global/event=2.716262 mix_diag=2.8660 global_steps=27 prior_KL=6.608e-02 seq_H_cond=0.4617 seq_H_marg=0.5994 seq_MI=1.376e-01 post_KL_diag=3.636e-01 branch_distill=2.783e-01 probe=6.016e+00/0.634->0.638/0.509/0.450 frontier=6.99/12.97/5.99 enc_gate=0.229 enc_scale=0.020 teacher_conf=0.235 teacher_JS=7.005e-02 max_mass=0.1028 owner_hard=[0, 0, 0, 95, 0, 0, 37, 0, 0, 10, 5, 38, 677, 0, 0, 0, 3, 92, 3, 153, 113, 228, 246, 0, 0, 0, 0, 0, 0, 0, 0] mem_assign=[1507, 1622, 1282, 9847, 264, 653, 4964, 783, 1290, 3405, 6974, 8280, 23236, 2146, 549, 1359, 3073, 6124, 5349, 13513, 8196, 14273, 16234, 43, 4, 227, 573, 143, 81, 2, 4] topology_prune=on leaves=16 sleep_mode=light light_absorb=1 deep_probability=0.141 topology_action=null topology_gain=0.000e+00 topology_candidates=26 collapsed=0 topology_lambda=0.000e+00 time=W116.9/G41.5/S54.7s cache=0/1700 cuda_peak=7094MiB sleep_actions=[]
[Epoch 041] Wake: 100%|#########| 1700/1700 [01:56<00:00, 14.56seq/s, events=136000, loss=2.6949, writes=2613]
[Epoch 041] Global: 100%|#################| 1700/1700 [00:41<00:00, 40.85seq-pass/s, batch=27/27, phase=train]
[Epoch 041] Sleep: 100%|############| 20/20 [00:00<00:00, 25.34step/s, actions=0, phase=light, pressure=0.141]
[MemoryTree][041/050] wake/event=2.694963 sleep_residual_utility=0.012616 writes=2613 memorize=30 queue_split=38740 wake_actions=A96573/R657/M30/Q38740 novelty=0.0282 weighted_sim=0.9435 wm_grad_max=3.853e+00 global/event=2.701525 mix_diag=2.9171 global_steps=27 prior_KL=6.295e-02 seq_H_cond=0.4849 seq_H_marg=0.6068 seq_MI=1.220e-01 post_KL_diag=3.851e-01 branch_distill=2.839e-01 probe=6.438e+00/0.652->0.650/0.759/0.477 frontier=6.97/12.95/5.97 enc_gate=0.266 enc_scale=0.021 teacher_conf=0.264 teacher_JS=6.863e-02 max_mass=0.0667 owner_hard=[0, 0, 0, 13, 0, 1, 74, 0, 0, 0, 0, 14, 862, 0, 0, 15, 1, 10, 1, 21, 152, 5, 531, 0, 0, 0, 0, 0, 0, 0, 0] mem_assign=[1804, 1600, 1756, 5550, 799, 2334, 8381, 1688, 2994, 1936, 3587, 9704, 25676, 808, 426, 5875, 3613, 4539, 3345, 8965, 12326, 5616, 19916, 228, 75, 850, 1273, 269, 28, 39, 0] topology_prune=on leaves=16 sleep_mode=light light_absorb=2 deep_probability=0.141 topology_action=null topology_gain=0.000e+00 topology_candidates=0 collapsed=0 topology_lambda=0.000e+00 time=W116.8/G41.6/S0.9s cache=0/1700 cuda_peak=7102MiB sleep_actions=[]
[Epoch 042] Wake: 100%|#########| 1700/1700 [01:55<00:00, 14.69seq/s, events=136000, loss=2.6908, writes=1747]
[Epoch 042] Global: 100%|#################| 1700/1700 [00:41<00:00, 40.81seq-pass/s, batch=27/27, phase=train]
[Epoch 042] Sleep: 100%|#############| 20/20 [01:00<00:00,  3.01s/step, actions=4, phase=deep, pressure=0.214]
[MemoryTree][042/050] wake/event=2.690834 sleep_residual_utility=0.012468 writes=1747 memorize=18 queue_split=39101 wake_actions=A96607/R274/M18/Q39101 novelty=0.0271 weighted_sim=0.9458 wm_grad_max=3.599e+00 global/event=2.692511 mix_diag=2.8706 global_steps=27 prior_KL=6.111e-02 seq_H_cond=0.4547 seq_H_marg=0.6067 seq_MI=1.520e-01 post_KL_diag=3.999e-01 branch_distill=2.838e-01 probe=6.194e+00/0.650->0.652/0.786/0.500 frontier=7.00/13.00/6.00 enc_gate=0.280 enc_scale=0.022 teacher_conf=0.281 teacher_JS=7.203e-02 max_mass=0.1076 owner_hard=[0, 0, 0, 16, 0, 4, 0, 1, 0, 0, 0, 40, 1179, 0, 0, 0, 0, 23, 0, 54, 70, 173, 140, 0, 0, 0, 0, 0, 0, 0, 0] mem_assign=[1546, 2107, 1339, 8636, 681, 2631, 2317, 2846, 1041, 2354, 2855, 9459, 31282, 3449, 1176, 2390, 2082, 6069, 1976, 10177, 8574, 15312, 14417, 406, 164, 74, 239, 100, 297, 0, 4] topology_prune=on leaves=16 sleep_mode=deep light_absorb=2 deep_probability=0.214 topology_action=null topology_gain=0.000e+00 topology_candidates=26 collapsed=0 topology_lambda=0.000e+00 time=W115.7/G41.7/S60.2s cache=0/1700 cuda_peak=7103MiB sleep_actions=['promotion', 'promotion', 'promotion', 'promotion']
[Epoch 043] Wake: 100%|#########| 1700/1700 [01:56<00:00, 14.58seq/s, events=136000, loss=2.6884, writes=2119]
[Epoch 043] Global: 100%|#################| 1700/1700 [00:42<00:00, 40.22seq-pass/s, batch=27/27, phase=train]
[Epoch 043] Sleep: 100%|############| 20/20 [00:00<00:00, 24.81step/s, actions=0, phase=light, pressure=0.141]
[MemoryTree][043/050] wake/event=2.688377 sleep_residual_utility=0.012483 writes=2119 memorize=13 queue_split=39054 wake_actions=A96876/R57/M13/Q39054 novelty=0.0205 weighted_sim=0.9591 wm_grad_max=3.532e+00 global/event=2.690403 mix_diag=2.9339 global_steps=27 prior_KL=7.112e-02 seq_H_cond=0.4314 seq_H_marg=0.5925 seq_MI=1.611e-01 post_KL_diag=3.904e-01 branch_distill=2.880e-01 probe=6.330e+00/0.676->0.683/0.911/0.524 frontier=7.00/13.00/6.00 enc_gate=0.288 enc_scale=0.024 teacher_conf=0.300 teacher_JS=7.813e-02 max_mass=0.0872 owner_hard=[0, 0, 0, 1, 0, 0, 17, 0, 0, 0, 4, 14, 1232, 0, 0, 0, 0, 3, 0, 111, 171, 91, 56, 0, 0, 0, 0, 0, 0, 0, 0] mem_assign=[1541, 2165, 987, 6316, 827, 912, 6127, 2972, 2068, 983, 4516, 9712, 33924, 2304, 730, 2473, 1150, 3983, 2415, 12727, 11497, 11944, 12082, 306, 200, 59, 783, 229, 19, 49, 0] topology_prune=on leaves=16 sleep_mode=light light_absorb=4 deep_probability=0.141 topology_action=null topology_gain=0.000e+00 topology_candidates=0 collapsed=0 topology_lambda=0.000e+00 time=W116.6/G42.3/S0.9s cache=0/1700 cuda_peak=7101MiB sleep_actions=[]
[Epoch 044] Wake: 100%|#########| 1700/1700 [01:57<00:00, 14.50seq/s, events=136000, loss=2.6850, writes=2451]
[Epoch 044] Global: 100%|#################| 1700/1700 [00:41<00:00, 40.86seq-pass/s, batch=27/27, phase=train]
[Epoch 044] Sleep: 100%|############| 20/20 [00:00<00:00, 25.37step/s, actions=0, phase=light, pressure=0.214]
[MemoryTree][044/050] wake/event=2.685009 sleep_residual_utility=0.013138 writes=2451 memorize=35 queue_split=38806 wake_actions=A97094/R65/M35/Q38806 novelty=0.0193 weighted_sim=0.9615 wm_grad_max=3.550e+00 global/event=2.694341 mix_diag=2.9074 global_steps=27 prior_KL=7.839e-02 seq_H_cond=0.4261 seq_H_marg=0.5945 seq_MI=1.684e-01 post_KL_diag=3.877e-01 branch_distill=2.899e-01 probe=6.130e+00/0.680->0.689/1.030/0.510 frontier=7.00/13.00/6.00 enc_gate=0.298 enc_scale=0.023 teacher_conf=0.291 teacher_JS=7.735e-02 max_mass=0.0941 owner_hard=[0, 0, 0, 29, 0, 0, 47, 0, 0, 0, 1, 7, 1279, 0, 0, 0, 0, 34, 2, 137, 42, 84, 38, 0, 0, 0, 0, 0, 0, 0, 0] mem_assign=[1072, 1708, 752, 8769, 558, 822, 7486, 4310, 2230, 1097, 3709, 6646, 31467, 1298, 513, 2244, 1749, 8608, 3226, 13947, 8236, 12089, 11622, 380, 78, 282, 1012, 10, 56, 23, 1] topology_prune=on leaves=16 sleep_mode=light light_absorb=3 deep_probability=0.214 topology_action=null topology_gain=0.000e+00 topology_candidates=0 collapsed=0 topology_lambda=0.000e+00 time=W117.3/G41.6/S0.9s cache=0/1700 cuda_peak=7102MiB sleep_actions=[]
[Epoch 045] Wake: 100%|#########| 1700/1700 [01:57<00:00, 14.44seq/s, events=136000, loss=2.6823, writes=3369]
[Epoch 045] Global: 100%|#################| 1700/1700 [00:41<00:00, 40.56seq-pass/s, batch=27/27, phase=train]
[Epoch 045] Sleep: 100%|############| 20/20 [00:55<00:00,  2.77s/step, actions=0, phase=light, pressure=0.251]
[MemoryTree][045/050] wake/event=2.682331 sleep_residual_utility=0.012072 writes=3369 memorize=34 queue_split=38876 wake_actions=A97023/R67/M34/Q38876 novelty=0.0204 weighted_sim=0.9591 wm_grad_max=3.630e+00 global/event=2.690762 mix_diag=2.9052 global_steps=27 prior_KL=1.054e-01 seq_H_cond=0.4039 seq_H_marg=0.5873 seq_MI=1.834e-01 post_KL_diag=3.802e-01 branch_distill=2.777e-01 probe=6.121e+00/0.678->0.678/1.142/0.521 frontier=7.00/13.00/6.00 enc_gate=0.269 enc_scale=0.023 teacher_conf=0.283 teacher_JS=7.922e-02 max_mass=0.0945 owner_hard=[0, 0, 0, 116, 0, 0, 57, 0, 0, 0, 0, 6, 1195, 0, 0, 0, 0, 113, 0, 47, 6, 33, 127, 0, 0, 0, 0, 0, 0, 0, 0] mem_assign=[930, 1597, 641, 13113, 348, 574, 8550, 3414, 791, 901, 2772, 6169, 32403, 830, 224, 3756, 1139, 9555, 2592, 11839, 6076, 13141, 13571, 321, 89, 130, 467, 46, 13, 8, 0] topology_prune=on leaves=16 sleep_mode=light light_absorb=2 deep_probability=0.251 topology_action=null topology_gain=0.000e+00 topology_candidates=26 collapsed=0 topology_lambda=0.000e+00 time=W117.7/G41.9/S55.5s cache=0/1700 cuda_peak=7102MiB sleep_actions=[]
[Epoch 046] Wake: 100%|#########| 1700/1700 [01:56<00:00, 14.59seq/s, events=136000, loss=2.6857, writes=2260]
[Epoch 046] Global: 100%|#################| 1700/1700 [00:41<00:00, 40.76seq-pass/s, batch=27/27, phase=train]
[Epoch 046] Sleep: 100%|############| 20/20 [00:00<00:00, 25.36step/s, actions=0, phase=light, pressure=0.141]
[MemoryTree][046/050] wake/event=2.685734 sleep_residual_utility=0.013030 writes=2260 memorize=13 queue_split=38777 wake_actions=A97122/R88/M13/Q38777 novelty=0.0195 weighted_sim=0.9610 wm_grad_max=3.402e+00 global/event=2.683806 mix_diag=2.9229 global_steps=27 prior_KL=1.058e-01 seq_H_cond=0.3926 seq_H_marg=0.5810 seq_MI=1.883e-01 post_KL_diag=3.793e-01 branch_distill=2.795e-01 probe=6.268e+00/0.697->0.689/1.250/0.501 frontier=7.00/13.00/6.00 enc_gate=0.287 enc_scale=0.023 teacher_conf=0.289 teacher_JS=7.971e-02 max_mass=0.0977 owner_hard=[0, 0, 0, 79, 0, 1, 108, 0, 0, 0, 2, 18, 1254, 0, 0, 0, 0, 7, 0, 97, 4, 54, 76, 0, 0, 0, 0, 0, 0, 0, 0] mem_assign=[855, 323, 507, 13381, 128, 2430, 10570, 3678, 279, 995, 5978, 7159, 30704, 411, 56, 4002, 1100, 4419, 2371, 13718, 6944, 11802, 13020, 161, 75, 284, 419, 118, 31, 82, 0] topology_prune=on leaves=16 sleep_mode=light light_absorb=0 deep_probability=0.141 topology_action=null topology_gain=0.000e+00 topology_candidates=0 collapsed=0 topology_lambda=0.000e+00 time=W116.6/G41.7/S0.9s cache=0/1700 cuda_peak=7101MiB sleep_actions=[]
[Epoch 047] Wake: 100%|#########| 1700/1700 [01:57<00:00, 14.47seq/s, events=136000, loss=2.6708, writes=2696]
[Epoch 047] Global: 100%|#################| 1700/1700 [00:42<00:00, 40.31seq-pass/s, batch=27/27, phase=train]
[Epoch 047] Sleep: 100%|#############| 20/20 [01:00<00:00,  3.01s/step, actions=4, phase=deep, pressure=0.214]
[MemoryTree][047/050] wake/event=2.670864 sleep_residual_utility=0.014201 writes=2696 memorize=38 queue_split=39064 wake_actions=A96720/R178/M38/Q39064 novelty=0.0211 weighted_sim=0.9578 wm_grad_max=3.697e+00 global/event=2.677906 mix_diag=2.9285 global_steps=27 prior_KL=9.587e-02 seq_H_cond=0.4027 seq_H_marg=0.5913 seq_MI=1.886e-01 post_KL_diag=3.801e-01 branch_distill=3.042e-01 probe=6.080e+00/0.692->0.693/1.191/0.477 frontier=6.96/12.93/5.96 enc_gate=0.294 enc_scale=0.023 teacher_conf=0.294 teacher_JS=8.336e-02 max_mass=0.0994 owner_hard=[0, 0, 0, 205, 0, 0, 439, 0, 0, 1, 14, 25, 544, 0, 0, 1, 0, 1, 1, 153, 6, 57, 253, 0, 0, 0, 0, 0, 0, 0, 0] mem_assign=[652, 620, 455, 12966, 160, 687, 16213, 3022, 296, 1010, 7598, 7900, 22344, 266, 401, 3977, 2627, 3303, 3013, 14561, 5333, 12078, 15677, 18, 15, 302, 276, 214, 5, 11, 0] topology_prune=on leaves=16 sleep_mode=deep light_absorb=2 deep_probability=0.214 topology_action=null topology_gain=0.000e+00 topology_candidates=26 collapsed=0 topology_lambda=0.000e+00 time=W117.5/G42.2/S60.4s cache=0/1700 cuda_peak=7102MiB sleep_actions=['promotion', 'promotion', 'promotion', 'promotion']
[Epoch 048] Wake: 100%|#########| 1700/1700 [01:56<00:00, 14.56seq/s, events=136000, loss=2.6813, writes=2549]
[Epoch 048] Global: 100%|#################| 1700/1700 [00:42<00:00, 40.46seq-pass/s, batch=27/27, phase=train]
[Epoch 048] Sleep: 100%|############| 20/20 [00:00<00:00, 25.19step/s, actions=0, phase=light, pressure=0.141]
[MemoryTree][048/050] wake/event=2.681270 sleep_residual_utility=0.013715 writes=2549 memorize=32 queue_split=38764 wake_actions=A97143/R61/M32/Q38764 novelty=0.0179 weighted_sim=0.9642 wm_grad_max=4.390e+00 global/event=2.676146 mix_diag=2.9394 global_steps=27 prior_KL=8.575e-02 seq_H_cond=0.4186 seq_H_marg=0.6053 seq_MI=1.868e-01 post_KL_diag=3.853e-01 branch_distill=2.997e-01 probe=5.950e+00/0.717->0.722/1.236/0.478 frontier=6.96/12.93/5.96 enc_gate=0.286 enc_scale=0.023 teacher_conf=0.286 teacher_JS=8.194e-02 max_mass=0.1202 owner_hard=[0, 0, 0, 134, 0, 0, 293, 0, 0, 0, 7, 0, 414, 0, 0, 0, 0, 64, 0, 125, 19, 198, 446, 0, 0, 0, 0, 0, 0, 0, 0] mem_assign=[560, 890, 480, 10402, 190, 460, 13457, 4174, 176, 727, 4561, 5890, 20712, 431, 274, 3384, 4039, 6073, 2644, 12943, 5585, 17059, 19810, 83, 106, 167, 182, 528, 12, 1, 0] topology_prune=on leaves=16 sleep_mode=light light_absorb=3 deep_probability=0.141 topology_action=null topology_gain=0.000e+00 topology_candidates=0 collapsed=0 topology_lambda=0.000e+00 time=W116.8/G42.0/S0.9s cache=0/1700 cuda_peak=7102MiB sleep_actions=[]
[Epoch 049] Wake: 100%|#########| 1700/1700 [01:57<00:00, 14.52seq/s, events=136000, loss=2.6855, writes=2159]
[Epoch 049] Global: 100%|#################| 1700/1700 [00:42<00:00, 40.39seq-pass/s, batch=27/27, phase=train]
[Epoch 049] Sleep: 100%|#############| 20/20 [01:00<00:00,  3.03s/step, actions=2, phase=deep, pressure=0.214]
[MemoryTree][049/050] wake/event=2.685560 sleep_residual_utility=0.013459