Using device: cuda
DataFrame shape: (1700, 3)
Columns: ['event_times', 'event_types', 'cluster']
加载了 1700 个序列
检测到 8 种事件类型: [0, 1, 2, 3, 4, 5, 6, 7]
第一个序列长度: 80
[Hawkes Cold Start][001/010] train_nll/event=4.273062 val_nll/event=3.740769 max_grad=1.7795
[Hawkes Cold Start][002/010] train_nll/event=3.405243 val_nll/event=3.259835 max_grad=0.5574
[Hawkes Cold Start][003/010] train_nll/event=3.097862 val_nll/event=3.072356 max_grad=0.2723
[Hawkes Cold Start][004/010] train_nll/event=2.981458 val_nll/event=3.004127 max_grad=0.1706
[Hawkes Cold Start][005/010] train_nll/event=2.938245 val_nll/event=2.976134 max_grad=0.1754
[Hawkes Cold Start][006/010] train_nll/event=2.918717 val_nll/event=2.961527 max_grad=0.1807
[Hawkes Cold Start][007/010] train_nll/event=2.908339 val_nll/event=2.953137 max_grad=0.1811
[Hawkes Cold Start][008/010] train_nll/event=2.902360 val_nll/event=2.948058 max_grad=0.1843
[Hawkes Cold Start][009/010] train_nll/event=2.898798 val_nll/event=2.945133 max_grad=0.1862
[Hawkes Cold Start][010/010] train_nll/event=2.896611 val_nll/event=2.943036 max_grad=0.1869
[Hawkes Cold Start] checkpoint saved to /home/xinye/HawkesMemory_wfy/checkpoints/hawkes_backbone_init.pt
[Hawkes Cold Start] spectral_radius=0.756667, min_mu=8.554223e-03
[H_tree] initialized 33/33 node_emb from /home/xinye/HawkesMemory_wfy/Data/tree_17/h_tree_one_circle.pt
[Routing] mode=active_frontier frontier=2..7 temperature=1.100 exploration=0.000

[Residual init]:   0%|          | 0/1700 [00:00<?, ?seq/s]
[Residual init]:   2%|▏         | 28/1700 [00:00<00:06, 274.94seq/s]
[Residual init]:   4%|▍         | 64/1700 [00:00<00:05, 320.54seq/s]
[Residual init]:   6%|▌         | 99/1700 [00:00<00:04, 333.84seq/s]
[Residual init]:   8%|▊         | 135/1700 [00:00<00:04, 341.05seq/s]
[Residual init]:  10%|█         | 170/1700 [00:00<00:04, 338.98seq/s]
[Residual init]:  12%|█▏        | 206/1700 [00:00<00:04, 343.77seq/s]
[Residual init]:  14%|█▍        | 242/1700 [00:00<00:04, 346.17seq/s]
[Residual init]:  16%|█▋        | 278/1700 [00:00<00:04, 349.98seq/s]
[Residual init]:  18%|█▊        | 314/1700 [00:00<00:03, 350.31seq/s]
[Residual init]:  21%|██        | 350/1700 [00:01<00:03, 351.47seq/s]
[Residual init]:  23%|██▎       | 386/1700 [00:01<00:03, 350.22seq/s]
[Residual init]:  25%|██▍       | 422/1700 [00:01<00:03, 350.41seq/s]
[Residual init]:  27%|██▋       | 458/1700 [00:01<00:03, 348.99seq/s]
[Residual init]:  29%|██▉       | 493/1700 [00:01<00:03, 345.14seq/s]
[Residual init]:  31%|███       | 530/1700 [00:01<00:03, 350.66seq/s]
[Residual init]:  33%|███▎      | 566/1700 [00:01<00:03, 352.11seq/s]
[Residual init]:  35%|███▌      | 602/1700 [00:01<00:03, 352.19seq/s]
[Residual init]:  38%|███▊      | 638/1700 [00:01<00:03, 350.22seq/s]
[Residual init]:  40%|███▉      | 674/1700 [00:01<00:02, 352.82seq/s]
[Residual init]:  42%|████▏     | 710/1700 [00:02<00:02, 354.72seq/s]
[Residual init]:  44%|████▍     | 746/1700 [00:02<00:02, 354.21seq/s]
[Residual init]:  46%|████▌     | 782/1700 [00:02<00:02, 354.57seq/s]
[Residual init]:  48%|████▊     | 818/1700 [00:02<00:02, 354.84seq/s]
[Residual init]:  50%|█████     | 854/1700 [00:02<00:02, 353.12seq/s]
[Residual init]:  52%|█████▏    | 890/1700 [00:02<00:02, 353.29seq/s]
[Residual init]:  54%|█████▍    | 926/1700 [00:02<00:02, 352.79seq/s]
[Residual init]:  57%|█████▋    | 962/1700 [00:02<00:02, 353.84seq/s]
[Residual init]:  59%|█████▊    | 998/1700 [00:02<00:01, 353.46seq/s]
[Residual init]:  61%|██████    | 1034/1700 [00:02<00:01, 346.76seq/s]
[Residual init]:  63%|██████▎   | 1070/1700 [00:03<00:01, 348.02seq/s]
[Residual init]:  65%|██████▌   | 1106/1700 [00:03<00:01, 350.82seq/s]
[Residual init]:  67%|██████▋   | 1142/1700 [00:03<00:01, 352.39seq/s]
[Residual init]:  69%|██████▉   | 1178/1700 [00:03<00:01, 351.81seq/s]
[Residual init]:  71%|███████▏  | 1214/1700 [00:03<00:01, 352.24seq/s]
[Residual init]:  74%|███████▎  | 1250/1700 [00:03<00:01, 352.26seq/s]
[Residual init]:  76%|███████▌  | 1286/1700 [00:03<00:01, 350.28seq/s]
[Residual init]:  78%|███████▊  | 1322/1700 [00:03<00:01, 351.39seq/s]
[Residual init]:  80%|███████▉  | 1358/1700 [00:03<00:00, 352.59seq/s]
[Residual init]:  82%|████████▏ | 1394/1700 [00:03<00:00, 352.82seq/s]
[Residual init]:  84%|████████▍ | 1430/1700 [00:04<00:00, 351.83seq/s]
[Residual init]:  86%|████████▌ | 1466/1700 [00:04<00:00, 351.13seq/s]
[Residual init]:  88%|████████▊ | 1502/1700 [00:04<00:00, 351.32seq/s]
[Residual init]:  90%|█████████ | 1538/1700 [00:04<00:00, 352.06seq/s]
[Residual init]:  93%|█████████▎| 1574/1700 [00:04<00:00, 345.99seq/s]
[Residual init]:  95%|█████████▍| 1609/1700 [00:04<00:00, 346.73seq/s]
[Residual init]:  97%|█████████▋| 1644/1700 [00:04<00:00, 347.30seq/s]
[Residual init]:  99%|█████████▉| 1680/1700 [00:04<00:00, 349.15seq/s]
[Residual init]: 100%|██████████| 1700/1700 [00:04<00:00, 349.32seq/s]
[Residual Initialization] sequences=1700 rank=4 grad_norm=5.301e+00/9.817e+00/1.504e+01 clipped=0.000 membership=[100.0, 100.0, 100.0, 100.0, 100.0, 100.0, 100.0, 100.0, 100.0, 100.0, 100.0, 100.0, 100.0, 100.0, 100.0, 100.0, 100.0] target_mass=[0.05882352963089943, 0.05882352963089943, 0.05882352963089943, 0.05882352963089943, 0.05882352963089943, 0.05882352963089943, 0.05882352963089943, 0.05882352963089943, 0.05882352963089943, 0.05882352963089943, 0.05882352963089943, 0.05882352963089943, 0.05882352963089943, 0.05882352963089943, 0.05882352963089943, 0.05882352963089943, 0.05882352963089943]
[Initialization] mode=residual_signature semantic_blend=0.0000 semantic_delta_mean=1.8265e-02 semantic_delta_max=2.7678e-01 offset_mode=path_additive route_balance=0.1000
[Symmetry] mode=residual_signature router_gain=0.0500 router_norm_mean=7.3961e-02 leaf_delta_mean=2.3055e-02 leaf_mean_error=9.537e-07 spectral_radius=[0.751336,0.762674]

[H-align 01/05]:   0%|          | 0/107 [00:00<?, ?batch/s]
[H-align 01/05]:   7%|▋         | 8/107 [00:00<00:01, 74.09batch/s, acc=0.609, loss=0.663]
[H-align 01/05]:  16%|█▌        | 17/107 [00:00<00:01, 83.06batch/s, acc=0.628, loss=0.656]
[H-align 01/05]:  24%|██▍       | 26/107 [00:00<00:00, 85.44batch/s, acc=0.626, loss=0.653]
[H-align 01/05]:  34%|███▎      | 36/107 [00:00<00:00, 87.61batch/s, acc=0.622, loss=0.653]
[H-align 01/05]:  42%|████▏     | 45/107 [00:00<00:00, 87.33batch/s, acc=0.623, loss=0.651]
[H-align 01/05]:  51%|█████▏    | 55/107 [00:00<00:00, 88.43batch/s, acc=0.629, loss=0.647]
[H-align 01/05]:  61%|██████    | 65/107 [00:00<00:00, 89.14batch/s, acc=0.627, loss=0.647]
[H-align 01/05]:  70%|███████   | 75/107 [00:00<00:00, 89.92batch/s, acc=0.626, loss=0.648]
[H-align 01/05]:  79%|███████▉  | 85/107 [00:00<00:00, 90.40batch/s, acc=0.627, loss=0.648]
[H-align 01/05]:  89%|████████▉ | 95/107 [00:01<00:00, 90.33batch/s, acc=0.628, loss=0.646]
[H-align 01/05]:  98%|█████████▊| 105/107 [00:01<00:00, 90.59batch/s, acc=0.634, loss=0.642]
[H-align 01/05]: 100%|██████████| 107/107 [00:01<00:00, 88.75batch/s, acc=0.634, loss=0.641]
[H-align] epoch=1/5 loss=0.641366 acc=0.6343 p_target=0.5466 confidence=1.0000 grad_max=8.154e-01

[H-align 02/05]:   0%|          | 0/107 [00:00<?, ?batch/s]
[H-align 02/05]:   9%|▉         | 10/107 [00:00<00:01, 90.69batch/s, acc=0.724, loss=0.528]
[H-align 02/05]:  19%|█▊        | 20/107 [00:00<00:00, 90.13batch/s, acc=0.717, loss=0.53] 
[H-align 02/05]:  28%|██▊       | 30/107 [00:00<00:00, 90.29batch/s, acc=0.728, loss=0.51]
[H-align 02/05]:  37%|███▋      | 40/107 [00:00<00:00, 90.12batch/s, acc=0.745, loss=0.486]
[H-align 02/05]:  47%|████▋     | 50/107 [00:00<00:00, 90.04batch/s, acc=0.753, loss=0.468]
[H-align 02/05]:  56%|█████▌    | 60/107 [00:00<00:00, 89.94batch/s, acc=0.763, loss=0.451]
[H-align 02/05]:  65%|██████▌   | 70/107 [00:00<00:00, 90.48batch/s, acc=0.772, loss=0.437]
[H-align 02/05]:  75%|███████▍  | 80/107 [00:00<00:00, 89.43batch/s, acc=0.782, loss=0.42] 
[H-align 02/05]:  84%|████████▍ | 90/107 [00:00<00:00, 90.19batch/s, acc=0.794, loss=0.402]
[H-align 02/05]:  93%|█████████▎| 100/107 [00:01<00:00, 90.37batch/s, acc=0.805, loss=0.386]
[H-align 02/05]: 100%|██████████| 107/107 [00:01<00:00, 90.31batch/s, acc=0.811, loss=0.376]
[H-align] epoch=2/5 loss=0.376290 acc=0.8107 p_target=0.7379 confidence=1.0000 grad_max=3.830e+00

[H-align 03/05]:   0%|          | 0/107 [00:00<?, ?batch/s]
[H-align 03/05]:   8%|▊         | 9/107 [00:00<00:01, 89.76batch/s, acc=0.919, loss=0.2]
[H-align 03/05]:  17%|█▋        | 18/107 [00:00<00:01, 88.17batch/s, acc=0.921, loss=0.194]
[H-align 03/05]:  25%|██▌       | 27/107 [00:00<00:00, 88.84batch/s, acc=0.923, loss=0.19] 
[H-align 03/05]:  35%|███▍      | 37/107 [00:00<00:00, 89.31batch/s, acc=0.93, loss=0.177]
[H-align 03/05]:  43%|████▎     | 46/107 [00:00<00:00, 89.18batch/s, acc=0.936, loss=0.168]
[H-align 03/05]:  52%|█████▏    | 56/107 [00:00<00:00, 90.16batch/s, acc=0.941, loss=0.157]
[H-align 03/05]:  62%|██████▏   | 66/107 [00:00<00:00, 90.35batch/s, acc=0.945, loss=0.148]
[H-align 03/05]:  71%|███████   | 76/107 [00:00<00:00, 90.70batch/s, acc=0.948, loss=0.141]
[H-align 03/05]:  80%|████████  | 86/107 [00:00<00:00, 90.90batch/s, acc=0.951, loss=0.136]
[H-align 03/05]:  90%|████████▉ | 96/107 [00:01<00:00, 90.98batch/s, acc=0.953, loss=0.13] 
[H-align 03/05]:  99%|█████████▉| 106/107 [00:01<00:00, 90.79batch/s, acc=0.956, loss=0.123]
[H-align 03/05]: 100%|██████████| 107/107 [00:01<00:00, 90.37batch/s, acc=0.956, loss=0.123]
[H-align] epoch=3/5 loss=0.122833 acc=0.9564 p_target=0.9195 confidence=1.0000 grad_max=3.731e+00

[H-align 04/05]:   0%|          | 0/107 [00:00<?, ?batch/s]
[H-align 04/05]:   8%|▊         | 9/107 [00:00<00:01, 84.92batch/s, acc=0.984, loss=0.0546]
[H-align 04/05]:  18%|█▊        | 19/107 [00:00<00:00, 90.03batch/s, acc=0.987, loss=0.0479]
[H-align 04/05]:  27%|██▋       | 29/107 [00:00<00:00, 89.52batch/s, acc=0.988, loss=0.0457]
[H-align 04/05]:  36%|███▋      | 39/107 [00:00<00:00, 90.89batch/s, acc=0.989, loss=0.0429]
[H-align 04/05]:  46%|████▌     | 49/107 [00:00<00:00, 91.47batch/s, acc=0.989, loss=0.0418]
[H-align 04/05]:  55%|█████▌    | 59/107 [00:00<00:00, 91.80batch/s, acc=0.989, loss=0.0417]
[H-align 04/05]:  64%|██████▍   | 69/107 [00:00<00:00, 91.76batch/s, acc=0.989, loss=0.0409]
[H-align 04/05]:  74%|███████▍  | 79/107 [00:00<00:00, 91.97batch/s, acc=0.989, loss=0.0397]
[H-align 04/05]:  83%|████████▎ | 89/107 [00:00<00:00, 91.46batch/s, acc=0.99, loss=0.0378] 
[H-align 04/05]:  93%|█████████▎| 99/107 [00:01<00:00, 91.86batch/s, acc=0.99, loss=0.0373]
[H-align 04/05]: 100%|██████████| 107/107 [00:01<00:00, 91.44batch/s, acc=0.99, loss=0.0368]
[H-align] epoch=4/5 loss=0.036831 acc=0.9899 p_target=0.9780 confidence=1.0000 grad_max=1.633e+00

[H-align 05/05]:   0%|          | 0/107 [00:00<?, ?batch/s]
[H-align 05/05]:   9%|▉         | 10/107 [00:00<00:01, 91.16batch/s, acc=0.992, loss=0.0281]
[H-align 05/05]:  19%|█▊        | 20/107 [00:00<00:00, 89.05batch/s, acc=0.992, loss=0.0256]
[H-align 05/05]:  28%|██▊       | 30/107 [00:00<00:00, 90.71batch/s, acc=0.992, loss=0.0254]
[H-align 05/05]:  37%|███▋      | 40/107 [00:00<00:00, 91.37batch/s, acc=0.993, loss=0.0234]
[H-align 05/05]:  47%|████▋     | 50/107 [00:00<00:00, 91.40batch/s, acc=0.993, loss=0.0225]
[H-align 05/05]:  56%|█████▌    | 60/107 [00:00<00:00, 91.38batch/s, acc=0.994, loss=0.0217]
[H-align 05/05]:  65%|██████▌   | 70/107 [00:00<00:00, 91.41batch/s, acc=0.994, loss=0.0215]
[H-align 05/05]:  75%|███████▍  | 80/107 [00:00<00:00, 91.39batch/s, acc=0.994, loss=0.0214]
[H-align 05/05]:  84%|████████▍ | 90/107 [00:00<00:00, 91.04batch/s, acc=0.994, loss=0.0212]
[H-align 05/05]:  93%|█████████▎| 100/107 [00:01<00:00, 90.44batch/s, acc=0.994, loss=0.0205]
[H-align 05/05]: 100%|██████████| 107/107 [00:01<00:00, 90.72batch/s, acc=0.994, loss=0.0204]
[H-align] epoch=5/5 loss=0.020387 acc=0.9938 p_target=0.9877 confidence=1.0000 grad_max=7.742e-01
[H-align Complete] epochs=5 loss=0.692324->0.013900 accuracy=0.9955 p_target=0.9911 updated=encoder+router_compat frozen=hawkes+node_emb+semantics+memory

[Init] Cache:   0%|                                                                 | 0/1700 [00:00<?, ?seq/s]
[Init] Cache: 100%|#########################| 1700/1700 [00:01<00:00, 1128.15seq/s, built=1700, events=136000]
[Cache] sequences=1700 events=136000 built=1700 device=cuda time=1.507s

[Epoch 001] Wake: 100%|#########| 1700/1700 [02:13<00:00, 12.69seq/s, events=136000, loss=2.8606, writes=5751]
[Epoch 001] Global: 100%|#################| 1700/1700 [00:40<00:00, 42.34seq-pass/s, batch=27/27, phase=train]
[Epoch 001] Sleep: 100%|#############| 21/21 [00:09<00:00,  2.14step/s, actions=6, phase=deep, pressure=0.150]
[MemoryTree][001/050] wake/event=2.860674 sleep_residual_utility=0.009367 writes=5751 memorize=1996 queue_split=0 wake_actions=A93075/R40929/M1996/Q0 novelty=0.0434 weighted_sim=0.9133 wm_grad_max=3.387e+00 global/event=2.862178 mix_diag=2.8709 global_steps=27 prior_KL=1.037e-01 seq_H_cond=0.4877 seq_H_marg=0.5036 seq_MI=1.586e-02 post_KL_diag=7.981e-02 branch_distill=4.891e-01 probe=5.126e+00/0.570->0.585/0.008/0.429 frontier=5.95/10.91/4.95 enc_gate=0.027 enc_scale=0.001 teacher_conf=0.015 teacher_JS=6.253e-02 max_mass=0.0620 owner_hard=[0, 0, 0, 100, 0, 0, 0, 100, 0, 0, 0, 0, 0, 100, 100, 100, 100, 100, 0, 0, 0, 100, 0, 100, 100, 100, 0, 100, 100, 100, 100] mem_assign=[252, 31, 308, 7320, 249, 1863, 267, 8044, 194, 135, 156, 288, 283, 7052, 7973, 7491, 7780, 7099, 270, 172, 1271, 7305, 302, 8245, 7172, 7865, 931, 7660, 7849, 8234, 7216] topology_prune=off leaves=16 sleep_mode=deep light_absorb=2 deep_probability=0.150 topology_action=merge topology_gain=1.221e-02 topology_candidates=29 collapsed=0 topology_lambda=0.000e+00 time=W133.9/G40.1/S9.9s cache=0/1700 cuda_peak=7086MiB sleep_actions=['merge', 'promotion', 'promotion', 'promotion', 'promotion', 'promotion']
[Epoch 002] Wake: 100%|#########| 1700/1700 [02:16<00:00, 12.50seq/s, events=136000, loss=2.8897, writes=4868]
[Epoch 002] Global: 100%|#################| 1700/1700 [00:41<00:00, 41.18seq-pass/s, batch=27/27, phase=train]
[Epoch 002] Sleep: 100%|###########| 20/20 [00:00<00:00, 129.64step/s, actions=0, phase=light, pressure=0.175]
[MemoryTree][002/050] wake/event=2.889692 sleep_residual_utility=0.000000 writes=4868 memorize=2 queue_split=119 wake_actions=A94033/R41846/M2/Q119 novelty=0.0243 weighted_sim=0.9514 wm_grad_max=3.434e+00 global/event=2.884082 mix_diag=2.9370 global_steps=27 prior_KL=4.021e-02 seq_H_cond=0.6024 seq_H_marg=0.6034 seq_MI=1.033e-03 post_KL_diag=1.757e-01 branch_distill=1.173e-01 probe=5.553e+00/0.483->0.486/0.002/0.433 frontier=7.00/13.00/6.00 enc_gate=0.091 enc_scale=0.004 teacher_conf=0.065 teacher_JS=2.224e-02 max_mass=0.1118 owner_hard=[122, 372, 107, 0, 0, 29, 383, 0, 0, 0, 15, 1, 319, 0, 0, 0, 0, 0, 147, 31, 174, 0, 0, 0, 0, 0, 0, 0, 0, 0, 0] mem_assign=[17840, 18649, 13385, 0, 0, 3569, 25256, 0, 0, 673, 3338, 2125, 25142, 0, 0, 0, 0, 0, 9219, 4047, 12564, 0, 31, 0, 0, 0, 162, 0, 0, 0, 0] topology_prune=off leaves=16 sleep_mode=light light_absorb=0 deep_probability=0.175 topology_action=null topology_gain=0.000e+00 topology_candidates=0 collapsed=0 topology_lambda=0.000e+00 time=W136.0/G41.3/S0.3s cache=0/1700 cuda_peak=12021MiB sleep_actions=[]
[Epoch 003] Wake: 100%|#########| 1700/1700 [02:15<00:00, 12.59seq/s, events=136000, loss=2.8686, writes=3913]
[Epoch 003] Global: 100%|#################| 1700/1700 [00:40<00:00, 42.15seq-pass/s, batch=27/27, phase=train]
[Epoch 003] Sleep: 100%|#############| 20/20 [00:08<00:00,  2.35step/s, actions=5, phase=deep, pressure=0.315]
[MemoryTree][003/050] wake/event=2.868665 sleep_residual_utility=0.008085 writes=3913 memorize=290 queue_split=947 wake_actions=A94558/R40205/M290/Q947 novelty=0.0296 weighted_sim=0.9407 wm_grad_max=4.457e+00 global/event=2.829394 mix_diag=2.9521 global_steps=27 prior_KL=5.777e-02 seq_H_cond=0.6060 seq_H_marg=0.6102 seq_MI=4.203e-03 post_KL_diag=2.625e-01 branch_distill=1.830e-01 probe=6.304e+00/0.428->0.428/0.000/0.477 frontier=6.94/12.87/5.94 enc_gate=0.110 enc_scale=0.008 teacher_conf=0.106 teacher_JS=2.434e-02 max_mass=0.1338 owner_hard=[1, 219, 5, 0, 0, 12, 30, 0, 0, 0, 118, 2, 1300, 0, 0, 0, 0, 0, 0, 8, 5, 0, 0, 0, 0, 0, 0, 0, 0] mem_assign=[6926, 13620, 8004, 2272, 35, 1917, 13895, 0, 0, 319, 17015, 2771, 56194, 0, 0, 0, 0, 0, 118, 7264, 5328, 5, 37, 0, 0, 0, 280, 0, 0] topology_prune=off leaves=15 sleep_mode=deep light_absorb=1 deep_probability=0.315 topology_action=merge topology_gain=2.341e-04 topology_candidates=26 collapsed=0 topology_lambda=0.000e+00 time=W135.0/G40.3/S8.6s cache=0/1700 cuda_peak=7049MiB sleep_actions=['merge', 'promotion', 'promotion', 'promotion', 'promotion']
[Epoch 004] Wake: 100%|#########| 1700/1700 [02:17<00:00, 12.39seq/s, events=136000, loss=2.7934, writes=4762]
[Epoch 004] Global: 100%|#################| 1700/1700 [00:40<00:00, 41.53seq-pass/s, batch=27/27, phase=train]
[Epoch 004] Sleep: 100%|###########| 19/19 [00:00<00:00, 125.18step/s, actions=0, phase=light, pressure=0.211]
[MemoryTree][004/050] wake/event=2.793454 sleep_residual_utility=0.000000 writes=4762 memorize=1284 queue_split=357 wake_actions=A94850/R39509/M1284/Q357 novelty=0.0297 weighted_sim=0.9406 wm_grad_max=4.209e+00 global/event=2.778061 mix_diag=2.8871 global_steps=27 prior_KL=7.645e-02 seq_H_cond=0.5943 seq_H_marg=0.6041 seq_MI=9.758e-03 post_KL_diag=3.273e-01 branch_distill=2.284e-01 probe=7.256e+00/0.345->0.343/0.000/0.529 frontier=6.06/11.11/5.06 enc_gate=0.149 enc_scale=0.012 teacher_conf=0.155 teacher_JS=3.279e-02 max_mass=0.1060 owner_hard=[0, 0, 0, 342, 0, 91, 546, 0, 0, 0, 139, 1, 373, 0, 0, 0, 0, 0, 0, 10, 198, 0, 0, 0, 0, 0, 0, 0, 0] mem_assign=[3340, 405, 3074, 17268, 693, 11693, 39088, 3, 4, 792, 14390, 3999, 22390, 0, 0, 66, 2, 4, 226, 3771, 13810, 19, 799, 0, 0, 0, 164, 0, 0] topology_prune=off leaves=15 sleep_mode=light light_absorb=0 deep_probability=0.211 topology_action=null topology_gain=0.000e+00 topology_candidates=0 collapsed=0 topology_lambda=0.000e+00 time=W137.2/G40.9/S0.2s cache=0/1700 cuda_peak=10875MiB sleep_actions=[]
[Epoch 005] Wake: 100%|#########| 1700/1700 [02:14<00:00, 12.67seq/s, events=136000, loss=2.7587, writes=2331]
[Epoch 005] Global: 100%|#################| 1700/1700 [00:39<00:00, 42.52seq-pass/s, batch=27/27, phase=train]
[Epoch 005] Sleep: 100%|############| 19/19 [00:04<00:00,  4.61step/s, actions=0, phase=light, pressure=0.377]
[MemoryTree][005/050] wake/event=2.758710 sleep_residual_utility=0.008609 writes=2331 memorize=188 queue_split=1771 wake_actions=A95106/R38935/M188/Q1771 novelty=0.0375 weighted_sim=0.9250 wm_grad_max=3.972e+00 global/event=2.753349 mix_diag=2.8667 global_steps=27 prior_KL=7.537e-02 seq_H_cond=0.5735 seq_H_marg=0.5907 seq_MI=1.718e-02 post_KL_diag=3.271e-01 branch_distill=2.232e-01 probe=6.999e+00/0.382->0.377/0.002/0.530 frontier=5.77/10.53/4.77 enc_gate=0.170 enc_scale=0.013 teacher_conf=0.164 teacher_JS=3.556e-02 max_mass=0.1154 owner_hard=[0, 0, 0, 135, 0, 52, 1412, 0, 0, 1, 19, 35, 0, 0, 0, 0, 0, 0, 0, 0, 46, 0, 0, 0, 0, 0, 0, 0, 0] mem_assign=[1164, 1024, 878, 18238, 95, 6538, 73734, 11, 744, 3400, 7861, 4515, 4923, 61, 1, 134, 12, 99, 1043, 2835, 6217, 265, 1219, 741, 3, 1, 244, 0, 0] topology_prune=off leaves=15 sleep_mode=light light_absorb=1 deep_probability=0.377 topology_action=null topology_gain=0.000e+00 topology_candidates=24 collapsed=0 topology_lambda=0.000e+00 time=W134.2/G40.0/S4.2s cache=0/1700 cuda_peak=6334MiB sleep_actions=[]
[Epoch 006] Wake: 100%|#########| 1700/1700 [02:13<00:00, 12.71seq/s, events=136000, loss=2.7419, writes=1854]
[Epoch 006] Global: 100%|#################| 1700/1700 [00:39<00:00, 42.62seq-pass/s, batch=27/27, phase=train]
[Epoch 006] Sleep: 100%|#############| 19/19 [00:08<00:00,  2.29step/s, actions=4, phase=deep, pressure=0.238]
[MemoryTree][006/050] wake/event=2.741929 sleep_residual_utility=0.010562 writes=1854 memorize=37 queue_split=12862 wake_actions=A95235/R27866/M37/Q12862 novelty=0.0348 weighted_sim=0.9303 wm_grad_max=3.692e+00 global/event=2.750675 mix_diag=2.9539 global_steps=27 prior_KL=8.757e-02 seq_H_cond=0.5635 seq_H_marg=0.5891 seq_MI=2.565e-02 post_KL_diag=3.171e-01 branch_distill=2.255e-01 probe=7.040e+00/0.421->0.417/0.034/0.544 frontier=5.93/10.86/4.93 enc_gate=0.154 enc_scale=0.014 teacher_conf=0.168 teacher_JS=3.649e-02 max_mass=0.1084 owner_hard=[0, 0, 0, 99, 0, 0, 1160, 0, 0, 3, 34, 392, 0, 0, 0, 0, 0, 0, 0, 0, 12, 0, 0, 0, 0, 0, 0, 0, 0] mem_assign=[1514, 1661, 878, 17827, 545, 942, 59862, 53, 354, 3921, 9974, 20853, 4377, 293, 0, 497, 256, 1125, 434, 3053, 5355, 357, 1176, 290, 8, 1, 394, 0, 0] topology_prune=off leaves=15 sleep_mode=deep light_absorb=1 deep_probability=0.238 topology_action=null topology_gain=0.000e+00 topology_candidates=24 collapsed=0 topology_lambda=0.000e+00 time=W133.7/G39.9/S8.4s cache=0/1700 cuda_peak=7046MiB sleep_actions=['promotion', 'promotion', 'promotion', 'promotion']
[Epoch 007] Wake: 100%|#########| 1700/1700 [02:15<00:00, 12.56seq/s, events=136000, loss=2.7674, writes=2902]
[Epoch 007] Global: 100%|#################| 1700/1700 [00:40<00:00, 41.95seq-pass/s, batch=27/27, phase=train]
[Epoch 007] Sleep: 100%|############| 19/19 [00:00<00:00, 25.03step/s, actions=0, phase=light, pressure=0.247]
[MemoryTree][007/050] wake/event=2.767396 sleep_residual_utility=0.009389 writes=2902 memorize=221 queue_split=36041 wake_actions=A95596/R4142/M221/Q36041 novelty=0.0484 weighted_sim=0.9032 wm_grad_max=4.025e+00 global/event=2.755628 mix_diag=3.0227 global_steps=27 prior_KL=8.114e-02 seq_H_cond=0.5669 seq_H_marg=0.5960 seq_MI=2.912e-02 post_KL_diag=3.050e-01 branch_distill=2.060e-01 probe=6.769e+00/0.414->0.415/0.008/0.526 frontier=6.83/12.66/5.83 enc_gate=0.130 enc_scale=0.011 teacher_conf=0.132 teacher_JS=3.552e-02 max_mass=0.1013 owner_hard=[0, 0, 0, 39, 0, 0, 1599, 0, 0, 4, 0, 0, 0, 0, 0, 0, 0, 58, 0, 0, 0, 0, 0, 0, 0, 0, 0, 0, 0] mem_assign=[979, 1161, 1155, 15471, 2809, 2606, 85361, 8, 367, 5965, 641, 4040, 2602, 120, 0, 541, 124, 7711, 192, 105, 1123, 27, 1852, 363, 419, 6, 252, 0, 0] topology_prune=off leaves=15 sleep_mode=light light_absorb=3 deep_probability=0.247 topology_action=null topology_gain=0.000e+00 topology_candidates=0 collapsed=0 topology_lambda=0.000e+00 time=W135.3/G40.5/S0.9s cache=0/1700 cuda_peak=6984MiB sleep_actions=[]
[Epoch 008] Wake: 100%|#########| 1700/1700 [02:14<00:00, 12.61seq/s, events=136000, loss=2.7515, writes=2856]
[Epoch 008] Global: 100%|#################| 1700/1700 [00:40<00:00, 42.38seq-pass/s, batch=27/27, phase=train]
[Epoch 008] Sleep: 100%|############| 19/19 [00:00<00:00, 25.41step/s, actions=0, phase=light, pressure=0.431]
[MemoryTree][008/050] wake/event=2.751518 sleep_residual_utility=0.009199 writes=2856 memorize=26 queue_split=39985 wake_actions=A95728/R261/M26/Q39985 novelty=0.0233 weighted_sim=0.9534 wm_grad_max=4.382e+00 global/event=2.771216 mix_diag=2.9560 global_steps=27 prior_KL=3.815e-02 seq_H_cond=0.5485 seq_H_marg=0.5854 seq_MI=3.696e-02 post_KL_diag=2.912e-01 branch_distill=2.136e-01 probe=6.121e+00/0.515->0.504/0.064/0.479 frontier=6.35/11.70/5.35 enc_gate=0.133 enc_scale=0.011 teacher_conf=0.137 teacher_JS=4.175e-02 max_mass=0.0930 owner_hard=[0, 0, 0, 79, 0, 0, 1485, 0, 0, 14, 5, 96, 7, 0, 0, 0, 0, 11, 0, 0, 3, 0, 0, 0, 0, 0, 0, 0, 0] mem_assign=[1698, 2037, 1850, 14857, 840, 2797, 55292, 2272, 1293, 4542, 8764, 14206, 9923, 189, 829, 185, 240, 3210, 1295, 1699, 4430, 641, 763, 1456, 119, 0, 571, 2, 0] topology_prune=off leaves=15 sleep_mode=light light_absorb=1 deep_probability=0.431 topology_action=null topology_gain=0.000e+00 topology_candidates=0 collapsed=0 topology_lambda=0.000e+00 time=W134.9/G40.1/S0.8s cache=0/1700 cuda_peak=7040MiB sleep_actions=[]
[Epoch 009] Wake: 100%|#########| 1700/1700 [02:13<00:00, 12.73seq/s, events=136000, loss=2.7656, writes=1512]
[Epoch 009] Global: 100%|#################| 1700/1700 [00:39<00:00, 42.69seq-pass/s, batch=27/27, phase=train]
[Epoch 009] Sleep: 100%|#############| 19/19 [00:09<00:00,  2.08step/s, actions=5, phase=deep, pressure=0.570]
[MemoryTree][009/050] wake/event=2.765653 sleep_residual_utility=0.009162 writes=1512 memorize=5 queue_split=40029 wake_actions=A95863/R103/M5/Q40029 novelty=0.0294 weighted_sim=0.9411 wm_grad_max=3.998e+00 global/event=2.756124 mix_diag=2.9368 global_steps=27 prior_KL=4.398e-02 seq_H_cond=0.5436 seq_H_marg=0.5853 seq_MI=4.178e-02 post_KL_diag=2.754e-01 branch_distill=1.933e-01 probe=6.123e+00/0.525->0.519/0.104/0.480 frontier=6.02/11.05/5.02 enc_gate=0.127 enc_scale=0.010 teacher_conf=0.120 teacher_JS=3.983e-02 max_mass=0.0294 owner_hard=[0, 0, 0, 0, 0, 0, 1680, 0, 0, 0, 0, 0, 0, 0, 0, 0, 0, 20, 0, 0, 0, 0, 0, 0, 0, 0, 0, 0, 0] mem_assign=[1491, 8298, 1592, 1662, 477, 2174, 76232, 2395, 483, 1631, 6458, 5826, 6378, 4539, 832, 314, 6, 4067, 957, 1064, 4560, 129, 2403, 1373, 55, 0, 594, 10, 0] topology_prune=off leaves=15 sleep_mode=deep light_absorb=0 deep_probability=0.570 topology_action=null topology_gain=0.000e+00 topology_candidates=25 collapsed=0 topology_lambda=0.000e+00 time=W133.5/G39.8/S9.3s cache=0/1700 cuda_peak=6768MiB sleep_actions=['promotion', 'promotion', 'promotion', 'promotion', 'promotion']
[Epoch 010] Wake: 100%|#########| 1700/1700 [02:14<00:00, 12.65seq/s, events=136000, loss=2.7526, writes=1718]
[Epoch 010] Global: 100%|#################| 1700/1700 [00:40<00:00, 41.75seq-pass/s, batch=27/27, phase=train]
[Epoch 010] Sleep: 100%|############| 19/19 [00:04<00:00,  4.21step/s, actions=0, phase=light, pressure=0.265]
[MemoryTree][010/050] wake/event=2.752642 sleep_residual_utility=0.009982 writes=1718 memorize=47 queue_split=39619 wake_actions=A95873/R461/M47/Q39619 novelty=0.0272 weighted_sim=0.9457 wm_grad_max=4.114e+00 global/event=2.745920 mix_diag=3.0061 global_steps=27 prior_KL=6.320e-02 seq_H_cond=0.5247 seq_H_marg=0.5901 seq_MI=6.535e-02 post_KL_diag=2.934e-01 branch_distill=2.077e-01 probe=6.116e+00/0.566->0.562/0.190/0.483 frontier=6.47/11.95/5.47 enc_gate=0.142 enc_scale=0.011 teacher_conf=0.136 teacher_JS=4.632e-02 max_mass=0.0374 owner_hard=[0, 0, 0, 0, 0, 0, 1630, 0, 0, 0, 5, 0, 5, 0, 0, 0, 0, 60, 0, 0, 0, 0, 0, 0, 0, 0, 0, 0, 0] mem_assign=[1022, 5333, 1310, 4952, 243, 4635, 57666, 3583, 219, 2720, 8449, 8939, 17819, 3867, 238, 516, 2, 3951, 1301, 2820, 1835, 644, 1158, 1090, 304, 9, 1364, 11, 0] topology_prune=off leaves=15 sleep_mode=light light_absorb=2 deep_probability=0.265 topology_action=null topology_gain=0.000e+00 topology_candidates=25 collapsed=0 topology_lambda=0.000e+00 time=W134.4/G40.7/S4.6s cache=0/1700 cuda_peak=7030MiB sleep_actions=[]
[Epoch 011] Wake: 100%|#########| 1700/1700 [02:14<00:00, 12.66seq/s, events=136000, loss=2.7523, writes=1588]
[Epoch 011] Global: 100%|#################| 1700/1700 [00:40<00:00, 41.95seq-pass/s, batch=27/27, phase=train]
[Epoch 011] Sleep: 100%|############| 19/19 [00:00<00:00, 24.18step/s, actions=0, phase=light, pressure=0.269]
[MemoryTree][011/050] wake/event=2.752300 sleep_residual_utility=0.010185 writes=1588 memorize=265 queue_split=38782 wake_actions=A95913/R1040/M265/Q38782 novelty=0.0492 weighted_sim=0.9016 wm_grad_max=3.553e+00 global/event=2.745888 mix_diag=3.0039 global_steps=27 prior_KL=7.070e-02 seq_H_cond=0.5046 seq_H_marg=0.5892 seq_MI=8.463e-02 post_KL_diag=3.129e-01 branch_distill=2.426e-01 probe=6.366e+00/0.600->0.596/0.331/0.489 frontier=6.90/12.81/5.90 enc_gate=0.166 enc_scale=0.013 teacher_conf=0.161 teacher_JS=5.617e-02 max_mass=0.0951 owner_hard=[0, 7, 0, 27, 0, 24, 800, 17, 0, 0, 79, 89, 533, 0, 0, 0, 0, 0, 0, 124, 0, 0, 0, 0, 0, 0, 0, 0, 0] mem_assign=[1726, 6212, 1264, 6309, 385, 5647, 30054, 6104, 179, 861, 6977, 12509, 27400, 2239, 900, 537, 156, 1008, 1285, 13646, 2771, 3188, 285, 789, 47, 557, 1843, 995, 127] topology_prune=off leaves=15 sleep_mode=light light_absorb=0 deep_probability=0.269 topology_action=null topology_gain=0.000e+00 topology_candidates=0 collapsed=0 topology_lambda=0.000e+00 time=W134.3/G40.5/S0.9s cache=0/1700 cuda_peak=7085MiB sleep_actions=[]
[Epoch 012] Wake: 100%|#########| 1700/1700 [02:13<00:00, 12.74seq/s, events=136000, loss=2.7338, writes=1393]
[Epoch 012] Global: 100%|#################| 1700/1700 [00:40<00:00, 42.38seq-pass/s, batch=27/27, phase=train]
[Epoch 012] Sleep: 100%|#############| 19/19 [00:08<00:00,  2.26step/s, actions=4, phase=deep, pressure=0.464]
[MemoryTree][012/050] wake/event=2.733782 sleep_residual_utility=0.010492 writes=1393 memorize=94 queue_split=39496 wake_actions=A95950/R460/M94/Q39496 novelty=0.0784 weighted_sim=0.8433 wm_grad_max=3.540e+00 global/event=2.742464 mix_diag=2.9760 global_steps=27 prior_KL=7.128e-02 seq_H_cond=0.4908 seq_H_marg=0.5952 seq_MI=1.043e-01 post_KL_diag=2.866e-01 branch_distill=2.372e-01 probe=5.962e+00/0.619->0.616/0.314/0.472 frontier=6.99/12.97/5.99 enc_gate=0.148 enc_scale=0.012 teacher_conf=0.146 teacher_JS=5.903e-02 max_mass=0.1033 owner_hard=[0, 3, 0, 83, 0, 0, 1198, 1, 0, 0, 0, 5, 101, 0, 0, 0, 0, 25, 0, 255, 0, 29, 0, 0, 0, 0, 0] mem_assign=[1508, 5915, 1568, 9238, 374, 3353, 35535, 4524, 147, 669, 4706, 8249, 18462, 1551, 265, 1774, 240, 3655, 1014, 17657, 2649, 8378, 117, 1817, 128, 1037, 765] topology_prune=off leaves=14 sleep_mode=deep light_absorb=3 deep_probability=0.464 topology_action=merge topology_gain=6.322e-03 topology_candidates=25 collapsed=0 topology_lambda=0.000e+00 time=W133.4/G40.1/S8.5s cache=0/1700 cuda_peak=7085MiB sleep_actions=['merge', 'promotion', 'promotion', 'promotion']
[Epoch 013] Wake: 100%|#########| 1700/1700 [02:14<00:00, 12.62seq/s, events=136000, loss=2.7407, writes=2005]
[Epoch 013] Global: 100%|#################| 1700/1700 [00:41<00:00, 41.29seq-pass/s, batch=27/27, phase=train]
[Epoch 013] Sleep: 100%|#############| 18/18 [00:06<00:00,  2.80step/s, actions=3, phase=deep, pressure=0.274]
[MemoryTree][013/050] wake/event=2.740741 sleep_residual_utility=0.000000 writes=2005 memorize=20 queue_split=39620 wake_actions=A96083/R277/M20/Q39620 novelty=0.0552 weighted_sim=0.8897 wm_grad_max=3.786e+00 global/event=2.745535 mix_diag=2.9898 global_steps=27 prior_KL=9.906e-02 seq_H_cond=0.4818 seq_H_marg=0.5809 seq_MI=9.902e-02 post_KL_diag=2.977e-01 branch_distill=2.241e-01 probe=6.466e+00/0.587->0.584/0.287/0.560 frontier=6.99/12.97/5.99 enc_gate=0.162 enc_scale=0.013 teacher_conf=0.161 teacher_JS=5.913e-02 max_mass=0.0932 owner_hard=[0, 22, 0, 95, 0, 0, 414, 2, 0, 0, 0, 40, 791, 0, 0, 7, 0, 104, 0, 152, 0, 68, 0, 0, 4] mem_assign=[2022, 7892, 1934, 8915, 893, 2949, 20328, 3413, 113, 876, 4791, 10012, 28166, 1116, 712, 3591, 154, 4755, 472, 13739, 2121, 6587, 1148, 1820, 4683] topology_prune=on leaves=13 sleep_mode=deep light_absorb=0 deep_probability=0.274 topology_action=merge topology_gain=1.421e-02 topology_candidates=23 collapsed=0 topology_lambda=0.000e+00 time=W134.7/G41.2/S6.5s cache=0/1700 cuda_peak=12508MiB sleep_actions=['merge', 'promotion', 'promotion']
[Epoch 014] Wake: 100%|#########| 1700/1700 [02:14<00:00, 12.59seq/s, events=136000, loss=2.7353, writes=1935]
[Epoch 014] Global: 100%|#################| 1700/1700 [00:41<00:00, 41.07seq-pass/s, batch=27/27, phase=train]
[Epoch 014] Sleep: 100%|###########| 17/17 [00:00<00:00, 111.30step/s, actions=0, phase=light, pressure=0.276]
[MemoryTree][014/050] wake/event=2.735321 sleep_residual_utility=0.000000 writes=1935 memorize=263 queue_split=39514 wake_actions=A95990/R233/M263/Q39514 novelty=0.0250 weighted_sim=0.9500 wm_grad_max=3.640e+00 global/event=2.752145 mix_diag=2.9119 global_steps=27 prior_KL=8.873e-02 seq_H_cond=0.4252 seq_H_marg=0.5664 seq_MI=1.412e-01 post_KL_diag=3.117e-01 branch_distill=2.592e-01 probe=6.306e+00/0.576->0.575/0.364/0.572 frontier=6.97/12.94/5.97 enc_gate=0.188 enc_scale=0.013 teacher_conf=0.173 teacher_JS=7.555e-02 max_mass=0.0931 owner_hard=[0, 0, 0, 256, 0, 3, 10, 0, 0, 0, 101, 5, 1047, 0, 0, 2, 0, 0, 52, 92, 0, 130, 2, 0, 0] mem_assign=[1092, 4067, 838, 13205, 703, 4235, 8031, 2545, 140, 478, 7177, 9764, 36832, 287, 1186, 2997, 223, 438, 4596, 13972, 2996, 8208, 3488, 2425, 6077] topology_prune=on leaves=13 sleep_mode=light light_absorb=0 deep_probability=0.276 topology_action=null topology_gain=0.000e+00 topology_candidates=0 collapsed=0 topology_lambda=0.000e+00 time=W135.0/G41.4/S0.2s cache=0/1700 cuda_peak=12901MiB sleep_actions=[]
[Epoch 015] Wake: 100%|#########| 1700/1700 [02:15<00:00, 12.58seq/s, events=136000, loss=2.7311, writes=2790]
[Epoch 015] Global: 100%|#################| 1700/1700 [00:39<00:00, 42.61seq-pass/s, batch=27/27, phase=train]
[Epoch 015] Sleep: 100%|#############| 17/17 [00:08<00:00,  2.06step/s, actions=5, phase=deep, pressure=0.475]
[MemoryTree][015/050] wake/event=2.731115 sleep_residual_utility=0.011549 writes=2790 memorize=43 queue_split=39848 wake_actions=A95937/R172/M43/Q39848 novelty=0.0230 weighted_sim=0.9540 wm_grad_max=3.608e+00 global/event=2.747879 mix_diag=2.9508 global_steps=27 prior_KL=8.066e-02 seq_H_cond=0.4224 seq_H_marg=0.5839 seq_MI=1.615e-01 post_KL_diag=3.165e-01 branch_distill=2.718e-01 probe=6.145e+00/0.600->0.596/0.424/0.561 frontier=6.98/12.97/5.98 enc_gate=0.176 enc_scale=0.014 teacher_conf=0.176 teacher_JS=7.884e-02 max_mass=0.1324 owner_hard=[0, 4, 0, 271, 0, 0, 0, 0, 0, 0, 18, 1, 1063, 0, 0, 8, 0, 0, 125, 190, 0, 11, 9, 0, 0] mem_assign=[779, 7222, 727, 12969, 563, 4290, 2431, 1933, 74, 969, 6105, 8706, 37493, 175, 654, 3797, 199, 11, 5243, 21961, 4377, 3799, 6303, 1964, 3256] topology_prune=on leaves=13 sleep_mode=deep light_absorb=1 deep_probability=0.475 topology_action=null topology_gain=0.000e+00 topology_candidates=23 collapsed=0 topology_lambda=0.000e+00 time=W135.1/G39.9/S8.4s cache=0/1700 cuda_peak=7081MiB sleep_actions=['promotion', 'promotion', 'promotion', 'promotion', 'promotion']
[Epoch 016] Wake: 100%|#########| 1700/1700 [02:14<00:00, 12.64seq/s, events=136000, loss=2.7420, writes=2611]
[Epoch 016] Global: 100%|#################| 1700/1700 [00:39<00:00, 42.53seq-pass/s, batch=27/27, phase=train]
[Epoch 016] Sleep: 100%|#############| 17/17 [00:08<00:00,  2.09step/s, actions=5, phase=deep, pressure=0.279]
[MemoryTree][016/050] wake/event=2.742065 sleep_residual_utility=0.013440 writes=2611 memorize=9 queue_split=39786 wake_actions=A96131/R74/M9/Q39786 novelty=0.0169 weighted_sim=0.9662 wm_grad_max=4.016e+00 global/event=2.739998 mix_diag=2.9557 global_steps=27 prior_KL=1.111e-01 seq_H_cond=0.4251 seq_H_marg=0.5761 seq_MI=1.510e-01 post_KL_diag=3.340e-01 branch_distill=2.802e-01 probe=6.519e+00/0.642->0.637/0.603/0.605 frontier=6.97/12.93/5.97 enc_gate=0.225 enc_scale=0.017 teacher_conf=0.215 teacher_JS=8.220e-02 max_mass=0.1947 owner_hard=[0, 48, 0, 157, 0, 15, 0, 0, 0, 0, 36, 7, 171, 0, 0, 91, 0, 0, 18, 952, 1, 63, 141, 0, 0] mem_assign=[747, 8695, 628, 7876, 508, 5632, 1894, 2022, 170, 820, 4308, 5679, 17542, 178, 607, 4790, 422, 0, 2320, 31576, 5259, 9298, 18130, 4063, 2836] topology_prune=on leaves=13 sleep_mode=deep light_absorb=0 deep_probability=0.279 topology_action=null topology_gain=0.000e+00 topology_candidates=23 collapsed=0 topology_lambda=0.000e+00 time=W134.5/G40.0/S8.2s cache=0/1700 cuda_peak=7090MiB sleep_actions=['promotion', 'promotion', 'promotion', 'promotion', 'promotion']
[Epoch 017] Wake: 100%|#########| 1700/1700 [02:13<00:00, 12.71seq/s, events=136000, loss=2.7399, writes=1916]
[Epoch 017] Global: 100%|#################| 1700/1700 [00:39<00:00, 42.61seq-pass/s, batch=27/27, phase=train]
[Epoch 017] Sleep: 100%|############| 17/17 [00:00<00:00, 23.16step/s, actions=0, phase=light, pressure=0.280]
[MemoryTree][017/050] wake/event=2.739941 sleep_residual_utility=0.013819 writes=1916 memorize=20 queue_split=39640 wake_actions=A96063/R277/M20/Q39640 novelty=0.0178 weighted_sim=0.9644 wm_grad_max=3.781e+00 global/event=2.733960 mix_diag=2.9602 global_steps=27 prior_KL=7.816e-02 seq_H_cond=0.4295 seq_H_marg=0.5763 seq_MI=1.468e-01 post_KL_diag=3.497e-01 branch_distill=2.676e-01 probe=6.457e+00/0.646->0.645/0.728/0.569 frontier=7.00/13.00/6.00 enc_gate=0.207 enc_scale=0.016 teacher_conf=0.202 teacher_JS=7.765e-02 max_mass=0.1486 owner_hard=[0, 30, 0, 223, 0, 4, 5, 0, 0, 0, 0, 145, 0, 0, 0, 21, 0, 0, 174, 614, 5, 472, 4, 3, 0] mem_assign=[1596, 9599, 1128, 8751, 282, 4303, 7450, 1743, 286, 923, 2197, 14089, 3364, 41, 25, 2262, 732, 466, 6778, 23604, 7341, 22272, 7865, 7000, 1903] topology_prune=on leaves=13 sleep_mode=light light_absorb=1 deep_probability=0.280 topology_action=null topology_gain=0.000e+00 topology_candidates=0 collapsed=0 topology_lambda=0.000e+00 time=W133.8/G39.9/S0.8s cache=0/1700 cuda_peak=7090MiB sleep_actions=[]
[Epoch 018] Wake: 100%|##########| 1700/1700 [02:12<00:00, 12.82seq/s, events=136000, loss=2.7368, writes=814]
[Epoch 018] Global: 100%|#################| 1700/1700 [00:39<00:00, 42.60seq-pass/s, batch=27/27, phase=train]
[Epoch 018] Sleep: 100%|############| 17/17 [00:00<00:00, 23.02step/s, actions=0, phase=light, pressure=0.481]
[MemoryTree][018/050] wake/event=2.736778 sleep_residual_utility=0.013475 writes=814 memorize=7 queue_split=39733 wake_actions=A96220/R40/M7/Q39733 novelty=0.0160 weighted_sim=0.9680 wm_grad_max=3.490e+00 global/event=2.734341 mix_diag=2.9812 global_steps=27 prior_KL=9.051e-02 seq_H_cond=0.4421 seq_H_marg=0.5896 seq_MI=1.474e-01 post_KL_diag=3.452e-01 branch_distill=2.726e-01 probe=6.559e+00/0.672->0.672/0.882/0.589 frontier=6.99/12.99/5.99 enc_gate=0.232 enc_scale=0.018 teacher_conf=0.234 teacher_JS=7.843e-02 max_mass=0.1057 owner_hard=[0, 114, 0, 115, 0, 34, 25, 0, 0, 0, 18, 25, 13, 0, 0, 33, 0, 0, 176, 169, 44, 598, 55, 263, 18] mem_assign=[1503, 9111, 1204, 6925, 292, 6609, 7475, 2186, 328, 929, 4922, 7974, 6904, 246, 646, 3463, 439, 342, 5293, 12545, 10189, 18245, 7252, 13635, 7343] topology_prune=on leaves=13 sleep_mode=light light_absorb=1 deep_probability=0.481 topology_action=null topology_gain=0.000e+00 topology_candidates=0 collapsed=0 topology_lambda=0.000e+00 time=W132.6/G39.9/S0.8s cache=0/1700 cuda_peak=7088MiB sleep_actions=[]
[Epoch 019] Wake: 100%|#########| 1700/1700 [02:13<00:00, 12.71seq/s, events=136000, loss=2.7182, writes=1443]
[Epoch 019] Global: 100%|#################| 1700/1700 [00:40<00:00, 42.35seq-pass/s, batch=27/27, phase=train]
[Epoch 019] Sleep: 100%|############| 17/17 [00:00<00:00, 22.50step/s, actions=0, phase=light, pressure=0.625]
[MemoryTree][019/050] wake/event=2.718252 sleep_residual_utility=0.013464 writes=1443 memorize=4 queue_split=39610 wake_actions=A96385/R1/M4/Q39610 novelty=0.0193 weighted_sim=0.9613 wm_grad_max=4.063e+00 global/event=2.727252 mix_diag=2.9570 global_steps=27 prior_KL=9.489e-02 seq_H_cond=0.4430 seq_H_marg=0.5810 seq_MI=1.380e-01 post_KL_diag=3.525e-01 branch_distill=2.882e-01 probe=6.358e+00/0.672->0.671/0.854/0.580 frontier=6.97/12.95/5.97 enc_gate=0.262 enc_scale=0.020 teacher_conf=0.252 teacher_JS=7.968e-02 max_mass=0.1133 owner_hard=[0, 0, 0, 371, 0, 17, 186, 0, 0, 0, 6, 363, 18, 0, 0, 14, 0, 0, 61, 278, 31, 336, 2, 13, 4] mem_assign=[888, 1409, 501, 15666, 274, 6248, 12387, 2706, 93, 706, 3649, 20642, 8792, 39, 15, 3292, 338, 193, 3518, 15715, 8714, 15283, 3421, 6120, 5391] topology_prune=on leaves=13 sleep_mode=light light_absorb=1 deep_probability=0.625 topology_action=null topology_gain=0.000e+00 topology_candidates=0 collapsed=0 topology_lambda=0.000e+00 time=W133.8/G40.1/S0.8s cache=0/1700 cuda_peak=7089MiB sleep_actions=[]
[Epoch 020] Wake: 100%|#########| 1700/1700 [02:12<00:00, 12.81seq/s, events=136000, loss=2.7312, writes=1178]
[Epoch 020] Global: 100%|#################| 1700/1700 [00:39<00:00, 42.67seq-pass/s, batch=27/27, phase=train]
[Epoch 020] Sleep: 100%|#############| 17/17 [00:08<00:00,  1.94step/s, actions=4, phase=deep, pressure=0.730]
[MemoryTree][020/050] wake/event=2.731190 sleep_residual_utility=0.013291 writes=1178 memorize=25 queue_split=39638 wake_actions=A96319/R18/M25/Q39638 novelty=0.0290 weighted_sim=0.9419 wm_grad_max=4.233e+00 global/event=2.727629 mix_diag=2.9379 global_steps=27 prior_KL=9.799e-02 seq_H_cond=0.4573 seq_H_marg=0.5783 seq_MI=1.210e-01 post_KL_diag=3.552e-01 branch_distill=2.741e-01 probe=6.258e+00/0.679->0.679/0.894/0.585 frontier=7.00/13.00/6.00 enc_gate=0.244 enc_scale=0.020 teacher_conf=0.246 teacher_JS=7.478e-02 max_mass=0.1172 owner_hard=[0, 11, 0, 196, 0, 0, 721, 0, 0, 0, 0, 197, 0, 0, 0, 0, 0, 0, 246, 218, 60, 24, 1, 12, 14] mem_assign=[970, 5028, 1018, 11443, 220, 3082, 23162, 2022, 316, 1083, 1071, 17401, 3452, 15, 0, 2151, 826, 790, 10952, 15587, 11932, 7152, 2797, 5435, 8095] topology_prune=on leaves=13 sleep_mode=deep light_absorb=1 deep_probability=0.730 topology_action=null topology_gain=0.000e+00 topology_candidates=23 collapsed=0 topology_lambda=0.000e+00 time=W132.8/G39.8/S8.9s cache=0/1700 cuda_peak=7090MiB sleep_actions=['promotion', 'promotion', 'promotion', 'promotion']
[Epoch 021] Wake: 100%|##########| 1700/1700 [02:12<00:00, 12.85seq/s, events=136000, loss=2.7316, writes=898]
[Epoch 021] Global: 100%|#################| 1700/1700 [00:40<00:00, 42.41seq-pass/s, batch=27/27, phase=train]
[Epoch 021] Sleep: 100%|############| 17/17 [00:00<00:00, 22.60step/s, actions=0, phase=light, pressure=0.282]
[MemoryTree][021/050] wake/event=2.731656 sleep_residual_utility=0.011439 writes=898 memorize=24 queue_split=39441 wake_actions=A96508/R27/M24/Q39441 novelty=0.0258 weighted_sim=0.9484 wm_grad_max=3.708e+00 global/event=2.749930 mix_diag=2.9489 global_steps=27 prior_KL=9.948e-02 seq_H_cond=0.4551 seq_H_marg=0.5810 seq_MI=1.259e-01 post_KL_diag=3.466e-01 branch_distill=2.832e-01 probe=6.246e+00/0.703->0.704/0.990/0.595 frontier=6.99/12.98/5.99 enc_gate=0.261 enc_scale=0.020 teacher_conf=0.259 teacher_JS=7.737e-02 max_mass=0.0899 owner_hard=[0, 0, 0, 236, 0, 5, 967, 0, 0, 0, 1, 193, 12, 0, 0, 2, 0, 0, 120, 101, 38, 7, 6, 1, 11] mem_assign=[1028, 1877, 921, 13613, 217, 6418, 25683, 2629, 189, 1935, 3375, 16654, 6705, 156, 189, 2589, 745, 1569, 6811, 11946, 11016, 5376, 3061, 3913, 7385] topology_prune=on leaves=13 sleep_mode=light light_absorb=2 deep_probability=0.282 topology_action=null topology_gain=0.000e+00 topology_candidates=0 collapsed=0 topology_lambda=0.000e+00 time=W132.3/G40.1/S0.8s cache=0/1700 cuda_peak=7089MiB sleep_actions=[]
[Epoch 022] Wake: 100%|#########| 1700/1700 [02:13<00:00, 12.73seq/s, events=136000, loss=2.7167, writes=1507]
[Epoch 022] Global: 100%|#################| 1700/1700 [00:40<00:00, 42.40seq-pass/s, batch=27/27, phase=train]
[Epoch 022] Sleep: 100%|#############| 17/17 [00:08<00:00,  2.12step/s, actions=4, phase=deep, pressure=0.484]
[MemoryTree][022/050] wake/event=2.716705 sleep_residual_utility=0.013638 writes=1507 memorize=7 queue_split=39330 wake_actions=A96625/R38/M7/Q39330 novelty=0.0194 weighted_sim=0.9611 wm_grad_max=4.108e+00 global/event=2.728778 mix_diag=2.9206 global_steps=27 prior_KL=1.068e-01 seq_H_cond=0.4440 seq_H_marg=0.5786 seq_MI=1.346e-01 post_KL_diag=3.508e-01 branch_distill=2.769e-01 probe=6.596e+00/0.675->0.677/0.753/0.613 frontier=6.99/12.99/5.99 enc_gate=0.266 enc_scale=0.021 teacher_conf=0.264 teacher_JS=7.885e-02 max_mass=0.1000 owner_hard=[0, 0, 0, 187, 0, 0, 1099, 0, 0, 0, 0, 130, 46, 0, 0, 0, 0, 2, 114, 68, 21, 21, 12] mem_assign=[1115, 1046, 938, 15519, 264, 791, 33161, 2263, 428, 839, 1377, 17129, 11281, 274, 157, 2451, 1380, 3953, 5530, 12217, 7864, 7658, 5761] topology_prune=on leaves=12 sleep_mode=deep light_absorb=0 deep_probability=0.484 topology_action=merge topology_gain=3.617e-03 topology_candidates=23 collapsed=0 topology_lambda=0.000e+00 time=W133.6/G40.1/S8.1s cache=0/1700 cuda_peak=7089MiB sleep_actions=['merge', 'promotion', 'promotion', 'promotion']
[Epoch 023] Wake: 100%|#########| 1700/1700 [02:14<00:00, 12.60seq/s, events=136000, loss=2.7180, writes=1182]
[Epoch 023] Global: 100%|#################| 1700/1700 [00:42<00:00, 40.28seq-pass/s, batch=27/27, phase=train]
[Epoch 023] Sleep: 100%|#############| 16/16 [00:05<00:00,  2.86step/s, actions=3, phase=deep, pressure=0.282]
[MemoryTree][023/050] wake/event=2.717996 sleep_residual_utility=0.000000 writes=1182 memorize=18 queue_split=39402 wake_actions=A96560/R20/M18/Q39402 novelty=0.0339 weighted_sim=0.9322 wm_grad_max=3.448e+00 global/event=2.722387 mix_diag=2.9512 global_steps=27 prior_KL=9.563e-02 seq_H_cond=0.4330 seq_H_marg=0.5841 seq_MI=1.511e-01 post_KL_diag=3.595e-01 branch_distill=2.808e-01 probe=6.438e+00/0.702->0.700/0.979/0.660 frontier=6.99/12.98/5.99 enc_gate=0.299 enc_scale=0.023 teacher_conf=0.289 teacher_JS=8.454e-02 max_mass=0.1004 owner_hard=[0, 0, 0, 177, 0, 0, 1158, 0, 0, 0, 0, 72, 16, 0, 0, 2, 0, 62, 15, 110, 85] mem_assign=[1409, 2019, 967, 13960, 279, 1167, 31575, 1943, 782, 441, 1671, 15423, 11000, 384, 222, 2589, 464, 9488, 3491, 14578, 13114] topology_prune=on leaves=11 sleep_mode=deep light_absorb=0 deep_probability=0.282 topology_action=merge topology_gain=1.829e-02 topology_candidates=21 collapsed=0 topology_lambda=0.000e+00 time=W134.9/G42.2/S5.7s cache=0/1700 cuda_peak=16351MiB sleep_actions=['merge', 'promotion', 'promotion']
[Epoch 024] Wake: 100%|#########| 1700/1700 [02:16<00:00, 12.48seq/s, events=136000, loss=2.7113, writes=2591]
[Epoch 024] Global: 100%|#################| 1700/1700 [00:42<00:00, 40.41seq-pass/s, batch=27/27, phase=train]
[Epoch 024] Sleep: 100%|############| 15/15 [00:00<00:00, 95.60step/s, actions=0, phase=light, pressure=0.283]
[MemoryTree][024/050] wake/event=2.711340 sleep_residual_utility=0.010958 writes=2591 memorize=602 queue_split=38626 wake_actions=A96557/R215/M602/Q38626 novelty=0.0385 weighted_sim=0.9230 wm_grad_max=4.380e+00 global/event=2.726471 mix_diag=2.9495 global_steps=27 prior_KL=7.744e-02 seq_H_cond=0.4336 seq_H_marg=0.5886 seq_MI=1.551e-01 post_KL_diag=3.465e-01 branch_distill=2.826e-01 probe=6.613e+00/0.745->0.748/1.313/0.602 frontier=6.99/12.97/5.99 enc_gate=0.313 enc_scale=0.024 teacher_conf=0.300 teacher_JS=8.315e-02 max_mass=0.1662 owner_hard=[0, 1, 0, 47, 0, 0, 746, 0, 0, 0, 0, 16, 318, 0, 0, 0, 0, 167, 0, 119, 286] mem_assign=[1181, 3238, 1115, 8019, 344, 391, 28058, 1979, 756, 241, 1096, 9895, 22042, 131, 532, 2389, 415, 11795, 3264, 17222, 21897] topology_prune=on leaves=11 sleep_mode=light light_absorb=0 deep_probability=0.283 topology_action=null topology_gain=0.000e+00 topology_candidates=0 collapsed=0 topology_lambda=0.000e+00 time=W136.3/G42.1/S0.2s cache=0/1700 cuda_peak=16347MiB sleep_actions=[]
[Epoch 025] Wake: 100%|#########| 1700/1700 [02:13<00:00, 12.73seq/s, events=136000, loss=2.7509, writes=1349]
[Epoch 025] Global: 100%|#################| 1700/1700 [00:39<00:00, 42.83seq-pass/s, batch=27/27, phase=train]
[Epoch 025] Sleep: 100%|############| 15/15 [00:03<00:00,  4.37step/s, actions=0, phase=light, pressure=0.485]
[MemoryTree][025/050] wake/event=2.750893 sleep_residual_utility=0.013448 writes=1349 memorize=93 queue_split=38790 wake_actions=A96729/R388/M93/Q38790 novelty=0.0190 weighted_sim=0.9620 wm_grad_max=3.824e+00 global/event=2.725248 mix_diag=2.9285 global_steps=27 prior_KL=8.975e-02 seq_H_cond=0.4290 seq_H_marg=0.5985 seq_MI=1.696e-01 post_KL_diag=3.365e-01 branch_distill=3.039e-01 probe=6.215e+00/0.751->0.751/1.253/0.570 frontier=6.99/12.98/5.99 enc_gate=0.289 enc_scale=0.024 teacher_conf=0.291 teacher_JS=8.793e-02 max_mass=0.1689 owner_hard=[0, 0, 0, 88, 0, 0, 886, 0, 0, 0, 0, 129, 439, 0, 0, 0, 0, 85, 28, 22, 23] mem_assign=[1215, 2170, 883, 12387, 251, 936, 30568, 2610, 650, 224, 1639, 12696, 25095, 220, 611, 2286, 947, 9803, 4786, 11465, 14558] topology_prune=on leaves=11 sleep_mode=light light_absorb=3 deep_probability=0.485 topology_action=null topology_gain=0.000e+00 topology_candidates=19 collapsed=0 topology_lambda=0.000e+00 time=W133.5/G39.7/S3.5s cache=0/1700 cuda_peak=7080MiB sleep_actions=[]
[Epoch 026] Wake: 100%|#########| 1700/1700 [02:13<00:00, 12.75seq/s, events=136000, loss=2.6989, writes=1411]
[Epoch 026] Global: 100%|#################| 1700/1700 [00:39<00:00, 43.17seq-pass/s, batch=27/27, phase=train]
[Epoch 026] Sleep: 100%|############| 15/15 [00:00<00:00, 20.71step/s, actions=0, phase=light, pressure=0.283]
[MemoryTree][026/050] wake/event=2.698957 sleep_residual_utility=0.012205 writes=1411 memorize=30 queue_split=39344 wake_actions=A96579/R47/M30/Q39344 novelty=0.0191 weighted_sim=0.9619 wm_grad_max=3.978e+00 global/event=2.713406 mix_diag=2.9266 global_steps=27 prior_KL=9.707e-02 seq_H_cond=0.4285 seq_H_marg=0.5935 seq_MI=1.650e-01 post_KL_diag=3.398e-01 branch_distill=3.000e-01 probe=6.361e+00/0.762->0.764/1.412/0.580 frontier=6.99/12.98/5.99 enc_gate=0.274 enc_scale=0.025 teacher_conf=0.309 teacher_JS=8.683e-02 max_mass=0.2109 owner_hard=[0, 0, 0, 69, 0, 0, 285, 0, 0, 0, 0, 53, 851, 0, 0, 4, 0, 33, 4, 124, 277] mem_assign=[1442, 1738, 774, 7843, 561, 2047, 20872, 3866, 682, 465, 1131, 8335, 30328, 1040, 912, 2992, 2334, 5636, 3903, 15884, 23215] topology_prune=on leaves=11 sleep_mode=light light_absorb=3 deep_probability=0.283 topology_action=null topology_gain=0.000e+00 topology_candidates=0 collapsed=0 topology_lambda=0.000e+00 time=W133.3/G39.4/S0.8s cache=0/1700 cuda_peak=7083MiB sleep_actions=[]
[Epoch 027] Wake: 100%|#########| 1700/1700 [02:13<00:00, 12.77seq/s, events=136000, loss=2.6985, writes=1553]
[Epoch 027] Global: 100%|#################| 1700/1700 [00:39<00:00, 42.88seq-pass/s, batch=27/27, phase=train]
[Epoch 027] Sleep: 100%|############| 15/15 [00:00<00:00, 21.22step/s, actions=0, phase=light, pressure=0.486]
[MemoryTree][027/050] wake/event=2.698496 sleep_residual_utility=0.013704 writes=1553 memorize=56 queue_split=39307 wake_actions=A96571/R66/M56/Q39307 novelty=0.0203 weighted_sim=0.9594 wm_grad_max=3.553e+00 global/event=2.721091 mix_diag=2.8964 global_steps=27 prior_KL=8.873e-02 seq_H_cond=0.4284 seq_H_marg=0.5971 seq_MI=1.686e-01 post_KL_diag=3.345e-01 branch_distill=3.120e-01 probe=5.778e+00/0.778->0.778/1.584/0.604 frontier=6.99/12.97/5.99 enc_gate=0.296 enc_scale=0.024 teacher_conf=0.301 teacher_JS=8.981e-02 max_mass=0.1862 owner_hard=[0, 0, 0, 71, 0, 0, 601, 0, 0, 0, 0, 60, 676, 0, 0, 1, 0, 99, 1, 70, 121] mem_assign=[1172, 1074, 677, 8818, 382, 1587, 25937, 3753, 627, 225, 2754, 10239, 27277, 444, 1823, 2390, 1660, 7874, 4564, 14191, 18532] topology_prune=on leaves=11 sleep_mode=light light_absorb=1 deep_probability=0.486 topology_action=null topology_gain=0.000e+00 topology_candidates=0 collapsed=0 topology_lambda=0.000e+00 time=W133.1/G39.6/S0.8s cache=0/1700 cuda_peak=7085MiB sleep_actions=[]
[Epoch 028] Wake: 100%|#########| 1700/1700 [02:12<00:00, 12.80seq/s, events=136000, loss=2.7243, writes=1391]
[Epoch 028] Global: 100%|#################| 1700/1700 [00:39<00:00, 42.99seq-pass/s, batch=27/27, phase=train]
[Epoch 028] Sleep: 100%|############| 15/15 [00:00<00:00, 21.23step/s, actions=0, phase=light, pressure=0.631]
[MemoryTree][028/050] wake/event=2.724291 sleep_residual_utility=0.012249 writes=1391 memorize=35 queue_split=39259 wake_actions=A96610/R96/M35/Q39259 novelty=0.0185 weighted_sim=0.9630 wm_grad_max=4.237e+00 global/event=2.717612 mix_diag=2.8889 global_steps=27 prior_KL=9.263e-02 seq_H_cond=0.4318 seq_H_marg=0.5936 seq_MI=1.618e-01 post_KL_diag=3.293e-01 branch_distill=2.964e-01 probe=5.768e+00/0.760->0.757/1.379/0.594 frontier=6.99/12.98/5.99 enc_gate=0.294 enc_scale=0.022 teacher_conf=0.277 teacher_JS=8.629e-02 max_mass=0.2002 owner_hard=[0, 0, 0, 162, 0, 0, 507, 0, 0, 0, 0, 44, 762, 0, 0, 0, 0, 173, 1, 8, 43] mem_assign=[1471, 1745, 896, 12187, 278, 1055, 25461, 2496, 144, 258, 1821, 10514, 29858, 155, 693, 2522, 3122, 11208, 4433, 11394, 14289] topology_prune=on leaves=11 sleep_mode=light light_absorb=2 deep_probability=0.631 topology_action=null topology_gain=0.000e+00 topology_candidates=0 collapsed=0 topology_lambda=0.000e+00 time=W132.8/G39.5/S0.8s cache=0/1700 cuda_peak=7084MiB sleep_actions=[]
[Epoch 029] Wake: 100%|#########| 1700/1700 [02:13<00:00, 12.75seq/s, events=136000, loss=2.7321, writes=1445]
[Epoch 029] Global: 100%|#################| 1700/1700 [00:39<00:00, 42.73seq-pass/s, batch=27/27, phase=train]
[Epoch 029] Sleep: 100%|#############| 15/15 [00:07<00:00,  2.08step/s, actions=4, phase=deep, pressure=0.736]
[MemoryTree][029/050] wake/event=2.732106 sleep_residual_utility=0.012416 writes=1445 memorize=69 queue_split=39233 wake_actions=A96576/R122/M69/Q39233 novelty=0.0223 weighted_sim=0.9553 wm_grad_max=3.790e+00 global/event=2.726350 mix_diag=2.8638 global_steps=27 prior_KL=8.068e-02 seq_H_cond=0.4224 seq_H_marg=0.5937 seq_MI=1.713e-01 post_KL_diag=3.241e-01 branch_distill=3.121e-01 probe=5.665e+00/0.725->0.724/1.052/0.587 frontier=6.98/12.96/5.98 enc_gate=0.244 enc_scale=0.021 teacher_conf=0.260 teacher_JS=8.941e-02 max_mass=0.2515 owner_hard=[0, 0, 0, 30, 0, 5, 90, 0, 0, 0, 0, 1, 1180, 0, 0, 0, 0, 58, 0, 213, 123] mem_assign=[1192, 1047, 473, 8778, 296, 5423, 13436, 4781, 438, 160, 1222, 5573, 36132, 113, 834, 1061, 1184, 5905, 4241, 21011, 22700] topology_prune=on leaves=11 sleep_mode=deep light_absorb=2 deep_probability=0.736 topology_action=null topology_gain=0.000e+00 topology_candidates=19 collapsed=0 topology_lambda=0.000e+00 time=W133.3/G39.8/S7.3s cache=0/1700 cuda_peak=7082MiB sleep_actions=['promotion', 'promotion', 'promotion', 'promotion']
[Epoch 030] Wake: 100%|#########| 1700/1700 [02:12<00:00, 12.81seq/s, events=136000, loss=2.7832, writes=1838]
[Epoch 030] Global: 100%|#################| 1700/1700 [00:39<00:00, 42.79seq-pass/s, batch=27/27, phase=train]
[Epoch 030] Sleep: 100%|#############| 15/15 [00:07<00:00,  2.04step/s, actions=4, phase=deep, pressure=0.283]
[MemoryTree][030/050] wake/event=2.783246 sleep_residual_utility=0.014127 writes=1838 memorize=68 queue_split=38915 wake_actions=A96500/R517/M68/Q38915 novelty=0.0329 weighted_sim=0.9343 wm_grad_max=4.455e+00 global/event=2.741646 mix_diag=2.8371 global_steps=27 prior_KL=7.086e-02 seq_H_cond=0.4347 seq_H_marg=0.6069 seq_MI=1.722e-01 post_KL_diag=3.125e-01 branch_distill=3.089e-01 probe=5.447e+00/0.697->0.695/0.744/0.540 frontier=6.98/12.96/5.98 enc_gate=0.252 enc_scale=0.019 teacher_conf=0.239 teacher_JS=8.434e-02 max_mass=0.1994 owner_hard=[0, 0, 0, 11, 0, 18, 294, 97, 0, 0, 1, 33, 885, 0, 0, 0, 0, 46, 6, 283, 26] mem_assign=[1799, 928, 576, 5878, 608, 6849, 18201, 8252, 1230, 481, 2858, 10661, 29330, 1078, 2540, 872, 973, 4165, 4764, 19344, 14613] topology_prune=on leaves=11 sleep_mode=deep light_absorb=0 deep_probability=0.283 topology_action=null topology_gain=0.000e+00 topology_candidates=19 collapsed=0 topology_lambda=0.000e+00 time=W132.7/G39.7/S7.4s cache=0/1700 cuda_peak=7079MiB sleep_actions=['promotion', 'promotion', 'promotion', 'promotion']
[Epoch 031] Wake: 100%|#########| 1700/1700 [02:14<00:00, 12.61seq/s, events=136000, loss=2.7404, writes=2671]
[Epoch 031] Global: 100%|#################| 1700/1700 [00:39<00:00, 43.09seq-pass/s, batch=27/27, phase=train]
[Epoch 031] Sleep: 100%|############| 15/15 [00:00<00:00, 20.56step/s, actions=0, phase=light, pressure=0.283]
[MemoryTree][031/050] wake/event=2.740400 sleep_residual_utility=0.012656 writes=2671 memorize=49 queue_split=39310 wake_actions=A96310/R331/M49/Q39310 novelty=0.0192 weighted_sim=0.9616 wm_grad_max=3.462e+00 global/event=2.724147 mix_diag=2.8719 global_steps=27 prior_KL=5.977e-02 seq_H_cond=0.4392 seq_H_marg=0.5960 seq_MI=1.569e-01 post_KL_diag=3.236e-01 branch_distill=2.823e-01 probe=5.602e+00/0.658->0.658/0.557/0.559 frontier=6.95/12.90/5.95 enc_gate=0.248 enc_scale=0.019 teacher_conf=0.232 teacher_JS=7.864e-02 max_mass=0.2192 owner_hard=[0, 1, 0, 3, 0, 0, 1, 0, 0, 0, 0, 34, 157, 0, 0, 0, 0, 435, 1, 114, 954] mem_assign=[721, 4467, 1328, 2854, 514, 1497, 4595, 2067, 186, 543, 1584, 11356, 20737, 80, 1129, 1993, 2658, 17592, 5431, 20243, 34425] topology_prune=on leaves=11 sleep_mode=light light_absorb=0 deep_probability=0.283 topology_action=null topology_gain=0.000e+00 topology_candidates=0 collapsed=0 topology_lambda=0.000e+00 time=W134.8/G39.5/S0.8s cache=0/1700 cuda_peak=7079MiB sleep_actions=[]
[Epoch 032] Wake: 100%|#########| 1700/1700 [02:14<00:00, 12.62seq/s, events=136000, loss=2.7211, writes=2858]
[Epoch 032] Global: 100%|#################| 1700/1700 [00:39<00:00, 43.08seq-pass/s, batch=27/27, phase=train]
[Epoch 032] Sleep: 100%|#############| 15/15 [00:07<00:00,  1.98step/s, actions=3, phase=deep, pressure=0.486]
[MemoryTree][032/050] wake/event=2.721124 sleep_residual_utility=0.012045 writes=2858 memorize=20 queue_split=39650 wake_actions=A96239/R91/M20/Q39650 novelty=0.0219 weighted_sim=0.9561 wm_grad_max=4.407e+00 global/event=2.717071 mix_diag=2.8551 global_steps=27 prior_KL=4.956e-02 seq_H_cond=0.4365 seq_H_marg=0.5918 seq_MI=1.553e-01 post_KL_diag=3.602e-01 branch_distill=2.929e-01 probe=5.722e+00/0.667->0.668/0.646/0.609 frontier=6.99/12.97/5.99 enc_gate=0.270 enc_scale=0.021 teacher_conf=0.271 teacher_JS=7.914e-02 max_mass=0.2534 owner_hard=[0, 1, 0, 7, 0, 1, 35, 0, 0, 0, 0, 27, 539, 0, 0, 0, 0, 70, 1, 45, 974] mem_assign=[1882, 2643, 1078, 3843, 499, 5338, 8350, 2607, 1523, 825, 4117, 7235, 29446, 671, 2587, 2272, 2305, 5145, 3806, 14557, 35271] topology_prune=on leaves=11 sleep_mode=deep light_absorb=4 deep_probability=0.486 topology_action=null topology_gain=0.000e+00 topology_candidates=19 collapsed=0 topology_lambda=0.000e+00 time=W134.8/G39.5/S7.7s cache=0/1700 cuda_peak=7083MiB sleep_actions=['promotion', 'promotion', 'promotion']
[Epoch 033] Wake: 100%|#########| 1700/1700 [02:14<00:00, 12.63seq/s, events=136000, loss=2.7209, writes=3967]
[Epoch 033] Global: 100%|#################| 1700/1700 [00:39<00:00, 43.16seq-pass/s, batch=27/27, phase=train]
[Epoch 033] Sleep: 100%|#############| 15/15 [00:07<00:00,  1.98step/s, actions=3, phase=deep, pressure=0.283]
[MemoryTree][033/050] wake/event=2.720919 sleep_residual_utility=0.011554 writes=3967 memorize=50 queue_split=39320 wake_actions=A96469/R161/M50/Q39320 novelty=0.0232 weighted_sim=0.9536 wm_grad_max=3.659e+00 global/event=2.722444 mix_diag=2.8495 global_steps=27 prior_KL=6.974e-02 seq_H_cond=0.4516 seq_H_marg=0.5680 seq_MI=1.164e-01 post_KL_diag=3.706e-01 branch_distill=2.818e-01 probe=5.885e+00/0.641->0.636/0.485/0.614 frontier=6.99/12.99/5.99 enc_gate=0.306 enc_scale=0.022 teacher_conf=0.284 teacher_JS=7.710e-02 max_mass=0.2135 owner_hard=[0, 0, 0, 0, 0, 0, 449, 15, 0, 0, 18, 42, 292, 0, 1, 18, 23, 16, 23, 17, 786] mem_assign=[1326, 791, 699, 1120, 335, 3515, 21222, 5757, 2681, 592, 5041, 6443, 23344, 827, 1603, 5740, 4195, 3455, 4995, 11374, 30945] topology_prune=on leaves=11 sleep_mode=deep light_absorb=2 deep_probability=0.283 topology_action=null topology_gain=0.000e+00 topology_candidates=19 collapsed=0 topology_lambda=0.000e+00 time=W134.6/G39.4/S7.6s cache=0/1700 cuda_peak=7088MiB sleep_actions=['promotion', 'promotion', 'promotion']
[Epoch 034] Wake: 100%|#########| 1700/1700 [02:12<00:00, 12.85seq/s, events=136000, loss=2.7076, writes=1440]
[Epoch 034] Global: 100%|#################| 1700/1700 [00:39<00:00, 42.97seq-pass/s, batch=27/27, phase=train]
[Epoch 034] Sleep: 100%|############| 15/15 [00:00<00:00, 20.21step/s, actions=0, phase=light, pressure=0.283]
[MemoryTree][034/050] wake/event=2.707617 sleep_residual_utility=0.010237 writes=1440 memorize=20 queue_split=39322 wake_actions=A96590/R68/M20/Q39322 novelty=0.0190 weighted_sim=0.9619 wm_grad_max=4.352e+00 global/event=2.707356 mix_diag=2.8691 global_steps=27 prior_KL=7.389e-02 seq_H_cond=0.4305 seq_H_marg=0.5739 seq_MI=1.434e-01 post_KL_diag=3.835e-01 branch_distill=2.788e-01 probe=6.185e+00/0.672->0.666/0.677/0.572 frontier=6.97/12.94/5.97 enc_gate=0.275 enc_scale=0.024 teacher_conf=0.299 teacher_JS=7.936e-02 max_mass=0.3189 owner_hard=[0, 0, 0, 0, 0, 3, 0, 0, 0, 0, 0, 0, 669, 0, 0, 0, 0, 0, 0, 31, 997] mem_assign=[1487, 1129, 499, 1986, 217, 8227, 2458, 6173, 2268, 345, 2043, 3542, 38109, 484, 979, 475, 1504, 1556, 2781, 17351, 42387] topology_prune=on leaves=11 sleep_mode=light light_absorb=1 deep_probability=0.283 topology_action=null topology_gain=0.000e+00 topology_candidates=0 collapsed=0 topology_lambda=0.000e+00 time=W132.3/G39.6/S0.8s cache=0/1700 cuda_peak=7073MiB sleep_actions=[]
[Epoch 035] Wake: 100%|#########| 1700/1700 [02:11<00:00, 12.95seq/s, events=136000, loss=2.6899, writes=1291]
[Epoch 035] Global: 100%|#################| 1700/1700 [00:39<00:00, 43.11seq-pass/s, batch=27/27, phase=train]
[Epoch 035] Sleep: 100%|############| 15/15 [00:03<00:00,  4.21step/s, actions=0, phase=light, pressure=0.486]
[MemoryTree][035/050] wake/event=2.689883 sleep_residual_utility=0.011746 writes=1291 memorize=16 queue_split=39390 wake_actions=A96562/R32/M16/Q39390 novelty=0.0199 weighted_sim=0.9602 wm_grad_max=4.400e+00 global/event=2.698094 mix_diag=2.8284 global_steps=27 prior_KL=6.041e-02 seq_H_cond=0.4172 seq_H_marg=0.5783 seq_MI=1.611e-01 post_KL_diag=3.683e-01 branch_distill=2.776e-01 probe=6.293e+00/0.688->0.687/0.817/0.568 frontier=6.95/12.90/5.95 enc_gate=0.340 enc_scale=0.024 teacher_conf=0.307 teacher_JS=8.377e-02 max_mass=0.2676 owner_hard=[0, 0, 0, 3, 0, 16, 16, 6, 0, 0, 0, 5, 578, 0, 0, 0, 0, 26, 5, 40, 1005] mem_assign=[1391, 1443, 721, 4482, 416, 7465, 7758, 4635, 1189, 725, 1936, 4087, 32442, 1137, 2482, 2230, 904, 4496, 4746, 13901, 37414] topology_prune=on leaves=11 sleep_mode=light light_absorb=3 deep_probability=0.486 topology_action=null topology_gain=0.000e+00 topology_candidates=19 collapsed=0 topology_lambda=0.000e+00 time=W131.3/G39.4/S3.7s cache=0/1700 cuda_peak=7080MiB sleep_actions=[]
[Epoch 036] Wake: 100%|#########| 1700/1700 [02:11<00:00, 12.90seq/s, events=136000, loss=2.6943, writes=1193]
[Epoch 036] Global: 100%|#################| 1700/1700 [00:39<00:00, 43.49seq-pass/s, batch=27/27, phase=train]
[Epoch 036] Sleep: 100%|############| 15/15 [00:00<00:00, 20.72step/s, actions=0, phase=light, pressure=0.283]
[MemoryTree][036/050] wake/event=2.694268 sleep_residual_utility=0.011521 writes=1193 memorize=13 queue_split=39356 wake_actions=A96612/R19/M13/Q39356 novelty=0.0227 weighted_sim=0.9545 wm_grad_max=4.677e+00 global/event=2.688476 mix_diag=2.8716 global_steps=27 prior_KL=4.725e-02 seq_H_cond=0.4162 seq_H_marg=0.5769 seq_MI=1.607e-01 post_KL_diag=3.745e-01 branch_distill=2.694e-01 probe=6.238e+00/0.685->0.690/0.942/0.642 frontier=6.97/12.94/5.97 enc_gate=0.321 enc_scale=0.026 teacher_conf=0.320 teacher_JS=8.107e-02 max_mass=0.2771 owner_hard=[0, 1, 0, 0, 0, 0, 9, 0, 0, 0, 0, 0, 698, 0, 0, 0, 0, 32, 7, 29, 924] mem_assign=[1297, 4726, 985, 2664, 928, 618, 8016, 2321, 611, 321, 2245, 3537, 36508, 570, 1804, 2349, 1079, 4584, 6787, 15540, 38510] topology_prune=on leaves=11 sleep_mode=light light_absorb=2 deep_probability=0.283 topology_action=null topology_gain=0.000e+00 topology_candidates=0 collapsed=0 topology_lambda=0.000e+00 time=W131.7/G39.1/S0.8s cache=0/1700 cuda_peak=7084MiB sleep_actions=[]
[Epoch 037] Wake: 100%|#########| 1700/1700 [02:11<00:00, 12.88seq/s, events=136000, loss=2.6726, writes=1274]
[Epoch 037] Global: 100%|#################| 1700/1700 [00:39<00:00, 42.68seq-pass/s, batch=27/27, phase=train]
[Epoch 037] Sleep: 100%|############| 15/15 [00:00<00:00, 20.25step/s, actions=0, phase=light, pressure=0.486]
[MemoryTree][037/050] wake/event=2.672618 sleep_residual_utility=0.011702 writes=1274 memorize=30 queue_split=39366 wake_actions=A96577/R27/M30/Q39366 novelty=0.0265 weighted_sim=0.9469 wm_grad_max=4.124e+00 global/event=2.686613 mix_diag=2.8572 global_steps=27 prior_KL=4.826e-02 seq_H_cond=0.3842 seq_H_marg=0.5501 seq_MI=1.659e-01 post_KL_diag=3.692e-01 branch_distill=2.694e-01 probe=6.087e+00/0.648->0.654/0.735/0.659 frontier=6.98/12.97/5.98 enc_gate=0.318 enc_scale=0.025 teacher_conf=0.312 teacher_JS=8.601e-02 max_mass=0.2311 owner_hard=[0, 0, 0, 1, 0, 3, 197, 2, 0, 0, 3, 53, 473, 1, 1, 0, 0, 2, 54, 33, 877] mem_assign=[1183, 598, 538, 2816, 344, 5617, 17238, 3553, 1221, 1989, 3135, 8699, 25647, 1897, 2161, 2845, 1003, 1968, 8826, 12148, 32574] topology_prune=on leaves=11 sleep_mode=light light_absorb=1 deep_probability=0.486 topology_action=null topology_gain=0.000e+00 topology_candidates=0 collapsed=0 topology_lambda=0.000e+00 time=W131.9/G39.8/S0.8s cache=0/1700 cuda_peak=7085MiB sleep_actions=[]
[Epoch 038] Wake: 100%|#########| 1700/1700 [02:13<00:00, 12.78seq/s, events=136000, loss=2.6932, writes=1853]
[Epoch 038] Global: 100%|#################| 1700/1700 [00:39<00:00, 42.63seq-pass/s, batch=27/27, phase=train]
[Epoch 038] Sleep: 100%|#############| 15/15 [00:07<00:00,  2.00step/s, actions=4, phase=deep, pressure=0.632]
[MemoryTree][038/050] wake/event=2.693232 sleep_residual_utility=0.012663 writes=1853 memorize=32 queue_split=39342 wake_actions=A96611/R15/M32/Q39342 novelty=0.0272 weighted_sim=0.9456 wm_grad_max=4.306e+00 global/event=2.690318 mix_diag=2.8781 global_steps=27 prior_KL=5.346e-02 seq_H_cond=0.3940 seq_H_marg=0.5736 seq_MI=1.796e-01 post_KL_diag=3.373e-01 branch_distill=2.965e-01 probe=5.693e+00/0.647->0.659/0.831/0.622 frontier=6.97/12.93/5.97 enc_gate=0.305 enc_scale=0.024 teacher_conf=0.299 teacher_JS=8.819e-02 max_mass=0.1704 owner_hard=[0, 0, 0, 1, 0, 1, 298, 21, 0, 0, 23, 431, 654, 15, 3, 0, 0, 6, 8, 29, 210] mem_assign=[1667, 298, 502, 3400, 392, 4180, 18586, 4613, 1510, 1712, 5531, 20476, 24547, 4377, 3309, 2014, 403, 2208, 4316, 11887, 20072] topology_prune=on leaves=11 sleep_mode=deep light_absorb=0 deep_probability=0.632 topology_action=null topology_gain=0.000e+00 topology_candidates=19 collapsed=0 topology_lambda=0.000e+00 time=W133.1/G39.9/S7.6s cache=0/1700 cuda_peak=7085MiB sleep_actions=['promotion', 'promotion', 'promotion', 'promotion']
[Epoch 039] Wake: 100%|#########| 1700/1700 [02:12<00:00, 12.78seq/s, events=136000, loss=2.6789, writes=1802]
[Epoch 039] Global: 100%|#################| 1700/1700 [00:39<00:00, 42.70seq-pass/s, batch=27/27, phase=train]
[Epoch 039] Sleep: 100%|#############| 15/15 [00:07<00:00,  2.01step/s, actions=3, phase=deep, pressure=0.283]
[MemoryTree][039/050] wake/event=2.678920 sleep_residual_utility=0.013314 writes=1802 memorize=17 queue_split=39435 wake_actions=A96494/R54/M17/Q39435 novelty=0.0256 weighted_sim=0.9487 wm_grad_max=4.312e+00 global/event=2.685889 mix_diag=2.8910 global_steps=27 prior_KL=7.571e-02 seq_H_cond=0.4250 seq_H_marg=0.5995 seq_MI=1.744e-01 post_KL_diag=3.665e-01 branch_distill=3.073e-01 probe=5.965e+00/0.686->0.687/0.960/0.589 frontier=6.95/12.90/5.95 enc_gate=0.298 enc_scale=0.024 teacher_conf=0.305 teacher_JS=8.391e-02 max_mass=0.2750 owner_hard=[0, 0, 0, 22, 0, 1, 27, 8, 0, 0, 10, 107, 1208, 0, 0, 0, 0, 19, 0, 33, 265] mem_assign=[1390, 269, 536, 6656, 202, 5147, 8526, 4707, 349, 1564, 5351, 10719, 40031, 624, 1980, 2242, 819, 2231, 1987, 13590, 27080] topology_prune=on leaves=11 sleep_mode=deep light_absorb=1 deep_probability=0.283 topology_action=null topology_gain=0.000e+00 topology_candidates=19 collapsed=0 topology_lambda=0.000e+00 time=W133.0/G39.8/S7.6s cache=0/1700 cuda_peak=7082MiB sleep_actions=['promotion', 'promotion', 'promotion']
[Epoch 040] Wake: 100%|#########| 1700/1700 [02:12<00:00, 12.84seq/s, events=136000, loss=2.6854, writes=1820]
[Epoch 040] Global: 100%|#################| 1700/1700 [00:39<00:00, 43.02seq-pass/s, batch=27/27, phase=train]
[Epoch 040] Sleep: 100%|############| 15/15 [00:03<00:00,  4.20step/s, actions=0, phase=light, pressure=0.283]
[MemoryTree][040/050] wake/event=2.685416 sleep_residual_utility=0.013434 writes=1820 memorize=26 queue_split=39526 wake_actions=A96346/R102/M26/Q39526 novelty=0.0247 weighted_sim=0.9506 wm_grad_max=4.704e+00 global/event=2.681650 mix_diag=2.8819 global_steps=27 prior_KL=5.566e-02 seq_H_cond=0.3987 seq_H_marg=0.5875 seq_MI=1.888e-01 post_KL_diag=3.556e-01 branch_distill=2.844e-01 probe=5.674e+00/0.690->0.688/1.058/0.643 frontier=6.99/12.97/5.99 enc_gate=0.312 enc_scale=0.024 teacher_conf=0.305 teacher_JS=8.723e-02 max_mass=0.2386 owner_hard=[0, 0, 0, 16, 0, 15, 166, 5, 0, 0, 47, 13, 1164, 9, 2, 0, 0, 0, 5, 11, 247] mem_assign=[1531, 387, 463, 5407, 233, 6976, 14256, 4748, 481, 3206, 5683, 6010, 35349, 2995, 3254, 2499, 1292, 1921, 4286, 11206, 23817] topology_prune=on leaves=11 sleep_mode=light light_absorb=1 deep_probability=0.283 topology_action=null topology_gain=0.000e+00 topology_candidates=19 collapsed=0 topology_lambda=0.000e+00 time=W132.4/G39.5/S3.7s cache=0/1700 cuda_peak=7079MiB sleep_actions=[]
[Epoch 041] Wake: 100%|#########| 1700/1700 [02:13<00:00, 12.71seq/s, events=136000, loss=2.6700, writes=2749]
[Epoch 041] Global: 100%|#################| 1700/1700 [00:39<00:00, 42.92seq-pass/s, batch=27/27, phase=train]
[Epoch 041] Sleep: 100%|############| 15/15 [00:00<00:00, 20.54step/s, actions=0, phase=light, pressure=0.283]
[MemoryTree][041/050] wake/event=2.669998 sleep_residual_utility=0.013064 writes=2749 memorize=17 queue_split=39458 wake_actions=A96356/R169/M17/Q39458 novelty=0.0260 weighted_sim=0.9480 wm_grad_max=4.539e+00 global/event=2.687624 mix_diag=2.8609 global_steps=27 prior_KL=6.889e-02 seq_H_cond=0.3841 seq_H_marg=0.5765 seq_MI=1.925e-01 post_KL_diag=3.272e-01 branch_distill=2.964e-01 probe=5.690e+00/0.675->0.675/0.979/0.632 frontier=6.96/12.91/5.96 enc_gate=0.291 enc_scale=0.024 teacher_conf=0.301 teacher_JS=8.966e-02 max_mass=0.2167 owner_hard=[0, 0, 0, 0, 0, 15, 163, 67, 0, 0, 23, 165, 991, 3, 1, 0, 0, 33, 0, 35, 204] mem_assign=[1160, 151, 383, 2528, 207, 8593, 14027, 7835, 470, 2302, 5882, 14222, 31320, 1998, 2824, 1762, 534, 3546, 2531, 12790, 20935] topology_prune=on leaves=11 sleep_mode=light light_absorb=3 deep_probability=0.283 topology_action=null topology_gain=0.000e+00 topology_candidates=0 collapsed=0 topology_lambda=0.000e+00 time=W133.7/G39.6/S0.8s cache=0/1700 cuda_peak=7085MiB sleep_actions=[]
[Epoch 042] Sleep: 100%|#############| 15/15 [00:07<00:00,  2.01step/s, actions=3, phase=deep, pressure=0.487]
[MemoryTree][042/050] wake/event=2.683410 sleep_residual_utility=0.014198 writes=2523 memorize=16 queue_split=39405 wake_actions=A96508/R71/M16/Q39405 novelty=0.0202 weighted_sim=0.9597 wm_grad_max=4.914e+00 global/event=2.689327 mix_diag=2.8433 global_steps=27 prior_KL=9.626e-02 seq_H_cond=0.3961 seq_H_marg=0.5873 seq_MI=1.912e-01 post_KL_diag=3.358e-01 branch_distill=3.131e-01 probe=6.250e+00/0.687->0.688/0.928/0.539 frontier=6.98/12.96/5.98 enc_gate=0.312 enc_scale=0.025 teacher_conf=0.316 teacher_JS=9.091e-02 max_mass=0.3308 owner_hard=[0, 0, 0, 10, 0, 21, 1, 4, 0, 0, 3, 17, 1516, 0, 0, 0, 0, 3, 0, 20, 105] mem_assign=[913, 197, 354, 5977, 119, 8847, 5825, 4600, 377, 1351, 4267, 6068, 49364, 725, 2391, 1643, 1158, 1506, 1976, 13410, 24932] topology_prune=on leaves=11 sleep_mode=deep light_absorb=2 deep_probability=0.487 topology_action=null topology_gain=0.000e+00 topology_candidates=19 collapsed=0 topology_lambda=0.000e+00 time=W133.0/G39.5/S7.6s cache=0/1700 cuda_peak=7082MiB sleep_actions=['promotion', 'promotion', 'promotion']
[Epoch 043] Wake: 100%|#########| 1700/1700 [02:13<00:00, 12.72seq/s, events=136000, loss=2.6798, writes=2223]
[Epoch 043] Global: 100%|#################| 1700/1700 [00:40<00:00, 42.22seq-pass/s, batch=27/27, phase=train]
[Epoch 043] Sleep: 100%|#############| 15/15 [00:07<00:00,  1.99step/s, actions=3, phase=deep, pressure=0.283]
[MemoryTree][043/050] wake/event=2.679792 sleep_residual_utility=0.014975 writes=2223 memorize=0 queue_split=39274 wake_actions=A96708/R18/M0/Q39274 novelty=0.0247 weighted_sim=0.9506 wm_grad_max=4.521e+00 global/event=2.677928 mix_diag=2.9217 global_steps=27 prior_KL=5.182e-02 seq_H_cond=0.4241 seq_H_marg=0.6022 seq_MI=1.780e-01 post_KL_diag=3.473e-01 branch_distill=2.847e-01 probe=6.028e+00/0.649->0.649/0.732/0.605 frontier=7.00/12.99/6.00 enc_gate=0.294 enc_scale=0.024 teacher_conf=0.293 teacher_JS=8.330e-02 max_mass=0.2561 owner_hard=[0, 0, 0, 38, 0, 0, 155, 0, 0, 0, 0, 21, 1261, 0, 0, 0, 6, 84, 3, 30, 102] mem_assign=[1103, 1164, 753, 8173, 581, 1242, 11910, 2058, 222, 963, 4569, 7567, 37870, 49, 3048, 2273, 4140, 6682, 5371, 14208, 22054] topology_prune=on leaves=11 sleep_mode=deep light_absorb=1 deep_probability=0.283 topology_action=null topology_gain=0.000e+00 topology_candidates=19 collapsed=0 topology_lambda=0.000e+00 time=W133.7/G40.3/S7.6s cache=0/1700 cuda_peak=7086MiB sleep_actions=['promotion', 'promotion', 'promotion']

[Epoch 044] Wake: 100%|#########| 1700/1700 [02:13<00:00, 12.71seq/s, events=136000, loss=2.6633, writes=2154]
[Epoch 044] Global: 100%|#################| 1700/1700 [00:39<00:00, 43.09seq-pass/s, batch=27/27, phase=train]
[Epoch 044] Sleep: 100%|############| 15/15 [00:00<00:00, 20.54step/s, actions=0, phase=light, pressure=0.283]
[MemoryTree][044/050] wake/event=2.663336 sleep_residual_utility=0.015284 writes=2154 memorize=11 queue_split=39119 wake_actions=A96821/R49/M11/Q39119 novelty=0.0215 weighted_sim=0.9570 wm_grad_max=4.010e+00 global/event=2.669445 mix_diag=2.9413 global_steps=27 prior_KL=6.970e-02 seq_H_cond=0.3793 seq_H_marg=0.5488 seq_MI=1.695e-01 post_KL_diag=3.415e-01 branch_distill=2.586e-01 probe=5.846e+00/0.652->0.648/0.894/0.686 frontier=7.00/12.99/6.00 enc_gate=0.328 enc_scale=0.025 teacher_conf=0.318 teacher_JS=8.555e-02 max_mass=0.2567 owner_hard=[0, 0, 0, 1, 0, 19, 167, 7, 0, 8, 45, 26, 1327, 0, 1, 0, 0, 46, 0, 14, 39] mem_assign=[1010, 386, 400, 2659, 457, 6732, 16293, 4235, 680, 3196, 8024, 10696, 38639, 1789, 3290, 1884, 1028, 5914, 4822, 9210, 14656] topology_prune=on leaves=11 sleep_mode=light light_absorb=1 deep_probability=0.283 topology_action=null topology_gain=0.000e+00 topology_candidates=0 collapsed=0 topology_lambda=0.000e+00 time=W133.8/G39.5/S0.8s cache=0/1700 cuda_peak=7084MiB sleep_actions=[]

[Epoch 045] Wake: 100%|#########| 1700/1700 [02:13<00:00, 12.76seq/s, events=136000, loss=2.6586, writes=2757]
[Epoch 045] Global: 100%|#################| 1700/1700 [00:39<00:00, 42.96seq-pass/s, batch=27/27, phase=train]
[Epoch 045] Sleep: 100%|#############| 15/15 [00:07<00:00,  2.00step/s, actions=3, phase=deep, pressure=0.487]
[MemoryTree][045/050] wake/event=2.658662 sleep_residual_utility=0.015260 writes=2757 memorize=6 queue_split=39011 wake_actions=A96962/R21/M6/Q39011 novelty=0.0239 weighted_sim=0.9522 wm_grad_max=4.590e+00 global/event=2.662020 mix_diag=2.9157 global_steps=27 prior_KL=6.667e-02 seq_H_cond=0.3539 seq_H_marg=0.5299 seq_MI=1.760e-01 post_KL_diag=3.160e-01 branch_distill=2.465e-01 probe=5.948e+00/0.611->0.616/0.652/0.667 frontier=6.99/12.98/5.99 enc_gate=0.332 enc_scale=0.027 teacher_conf=0.332 teacher_JS=8.740e-02 max_mass=0.2479 owner_hard=[0, 0, 0, 0, 0, 49, 53, 4, 0, 3, 26, 157, 1258, 3, 3, 0, 0, 50, 0, 41, 53] mem_assign=[816, 210, 255, 672, 314, 9045, 11976, 4596, 569, 2137, 7622, 16156, 36812, 3684, 3959, 210, 552, 3866, 3664, 13248, 15637] topology_prune=on leaves=11 sleep_mode=deep light_absorb=2 deep_probability=0.487 topology_action=null topology_gain=0.000e+00 topology_candidates=19 collapsed=0 topology_lambda=0.000e+00 time=W133.2/G39.6/S7.6s cache=0/1700 cuda_peak=7085MiB sleep_actions=['promotion', 'promotion', 'promotion']

[Epoch 046] Wake: 100%|#########| 1700/1700 [02:12<00:00, 12.79seq/s, events=136000, loss=2.6525, writes=1745]
[Epoch 046] Global: 100%|#################| 1700/1700 [00:39<00:00, 43.13seq-pass/s, batch=27/27, phase=train]
[Epoch 046] Sleep: 100%|############| 15/15 [00:00<00:00, 20.78step/s, actions=0, phase=light, pressure=0.283]
[MemoryTree][046/050] wake/event=2.652484 sleep_residual_utility=0.015139 writes=1745 memorize=13 queue_split=39082 wake_actions=A96838/R67/M13/Q39082 novelty=0.0217 weighted_sim=0.9565 wm_grad_max=4.359e+00 global/event=2.643966 mix_diag=2.8876 global_steps=27 prior_KL=5.931e-02 seq_H_cond=0.3530 seq_H_marg=0.5424 seq_MI=1.894e-01 post_KL_diag=3.399e-01 branch_distill=2.675e-01 probe=6.139e+00/0.629->0.612/0.642/0.689 frontier=6.99/12.98/5.99 enc_gate=0.362 enc_scale=0.028 teacher_conf=0.358 teacher_JS=9.283e-02 max_mass=0.2556 owner_hard=[0, 0, 0, 0, 0, 0, 177, 0, 0, 12, 3, 89, 1274, 1, 10, 0, 0, 33, 1, 51, 49] mem_assign=[671, 261, 247, 677, 436, 3710, 14370, 2982, 1290, 3348, 6634, 12828, 37767, 2756, 4857, 1575, 1222, 5034, 4339, 16052, 14944] topology_prune=on leaves=11 sleep_mode=light light_absorb=2 deep_probability=0.283 topology_action=null topology_gain=0.000e+00 topology_candidates=0 collapsed=0 topology_lambda=0.000e+00 time=W132.9/G39.4/S0.8s cache=0/1700 cuda_peak=7085MiB sleep_actions=[]

[Epoch 047] Wake: 100%|#########| 1700/1700 [02:12<00:00, 12.81seq/s, events=136000, loss=2.6565, writes=1932]
[Epoch 047] Global: 100%|#################| 1700/1700 [00:39<00:00, 42.87seq-pass/s, batch=27/27, phase=train]
[Epoch 047] Sleep: 100%|#############| 15/15 [00:07<00:00,  2.01step/s, actions=4, phase=deep, pressure=0.487]
[MemoryTree][047/050] wake/event=2.656500 sleep_residual_utility=0.014416 writes=1932 memorize=12 queue_split=39260 wake_actions=A96606/R122/M12/Q39260 novelty=0.0188 weighted_sim=0.9624 wm_grad_max=4.718e+00 global/event=2.655352 mix_diag=2.8855 global_steps=27 prior_KL=5.866e-02 seq_H_cond=0.3634 seq_H_marg=0.5480 seq_MI=1.846e-01 post_KL_diag=3.410e-01 branch_distill=2.717e-01 probe=5.945e+00/0.600->0.613/0.588/0.681 frontier=6.99/12.98/5.99 enc_gate=0.361 enc_scale=0.029 teacher_conf=0.367 teacher_JS=9.278e-02 max_mass=0.2751 owner_hard=[0, 0, 0, 0, 0, 2, 8, 0, 0, 4, 0, 50, 1362, 0, 6, 0, 0, 78, 5, 140, 45] mem_assign=[361, 464, 266, 859, 549, 3322, 8283, 2498, 1650, 2714, 5333, 9270, 41148, 1198, 3624, 1552, 2292, 6497, 5867, 22314, 15939] topology_prune=on leaves=11 sleep_mode=deep light_absorb=2 deep_probability=0.487 topology_action=null topology_gain=0.000e+00 topology_candidates=19 collapsed=0 topology_lambda=0.000e+00 time=W132.7/G39.7/S7.5s cache=0/1700 cuda_peak=7086MiB sleep_actions=['promotion', 'promotion', 'promotion', 'promotion']

[Epoch 048] Wake: 100%|#########| 1700/1700 [02:11<00:00, 12.91seq/s, events=136000, loss=2.6377, writes=1943]
[Epoch 048] Global: 100%|#################| 1700/1700 [00:39<00:00, 43.16seq-pass/s, batch=27/27, phase=train]
[Epoch 048] Sleep: 100%|############| 15/15 [00:00<00:00, 20.79step/s, actions=0, phase=light, pressure=0.283]
[MemoryTree][048/050] wake/event=2.637759 sleep_residual_utility=0.014462 writes=1943 memorize=11 queue_split=39184 wake_actions=A96789/R16/M11/Q39184 novelty=0.0188 weighted_sim=0.9625 wm_grad_max=4.113e+00 global/event=2.649234 mix_diag=2.9112 global_steps=27 prior_KL=5.414e-02 seq_H_cond=0.3765 seq_H_marg=0.5590 seq_MI=1.824e-01 post_KL_diag=3.552e-01 branch_distill=2.861e-01 probe=5.981e+00/0.583->0.587/0.463/0.676 frontier=6.99/12.98/5.99 enc_gate=0.365 enc_scale=0.030 teacher_conf=0.371 teacher_JS=9.285e-02 max_mass=0.2698 owner_hard=[0, 0, 0, 0, 0, 2, 24, 1, 0, 20, 10, 132, 1415, 0, 12, 0, 0, 2, 0, 82, 0] mem_assign=[670, 217, 241, 1710, 481, 4455, 10895, 3603, 1435, 3788, 7699, 14188, 40149, 2844, 5630, 1322, 1626, 3211, 3493, 19251, 9092] topology_prune=on leaves=11 sleep_mode=light light_absorb=3 deep_probability=0.283 topology_action=null topology_gain=0.000e+00 topology_candidates=0 collapsed=0 topology_lambda=0.000e+00 time=W131.7/G39.4/S0.8s cache=0/1700 cuda_peak=7082MiB sleep_actions=[]

[Epoch 049] Wake: 100%|#########| 1700/1700 [02:11<00:00, 12.89seq/s, events=136000, loss=2.6623, writes=1699]
[Epoch 049] Global: 100%|#################| 1700/1700 [00:39<00:00, 42.93seq-pass/s, batch=27/27, phase=train]
[Epoch 049] Sleep: 100%|#############| 15/15 [00:07<00:00,  2.06step/s, actions=4, phase=deep, pressure=0.487]
[MemoryTree][049/050] wake/event=2.662279 sleep_residual_utility=0.014645 writes=1699 memorize=31 queue_split=38932 wake_actions=A96880/R157/M31/Q38932 novelty=0.0169 weighted_sim=0.9662 wm_grad_max=3.903e+00 global/event=2.658578 mix_diag=2.9221 global_steps=27 prior_KL=6.150e-02 seq_H_cond=0.3808 seq_H_marg=0.5578 seq_MI=1.769e-01 post_KL_diag=3.629e-01 branch_distill=2.777e-01 probe=6.095e+00/0.608->0.593/0.541/0.699 frontier=6.95/12.90/5.95 enc_gate=0.408 enc_scale=0.031 teacher_conf=0.395 teacher_JS=9.032e-02 max_mass=0.2856 owner_hard=[0, 0, 0, 0, 0, 18, 6, 3, 0, 6, 0, 108, 1502, 0, 1, 0, 0, 0, 0, 56, 0] mem_assign=[850, 205, 271, 3060, 411, 8152, 7841, 2735, 1715, 3765, 5560, 16431, 42361, 3563, 4458, 604, 1797, 1219, 3144, 19662, 8196] topology_prune=on leaves=11 sleep_mode=deep light_absorb=1 deep_probability=0.487 topology_action=null topology_gain=0.000e+00 topology_candidates=19 collapsed=0 topology_lambda=0.000e+00 time=W131.9/G39.6/S7.4s cache=0/1700 cuda_peak=7069MiB sleep_actions=['promotion', 'promotion', 'promotion', 'promotion']

[Epoch 050] Wake: 100%|#########| 1700/1700 [02:13<00:00, 12.77seq/s, events=136000, loss=2.6533, writes=1750]
[Epoch 050] Global: 100%|#################| 1700/1700 [00:39<00:00, 43.01seq-pass/s, batch=27/27, phase=train]
[Epoch 050] Sleep: 100%|#############| 15/15 [00:07<00:00,  2.03step/s, actions=4, phase=deep, pressure=0.283]
[MemoryTree][050/050] wake/event=2.653341 sleep_residual_utility=0.015237 writes=1750 memorize=42 queue_split=38896 wake_actions=A96863/R199/M42/Q38896 novelty=0.0159 weighted_sim=0.9682 wm_grad_max=3.689e+00 global/event=2.651432 mix_diag=2.9110 global_steps=27 prior_KL=5.839e-02 seq_H_cond=0.3808 seq_H_marg=0.5649 seq_MI=1.841e-01 post_KL_diag=3.702e-01 branch_distill=2.931e-01 probe=6.135e+00/0.595->0.574/0.548/0.715 frontier=6.96/12.93/5.96 enc_gate=0.414 enc_scale=0.033 teacher_conf=0.411 teacher_JS=9.217e-02 max_mass=0.2203 owner_hard=[0, 0, 0, 0, 0, 1, 26, 2, 0, 63, 3, 151, 1221, 111, 4, 0, 0, 0, 0, 118, 0] mem_assign=[726, 512, 305, 2972, 567, 6228, 9713, 2446, 1527, 7500, 4083, 14475, 32754, 11986, 6191, 2343, 2744, 2035, 2632, 17704, 6557] topology_prune=on leaves=11 sleep_mode=deep light_absorb=2 deep_probability=0.283 topology_action=null topology_gain=0.000e+00 topology_candidates=19 collapsed=0 topology_lambda=0.000e+00 time=W133.1/G39.5/S7.5s cache=0/1700 cuda_peak=7065MiB sleep_actions=['promotion', 'promotion', 'promotion', 'promotion']
[Training Plot] metrics=/home/xinye/HawkesMemory_wfy/Memory/Checkpoints/dws_13_09020040_last_training_metrics.json figure=/home/xinye/HawkesMemory_wfy/Memory/Checkpoints/dws_13_09020040_last_training_curves.png
