Using device: cuda
DataFrame shape: (1700, 3)
Columns: ['event_times', 'event_types', 'cluster']
加载了 1700 个序列
检测到 8 种事件类型: [0, 1, 2, 3, 4, 5, 6, 7]
第一个序列长度: 80
[Hawkes Cold Start][001/010] train_nll/event=4.273062 val_nll/event=3.740769 max_grad=1.7795
[Hawkes Cold Start][002/010] train_nll/event=3.405243 val_nll/event=3.259835 max_grad=0.5574
[Hawkes Cold Start][003/010] train_nll/event=3.097862 val_nll/event=3.072356 max_grad=0.2723
[Hawkes Cold Start][004/010] train_nll/event=2.981458 val_nll/event=3.004127 max_grad=0.1706
[Hawkes Cold Start][005/010] train_nll/event=2.938245 val_nll/event=2.976134 max_grad=0.1754
[Hawkes Cold Start][006/010] train_nll/event=2.918717 val_nll/event=2.961527 max_grad=0.1807
[Hawkes Cold Start][007/010] train_nll/event=2.908339 val_nll/event=2.953137 max_grad=0.1811
[Hawkes Cold Start][008/010] train_nll/event=2.902360 val_nll/event=2.948058 max_grad=0.1843
[Hawkes Cold Start][009/010] train_nll/event=2.898798 val_nll/event=2.945133 max_grad=0.1862
[Hawkes Cold Start][010/010] train_nll/event=2.896611 val_nll/event=2.943036 max_grad=0.1869
[Hawkes Cold Start] checkpoint saved to /home/xinye/HawkesMemory_wfy/checkpoints/hawkes_backbone_init.pt
[Hawkes Cold Start] spectral_radius=0.756667, min_mu=8.554223e-03
[H_tree] initialized 33/33 node_emb from /home/xinye/HawkesMemory_wfy/Data/tree_17/h_tree_one_circle.pt
[Routing] mode=active_frontier frontier=2..7 temperature=1.100 exploration=0.000

[Residual init]:   0%|          | 0/1700 [00:00<?, ?seq/s]
[Residual init]:   1%|▏         | 25/1700 [00:00<00:06, 245.36seq/s]
[Residual init]:   3%|▎         | 56/1700 [00:00<00:05, 278.65seq/s]
[Residual init]:   5%|▌         | 88/1700 [00:00<00:05, 293.61seq/s]
[Residual init]:   7%|▋         | 119/1700 [00:00<00:05, 298.05seq/s]
[Residual init]:   9%|▉         | 151/1700 [00:00<00:05, 302.57seq/s]
[Residual init]:  11%|█         | 183/1700 [00:00<00:04, 305.32seq/s]
[Residual init]:  13%|█▎        | 214/1700 [00:00<00:04, 303.59seq/s]
[Residual init]:  14%|█▍        | 245/1700 [00:00<00:04, 300.88seq/s]
[Residual init]:  16%|█▌        | 276/1700 [00:00<00:04, 303.57seq/s]
[Residual init]:  18%|█▊        | 307/1700 [00:01<00:04, 305.30seq/s]
[Residual init]:  20%|█▉        | 338/1700 [00:01<00:04, 303.31seq/s]
[Residual init]:  22%|██▏       | 369/1700 [00:01<00:04, 300.70seq/s]
[Residual init]:  24%|██▎       | 400/1700 [00:01<00:04, 301.33seq/s]
[Residual init]:  25%|██▌       | 431/1700 [00:01<00:04, 302.07seq/s]
[Residual init]:  27%|██▋       | 462/1700 [00:01<00:04, 302.34seq/s]
[Residual init]:  29%|██▉       | 493/1700 [00:01<00:04, 301.58seq/s]
[Residual init]:  31%|███       | 524/1700 [00:01<00:03, 301.02seq/s]
[Residual init]:  33%|███▎      | 555/1700 [00:01<00:03, 300.73seq/s]
[Residual init]:  34%|███▍      | 586/1700 [00:01<00:03, 301.21seq/s]
[Residual init]:  36%|███▋      | 617/1700 [00:02<00:03, 301.81seq/s]
[Residual init]:  38%|███▊      | 648/1700 [00:02<00:03, 301.44seq/s]
[Residual init]:  40%|███▉      | 679/1700 [00:02<00:03, 301.38seq/s]
[Residual init]:  42%|████▏     | 710/1700 [00:02<00:03, 300.92seq/s]
[Residual init]:  44%|████▎     | 741/1700 [00:02<00:03, 301.89seq/s]
[Residual init]:  45%|████▌     | 772/1700 [00:02<00:03, 300.82seq/s]
[Residual init]:  47%|████▋     | 803/1700 [00:02<00:02, 299.21seq/s]
[Residual init]:  49%|████▉     | 833/1700 [00:02<00:02, 296.03seq/s]
[Residual init]:  51%|█████     | 864/1700 [00:02<00:02, 298.03seq/s]
[Residual init]:  53%|█████▎    | 895/1700 [00:02<00:02, 300.77seq/s]
[Residual init]:  54%|█████▍    | 926/1700 [00:03<00:02, 301.73seq/s]
[Residual init]:  56%|█████▋    | 957/1700 [00:03<00:02, 302.49seq/s]
[Residual init]:  58%|█████▊    | 988/1700 [00:03<00:02, 303.97seq/s]
[Residual init]:  60%|█████▉    | 1019/1700 [00:03<00:02, 304.10seq/s]
[Residual init]:  62%|██████▏   | 1051/1700 [00:03<00:02, 306.27seq/s]
[Residual init]:  64%|██████▎   | 1082/1700 [00:03<00:02, 306.81seq/s]
[Residual init]:  65%|██████▌   | 1113/1700 [00:03<00:01, 307.15seq/s]
[Residual init]:  67%|██████▋   | 1144/1700 [00:03<00:01, 305.24seq/s]
[Residual init]:  69%|██████▉   | 1175/1700 [00:03<00:01, 304.86seq/s]
[Residual init]:  71%|███████   | 1206/1700 [00:04<00:01, 303.39seq/s]
[Residual init]:  73%|███████▎  | 1237/1700 [00:04<00:01, 304.44seq/s]
[Residual init]:  75%|███████▍  | 1268/1700 [00:04<00:01, 305.26seq/s]
[Residual init]:  76%|███████▋  | 1299/1700 [00:04<00:01, 305.73seq/s]
[Residual init]:  78%|███████▊  | 1331/1700 [00:04<00:01, 307.05seq/s]
[Residual init]:  80%|████████  | 1362/1700 [00:04<00:01, 306.74seq/s]
[Residual init]:  82%|████████▏ | 1393/1700 [00:04<00:01, 306.72seq/s]
[Residual init]:  84%|████████▍ | 1424/1700 [00:04<00:00, 307.07seq/s]
[Residual init]:  86%|████████▌ | 1455/1700 [00:04<00:00, 307.52seq/s]
[Residual init]:  87%|████████▋ | 1486/1700 [00:04<00:00, 307.02seq/s]
[Residual init]:  89%|████████▉ | 1517/1700 [00:05<00:00, 303.79seq/s]
[Residual init]:  91%|█████████ | 1548/1700 [00:05<00:00, 304.75seq/s]
[Residual init]:  93%|█████████▎| 1579/1700 [00:05<00:00, 304.57seq/s]
[Residual init]:  95%|█████████▍| 1610/1700 [00:05<00:00, 304.54seq/s]
[Residual init]:  97%|█████████▋| 1641/1700 [00:05<00:00, 304.83seq/s]
[Residual init]:  98%|█████████▊| 1672/1700 [00:05<00:00, 304.26seq/s]
[Residual init]: 100%|██████████| 1700/1700 [00:05<00:00, 302.66seq/s]
[Residual Initialization] sequences=1700 rank=4 grad_norm=5.301e+00/9.817e+00/1.504e+01 clipped=0.000 membership=[100.0, 100.0, 100.0, 100.0, 100.0, 100.0, 100.0, 100.0, 100.0, 100.0, 100.0, 100.0, 100.0, 100.0, 100.0, 100.0, 100.0] target_mass=[0.05882352963089943, 0.05882352963089943, 0.05882352963089943, 0.05882352963089943, 0.05882352963089943, 0.05882352963089943, 0.05882352963089943, 0.05882352963089943, 0.05882352963089943, 0.05882352963089943, 0.05882352963089943, 0.05882352963089943, 0.05882352963089943, 0.05882352963089943, 0.05882352963089943, 0.05882352963089943, 0.05882352963089943]
[Initialization] mode=residual_signature semantic_blend=0.0000 semantic_delta_mean=1.8265e-02 semantic_delta_max=2.7678e-01 offset_mode=path_additive route_balance=0.1000
[Symmetry] mode=residual_signature router_gain=0.0500 router_norm_mean=7.3961e-02 leaf_delta_mean=2.3055e-02 leaf_mean_error=9.537e-07 spectral_radius=[0.751336,0.762674]

[H-align 01/05]:   0%|          | 0/107 [00:00<?, ?batch/s]
[H-align 01/05]:   7%|▋         | 7/107 [00:00<00:01, 66.81batch/s, acc=0.586, loss=0.671]
[H-align 01/05]:  15%|█▍        | 16/107 [00:00<00:01, 78.57batch/s, acc=0.625, loss=0.656]
[H-align 01/05]:  23%|██▎       | 25/107 [00:00<00:00, 82.76batch/s, acc=0.625, loss=0.653]
[H-align 01/05]:  32%|███▏      | 34/107 [00:00<00:00, 83.15batch/s, acc=0.623, loss=0.653]
[H-align 01/05]:  40%|████      | 43/107 [00:00<00:00, 83.74batch/s, acc=0.624, loss=0.652]
[H-align 01/05]:  49%|████▊     | 52/107 [00:00<00:00, 83.04batch/s, acc=0.627, loss=0.648]
[H-align 01/05]:  57%|█████▋    | 61/107 [00:00<00:00, 83.89batch/s, acc=0.628, loss=0.647]
[H-align 01/05]:  65%|██████▌   | 70/107 [00:00<00:00, 83.48batch/s, acc=0.627, loss=0.648]
[H-align 01/05]:  74%|███████▍  | 79/107 [00:00<00:00, 83.33batch/s, acc=0.628, loss=0.648]
[H-align 01/05]:  82%|████████▏ | 88/107 [00:01<00:00, 83.43batch/s, acc=0.628, loss=0.648]
[H-align 01/05]:  91%|█████████ | 97/107 [00:01<00:00, 83.48batch/s, acc=0.629, loss=0.646]
[H-align 01/05]:  99%|█████████▉| 106/107 [00:01<00:00, 83.14batch/s, acc=0.634, loss=0.641]
[H-align 01/05]: 100%|██████████| 107/107 [00:01<00:00, 82.80batch/s, acc=0.634, loss=0.641]
[H-align] epoch=1/5 loss=0.641366 acc=0.6343 p_target=0.5466 confidence=1.0000 grad_max=8.154e-01

[H-align 02/05]:   0%|          | 0/107 [00:00<?, ?batch/s]
[H-align 02/05]:   8%|▊         | 9/107 [00:00<00:01, 86.50batch/s, acc=0.733, loss=0.524]
[H-align 02/05]:  17%|█▋        | 18/107 [00:00<00:01, 86.07batch/s, acc=0.713, loss=0.535]
[H-align 02/05]:  25%|██▌       | 27/107 [00:00<00:00, 85.41batch/s, acc=0.723, loss=0.518]
[H-align 02/05]:  34%|███▎      | 36/107 [00:00<00:00, 84.27batch/s, acc=0.736, loss=0.497]
[H-align 02/05]:  42%|████▏     | 45/107 [00:00<00:00, 84.04batch/s, acc=0.747, loss=0.478]
[H-align 02/05]:  50%|█████     | 54/107 [00:00<00:00, 84.06batch/s, acc=0.757, loss=0.461]
[H-align 02/05]:  59%|█████▉    | 63/107 [00:00<00:00, 83.30batch/s, acc=0.765, loss=0.447]
[H-align 02/05]:  67%|██████▋   | 72/107 [00:00<00:00, 83.71batch/s, acc=0.774, loss=0.434]
[H-align 02/05]:  76%|███████▌  | 81/107 [00:00<00:00, 83.36batch/s, acc=0.784, loss=0.417]
[H-align 02/05]:  84%|████████▍ | 90/107 [00:01<00:00, 83.31batch/s, acc=0.794, loss=0.402]
[H-align 02/05]:  93%|█████████▎| 99/107 [00:01<00:00, 83.72batch/s, acc=0.804, loss=0.387]
[H-align 02/05]: 100%|██████████| 107/107 [00:01<00:00, 83.95batch/s, acc=0.811, loss=0.376]
[H-align] epoch=2/5 loss=0.376290 acc=0.8107 p_target=0.7379 confidence=1.0000 grad_max=3.830e+00

[H-align 03/05]:   0%|          | 0/107 [00:00<?, ?batch/s]
[H-align 03/05]:   8%|▊         | 9/107 [00:00<00:01, 84.65batch/s, acc=0.919, loss=0.2]
[H-align 03/05]:  17%|█▋        | 18/107 [00:00<00:01, 85.40batch/s, acc=0.921, loss=0.194]
[H-align 03/05]:  25%|██▌       | 27/107 [00:00<00:00, 86.03batch/s, acc=0.923, loss=0.19] 
[H-align 03/05]:  34%|███▎      | 36/107 [00:00<00:00, 85.45batch/s, acc=0.929, loss=0.179]
[H-align 03/05]:  42%|████▏     | 45/107 [00:00<00:00, 84.70batch/s, acc=0.935, loss=0.169]
[H-align 03/05]:  50%|█████     | 54/107 [00:00<00:00, 83.02batch/s, acc=0.939, loss=0.16] 
[H-align 03/05]:  59%|█████▉    | 63/107 [00:00<00:00, 79.60batch/s, acc=0.944, loss=0.149]
[H-align 03/05]:  67%|██████▋   | 72/107 [00:00<00:00, 80.83batch/s, acc=0.947, loss=0.144]
[H-align 03/05]:  76%|███████▌  | 81/107 [00:00<00:00, 81.41batch/s, acc=0.95, loss=0.138] 
[H-align 03/05]:  84%|████████▍ | 90/107 [00:01<00:00, 80.95batch/s, acc=0.952, loss=0.134]
[H-align 03/05]:  93%|█████████▎| 99/107 [00:01<00:00, 81.51batch/s, acc=0.954, loss=0.128]
[H-align 03/05]: 100%|██████████| 107/107 [00:01<00:00, 82.63batch/s, acc=0.956, loss=0.123]
[H-align] epoch=3/5 loss=0.122833 acc=0.9564 p_target=0.9195 confidence=1.0000 grad_max=3.731e+00

[H-align 04/05]:   0%|          | 0/107 [00:00<?, ?batch/s]
[H-align 04/05]:   8%|▊         | 9/107 [00:00<00:01, 84.54batch/s, acc=0.984, loss=0.0546]
[H-align 04/05]:  17%|█▋        | 18/107 [00:00<00:01, 84.32batch/s, acc=0.987, loss=0.049]
[H-align 04/05]:  25%|██▌       | 27/107 [00:00<00:00, 82.83batch/s, acc=0.989, loss=0.0441]
[H-align 04/05]:  34%|███▎      | 36/107 [00:00<00:00, 82.32batch/s, acc=0.988, loss=0.0438]
[H-align 04/05]:  42%|████▏     | 45/107 [00:00<00:00, 82.97batch/s, acc=0.989, loss=0.0419]
[H-align 04/05]:  50%|█████     | 54/107 [00:00<00:00, 83.10batch/s, acc=0.989, loss=0.0411]
[H-align 04/05]:  59%|█████▉    | 63/107 [00:00<00:00, 82.23batch/s, acc=0.989, loss=0.0417]
[H-align 04/05]:  67%|██████▋   | 72/107 [00:00<00:00, 82.20batch/s, acc=0.989, loss=0.0407]
[H-align 04/05]:  76%|███████▌  | 81/107 [00:00<00:00, 82.54batch/s, acc=0.99, loss=0.0393] 
[H-align 04/05]:  84%|████████▍ | 90/107 [00:01<00:00, 82.63batch/s, acc=0.99, loss=0.0376]
[H-align 04/05]:  93%|█████████▎| 99/107 [00:01<00:00, 83.13batch/s, acc=0.99, loss=0.0373]
[H-align 04/05]: 100%|██████████| 107/107 [00:01<00:00, 83.07batch/s, acc=0.99, loss=0.0368]
[H-align] epoch=4/5 loss=0.036831 acc=0.9899 p_target=0.9780 confidence=1.0000 grad_max=1.633e+00

[H-align 05/05]:   0%|          | 0/107 [00:00<?, ?batch/s]
[H-align 05/05]:   8%|▊         | 9/107 [00:00<00:01, 83.58batch/s, acc=0.991, loss=0.0296]
[H-align 05/05]:  17%|█▋        | 18/107 [00:00<00:01, 83.76batch/s, acc=0.992, loss=0.0253]
[H-align 05/05]:  25%|██▌       | 27/107 [00:00<00:00, 84.76batch/s, acc=0.992, loss=0.0256]
[H-align 05/05]:  34%|███▎      | 36/107 [00:00<00:00, 85.08batch/s, acc=0.993, loss=0.0242]
[H-align 05/05]:  42%|████▏     | 45/107 [00:00<00:00, 84.37batch/s, acc=0.993, loss=0.0228]
[H-align 05/05]:  50%|█████     | 54/107 [00:00<00:00, 84.10batch/s, acc=0.994, loss=0.0218]
[H-align 05/05]:  59%|█████▉    | 63/107 [00:00<00:00, 84.36batch/s, acc=0.994, loss=0.0215]
[H-align 05/05]:  67%|██████▋   | 72/107 [00:00<00:00, 83.57batch/s, acc=0.994, loss=0.0216]
[H-align 05/05]:  76%|███████▌  | 81/107 [00:00<00:00, 84.08batch/s, acc=0.994, loss=0.0214]
[H-align 05/05]:  84%|████████▍ | 90/107 [00:01<00:00, 83.82batch/s, acc=0.994, loss=0.0212]
[H-align 05/05]:  93%|█████████▎| 99/107 [00:01<00:00, 83.47batch/s, acc=0.994, loss=0.0206]
[H-align 05/05]: 100%|██████████| 107/107 [00:01<00:00, 84.13batch/s, acc=0.994, loss=0.0204]
[H-align] epoch=5/5 loss=0.020387 acc=0.9938 p_target=0.9877 confidence=1.0000 grad_max=7.742e-01
[H-align Complete] epochs=5 loss=0.692324->0.013900 accuracy=0.9955 p_target=0.9911 updated=encoder+router_compat frozen=hawkes+node_emb+semantics+memory

[Init] Cache:   0%|                                                                 | 0/1700 [00:00<?, ?seq/s]
[Init] Cache: 100%|#########################| 1700/1700 [00:01<00:00, 1102.12seq/s, built=1700, events=136000]
[Cache] sequences=1700 events=136000 built=1700 device=cuda time=1.543s

[Epoch 001] Wake: 100%|#########| 1700/1700 [00:54<00:00, 31.09seq/s, events=136000, loss=2.8606, writes=3998]
[Epoch 001] Global: 100%|#################| 1700/1700 [00:44<00:00, 37.82seq-pass/s, batch=54/54, phase=train]
[Epoch 001] Sleep: 100%|#############| 21/21 [00:05<00:00,  3.52step/s, actions=6, phase=deep, pressure=0.149]
[MemoryTree][001/050] wake/event=2.860682 sleep_residual_utility=0.005134 writes=3998 memorize=1996 queue_split=0 wake_actions=A93069/R40935/M1996/Q0 novelty=0.0420 weighted_sim=0.9159 wm_grad_max=3.387e+00 global/event=2.883893 mix_diag=2.8972 global_steps=54 prior_KL=6.031e-02 seq_H_cond=0.5635 seq_H_marg=0.5721 seq_MI=8.625e-03 post_KL_diag=7.568e-02 branch_distill=2.835e-01 probe=5.037e+00/0.569->0.579/0.005/0.416 frontier=5.95/10.91/4.95 enc_gate=0.018 enc_scale=0.001 teacher_conf=0.014 teacher_JS=3.941e-02 max_mass=0.0620 owner_hard=[0, 0, 0, 100, 0, 0, 0, 100, 0, 0, 0, 0, 0, 100, 100, 100, 100, 100, 0, 0, 0, 100, 0, 100, 100, 100, 0, 100, 100, 100, 100] mem_assign=[252, 31, 309, 7320, 249, 1863, 267, 8044, 194, 135, 156, 288, 283, 7052, 7973, 7491, 7780, 7099, 271, 171, 1269, 7305, 302, 7285, 7438, 7865, 931, 7661, 7850, 8234, 7216] topology_prune=off leaves=16 sleep_mode=deep light_absorb=12 deep_probability=0.149 topology_action=merge topology_gain=1.256e-02 topology_candidates=29 collapsed=0 topology_lambda=0.000e+00 time=W54.7/G44.9/S6.1s cache=0/1700 cuda_peak=7955MiB sleep_actions=['merge', 'promotion', 'promotion', 'promotion', 'promotion', 'promotion']
[Epoch 002] Wake: 100%|#########| 1700/1700 [00:47<00:00, 35.58seq/s, events=136000, loss=2.8765, writes=1819]
[Epoch 002] Global: 100%|#################| 1700/1700 [00:44<00:00, 38.13seq-pass/s, batch=54/54, phase=train]
[Epoch 002] Sleep: 100%|############| 20/20 [00:00<00:00, 58.80step/s, actions=0, phase=light, pressure=0.177]
[MemoryTree][002/050] wake/event=2.876502 sleep_residual_utility=0.019899 writes=1819 memorize=1550 queue_split=0 wake_actions=A94541/R39909/M1550/Q0 novelty=0.0347 weighted_sim=0.9306 wm_grad_max=3.335e+00 global/event=2.855187 mix_diag=2.9421 global_steps=54 prior_KL=5.349e-02 seq_H_cond=0.5968 seq_H_marg=0.6046 seq_MI=7.747e-03 post_KL_diag=1.987e-01 branch_distill=1.527e-01 probe=5.788e+00/0.461->0.460/0.000/0.504 frontier=6.06/11.12/5.06 enc_gate=0.103 enc_scale=0.005 teacher_conf=0.076 teacher_JS=2.562e-02 max_mass=0.0526 owner_hard=[50, 112, 41, 0, 0, 231, 126, 0, 0, 0, 53, 952, 75, 0, 0, 0, 0, 0, 46, 0, 14, 0, 0, 0, 0, 0, 0, 0, 0, 0, 0] mem_assign=[12965, 12021, 12751, 69, 444, 15111, 12634, 17, 0, 795, 8256, 44034, 6694, 0, 0, 0, 0, 0, 5481, 21, 4477, 0, 226, 0, 0, 0, 0, 0, 4, 0, 0] topology_prune=off leaves=16 sleep_mode=light light_absorb=9 deep_probability=0.177 topology_action=null topology_gain=0.000e+00 topology_candidates=0 collapsed=0 topology_lambda=0.000e+00 time=W47.8/G44.6/S0.4s cache=0/1700 cuda_peak=7434MiB sleep_actions=[]
[Epoch 003] Wake: 100%|#########| 1700/1700 [00:49<00:00, 34.23seq/s, events=136000, loss=2.8338, writes=1037]
[Epoch 003] Global: 100%|#################| 1700/1700 [00:44<00:00, 37.79seq-pass/s, batch=54/54, phase=train]
[Epoch 003] Sleep: 100%|#############| 20/20 [00:05<00:00,  3.89step/s, actions=5, phase=deep, pressure=0.324]
[MemoryTree][003/050] wake/event=2.833844 sleep_residual_utility=0.014455 writes=1037 memorize=11383 queue_split=0 wake_actions=A95118/R29499/M11383/Q0 novelty=0.1508 weighted_sim=0.6984 wm_grad_max=3.435e+00 global/event=2.804537 mix_diag=3.0138 global_steps=54 prior_KL=6.113e-02 seq_H_cond=0.6031 seq_H_marg=0.6200 seq_MI=1.692e-02 post_KL_diag=3.015e-01 branch_distill=2.150e-01 probe=6.801e+00/0.358->0.357/0.001/0.557 frontier=5.71/10.43/4.71 enc_gate=0.097 enc_scale=0.009 teacher_conf=0.110 teacher_JS=3.056e-02 max_mass=0.1124 owner_hard=[0, 0, 0, 211, 0, 0, 1344, 0, 0, 0, 101, 43, 0, 0, 0, 0, 1, 0, 0, 0, 0, 0, 0, 0, 0, 0, 0, 0, 0] mem_assign=[2880, 417, 2743, 12792, 2272, 3160, 68962, 56, 10, 3224, 19263, 10381, 1106, 2, 404, 188, 6556, 0, 1549, 0, 3, 0, 0, 0, 1, 0, 0, 0, 0] topology_prune=off leaves=15 sleep_mode=deep light_absorb=8 deep_probability=0.324 topology_action=merge topology_gain=6.570e-03 topology_candidates=28 collapsed=0 topology_lambda=0.000e+00 time=W49.7/G45.0/S5.2s cache=0/1700 cuda_peak=7494MiB sleep_actions=['merge', 'promotion', 'promotion', 'promotion', 'promotion']
[Epoch 004] Wake: 100%|##########| 1700/1700 [00:46<00:00, 36.67seq/s, events=136000, loss=2.7692, writes=632]
[Epoch 004] Global: 100%|#################| 1700/1700 [00:44<00:00, 38.00seq-pass/s, batch=54/54, phase=train]
[Epoch 004] Sleep: 100%|############| 19/19 [00:00<00:00, 57.23step/s, actions=0, phase=light, pressure=0.218]
[MemoryTree][004/050] wake/event=2.769211 sleep_residual_utility=0.195910 writes=632 memorize=4873 queue_split=160 wake_actions=A95615/R35352/M4873/Q160 novelty=0.1433 weighted_sim=0.7133 wm_grad_max=5.003e+00 global/event=2.764449 mix_diag=2.9824 global_steps=54 prior_KL=5.422e-02 seq_H_cond=0.5539 seq_H_marg=0.5912 seq_MI=3.736e-02 post_KL_diag=2.563e-01 branch_distill=1.881e-01 probe=6.188e+00/0.454->0.449/0.015/0.495 frontier=6.09/11.18/5.09 enc_gate=0.128 enc_scale=0.009 teacher_conf=0.114 teacher_JS=3.761e-02 max_mass=0.0808 owner_hard=[0, 19, 0, 96, 0, 0, 789, 0, 0, 72, 0, 709, 0, 0, 0, 0, 15, 0, 0, 0, 0, 0, 0, 0, 0, 0, 0, 0, 0] mem_assign=[2641, 7466, 2098, 8882, 728, 3082, 38816, 639, 3436, 7212, 3538, 41964, 5256, 123, 0, 9, 8189, 33, 1781, 1, 12, 66, 0, 0, 28, 0, 0, 0, 0] topology_prune=off leaves=15 sleep_mode=light light_absorb=7deep_probability=0.218 topology_action=null topology_gain=0.000e+00 topology_candidates=0 collapsed=0 topology_lambda=0.000e+00 time=W46.4/G44.7/S0.4s cache=0/1700 cuda_peak=7238MiB sleep_actions=[]
[Epoch 005] Wake: 100%|##########| 1700/1700 [00:45<00:00, 37.14seq/s, events=136000, loss=2.7502, writes=872]
[Epoch 005] Global: 100%|#################| 1700/1700 [00:44<00:00, 37.84seq-pass/s, batch=54/54, phase=train]
[Epoch 005] Sleep: 100%|############| 19/19 [00:04<00:00,  4.45step/s, actions=0, phase=light, pressure=0.390]
[MemoryTree][005/050] wake/event=2.750228 sleep_residual_utility=0.178252 writes=872 memorize=3863 queue_split=518 wake_actions=A95819/R35800/M3863/Q518 novelty=0.1199 weighted_sim=0.7602 wm_grad_max=4.027e+00 global/event=2.753056 mix_diag=3.0609 global_steps=54 prior_KL=6.142e-02 seq_H_cond=0.5285 seq_H_marg=0.5749 seq_MI=4.636e-02 post_KL_diag=2.686e-01 branch_distill=2.050e-01 probe=5.997e+00/0.530->0.525/0.107/0.494 frontier=6.07/11.14/5.07 enc_gate=0.151 enc_scale=0.011 teacher_conf=0.138 teacher_JS=4.513e-02 max_mass=0.0475 owner_hard=[0, 2, 0, 0, 0, 0, 1089, 0, 0, 0, 443, 133, 5, 15, 0, 0, 13, 0, 0, 0, 0, 0, 0, 0, 0, 0, 0, 0, 0] mem_assign=[2317, 6488, 1503, 1323, 685, 2688, 47196, 2759, 1457, 2159, 23434, 20102, 10049, 3674, 1573, 55, 6135, 206, 2072, 0, 5, 2, 8, 0, 110, 0, 0, 0, 0] topology_prune=off leaves=15 sleep_mode=light light_absorb=9 deep_probability=0.390 topology_action=merge topology_gain=7.629e-02 topology_candidates=25 collapsed=0 topology_lambda=0.000e+00 time=W45.8/G44.9/S4.4s cache=0/1700 cuda_peak=7738MiB sleep_actions=[]
[Epoch 006] Wake: 100%|##########| 1700/1700 [00:49<00:00, 34.18seq/s, events=136000, loss=2.7738, writes=352]
[Epoch 006] Global: 100%|#################| 1700/1700 [00:45<00:00, 37.47seq-pass/s, batch=54/54, phase=train]
[Epoch 006] Sleep: 100%|#############| 19/19 [00:05<00:00,  3.77step/s, actions=5, phase=deep, pressure=0.242]
[MemoryTree][006/050] wake/event=2.773853 sleep_residual_utility=0.145631 writes=352 memorize=10653 queue_split=11680 wake_actions=A96308/R17359/M10653/Q11680 novelty=0.1833 weighted_sim=0.6334 wm_grad_max=3.915e+00 global/event=2.767730 mix_diag=3.0637 global_steps=54 prior_KL=8.678e-02 seq_H_cond=0.4837 seq_H_marg=0.5693 seq_MI=8.567e-02post_KL_diag=2.684e-01 branch_distill=1.992e-01 probe=5.984e+00/0.535->0.534/0.071/0.500 frontier=6.82/12.65/5.82 enc_gate=0.150 enc_scale=0.011 teacher_conf=0.140 teacher_JS=5.480e-02 max_mass=0.0709 owner_hard=[0, 0, 0, 95, 0, 0, 498, 0, 0, 0, 264, 5, 834, 0, 0, 4, 0, 0, 0, 0, 0, 0, 0, 0, 0, 0, 0] mem_assign=[1118, 4353, 842, 11373, 369,971, 29896, 5347, 222, 479, 15483, 10251, 34513, 149, 1969, 8935, 1001, 239, 3941, 10, 500, 600, 980, 1, 49, 0, 0] topology_prune=off leaves=14 sleep_mode=deep light_absorb=7 deep_probability=0.242 topology_action=merge topology_gain=7.727e-02 topology_candidates=25 collapsed=0 topology_lambda=0.000e+00 time=W49.7/G45.4/S5.1s cache=0/1700 cuda_peak=7881MiB sleep_actions=['merge', 'promotion', 'promotion', 'promotion', 'promotion']
[Epoch 007] Wake: 100%|##########| 1700/1700 [00:50<00:00, 33.63seq/s, events=136000, loss=2.7575, writes=414]
[Epoch 007] Global: 100%|#################| 1700/1700 [00:44<00:00, 37.92seq-pass/s, batch=54/54, phase=train]
[Epoch 007] Sleep: 100%|############| 18/18 [00:00<00:00, 47.92step/s, actions=0, phase=light, pressure=0.250]
[MemoryTree][007/050] wake/event=2.757523 sleep_residual_utility=0.164113 writes=414 memorize=13756 queue_split=13811 wake_actions=A96412/R12021/M13756/Q13811 novelty=0.2607 weighted_sim=0.4786 wm_grad_max=4.259e+00 global/event=2.765608 mix_diag=3.0572 global_steps=54 prior_KL=6.724e-02 seq_H_cond=0.4459 seq_H_marg=0.5520 seq_MI=1.061e-01post_KL_diag=2.665e-01 branch_distill=2.053e-01 probe=5.835e+00/0.516->0.513/0.030/0.485 frontier=6.82/12.65/5.82 enc_gate=0.129 enc_scale=0.011 teacher_conf=0.132 teacher_JS=6.373e-02 max_mass=0.0574 owner_hard=[0, 3, 0, 143, 0, 0, 23, 22, 1, 0, 207, 9, 965, 0, 82, 216, 0, 0, 29, 0, 0, 0, 0, 0, 0, 0, 0] mem_assign=[1447, 4170, 807, 9051, 738, 1551, 13655, 5036, 2867, 350, 12440, 4956, 38152, 789, 5302, 19237, 505, 1283, 8519, 313, 2338, 385, 230, 321, 1552, 3, 3] topology_prune=off leaves=14 sleep_mode=light light_absorb=6 deep_probability=0.250 topology_action=null topology_gain=0.000e+00 topology_candidates=0 collapsed=0 topology_lambda=0.000e+00 time=W50.5/G44.8/S0.5s cache=0/1700 cuda_peak=7895MiB sleep_actions=[]
[Epoch 008] Wake: 100%|##########| 1700/1700 [00:49<00:00, 34.08seq/s, events=136000, loss=2.7661, writes=127]
[Epoch 008] Global: 100%|#################| 1700/1700 [00:44<00:00, 37.97seq-pass/s, batch=54/54, phase=train]
[Epoch 008] Sleep: 100%|############| 18/18 [00:00<00:00, 46.04step/s, actions=0, phase=light, pressure=0.437]
[MemoryTree][008/050] wake/event=2.766190 sleep_residual_utility=0.111078 writes=127 memorize=14546 queue_split=21899 wake_actions=A96460/R3095/M14546/Q21899 novelty=0.2700 weighted_sim=0.4600 wm_grad_max=3.584e+00 global/event=2.777664 mix_diag=2.9696 global_steps=54 prior_KL=9.766e-02 seq_H_cond=0.4208 seq_H_marg=0.5600 seq_MI=1.392e-01 post_KL_diag=2.765e-01 branch_distill=2.131e-01 probe=5.807e+00/0.524->0.524/0.028/0.515 frontier=6.93/12.86/5.93 enc_gate=0.151 enc_scale=0.011 teacher_conf=0.135 teacher_JS=6.947e-02 max_mass=0.0569 owner_hard=[0, 0, 0, 0, 0, 0, 0, 0, 0, 0, 1, 0, 1170, 16, 29, 269, 0, 0, 210, 0, 0, 0, 0, 0, 5, 0, 0] mem_assign=[597, 5998, 682, 6345, 2624,1039, 3690, 2782, 2606, 793, 7162, 1992, 41251, 5643, 5523, 22264, 1442, 740, 15104, 1280, 2340, 447, 190, 307, 3158, 1, 0] topology_prune=off leaves=14 sleep_mode=light light_absorb=7 deep_probability=0.437 topology_action=null topology_gain=0.000e+00 topology_candidates=0 collapsed=0 topology_lambda=0.000e+00 time=W49.9/G44.8/S0.5s cache=0/1700 cuda_peak=7911MiB sleep_actions=[]
[Epoch 009] Wake: 100%|###########| 1700/1700 [00:50<00:00, 33.66seq/s, events=136000, loss=2.7910, writes=13]
[Epoch 009] Global: 100%|#################| 1700/1700 [00:44<00:00, 38.08seq-pass/s, batch=54/54, phase=train]
[Epoch 009] Sleep: 100%|############| 18/18 [00:00<00:00, 46.03step/s, actions=0, phase=light, pressure=0.493]
[MemoryTree][009/050] wake/event=2.791085 sleep_residual_utility=0.062167 writes=13 memorize=24729 queue_split=9890 wake_actions=A96316/R5065/M24729/Q9890 novelty=0.2537 weighted_sim=0.4926 wm_grad_max=4.554e+00 global/event=2.784812 mix_diag=2.9127 global_steps=54 prior_KL=9.084e-02 seq_H_cond=0.4580 seq_H_marg=0.5642 seq_MI=1.062e-01 post_KL_diag=2.844e-01 branch_distill=2.154e-01 probe=5.756e+00/0.535->0.536/0.065/0.531 frontier=6.90/12.81/5.90 enc_gate=0.141 enc_scale=0.012 teacher_conf=0.147 teacher_JS=6.273e-02 max_mass=0.0873 owner_hard=[0, 206, 0, 0, 0, 0, 0, 0, 0, 10, 0, 0, 818, 134, 29, 382, 0, 0, 111, 0, 0, 0, 0, 0, 10, 0, 0] mem_assign=[1255, 15087, 1907, 3166, 1112, 963, 5995, 474, 1750, 3717, 5282, 1245, 32697, 13957, 5096, 19496, 4445, 792, 11179, 609, 12, 494, 1210, 33, 4026, 1, 0] topology_prune=off leaves=14 sleep_mode=lightlight_absorb=7 deep_probability=0.493 topology_action=null topology_gain=0.000e+00 topology_candidates=0 collapsed=0 topology_lambda=0.000e+00 time=W50.5/G44.6/S0.5s cache=0/1700 cuda_peak=7920MiB sleep_actions=[]
[Epoch 010] Wake: 100%|##########| 1700/1700 [00:48<00:00, 34.82seq/s, events=136000, loss=2.7679, writes=699]
[Epoch 010] Global: 100%|#################| 1700/1700 [00:44<00:00, 38.12seq-pass/s, batch=54/54, phase=train]
[Epoch 010] Sleep: 100%|#############| 18/18 [00:05<00:00,  3.18step/s, actions=3, phase=deep, pressure=0.599]
[MemoryTree][010/050] wake/event=2.767902 sleep_residual_utility=0.040832 writes=699 memorize=7387 queue_split=19299 wake_actions=A96435/R12879/M7387/Q19299 novelty=0.1162 weighted_sim=0.7675 wm_grad_max=3.871e+00 global/event=2.780672 mix_diag=2.9153 global_steps=54 prior_KL=8.703e-02 seq_H_cond=0.4524 seq_H_marg=0.5594 seq_MI=1.070e-01 post_KL_diag=2.792e-01 branch_distill=2.130e-01 probe=6.152e+00/0.536->0.535/0.103/0.530 frontier=6.95/12.91/5.95 enc_gate=0.150 enc_scale=0.012 teacher_conf=0.151 teacher_JS=6.214e-02 max_mass=0.1216 owner_hard=[0, 19, 0, 140, 0, 7, 1, 0, 0, 34, 0, 0, 1304, 3, 192, 0, 0, 0, 0, 0, 0, 0, 0, 0, 0, 0, 0] mem_assign=[893, 12162, 1362, 8546, 223,10644, 3814, 1532, 2048, 8995, 4407, 277, 47948, 5529, 13522, 5812, 1133, 17, 2788, 456, 7, 69, 3299, 45, 467, 4, 1] topology_prune=off leaves=14 sleep_mode=deep light_absorb=8 deep_probability=0.599 topology_action=null topology_gain=0.000e+00 topology_candidates=24 collapsed=0 topology_lambda=0.000e+00 time=W48.8/G44.6/S5.8s cache=0/1700cuda_peak=7921MiB sleep_actions=['promotion', 'promotion', 'promotion']
[Epoch 011] Wake: 100%|##########| 1700/1700 [00:43<00:00, 38.95seq/s, events=136000, loss=2.7783, writes=488]
[Epoch 011] Global: 100%|#################| 1700/1700 [00:45<00:00, 37.71seq-pass/s, batch=54/54, phase=train]
[Epoch 011] Sleep: 100%|############| 18/18 [00:00<00:00, 42.30step/s, actions=0, phase=light, pressure=0.248]
[MemoryTree][011/050] wake/event=2.778321 sleep_residual_utility=0.022624 writes=488 memorize=329 queue_split=27374 wake_actions=A96195/R12102/M329/Q27374 novelty=0.0989 weighted_sim=0.8021 wm_grad_max=3.942e+00 global/event=2.781298 mix_diag=2.9018 global_steps=54 prior_KL=6.560e-02 seq_H_cond=0.4691 seq_H_marg=0.5950 seq_MI=1.259e-01 post_KL_diag=2.873e-01 branch_distill=2.387e-01 probe=5.862e+00/0.560->0.561/0.164/0.514 frontier=6.93/12.86/5.93 enc_gate=0.136 enc_scale=0.011 teacher_conf=0.138 teacher_JS=6.172e-02 max_mass=0.1305 owner_hard=[0, 141, 0, 1, 0, 11, 0, 0, 0, 122, 0, 0, 1196, 0, 226, 0, 0, 0, 3, 0, 0, 0, 0, 0, 0, 0, 0] mem_assign=[560, 15068, 872, 2857, 559, 9318, 669, 1431, 2487, 17969, 4580, 185, 43546, 5614, 17116, 2576, 1800, 12, 3880, 2, 24, 215, 4385, 31, 222, 21, 1] topology_prune=off leaves=14 sleep_mode=light light_absorb=6 deep_probability=0.248 topology_action=null topology_gain=0.000e+00 topology_candidates=0 collapsed=0 topology_lambda=0.000e+00 time=W43.7/G45.1/S0.5s cache=0/1700 cuda_peak=7929MiB sleep_actions=[]
[Epoch 012] Wake: 100%|##########| 1700/1700 [00:50<00:00, 33.99seq/s, events=136000, loss=2.7763, writes=541]
[Epoch 012] Global: 100%|#################| 1700/1700 [00:44<00:00, 38.11seq-pass/s, batch=54/54, phase=train]
[Epoch 012] Sleep: 100%|#############| 18/18 [00:05<00:00,  3.22step/s, actions=4, phase=deep, pressure=0.432]
[MemoryTree][012/050] wake/event=2.776350 sleep_residual_utility=0.014843 writes=541 memorize=4143 queue_split=31175 wake_actions=A96627/R4055/M4143/Q31175 novelty=0.1188weighted_sim=0.7625 wm_grad_max=4.053e+00 global/event=2.767359 mix_diag=2.8973 global_steps=54 prior_KL=7.347e-02 seq_H_cond=0.4785 seq_H_marg=0.6048 seq_MI=1.263e-01 post_KL_diag=2.810e-01 branch_distill=2.356e-01 probe=5.776e+00/0.551->0.551/0.111/0.513 frontier=6.97/12.94/5.97 enc_gate=0.124 enc_scale=0.011 teacher_conf=0.139 teacher_JS=5.937e-02 max_mass=0.1218 owner_hard=[0, 0, 0, 102, 0, 0, 7, 7, 0, 155, 0, 0, 1349, 0, 80, 0, 0, 0, 0, 0, 0, 0, 0, 0, 0, 0, 0] mem_assign=[2839, 1613, 772, 12592, 467, 8394, 8822, 4755, 3260, 19881, 2456, 3087, 47126, 430, 7190, 6157, 2918, 30, 148, 5, 866, 360, 1824, 0, 4, 0, 4] topology_prune=off leaves=14 sleep_mode=deep light_absorb=7deep_probability=0.432 topology_action=null topology_gain=0.000e+00 topology_candidates=24 collapsed=0 topology_lambda=0.000e+00 time=W50.0/G44.6/S5.7s cache=0/1700 cuda_peak=7930MiB sleep_actions=['promotion', 'promotion', 'promotion', 'promotion']
[Epoch 013] Wake: 100%|##########| 1700/1700 [00:51<00:00, 33.19seq/s, events=136000, loss=2.7665, writes=341]
[Epoch 013] Global: 100%|#################| 1700/1700 [00:44<00:00, 37.93seq-pass/s, batch=54/54, phase=train]
[Epoch 013] Sleep: 100%|#############| 18/18 [00:05<00:00,  3.26step/s, actions=3, phase=deep, pressure=0.261]
[MemoryTree][013/050] wake/event=2.766511 sleep_residual_utility=0.015294 writes=341 memorize=6133 queue_split=26565 wake_actions=A96641/R6661/M6133/Q26565 novelty=0.1275weighted_sim=0.7451 wm_grad_max=3.902e+00 global/event=2.769405 mix_diag=2.8584 global_steps=54 prior_KL=5.960e-02 seq_H_cond=0.4569 seq_H_marg=0.5925 seq_MI=1.356e-01 post_KL_diag=2.748e-01 branch_distill=2.326e-01 probe=5.623e+00/0.574->0.574/0.106/0.490 frontier=6.96/12.93/5.96 enc_gate=0.155 enc_scale=0.010 teacher_conf=0.134 teacher_JS=6.590e-02 max_mass=0.1080 owner_hard=[0, 1, 0, 47, 0, 0, 17, 0, 5, 84, 0, 0, 1472, 0, 73, 0, 0, 0, 0, 0, 1, 0, 0, 0, 0, 0, 0] mem_assign=[1945, 6557, 1357, 8909, 528, 7130, 6735, 2078, 5531, 17315, 1724, 2077, 44965, 1320, 7351, 3417, 2577, 508, 1987, 223, 7065, 1921, 2384, 12, 195, 0, 189] topology_prune=on leaves=14 sleep_mode=deep light_absorb=7 deep_probability=0.261 topology_action=null topology_gain=0.000e+00 topology_candidates=24 collapsed=0 topology_lambda=0.000e+00 time=W51.2/G44.8/S5.6s cache=0/1700 cuda_peak=7933MiB sleep_actions=['promotion', 'promotion', 'promotion']
[Epoch 014] Wake: 100%|##########| 1700/1700 [00:46<00:00, 36.50seq/s, events=136000, loss=2.7643, writes=443]
[Epoch 014] Global: 100%|#################| 1700/1700 [00:45<00:00, 37.78seq-pass/s, batch=54/54, phase=train]
[Epoch 014] Sleep: 100%|############| 18/18 [00:00<00:00, 40.10step/s, actions=0, phase=light, pressure=0.265]
[MemoryTree][014/050] wake/event=2.764359 sleep_residual_utility=0.013524 writes=443 memorize=2102 queue_split=30167 wake_actions=A96540/R7191/M2102/Q30167 novelty=0.1481weighted_sim=0.7039 wm_grad_max=4.084e+00 global/event=2.768559 mix_diag=2.9062 global_steps=54 prior_KL=5.329e-02 seq_H_cond=0.4546 seq_H_marg=0.5797 seq_MI=1.250e-01 post_KL_diag=2.821e-01 branch_distill=2.368e-01 probe=5.668e+00/0.573->0.575/0.088/0.502 frontier=6.95/12.90/5.95 enc_gate=0.158 enc_scale=0.012 teacher_conf=0.147 teacher_JS=6.554e-02 max_mass=0.1295 owner_hard=[0, 1, 0, 108, 0, 0, 0, 0, 0, 157, 0, 0, 1428, 0, 0, 0, 0, 0, 3, 0, 3, 0, 0, 0, 0, 0, 0] mem_assign=[1616, 6656, 1420, 13728, 265, 7125, 2160, 2906, 2748, 22031, 2576, 1065, 42971, 784, 2557, 3629, 5469, 1502, 4550, 236, 5691, 1464, 2505, 13, 225, 1, 107] topology_prune=on leaves=14 sleep_mode=light light_absorb=7 deep_probability=0.265 topology_action=null topology_gain=0.000e+00 topology_candidates=0 collapsed=0 topology_lambda=0.000e+00 time=W46.6/G45.0/S0.5s cache=0/1700 cuda_peak=7933MiB sleep_actions=[]
[Epoch 015] Wake: 100%|##########| 1700/1700 [00:54<00:00, 30.97seq/s, events=136000, loss=2.7681, writes=632]
[Epoch 015] Global: 100%|#################| 1700/1700 [00:44<00:00, 37.95seq-pass/s, batch=54/54, phase=train]
[Epoch 015] Sleep: 100%|#############| 18/18 [00:05<00:00,  3.19step/s, actions=2, phase=deep, pressure=0.459]
[MemoryTree][015/050] wake/event=2.768161 sleep_residual_utility=0.011893 writes=632 memorize=8732 queue_split=20457 wake_actions=A96336/R10475/M8732/Q20457 novelty=0.1161 weighted_sim=0.7678 wm_grad_max=3.461e+00 global/event=2.760491 mix_diag=2.8589 global_steps=54 prior_KL=5.448e-02 seq_H_cond=0.4488 seq_H_marg=0.5737 seq_MI=1.249e-01 post_KL_diag=2.857e-01 branch_distill=2.462e-01 probe=5.515e+00/0.585->0.587/0.103/0.500 frontier=6.97/12.94/5.97 enc_gate=0.172 enc_scale=0.013 teacher_conf=0.158 teacher_JS=6.726e-02 max_mass=0.1136 owner_hard=[0, 0, 0, 0, 0, 7, 62, 0, 349, 324, 4, 2, 842, 0, 4, 0, 100, 0, 4, 0, 2, 0, 0, 0, 0, 0, 0] mem_assign=[2215, 756, 1220, 1787, 2088,7261, 10670, 1104, 16889, 18318, 3382, 7662, 26873, 1818, 3517, 4977, 11888, 414, 3575, 545, 4849, 1222, 2475, 2, 483, 6, 4] topology_prune=on leaves=14 sleep_mode=deep light_absorb=7 deep_probability=0.459 topology_action=null topology_gain=0.000e+00 topology_candidates=24 collapsed=0 topology_lambda=0.000e+00 time=W54.9/G44.8/S5.7s cache=0/1700 cuda_peak=7933MiB sleep_actions=['promotion', 'promotion']
[Epoch 016] Wake: 100%|##########| 1700/1700 [00:50<00:00, 33.83seq/s, events=136000, loss=2.7521, writes=987]
[Epoch 016] Global: 100%|#################| 1700/1700 [00:44<00:00, 37.91seq-pass/s, batch=54/54, phase=train]
[Epoch 016] Sleep: 100%|#############| 18/18 [00:05<00:00,  3.12step/s, actions=3, phase=deep, pressure=0.272]
[MemoryTree][016/050] wake/event=2.752146 sleep_residual_utility=0.010517 writes=987 memorize=2170 queue_split=29562 wake_actions=A96292/R7976/M2170/Q29562 novelty=0.1056weighted_sim=0.7888 wm_grad_max=4.175e+00 global/event=2.753254 mix_diag=2.8613 global_steps=54 prior_KL=6.418e-02 seq_H_cond=0.4609 seq_H_marg=0.5871 seq_MI=1.262e-01 post_KL_diag=3.326e-01 branch_distill=2.672e-01 probe=5.659e+00/0.598->0.600/0.151/0.475 frontier=6.97/12.94/5.97 enc_gate=0.200 enc_scale=0.015 teacher_conf=0.184 teacher_JS=7.040e-02 max_mass=0.1612 owner_hard=[0, 8, 0, 5, 0, 0, 0, 0, 1, 407, 0, 0, 1213, 0, 5, 0, 0, 0, 61, 0, 0, 0, 0, 0, 0, 0, 0] mem_assign=[1912, 9374, 1385, 6795, 2492, 6117, 1131, 1127, 4740, 24499, 3742, 838, 34874, 2144, 7540, 940, 4570, 3130, 8610, 817, 5079, 1293, 2485, 202, 126, 0, 38] topology_prune=on leaves=14 sleep_mode=deep light_absorb=8 deep_probability=0.272 topology_action=null topology_gain=0.000e+00 topology_candidates=24 collapsed=0 topology_lambda=0.000e+00 time=W50.3/G44.8/S5.9s cache=0/1700 cuda_peak=7934MiB sleep_actions=['promotion', 'promotion', 'promotion']
[Epoch 017] Wake: 100%|##########| 1700/1700 [00:50<00:00, 33.90seq/s, events=136000, loss=2.7384, writes=617]
[Epoch 017] Global: 100%|#################| 1700/1700 [00:44<00:00, 37.89seq-pass/s, batch=54/54, phase=train]
[Epoch 017] Sleep: 100%|############| 18/18 [00:00<00:00, 37.92step/s, actions=0, phase=light, pressure=0.274]
[MemoryTree][017/050] wake/event=2.738437 sleep_residual_utility=0.010230 writes=617 memorize=4786 queue_split=27902 wake_actions=A96325/R6987/M4786/Q27902 novelty=0.1283weighted_sim=0.7434 wm_grad_max=4.778e+00 global/event=2.748830 mix_diag=2.8786 global_steps=54 prior_KL=7.006e-02 seq_H_cond=0.4349 seq_H_marg=0.5908 seq_MI=1.559e-01 post_KL_diag=3.262e-01 branch_distill=2.742e-01 probe=5.427e+00/0.637->0.640/0.285/0.495 frontier=6.97/12.95/5.97 enc_gate=0.208 enc_scale=0.016 teacher_conf=0.205 teacher_JS=7.575e-02 max_mass=0.0983 owner_hard=[0, 0, 0, 71, 0, 8, 0, 0, 0, 178, 7, 0, 1435, 0, 1, 0, 0, 0, 0, 0, 0, 0, 0, 0, 0, 0, 0] mem_assign=[1989, 3837, 1212, 10656, 1463, 7544, 2411, 2474, 3848, 15670, 5063, 2005, 42880, 1362, 3861, 1991, 4363, 2726, 2977, 1286, 7336, 2021, 6550, 0, 7, 57, 411] topology_prune=on leaves=14 sleep_mode=light light_absorb=8 deep_probability=0.274 topology_action=null topology_gain=0.000e+00 topology_candidates=0 collapsed=0 topology_lambda=0.000e+00 time=W50.2/G44.9/S0.6s cache=0/1700 cuda_peak=7934MiB sleep_actions=[]
[Epoch 018] Wake: 100%|##########| 1700/1700 [00:49<00:00, 34.24seq/s, events=136000, loss=2.7330, writes=419]
[Epoch 018] Global: 100%|#################| 1700/1700 [00:45<00:00, 37.72seq-pass/s, batch=54/54, phase=train]
[Epoch 018] Sleep: 100%|############| 18/18 [00:00<00:00, 37.98step/s, actions=0, phase=light, pressure=0.466]
[MemoryTree][018/050] wake/event=2.733043 sleep_residual_utility=0.009532 writes=419 memorize=3958 queue_split=32248 wake_actions=A97246/R2548/M3958/Q32248 novelty=0.1290weighted_sim=0.7420 wm_grad_max=3.890e+00 global/event=2.728878 mix_diag=2.8897 global_steps=54 prior_KL=7.711e-02 seq_H_cond=0.4090 seq_H_marg=0.5960 seq_MI=1.870e-01 post_KL_diag=3.486e-01 branch_distill=2.856e-01 probe=5.415e+00/0.658->0.661/0.391/0.501 frontier=6.97/12.95/5.97 enc_gate=0.201 enc_scale=0.017 teacher_conf=0.206 teacher_JS=8.215e-02 max_mass=0.0978 owner_hard=[0, 0, 0, 122, 0, 2, 0, 0, 0, 189, 4, 0, 1333, 0, 29, 0, 0, 5, 13, 0, 0, 0, 3, 0, 0, 0, 0] mem_assign=[1297, 2224, 1089, 13030, 1554, 4242, 1632, 1115, 2713, 15005, 5429, 2717, 36617, 1806, 6878, 1176, 3723, 6018, 5539, 2515, 7223, 2904, 9153, 52, 6, 27, 316] topology_prune=on leaves=14 sleep_mode=light light_absorb=8 deep_probability=0.466 topology_action=null topology_gain=0.000e+00 topology_candidates=0 collapsed=0 topology_lambda=0.000e+00 time=W49.7/G45.1/S0.6s cache=0/1700 cuda_peak=7934MiB sleep_actions=[]
[Epoch 019] Wake: 100%|##########| 1700/1700 [00:49<00:00, 34.46seq/s, events=136000, loss=2.7211, writes=384]
[Epoch 019] Global: 100%|#################| 1700/1700 [00:45<00:00, 37.71seq-pass/s, batch=54/54, phase=train]
[Epoch 019] Sleep: 100%|############| 18/18 [00:00<00:00, 37.04step/s, actions=0, phase=light, pressure=0.609]
[MemoryTree][019/050] wake/event=2.721148 sleep_residual_utility=0.009474 writes=384 memorize=3413 queue_split=32907 wake_actions=A97574/R2106/M3413/Q32907 novelty=0.1286weighted_sim=0.7427 wm_grad_max=3.743e+00 global/event=2.723133 mix_diag=2.9142 global_steps=54 prior_KL=8.461e-02 seq_H_cond=0.4089 seq_H_marg=0.5962 seq_MI=1.874e-01 post_KL_diag=3.520e-01 branch_distill=2.980e-01 probe=5.475e+00/0.677->0.680/0.477/0.480 frontier=6.97/12.95/5.97 enc_gate=0.218 enc_scale=0.016 teacher_conf=0.205 teacher_JS=8.294e-02 max_mass=0.1072 owner_hard=[0, 0, 0, 284, 0, 4, 0, 0, 1, 175, 23, 1, 1093, 0, 67, 0, 0, 11, 38, 0, 0, 0, 3, 0, 0, 0, 0] mem_assign=[1283, 935, 915, 15313, 1054, 3961, 1752, 1711, 5162, 15294, 6704, 4060, 30014, 1352, 8095, 729, 4283, 9821, 8457, 1406, 6307, 2164, 4867, 93, 27, 78, 163] topology_prune=on leaves=14 sleep_mode=light light_absorb=8 deep_probability=0.609 topology_action=null topology_gain=0.000e+00 topology_candidates=0 collapsed=0 topology_lambda=0.000e+00 time=W49.3/G45.1/S0.6s cache=0/1700 cuda_peak=7934MiB sleep_actions=[]
[Epoch 020] Wake: 100%|##########| 1700/1700 [00:47<00:00, 36.12seq/s, events=136000, loss=2.7149, writes=537]
[Epoch 020] Global: 100%|#################| 1700/1700 [00:45<00:00, 37.52seq-pass/s, batch=54/54, phase=train]
[Epoch 020] Sleep: 100%|#############| 18/18 [00:05<00:00,  3.01step/s, actions=3, phase=deep, pressure=0.714]
[MemoryTree][020/050] wake/event=2.714957 sleep_residual_utility=0.009707 writes=537 memorize=360 queue_split=35178 wake_actions=A98170/R2292/M360/Q35178 novelty=0.0925 weighted_sim=0.8151 wm_grad_max=4.004e+00 global/event=2.722754 mix_diag=2.9537 global_steps=54 prior_KL=8.926e-02 seq_H_cond=0.4004 seq_H_marg=0.5908 seq_MI=1.904e-01 post_KL_diag=3.376e-01 branch_distill=3.010e-01 probe=5.475e+00/0.696->0.699/0.641/0.514 frontier=6.97/12.95/5.97 enc_gate=0.262 enc_scale=0.018 teacher_conf=0.233 teacher_JS=8.565e-02 max_mass=0.1278 owner_hard=[0, 1, 0, 58, 0, 0, 0, 1, 0, 472, 7, 0, 653, 1, 49, 0, 0, 431, 2, 0, 6, 0, 19, 0, 0, 0, 0] mem_assign=[1062, 5294, 779, 7917, 1530, 5051, 1211, 1111, 2531, 17906, 4543, 1380, 23388, 3663, 5995, 1540, 2625, 20483, 6235, 2282, 7408, 2620, 8775, 43, 10, 12, 606] topology_prune=on leaves=14 sleep_mode=deep light_absorb=8 deep_probability=0.714 topology_action=null topology_gain=0.000e+00 topology_candidates=24 collapsed=0 topology_lambda=0.000e+00 time=W47.1/G45.3/S6.1s cache=0/1700 cuda_peak=7934MiB sleep_actions=['promotion', 'promotion', 'promotion']
[Epoch 021] Wake: 100%|##########| 1700/1700 [00:44<00:00, 37.82seq/s, events=136000, loss=2.7254, writes=421]
[Epoch 021] Global: 100%|#################| 1700/1700 [00:45<00:00, 37.46seq-pass/s, batch=54/54, phase=train]
[Epoch 021] Sleep: 100%|############| 18/18 [00:00<00:00, 34.55step/s, actions=0, phase=light, pressure=0.278]
[MemoryTree][021/050] wake/event=2.725403 sleep_residual_utility=0.012633 writes=421 memorize=32 queue_split=34474 wake_actions=A98299/R3195/M32/Q34474 novelty=0.1048 weighted_sim=0.7905 wm_grad_max=3.627e+00 global/event=2.746899 mix_diag=2.9160 global_steps=54 prior_KL=1.034e-01 seq_H_cond=0.4042 seq_H_marg=0.5729 seq_MI=1.687e-01 post_KL_diag=3.286e-01 branch_distill=3.184e-01 probe=5.574e+00/0.703->0.703/0.708/0.531 frontier=6.97/12.95/5.97 enc_gate=0.238 enc_scale=0.021 teacher_conf=0.260 teacher_JS=8.709e-02 max_mass=0.1436 owner_hard=[0, 0, 0, 322, 0, 0, 0, 0, 0, 306, 59, 0, 40, 0, 768, 0, 0, 3, 201, 0, 0, 0, 1, 0, 0, 0, 0] mem_assign=[972, 1469, 703, 15692, 399, 5236, 2704, 190, 2864, 18667, 12055, 1680, 11584, 5367, 26255, 519, 2379, 3477, 12709, 663, 5053, 1435, 2680, 534, 473, 138, 103] topology_prune=on leaves=14 sleep_mode=light light_absorb=10 deep_probability=0.278 topology_action=null topology_gain=0.000e+00 topology_candidates=0 collapsed=0 topology_lambda=0.000e+00 time=W45.0/G45.4/S0.6s cache=0/1700 cuda_peak=7935MiB sleep_actions=[]
[Epoch 022] Wake: 100%|###########| 1700/1700 [00:56<00:00, 30.31seq/s, events=136000, loss=2.7458, writes=76]
[Epoch 022] Global: 100%|#################| 1700/1700 [00:45<00:00, 37.46seq-pass/s, batch=54/54, phase=train]
[Epoch 022] Sleep: 100%|#############| 18/18 [00:06<00:00,  2.96step/s, actions=3, phase=deep, pressure=0.478]
[MemoryTree][022/050] wake/event=2.745853 sleep_residual_utility=0.010278 writes=76 memorize=2374 queue_split=30212 wake_actions=A97567/R5847/M2374/Q30212 novelty=0.1394 weighted_sim=0.7213 wm_grad_max=3.579e+00 global/event=2.740520 mix_diag=2.8798 global_steps=54 prior_KL=1.025e-01 seq_H_cond=0.4306 seq_H_marg=0.5698 seq_MI=1.391e-01 post_KL_diag=3.414e-01 branch_distill=2.975e-01 probe=5.931e+00/0.699->0.704/0.763/0.544 frontier=6.97/12.95/5.97 enc_gate=0.292 enc_scale=0.022 teacher_conf=0.279 teacher_JS=8.175e-02 max_mass=0.1651 owner_hard=[0, 0, 0, 172, 0, 6, 0, 0, 1, 180, 2, 0, 487, 1, 0, 2, 0, 776, 60, 7, 0, 0, 6, 0, 0, 0, 0] mem_assign=[1495, 1700, 507, 11915, 1793, 5541, 1823, 2019, 4204, 11775, 2585, 1988, 22338, 4428, 2923, 4296, 2814, 26550, 11213, 3026, 4261, 470, 6250, 60, 18, 1, 7] topology_prune=on leaves=14 sleep_mode=deep light_absorb=11 deep_probability=0.478 topology_action=null topology_gain=0.000e+00 topology_candidates=24 collapsed=0 topology_lambda=0.000e+00 time=W56.1/G45.4/S6.2s cache=0/1700 cuda_peak=7935MiB sleep_actions=['promotion', 'promotion', 'promotion']
[Epoch 023] Wake: 100%|##########| 1700/1700 [00:45<00:00, 37.40seq/s, events=136000, loss=2.7162, writes=221]
[Epoch 023] Global: 100%|#################| 1700/1700 [00:45<00:00, 36.99seq-pass/s, batch=54/54, phase=train]
[Epoch 023] Sleep: 100%|#############| 18/18 [00:06<00:00,  3.00step/s, actions=2, phase=deep, pressure=0.280]
[MemoryTree][023/050] wake/event=2.716184 sleep_residual_utility=0.009688 writes=221 memorize=35 queue_split=32776 wake_actions=A97717/R5472/M35/Q32776 novelty=0.0950 weighted_sim=0.8100 wm_grad_max=3.604e+00 global/event=2.704566 mix_diag=2.9351 global_steps=54 prior_KL=9.219e-02 seq_H_cond=0.4100 seq_H_marg=0.5779 seq_MI=1.680e-01 post_KL_diag=3.562e-01 branch_distill=2.936e-01 probe=5.675e+00/0.739->0.741/0.950/0.529 frontier=6.96/12.92/5.96 enc_gate=0.300 enc_scale=0.023 teacher_conf=0.293 teacher_JS=8.554e-02 max_mass=0.1002 owner_hard=[0, 0, 0, 208, 0, 6, 0, 0, 0, 163, 195, 0, 707, 0, 277, 0, 0, 65, 78, 0, 1, 0, 0, 0, 0, 0, 0] mem_assign=[1105, 1237, 652, 13086, 1448, 7548, 1201, 1633, 2954, 12320, 15712, 2336, 21314, 2248, 16001, 722, 3030, 7681, 9784, 1037, 6002, 1149, 5236, 12, 5, 212, 335] topology_prune=on leaves=14 sleep_mode=deeplight_absorb=10 deep_probability=0.280 topology_action=null topology_gain=0.000e+00 topology_candidates=24 collapsed=0 topology_lambda=0.000e+00 time=W45.5/G46.0/S6.1s cache=0/1700 cuda_peak=7935MiB sleep_actions=['promotion', 'promotion']
[Epoch 024] Wake: 100%|###########| 1700/1700 [00:47<00:00, 36.08seq/s, events=136000, loss=2.7115, writes=93]
[Epoch 024] Global: 100%|#################| 1700/1700 [00:45<00:00, 37.45seq-pass/s, batch=54/54, phase=train]
[Epoch 024] Sleep: 100%|############| 18/18 [00:00<00:00, 33.73step/s, actions=0, phase=light, pressure=0.281]
[MemoryTree][024/050] wake/event=2.711563 sleep_residual_utility=0.009484 writes=93 memorize=32 queue_split=36053 wake_actions=A98042/R1873/M32/Q36053 novelty=0.0808 weighted_sim=0.8383 wm_grad_max=3.247e+00 global/event=2.741705 mix_diag=2.8527 global_steps=54 prior_KL=1.101e-01 seq_H_cond=0.4166 seq_H_marg=0.5724 seq_MI=1.558e-01 post_KL_diag=3.244e-01 branch_distill=3.086e-01 probe=6.020e+00/0.748->0.749/1.144/0.552 frontier=6.97/12.95/5.97 enc_gate=0.327 enc_scale=0.025 teacher_conf=0.316 teacher_JS=8.694e-02 max_mass=0.2222 owner_hard=[0, 0, 0, 41, 0, 1, 0, 0, 0, 93, 1, 0, 33, 0, 1448, 0, 0, 44, 39, 0, 0, 0, 0, 0, 0, 0, 0] mem_assign=[1212, 1799, 780, 12443, 1121, 5808,2586, 319, 3794, 15268, 6329, 2181, 13283, 1615, 38592, 762, 1829, 8961, 10074, 773, 1717, 750, 3170, 295, 430, 28, 81] topology_prune=on leaves=14 sleep_mode=light light_absorb=9 deep_probability=0.281 topology_action=null topology_gain=0.000e+00 topology_candidates=0 collapsed=0 topology_lambda=0.000e+00 time=W47.1/G45.4/S0.6s cache=0/1700 cuda_peak=7935MiB sleep_actions=[]
[Epoch 025] Wake: 100%|##########| 1700/1700 [00:46<00:00, 36.90seq/s, events=136000, loss=2.7241, writes=494]
[Epoch 025] Global: 100%|#################| 1700/1700 [00:45<00:00, 37.42seq-pass/s, batch=54/54, phase=train]
[Epoch 025] Sleep: 100%|############| 18/18 [00:04<00:00,  4.12step/s, actions=0, phase=light, pressure=0.482]
[MemoryTree][025/050] wake/event=2.724091 sleep_residual_utility=0.010874 writes=494 memorize=19 queue_split=35381 wake_actions=A98058/R2542/M19/Q35381 novelty=0.0732 weighted_sim=0.8536 wm_grad_max=4.790e+00 global/event=2.719783 mix_diag=2.8111 global_steps=54 prior_KL=1.159e-01 seq_H_cond=0.3987 seq_H_marg=0.5629 seq_MI=1.642e-01 post_KL_diag=3.403e-01 branch_distill=2.966e-01 probe=6.090e+00/0.755->0.758/1.256/0.529 frontier=6.97/12.95/5.97 enc_gate=0.342 enc_scale=0.025 teacher_conf=0.314 teacher_JS=9.109e-02 max_mass=0.1301 owner_hard=[0, 0, 0, 180, 1, 2, 0, 0, 0, 188, 74, 1, 434, 0, 623, 0, 0, 26, 169, 0, 0, 0, 2, 0, 0, 0, 0] mem_assign=[1408, 3404, 693, 10306, 2060, 5701, 1585, 971, 4678, 13854, 11122, 2621, 19419, 2525, 22737, 1087, 2593, 7964, 12773, 532, 1033, 1050, 5756, 9, 8, 15, 96] topology_prune=on leaves=14 sleep_mode=light light_absorb=10 deep_probability=0.482 topology_action=null topology_gain=0.000e+00 topology_candidates=24 collapsed=0 topology_lambda=0.000e+00 time=W46.1/G45.4/S4.5s cache=0/1700 cuda_peak=7935MiB sleep_actions=[]
[Epoch 026] Wake: 100%|##########| 1700/1700 [00:45<00:00, 37.59seq/s, events=136000, loss=2.7068, writes=499]
[Epoch 026] Global: 100%|#################| 1700/1700 [00:45<00:00, 37.47seq-pass/s, batch=54/54, phase=train]
[Epoch 026] Sleep: 100%|############| 18/18 [00:00<00:00, 33.16step/s, actions=0, phase=light, pressure=0.282]
[MemoryTree][026/050] wake/event=2.706771 sleep_residual_utility=0.010279 writes=499 memorize=335 queue_split=34735 wake_actions=A97481/R3449/M335/Q34735 novelty=0.0678 weighted_sim=0.8644 wm_grad_max=3.592e+00 global/event=2.713664 mix_diag=2.8135 global_steps=54 prior_KL=1.136e-01 seq_H_cond=0.3942 seq_H_marg=0.5684 seq_MI=1.742e-01 post_KL_diag=3.567e-01 branch_distill=3.101e-01 probe=6.027e+00/0.768->0.770/1.460/0.544 frontier=6.97/12.95/5.97 enc_gate=0.318 enc_scale=0.027 teacher_conf=0.331 teacher_JS=9.280e-02 max_mass=0.1851 owner_hard=[0, 0, 0, 111, 0, 106, 0, 1, 0, 297, 164, 0, 31, 7, 983, 0, 0, 0, 0, 0, 0, 0, 0, 0, 0, 0, 0] mem_assign=[890, 3357, 472, 9366, 3700, 13917, 258, 2308, 3841, 19910, 14431, 953, 10933, 4355, 31072, 329, 1412, 3159, 4435, 294, 476, 1066, 3744, 42, 118, 435, 727] topology_prune=on leaves=14 sleep_mode=light light_absorb=9 deep_probability=0.282 topology_action=null topology_gain=0.000e+00 topology_candidates=0 collapsed=0 topology_lambda=0.000e+00 time=W45.2/G45.4/S0.6s cache=0/1700 cuda_peak=7935MiB sleep_actions=[]
[Epoch 027] Wake: 100%|##########| 1700/1700 [00:44<00:00, 38.19seq/s, events=136000, loss=2.7185, writes=210]
[Epoch 027] Global: 100%|#################| 1700/1700 [00:45<00:00, 37.45seq-pass/s, batch=54/54, phase=train]
[Epoch 027] Sleep: 100%|############| 18/18 [00:00<00:00, 33.10step/s, actions=0, phase=light, pressure=0.484]
[MemoryTree][027/050] wake/event=2.718507 sleep_residual_utility=0.009137 writes=210 memorize=2 queue_split=35647 wake_actions=A98005/R2346/M2/Q35647 novelty=0.0546 weighted_sim=0.8908 wm_grad_max=3.916e+00 global/event=2.702707 mix_diag=2.8027 global_steps=54 prior_KL=1.204e-01 seq_H_cond=0.3898 seq_H_marg=0.5672 seq_MI=1.775e-01 post_KL_diag=3.476e-01 branch_distill=3.046e-01 probe=5.998e+00/0.777->0.779/1.651/0.546 frontier=6.96/12.92/5.96 enc_gate=0.336 enc_scale=0.027 teacher_conf=0.338 teacher_JS=9.462e-02 max_mass=0.1854 owner_hard=[0, 0, 0, 12, 0, 48, 0, 0, 0, 309, 88, 0, 22, 34, 1178, 0, 0, 0, 7, 0, 0, 0, 2, 0, 0, 0, 0] mem_assign=[1009, 2873, 623, 6760, 2132, 11078, 1089, 1063, 4993, 19328, 14129, 1350, 11442, 5344, 33038, 400, 1602, 4330, 6623, 558, 558, 1245, 4236, 54, 31, 16, 96] topology_prune=on leaves=14 sleep_mode=light light_absorb=9 deep_probability=0.484 topology_action=null topology_gain=0.000e+00 topology_candidates=0 collapsed=0 topology_lambda=0.000e+00 time=W44.5/G45.4/S0.6s cache=0/1700 cuda_peak=7936MiB sleep_actions=[]
[Epoch 028] Wake: 100%|##########| 1700/1700 [00:46<00:00, 36.89seq/s, events=136000, loss=2.6956, writes=643]
[Epoch 028] Global: 100%|#################| 1700/1700 [00:45<00:00, 37.21seq-pass/s, batch=54/54, phase=train]
[Epoch 028] Sleep: 100%|############| 18/18 [00:00<00:00, 31.91step/s, actions=0, phase=light, pressure=0.629]
[MemoryTree][028/050] wake/event=2.695602 sleep_residual_utility=0.009853 writes=643 memorize=10 queue_split=35421 wake_actions=A97810/R2759/M10/Q35421 novelty=0.0515 weighted_sim=0.8970 wm_grad_max=3.440e+00 global/event=2.705571 mix_diag=2.7857 global_steps=54 prior_KL=1.287e-01 seq_H_cond=0.3885 seq_H_marg=0.5688 seq_MI=1.804e-01 post_KL_diag=3.511e-01 branch_distill=3.026e-01 probe=6.233e+00/0.792->0.794/1.815/0.541 frontier=6.96/12.92/5.96 enc_gate=0.335 enc_scale=0.027 teacher_conf=0.343 teacher_JS=9.219e-02 max_mass=0.1414 owner_hard=[0, 3, 0, 29, 0, 230, 0, 0, 1, 204, 79, 0, 417, 1, 691, 0, 0, 40, 4, 0, 1, 0, 0, 0, 0, 0, 0] mem_assign=[729, 3252, 543, 5968, 1131, 15851, 1321, 1092, 4123, 14209, 11615, 1770, 19567, 2135, 23312, 1752, 1186, 9350, 4804, 3374, 2924, 721, 4614, 193, 460, 0, 4] topology_prune=on leaves=14 sleep_mode=light light_absorb=9 deep_probability=0.629 topology_action=null topology_gain=0.000e+00 topology_candidates=0 collapsed=0 topology_lambda=0.000e+00 time=W46.1/G45.7/S0.6s cache=0/1700 cuda_peak=7936MiB sleep_actions=[]
[Epoch 029] Wake: 100%|###########| 1700/1700 [00:48<00:00, 35.36seq/s, events=136000, loss=2.6896, writes=76]
[Epoch 029] Global: 100%|#################| 1700/1700 [00:45<00:00, 37.31seq-pass/s, batch=54/54, phase=train]
[Epoch 029] Sleep: 100%|#############| 18/18 [00:06<00:00,  2.88step/s, actions=3, phase=deep, pressure=0.733]
[MemoryTree][029/050] wake/event=2.689649 sleep_residual_utility=0.009066 writes=76 memorize=17 queue_split=35045 wake_actions=A97137/R3801/M17/Q35045 novelty=0.0714 weighted_sim=0.8572 wm_grad_max=3.489e+00 global/event=2.696235 mix_diag=2.7979 global_steps=54 prior_KL=1.293e-01 seq_H_cond=0.3741 seq_H_marg=0.5660 seq_MI=1.919e-01 post_KL_diag=3.564e-01 branch_distill=3.069e-01 probe=6.244e+00/0.780->0.780/1.851/0.552 frontier=6.97/12.95/5.97 enc_gate=0.359 enc_scale=0.029 teacher_conf=0.362 teacher_JS=9.711e-02 max_mass=0.1796 owner_hard=[0, 0, 0, 113, 0, 27, 0, 0, 0, 491, 37, 0, 68, 0, 926, 0, 0, 28, 10, 0, 0, 0, 0, 0, 0, 0, 0] mem_assign=[665, 1908, 518, 9031, 749, 9895,658, 450, 3513, 22106, 11092, 1356, 14981, 1649, 29346, 960, 1889, 8831, 6884, 2094, 1918, 943, 3227, 374, 960, 0, 3] topology_prune=on leaves=14 sleep_mode=deep light_absorb=9 deep_probability=0.733 topology_action=null topology_gain=0.000e+00 topology_candidates=24 collapsed=0 topology_lambda=0.000e+00 time=W48.1/G45.6/S6.3s cache=0/1700cuda_peak=7936MiB sleep_actions=['promotion', 'promotion', 'promotion']
[Epoch 030] Wake: 100%|##########| 1700/1700 [00:51<00:00, 32.93seq/s, events=136000, loss=2.6706, writes=222]
[Epoch 030] Global: 100%|#################| 1700/1700 [00:45<00:00, 37.12seq-pass/s, batch=54/54, phase=train]
[Epoch 030] Sleep: 100%|#############| 18/18 [00:06<00:00,  2.97step/s, actions=0, phase=deep, pressure=0.283]
[MemoryTree][030/050] wake/event=2.670584 sleep_residual_utility=0.008946 writes=222 memorize=23 queue_split=35009 wake_actions=A96908/R4060/M23/Q35009 novelty=0.1088 weighted_sim=0.7825 wm_grad_max=3.509e+00 global/event=2.688152 mix_diag=2.7971 global_steps=54 prior_KL=1.414e-01 seq_H_cond=0.3577 seq_H_marg=0.5629 seq_MI=2.052e-01 post_KL_diag=3.580e-01 branch_distill=2.989e-01 probe=6.583e+00/0.775->0.777/1.856/0.579 frontier=6.97/12.95/5.97 enc_gate=0.374 enc_scale=0.028 teacher_conf=0.356 teacher_JS=9.612e-02 max_mass=0.1468 owner_hard=[0, 0, 0, 96, 0, 126, 0, 0, 0, 507, 158, 0, 110, 0, 659, 0, 0, 41, 2, 0, 0, 0, 1, 0, 0, 0, 0] mem_assign=[672, 1467, 423, 9545, 813, 13263, 1497, 590, 3810, 20444, 14884, 1255, 14577, 2519, 23750, 607, 2268, 9148, 5640, 1956, 1016, 1422, 4011, 74, 317, 10, 22] topology_prune=on leaves=14 sleep_mode=deep light_absorb=10 deep_probability=0.283 topology_action=null topology_gain=0.000e+00 topology_candidates=24 collapsed=0 topology_lambda=0.000e+00 time=W51.6/G45.8/S6.2s cache=0/1700 cuda_peak=7961MiB sleep_actions=[]
[Epoch 031] Wake: 100%|###########| 1700/1700 [00:57<00:00, 29.53seq/s, events=136000, loss=2.6738, writes=80]
[Epoch 031] Global: 100%|#################| 1700/1700 [00:45<00:00, 37.09seq-pass/s, batch=54/54, phase=train]
[Epoch 031] Sleep: 100%|############| 18/18 [00:00<00:00, 32.04step/s, actions=0, phase=light, pressure=0.283]
[MemoryTree][031/050] wake/event=2.673883 sleep_residual_utility=0.010355 writes=80 memorize=5908 queue_split=30063 wake_actions=A98255/R1774/M5908/Q30063 novelty=0.1906 weighted_sim=0.6188 wm_grad_max=3.282e+00 global/event=2.670765 mix_diag=2.7853 global_steps=54 prior_KL=1.505e-01 seq_H_cond=0.3540 seq_H_marg=0.5627 seq_MI=2.086e-01 post_KL_diag=3.608e-01 branch_distill=3.031e-01 probe=6.566e+00/0.781->0.780/1.995/0.592 frontier=6.97/12.95/5.97 enc_gate=0.384 enc_scale=0.031 teacher_conf=0.383 teacher_JS=9.803e-02 max_mass=0.1737 owner_hard=[0, 0, 0, 28, 0, 70, 0, 0, 0, 583, 162, 0, 7, 0, 779, 0, 0, 68, 3, 0, 0, 0, 0, 0, 0, 0, 0] mem_assign=[422, 1063, 276, 8062, 468, 12018, 836, 310, 3039, 24441, 17345, 1107, 8978, 3739, 27683, 328, 3097, 10944, 5667, 1660, 1068, 1087, 2024, 68, 267, 0, 3] topology_prune=on leaves=14 sleep_mode=light light_absorb=10 deep_probability=0.283 topology_action=null topology_gain=0.000e+00 topology_candidates=0 collapsed=0 topology_lambda=0.000e+00 time=W57.6/G45.8/S0.6s cache=0/1700 cuda_peak=7936MiB sleep_actions=[]
[Epoch 032] Wake: 100%|###########| 1700/1700 [00:56<00:00, 29.95seq/s, events=136000, loss=2.6636, writes=91]
[Epoch 032] Global: 100%|#################| 1700/1700 [00:45<00:00, 37.14seq-pass/s, batch=54/54, phase=train]
[Epoch 032] Sleep: 100%|#############| 18/18 [00:06<00:00,  2.90step/s, actions=0, phase=deep, pressure=0.422]
[MemoryTree][032/050] wake/event=2.663681 sleep_residual_utility=0.009192 writes=91 memorize=4959 queue_split=29715 wake_actions=A97833/R3493/M4959/Q29715 novelty=0.1869 weighted_sim=0.6262 wm_grad_max=3.474e+00 global/event=2.668462 mix_diag=2.8028 global_steps=54 prior_KL=1.528e-01 seq_H_cond=0.3586 seq_H_marg=0.5587 seq_MI=2.001e-01 post_KL_diag=3.613e-01 branch_distill=2.921e-01 probe=6.715e+00/0.764->0.765/1.847/0.586 frontier=6.97/12.95/5.97 enc_gate=0.360 enc_scale=0.031 teacher_conf=0.383 teacher_JS=9.513e-02 max_mass=0.1732 owner_hard=[0, 0, 0, 65, 0, 71, 0, 0, 1, 592, 279, 0, 14, 0, 642, 0, 0, 35, 1, 0, 0, 0, 0, 0, 0, 0, 0] mem_assign=[522, 755, 374, 9728, 358, 12877, 613, 572, 3591, 24004, 19102, 818, 9988, 6166, 25905, 416, 2443, 10064, 3392, 1321, 831, 492, 1499, 25, 123, 14, 7] topology_prune=on leaves=14 sleep_mode=deep light_absorb=10 deep_probability=0.422 topology_action=null topology_gain=0.000e+00 topology_candidates=24 collapsed=0 topology_lambda=0.000e+00 time=W56.8/G45.8/S6.3s cache=0/1700 cuda_peak=7936MiB sleep_actions=[]
[Epoch 033] Wake: 100%|##########| 1700/1700 [00:54<00:00, 31.13seq/s, events=136000, loss=2.6584, writes=110]
[Epoch 033] Global: 100%|#################| 1700/1700 [00:46<00:00, 36.92seq-pass/s, batch=54/54, phase=train]
[Epoch 033] Sleep: 100%|#############| 18/18 [00:06<00:00,  2.94step/s, actions=0, phase=deep, pressure=0.223]
[MemoryTree][033/050] wake/event=2.658417 sleep_residual_utility=0.009083 writes=110 memorize=3135 queue_split=33297 wake_actions=A97708/R1860/M3135/Q33297 novelty=0.1669weighted_sim=0.6663 wm_grad_max=3.784e+00 global/event=2.676485 mix_diag=2.7958 global_steps=54 prior_KL=1.548e-01 seq_H_cond=0.3494 seq_H_marg=0.5612 seq_MI=2.118e-01 post_KL_diag=3.570e-01 branch_distill=2.916e-01 probe=6.484e+00/0.756->0.755/1.914/0.597 frontier=6.97/12.95/5.97 enc_gate=0.366 enc_scale=0.029 teacher_conf=0.363 teacher_JS=9.497e-02 max_mass=0.1645 owner_hard=[0, 0, 0, 90, 0, 76, 0, 0, 0, 506, 212, 0, 26, 1, 732, 0, 0, 56, 1, 0, 0, 0, 0, 0, 0, 0, 0] mem_assign=[492, 735, 305, 9316, 307, 12975, 650, 562, 3336, 21872, 16719, 669, 10895, 5404, 25953, 618, 2270, 12155, 4252, 1523, 1178, 801, 2835, 23, 13, 77, 65] topology_prune=on leaves=14 sleep_mode=deep light_absorb=10 deep_probability=0.223 topology_action=null topology_gain=0.000e+00 topology_candidates=24 collapsed=0 topology_lambda=0.000e+00 time=W54.6/G46.1/S6.2s cache=0/1700 cuda_peak=7961MiB sleep_actions=[]
[Epoch 034] Wake: 100%|###########| 1700/1700 [00:51<00:00, 32.84seq/s, events=136000, loss=2.6640, writes=19]
[Epoch 034] Global: 100%|#################| 1700/1700 [00:45<00:00, 36.97seq-pass/s, batch=54/54, phase=train]
[Epoch 034] Sleep: 100%|############| 18/18 [00:00<00:00, 31.88step/s, actions=0, phase=light, pressure=0.232]
[MemoryTree][034/050] wake/event=2.664062 sleep_residual_utility=0.008626 writes=19 memorize=84 queue_split=36288 wake_actions=A97824/R1804/M84/Q36288 novelty=0.1273 weighted_sim=0.7454 wm_grad_max=3.491e+00 global/event=2.671234 mix_diag=2.7869 global_steps=54 prior_KL=1.487e-01 seq_H_cond=0.3525 seq_H_marg=0.5638 seq_MI=2.113e-01 post_KL_diag=3.774e-01 branch_distill=2.896e-01 probe=6.834e+00/0.752->0.753/1.589/0.573 frontier=6.97/12.95/5.97 enc_gate=0.385 enc_scale=0.030 teacher_conf=0.371 teacher_JS=9.194e-02 max_mass=0.1873 owner_hard=[0, 0, 0, 27, 0, 82, 0, 0, 0, 681, 206, 0, 49, 1, 612, 0, 0, 40, 1, 0, 0, 0, 1, 0, 0, 0, 0] mem_assign=[428, 398, 299, 7755, 290, 12773, 965, 494, 3533, 25493, 16859, 1166, 12465, 3058, 25310, 359, 3227, 9781, 4506, 1168, 1380, 1023, 2748, 75, 99, 157, 191] topology_prune=on leaves=14 sleep_mode=light light_absorb=10 deep_probability=0.232 topology_action=null topology_gain=0.000e+00 topology_candidates=0 collapsed=0 topology_lambda=0.000e+00 time=W51.8/G46.0/S0.7s cache=0/1700 cuda_peak=7949MiB sleep_actions=[]
[Epoch 035] Wake: 100%|############| 1700/1700 [00:50<00:00, 33.56seq/s, events=136000, loss=2.6642, writes=6]
[Epoch 035] Global: 100%|#################| 1700/1700 [00:45<00:00, 37.07seq-pass/s, batch=54/54, phase=train]
[Epoch 035] Sleep: 100%|############| 18/18 [00:04<00:00,  4.03step/s, actions=0, phase=light, pressure=0.401]
[MemoryTree][035/050] wake/event=2.664208 sleep_residual_utility=0.008185 writes=6 memorize=421 queue_split=36661 wake_actions=A97995/R923/M421/Q36661 novelty=0.1375 weighted_sim=0.7251 wm_grad_max=3.398e+00 global/event=2.668826 mix_diag=2.7937 global_steps=54 prior_KL=1.477e-01 seq_H_cond=0.3525 seq_H_marg=0.5625 seq_MI=2.100e-01 post_KL_diag=3.724e-01 branch_distill=2.977e-01 probe=6.836e+00/0.737->0.737/1.724/0.612 frontier=6.99/12.97/5.99 enc_gate=0.379 enc_scale=0.031 teacher_conf=0.385 teacher_JS=9.240e-02 max_mass=0.1984 owner_hard=[0, 0, 0, 2, 0, 148, 0, 0, 0, 522, 91, 0, 5, 1, 904, 0, 0, 25, 1, 0, 0, 0, 1, 0, 0, 0, 0] mem_assign=[441, 1810, 402, 5068, 223, 15635, 900, 508, 4216, 25575, 12405, 821, 6766, 2743, 31550, 969, 1682, 10856, 3521, 1313, 2101, 1408, 4494, 0, 33, 150, 410] topology_prune=on leaves=14 sleep_mode=light light_absorb=10 deep_probability=0.401 topology_action=merge topology_gain=5.617e-03 topology_candidates=24 collapsed=0 topology_lambda=0.000e+00 time=W50.7/G45.9/S4.6s cache=0/1700 cuda_peak=7949MiB sleep_actions=[]
[Epoch 036] Wake: 100%|###########| 1700/1700 [00:51<00:00, 33.14seq/s, events=136000, loss=2.6602, writes=96]
[Epoch 036] Global: 100%|#################| 1700/1700 [00:46<00:00, 36.91seq-pass/s, batch=54/54, phase=train]
[Epoch 036] Sleep: 100%|############| 18/18 [00:00<00:00, 31.02step/s, actions=0, phase=light, pressure=0.248]
[MemoryTree][036/050] wake/event=2.660189 sleep_residual_utility=0.009956 writes=96 memorize=994 queue_split=36380 wake_actions=A97859/R767/M994/Q36380 novelty=0.1488 weighted_sim=0.7024 wm_grad_max=3.568e+00 global/event=2.676697 mix_diag=2.8189 global_steps=54 prior_KL=1.581e-01 seq_H_cond=0.3469 seq_H_marg=0.5486 seq_MI=2.017e-01 post_KL_diag=3.658e-01 branch_distill=2.938e-01 probe=7.022e+00/0.705->0.707/1.488/0.639 frontier=6.99/12.97/5.99 enc_gate=0.376 enc_scale=0.032 teacher_conf=0.401 teacher_JS=9.499e-02 max_mass=0.1781 owner_hard=[0, 0, 0, 26, 0, 186, 0, 0, 0, 540, 87, 0, 12, 1, 833, 0, 0, 11, 4, 0, 0, 0, 0, 0, 0, 0, 0] mem_assign=[611, 449, 468, 7617, 404, 15497,1307, 653, 4738, 24746, 13542, 1406, 8850, 4016, 28852, 1300, 2141, 8763, 3848, 1025, 1467, 768, 3141, 1, 297, 50, 43] topology_prune=on leaves=14 sleep_mode=light light_absorb=10 deep_probability=0.248 topology_action=null topology_gain=0.000e+00 topology_candidates=0 collapsed=0 topology_lambda=0.000e+00 time=W51.3/G46.1/S0.7s cache=0/1700 cuda_peak=7949MiB sleep_actions=[]
[Epoch 037] Wake: 100%|###########| 1700/1700 [00:56<00:00, 30.30seq/s, events=136000, loss=2.6646, writes=73]
[Epoch 037] Global: 100%|#################| 1700/1700 [00:46<00:00, 36.68seq-pass/s, batch=54/54, phase=train]
[Epoch 037] Sleep: 100%|############| 18/18 [00:00<00:00, 31.03step/s, actions=0, phase=light, pressure=0.432]
[MemoryTree][037/050] wake/event=2.664643 sleep_residual_utility=0.007882 writes=73 memorize=2804 queue_split=34608 wake_actions=A97388/R1200/M2804/Q34608 novelty=0.1703 weighted_sim=0.6595 wm_grad_max=3.989e+00 global/event=2.664380 mix_diag=2.8158 global_steps=54 prior_KL=1.481e-01 seq_H_cond=0.3404 seq_H_marg=0.5617 seq_MI=2.213e-01 post_KL_diag=3.846e-01 branch_distill=2.919e-01 probe=6.877e+00/0.728->0.727/1.660/0.607 frontier=6.99/12.97/5.99 enc_gate=0.377 enc_scale=0.031 teacher_conf=0.390 teacher_JS=9.524e-02 max_mass=0.1818 owner_hard=[0, 0, 0, 10, 0, 128, 0, 0, 0, 773, 236, 0, 68, 4, 425, 0, 0, 56, 0, 0, 0, 0, 0, 0, 0, 0, 0] mem_assign=[620, 458, 375, 6828, 313, 14075, 1212, 702, 3419, 25529, 17043, 1698, 11575, 5377, 21784, 383, 3369, 10525, 3717, 826, 1350, 1469, 3350, 0, 0, 1, 2] topology_prune=on leaves=14 sleep_mode=light light_absorb=10 deep_probability=0.432 topology_action=null topology_gain=0.000e+00 topology_candidates=0 collapsed=0 topology_lambda=0.000e+00 time=W56.1/G46.3/S0.7s cache=0/1700 cuda_peak=7949MiB sleep_actions=[]
[Epoch 038] Wake: 100%|###########| 1700/1700 [00:57<00:00, 29.61seq/s, events=136000, loss=2.6636, writes=80]
[Epoch 038] Global: 100%|#################| 1700/1700 [00:46<00:00, 36.82seq-pass/s, batch=54/54, phase=train]
[Epoch 038] Sleep: 100%|############| 18/18 [00:00<00:00, 30.73step/s, actions=0, phase=light, pressure=0.571]
[MemoryTree][038/050] wake/event=2.663674 sleep_residual_utility=0.008079 writes=80 memorize=4761 queue_split=32802 wake_actions=A97421/R1016/M4761/Q32802 novelty=0.1593 weighted_sim=0.6813 wm_grad_max=3.721e+00 global/event=2.673545 mix_diag=2.8561 global_steps=54 prior_KL=1.393e-01 seq_H_cond=0.3542 seq_H_marg=0.5639 seq_MI=2.097e-01 post_KL_diag=3.892e-01 branch_distill=2.996e-01 probe=7.016e+00/0.732->0.736/1.652/0.594 frontier=6.99/12.97/5.99 enc_gate=0.427 enc_scale=0.031 teacher_conf=0.387 teacher_JS=9.199e-02 max_mass=0.2038 owner_hard=[0, 0, 0, 0, 0, 60, 0, 0, 0, 529, 92, 0, 32, 4, 979, 0, 0, 3, 0, 0, 0, 0, 1, 0, 0, 0, 0] mem_assign=[365, 565, 303, 3694, 168, 13269,2029, 770, 3741, 25443, 13432, 1379, 10595, 6007, 32215, 421, 3016, 7549, 2949, 999, 1414, 1201, 4092, 2, 111, 143, 128] topology_prune=on leaves=14 sleep_mode=light light_absorb=10 deep_probability=0.571 topology_action=null topology_gain=0.000e+00 topology_candidates=0 collapsed=0 topology_lambda=0.000e+00 time=W57.4/G46.2/S0.7s cache=0/1700 cuda_peak=7949MiB sleep_actions=[]
[Epoch 039] Wake: 100%|###########| 1700/1700 [00:53<00:00, 31.99seq/s, events=136000, loss=2.6675, writes=73]
[Epoch 039] Global: 100%|#################| 1700/1700 [00:45<00:00, 37.05seq-pass/s, batch=54/54, phase=train]
[Epoch 039] Sleep: 100%|#############| 18/18 [00:06<00:00,  2.84step/s, actions=2, phase=deep, pressure=0.677]
[MemoryTree][039/050] wake/event=2.667520 sleep_residual_utility=0.010444 writes=73 memorize=3191 queue_split=34642 wake_actions=A96985/R1182/M3191/Q34642 novelty=0.1495 weighted_sim=0.7009 wm_grad_max=3.761e+00 global/event=2.663279 mix_diag=2.8397 global_steps=54 prior_KL=1.429e-01 seq_H_cond=0.3472 seq_H_marg=0.5564 seq_MI=2.092e-01 post_KL_diag=3.849e-01 branch_distill=3.000e-01 probe=6.820e+00/0.738->0.737/1.910/0.656 frontier=6.99/12.97/5.99 enc_gate=0.403 enc_scale=0.033 teacher_conf=0.404 teacher_JS=9.574e-02 max_mass=0.2003 owner_hard=[0, 0, 0, 1, 0, 108, 0, 0, 0, 689, 102, 0, 44, 0, 742, 0, 0, 12, 0, 0, 0, 0, 2, 0, 0, 0, 0] mem_assign=[406, 706, 305, 4759, 445, 15416, 258, 2311, 1942, 27940, 14933, 591, 10026, 6017, 29317, 384, 1338, 8530, 1974, 1024, 1218, 1386, 4310, 0, 0, 185, 279] topology_prune=on leaves=14 sleep_mode=deep light_absorb=10 deep_probability=0.677 topology_action=null topology_gain=0.000e+00 topology_candidates=24 collapsed=0 topology_lambda=0.000e+00 time=W53.2/G45.9/S6.4s cache=0/1700 cuda_peak=7949MiB sleep_actions=['promotion', 'promotion']
[Epoch 040] Wake: 100%|###########| 1700/1700 [00:58<00:00, 28.86seq/s, events=136000, loss=2.6557, writes=35]
[Epoch 040] Global: 100%|#################| 1700/1700 [00:46<00:00, 36.85seq-pass/s, batch=54/54, phase=train]
[Epoch 040] Sleep: 100%|############| 18/18 [00:04<00:00,  3.98step/s, actions=0, phase=light, pressure=0.269]
[MemoryTree][040/050] wake/event=2.655770 sleep_residual_utility=0.011174 writes=35 memorize=6224 queue_split=31904 wake_actions=A96540/R1332/M6224/Q31904 novelty=0.1572 weighted_sim=0.6855 wm_grad_max=3.512e+00 global/event=2.660929 mix_diag=2.8383 global_steps=54 prior_KL=1.524e-01 seq_H_cond=0.3507 seq_H_marg=0.5626 seq_MI=2.118e-01 post_KL_diag=3.802e-01 branch_distill=3.020e-01 probe=6.907e+00/0.746->0.745/2.060/0.605 frontier=6.99/12.97/5.99 enc_gate=0.405 enc_scale=0.031 teacher_conf=0.386 teacher_JS=9.498e-02 max_mass=0.1769 owner_hard=[0, 0, 0, 4, 0, 344, 0, 0, 10, 644, 149, 0, 25, 8, 419, 0, 1, 94, 2, 0, 0, 0, 0, 0, 0, 0, 0] mem_assign=[479, 296, 407, 3354, 371, 18280, 699, 2323, 3061, 24919, 15516, 946, 7190, 6475, 22120, 199, 3264, 13201, 4137, 1159, 1392, 2173, 3674, 9, 1, 222, 133] topology_prune=on leaves=14 sleep_mode=light light_absorb=10 deep_probability=0.269 topology_action=null topology_gain=0.000e+00 topology_candidates=24 collapsed=0 topology_lambda=0.000e+00 time=W58.9/G46.1/S4.6s cache=0/1700 cuda_peak=7949MiB sleep_actions=[]
[Epoch 041] Wake: 100%|###########| 1700/1700 [00:59<00:00, 28.46seq/s, events=136000, loss=2.6599, writes=58]
[Epoch 041] Global: 100%|#################| 1700/1700 [00:46<00:00, 36.73seq-pass/s, batch=54/54, phase=train]
[Epoch 041] Sleep: 100%|############| 18/18 [00:00<00:00, 29.78step/s, actions=0, phase=light, pressure=0.272]
[MemoryTree][041/050] wake/event=2.659938 sleep_residual_utility=0.010279 writes=58 memorize=6064 queue_split=31712 wake_actions=A95961/R2263/M6064/Q31712 novelty=0.1908 weighted_sim=0.6183 wm_grad_max=4.857e+00 global/event=2.681431 mix_diag=2.8118 global_steps=54 prior_KL=1.625e-01 seq_H_cond=0.3624 seq_H_marg=0.5468 seq_MI=1.844e-01 post_KL_diag=3.811e-01 branch_distill=2.920e-01 probe=7.165e+00/0.754->0.755/2.315/0.622 frontier=6.99/12.97/5.99 enc_gate=0.428 enc_scale=0.034 teacher_conf=0.422 teacher_JS=9.210e-02 max_mass=0.1927 owner_hard=[0, 0, 0, 11, 0, 381, 0, 0, 0, 721, 123, 0, 68, 13, 371, 0, 0, 12, 0, 0, 0, 0, 0, 0, 0, 0, 0] mem_assign=[502, 318, 312, 7183, 176, 20347, 1141, 2278, 2313, 25887, 14313, 1272, 12385, 5836, 20294, 769, 3755, 6863, 3916, 835, 668, 972, 2615, 3, 12, 658, 377] topology_prune=on leaves=14 sleep_mode=light light_absorb=10 deep_probability=0.272 topology_action=null topology_gain=0.000e+00 topology_candidates=0 collapsed=0 topology_lambda=0.000e+00 time=W59.7/G46.3/S0.7s cache=0/1700 cuda_peak=7949MiB sleep_actions=[]
[Epoch 042] Wake: 100%|###########| 1700/1700 [00:54<00:00, 30.92seq/s, events=136000, loss=2.6585, writes=88]
[Epoch 042] Global: 100%|#################| 1700/1700 [00:46<00:00, 36.93seq-pass/s, batch=54/54, phase=train]
[Epoch 042] Sleep: 100%|#############| 18/18 [00:06<00:00,  2.77step/s, actions=1, phase=deep, pressure=0.405]
[MemoryTree][042/050] wake/event=2.658508 sleep_residual_utility=0.010397 writes=88 memorize=3956 queue_split=33476 wake_actions=A97676/R892/M3956/Q33476 novelty=0.1665 weighted_sim=0.6669 wm_grad_max=3.145e+00 global/event=2.664891 mix_diag=2.8431 global_steps=54 prior_KL=1.369e-01 seq_H_cond=0.3706 seq_H_marg=0.5702 seq_MI=1.996e-01 post_KL_diag=3.894e-01 branch_distill=2.979e-01 probe=7.026e+00/0.706->0.707/1.908/0.594 frontier=6.99/12.97/5.99 enc_gate=0.375 enc_scale=0.031 teacher_conf=0.381 teacher_JS=9.165e-02 max_mass=0.1940 owner_hard=[0, 0, 0, 0, 0, 185, 0, 0, 0, 397, 210, 0, 10, 9, 847, 0, 0, 41, 1, 0, 0, 0, 0, 0, 0, 0, 0] mem_assign=[391, 401, 384, 2145, 423, 15759, 572, 2012, 2206, 22836, 16817, 614, 6566, 8624, 29855, 490, 1751, 11358, 4405, 1440, 1218, 1786, 3699, 0, 7, 145, 96] topology_prune=on leaves=14 sleep_mode=deep light_absorb=10 deep_probability=0.405 topology_action=null topology_gain=0.000e+00 topology_candidates=24 collapsed=0 topology_lambda=0.000e+00 time=W55.0/G46.0/S6.6s cache=0/1700 cuda_peak=7949MiB sleep_actions=['promotion']
[Epoch 043] Wake: 100%|##########| 1700/1700 [00:55<00:00, 30.84seq/s, events=136000, loss=2.6683, writes=113]
[Epoch 043] Global: 100%|#################| 1700/1700 [00:46<00:00, 36.93seq-pass/s, batch=54/54, phase=train]
[Epoch 043] Sleep: 100%|#############| 18/18 [00:06<00:00,  2.81step/s, actions=0, phase=deep, pressure=0.216]
[MemoryTree][043/050] wake/event=2.668336 sleep_residual_utility=0.009176 writes=113 memorize=3060 queue_split=33161 wake_actions=A97957/R1822/M3060/Q33161 novelty=0.1904weighted_sim=0.6192 wm_grad_max=3.804e+00 global/event=2.674154 mix_diag=2.8087 global_steps=54 prior_KL=1.291e-01 seq_H_cond=0.3675 seq_H_marg=0.5749 seq_MI=2.074e-01 post_KL_diag=4.077e-01 branch_distill=3.055e-01 probe=7.180e+00/0.698->0.700/1.904/0.618 frontier=6.99/12.97/5.99 enc_gate=0.437 enc_scale=0.031 teacher_conf=0.397 teacher_JS=9.816e-02 max_mass=0.1418 owner_hard=[0, 0, 0, 3, 0, 207, 0, 0, 0, 506, 184, 0, 105, 26, 567, 0, 2, 87, 1, 0, 0, 0, 12, 0, 0, 0, 0] mem_assign=[432, 437, 368, 5339, 386,14191, 2009, 1868, 1183, 19426, 13751, 2294, 11831, 7005, 20205, 2193, 3712, 10235, 4331, 5227, 2874, 2250, 4416, 10, 10, 11, 6] topology_prune=on leaves=14 sleep_mode=deep light_absorb=9 deep_probability=0.216 topology_action=null topology_gain=0.000e+00 topology_candidates=24 collapsed=0 topology_lambda=0.000e+00 time=W55.1/G46.0/S6.5s cache=0/1700 cuda_peak=7949MiB sleep_actions=[]
[Epoch 044] Wake: 100%|############| 1700/1700 [00:57<00:00, 29.77seq/s, events=136000, loss=2.6755, writes=0]
[Epoch 044] Global: 100%|#################| 1700/1700 [00:45<00:00, 36.99seq-pass/s, batch=54/54, phase=train]
[Epoch 044] Sleep: 100%|############| 18/18 [00:00<00:00, 29.91step/s, actions=0, phase=light, pressure=0.196]
[MemoryTree][044/050] wake/event=2.675501 sleep_residual_utility=0.009612 writes=0 memorize=5967 queue_split=29956 wake_actions=A98657/R1420/M5967/Q29956 novelty=0.2169 weighted_sim=0.5662 wm_grad_max=3.446e+00 global/event=2.686268 mix_diag=2.8372 global_steps=54 prior_KL=1.324e-01 seq_H_cond=0.3700 seq_H_marg=0.5682 seq_MI=1.981e-01 post_KL_diag=4.067e-01 branch_distill=3.095e-01 probe=7.119e+00/0.726->0.728/2.085/0.598 frontier=6.99/12.97/5.99 enc_gate=0.397 enc_scale=0.033 teacher_conf=0.404 teacher_JS=9.532e-02 max_mass=0.2264 owner_hard=[0, 0, 0, 0, 0, 121, 0, 0, 0, 978, 66, 0, 33, 19, 478, 0, 0, 4, 0, 0, 0, 0, 1, 0, 0, 0, 0] mem_assign=[531, 253, 323, 5497, 228, 14209, 451, 1797, 1497, 30783, 13346, 1175, 11916, 8885, 25786, 844, 2183, 5775, 3833, 1046, 1315, 462, 3846, 0, 0, 12, 7] topology_prune=on leaves=14 sleep_mode=light light_absorb=9 deep_probability=0.196 topology_action=null topology_gain=0.000e+00 topology_candidates=0 collapsed=0 topology_lambda=0.000e+00 time=W57.1/G46.0/S0.7s cache=0/1700 cuda_peak=7949MiB sleep_actions=[]
[Epoch 045] Wake: 100%|##########| 1700/1700 [00:59<00:00, 28.39seq/s, events=136000, loss=2.6792, writes=399]
[Epoch 045] Global: 100%|#################| 1700/1700 [00:46<00:00, 36.90seq-pass/s, batch=54/54, phase=train]
[Epoch 045] Sleep: 100%|############| 18/18 [00:04<00:00,  3.88step/s, actions=0, phase=light, pressure=0.352]
[MemoryTree][045/050] wake/event=2.679197 sleep_residual_utility=0.009023 writes=399 memorize=5554 queue_split=29392 wake_actions=A98209/R2845/M5554/Q29392 novelty=0.1991weighted_sim=0.6018 wm_grad_max=3.515e+00 global/event=2.672916 mix_diag=2.8142 global_steps=54 prior_KL=1.343e-01 seq_H_cond=0.3645 seq_H_marg=0.5654 seq_MI=2.009e-01 post_KL_diag=4.100e-01 branch_distill=3.222e-01 probe=7.310e+00/0.760->0.764/2.422/0.586 frontier=6.99/12.97/5.99 enc_gate=0.424 enc_scale=0.033 teacher_conf=0.416 teacher_JS=9.420e-02 max_mass=0.1933 owner_hard=[0, 0, 0, 1, 0, 210, 0, 0, 0, 948, 55, 0, 169, 12, 296, 0, 0, 6, 0, 0, 0, 0, 3, 0, 0, 0, 0] mem_assign=[685, 189, 496, 4151, 501, 17344, 688, 1923, 2000, 28086, 12246, 1084, 15801, 7943, 19739, 1316, 3115, 6210, 3162, 2304, 2198, 401, 3760, 38, 620, 0, 0] topology_prune=on leaves=14 sleep_mode=light light_absorb=9 deep_probability=0.352 topology_action=null topology_gain=0.000e+00 topology_candidates=24 collapsed=0 topology_lambda=0.000e+00 time=W59.9/G46.1/S4.7s cache=0/1700 cuda_peak=7949MiB sleep_actions=[]
[Epoch 046] Wake: 100%|###########| 1700/1700 [00:55<00:00, 30.82seq/s, events=136000, loss=2.6666, writes=68]
[Epoch 046] Global: 100%|#################| 1700/1700 [00:46<00:00, 36.69seq-pass/s, batch=54/54, phase=train]
[Epoch 046] Sleep: 100%|############| 18/18 [00:00<00:00, 28.33step/s, actions=0, phase=light, pressure=0.227]
[MemoryTree][046/050] wake/event=2.666593 sleep_residual_utility=0.009496 writes=68 memorize=272 queue_split=36880 wake_actions=A96889/R1959/M272/Q36880 novelty=0.1769 weighted_sim=0.6462 wm_grad_max=4.186e+00 global/event=2.676496 mix_diag=2.8274 global_steps=54 prior_KL=1.233e-01 seq_H_cond=0.3707 seq_H_marg=0.5752 seq_MI=2.044e-01 post_KL_diag=3.929e-01 branch_distill=3.285e-01 probe=6.965e+00/0.745->0.747/2.184/0.592 frontier=6.99/12.97/5.99 enc_gate=0.408 enc_scale=0.033 teacher_conf=0.406 teacher_JS=9.499e-02 max_mass=0.2083 owner_hard=[0, 0, 0, 0, 0, 287, 0, 0, 0, 720, 95, 0, 55, 11, 532, 0, 0, 0, 0, 0, 0, 0, 0, 0, 0, 0, 0] mem_assign=[429, 331, 342, 4208, 256, 20240,1142, 2074, 2461, 27635, 14749, 467, 11932, 5644, 24956, 1703, 2345, 4514, 3148, 1413, 1431, 543, 4013, 6, 6, 2, 10] topology_prune=on leaves=14 sleep_mode=light light_absorb=9 deep_probability=0.227 topology_action=null topology_gain=0.000e+00 topology_candidates=0 collapsed=0 topology_lambda=0.000e+00 time=W55.2/G46.3/S0.7s cache=0/1700 cuda_peak=7949MiB sleep_actions=[]
[Epoch 047] Wake: 100%|############| 1700/1700 [00:58<00:00, 29.05seq/s, events=136000, loss=2.6716, writes=2]
[Epoch 047] Global: 100%|#################| 1700/1700 [00:46<00:00, 36.60seq-pass/s, batch=54/54, phase=train]
[Epoch 047] Sleep: 100%|#############| 18/18 [00:06<00:00,  2.65step/s, actions=1, phase=deep, pressure=0.337]
[MemoryTree][047/050] wake/event=2.671634 sleep_residual_utility=0.009440 writes=2 memorize=2691 queue_split=33750 wake_actions=A97862/R1697/M2691/Q33750 novelty=0.1986 weighted_sim=0.6029 wm_grad_max=5.326e+00 global/event=2.659366 mix_diag=2.8264 global_steps=54 prior_KL=1.385e-01 seq_H_cond=0.3646 seq_H_marg=0.5744 seq_MI=2.098e-01 post_KL_diag=3.818e-01 branch_distill=3.080e-01 probe=7.497e+00/0.782->0.780/2.640/0.594 frontier=6.99/12.97/5.99 enc_gate=0.417 enc_scale=0.033 teacher_conf=0.415 teacher_JS=8.911e-02 max_mass=0.1990 owner_hard=[0, 0, 0, 0, 0, 214, 0, 0, 0, 568, 91, 0, 5, 26, 786, 0, 0, 10, 0, 0, 0, 0, 0, 0, 0, 0, 0] mem_assign=[425, 443, 323, 5191, 234, 16603, 173, 2082, 1620, 25888, 15258, 520, 7786, 7584, 29025, 1543, 2657, 8764, 2477, 1894, 1119, 579, 3554, 128, 18, 24, 88] topology_prune=on leaves=14 sleep_mode=deep light_absorb=8 deep_probability=0.337 topology_action=null topology_gain=0.000e+00 topology_candidates=24 collapsed=0 topology_lambda=0.000e+00 time=W58.5/G46.5/S6.9s cache=0/1700 cuda_peak=7949MiB sleep_actions=['promotion']
[Epoch 048] Wake: 100%|##########| 1700/1700 [00:59<00:00, 28.70seq/s, events=136000, loss=2.6479, writes=363]
[Epoch 048] Global: 100%|#################| 1700/1700 [00:46<00:00, 36.61seq-pass/s, batch=54/54, phase=train]
[Epoch 048] Sleep: 100%|############| 18/18 [00:00<00:00, 28.66step/s, actions=0, phase=light, pressure=0.221]
[MemoryTree][048/050] wake/event=2.647972 sleep_residual_utility=0.008862 writes=363 memorize=3329 queue_split=33039 wake_actions=A98997/R635/M3329/Q33039 novelty=0.1934 weighted_sim=0.6132 wm_grad_max=3.145e+00 global/event=2.691668 mix_diag=2.8327 global_steps=54 prior_KL=1.313e-01 seq_H_cond=0.3765 seq_H_marg=0.5785 seq_MI=2.020e-01 post_KL_diag=3.753e-01 branch_distill=3.134e-01 probe=7.036e+00/0.749->0.750/2.058/0.580 frontier=6.99/12.97/5.99 enc_gate=0.454 enc_scale=0.033 teacher_conf=0.414 teacher_JS=9.090e-02 max_mass=0.2127 owner_hard=[0, 0, 0, 0, 0, 123, 0, 0, 0, 757, 39, 0, 35, 26, 710, 0, 0, 8, 0, 0, 0, 0, 2, 0, 0, 0, 0] mem_assign=[306, 422, 377, 3525, 264, 14513, 929, 1993, 1446, 27691, 11426, 659, 10585, 6689, 28265, 2486, 2573, 7460, 2818, 2113, 2211, 2134, 4436, 107, 443, 13, 116] topology_prune=on leaves=14 sleep_mode=light light_absorb=8 deep_probability=0.221 topology_action=null topology_gain=0.000e+00 topology_candidates=0 collapsed=0 topology_lambda=0.000e+00 time=W59.2/G46.4/S0.7s cache=0/1700 cuda_peak=7961MiB sleep_actions=[]
[Epoch 049] Wake: 100%|##########| 1700/1700 [00:56<00:00, 30.31seq/s, events=136000, loss=2.6701, writes=463]
[Epoch 049] Global: 100%|#################| 1700/1700 [00:46<00:00, 36.69seq-pass/s, batch=54/54, phase=train]
[Epoch 049] Sleep: 100%|#############| 18/18 [00:06<00:00,  2.67step/s, actions=1, phase=deep, pressure=0.390]
[MemoryTree][049/050] wake/event=2.670168 sleep_residual_utility=0.008579 writes=463 memorize=1400 queue_split=35078 wake_actions=A96633/R2889/M1400/Q35078 novelty=0.1768weighted_sim=0.6465 wm_grad_max=3.470e+00 global/event=2.664956 mix_diag=2.8288 global_steps=54 prior_KL=1.584e-01 seq_H_cond=0.3643 seq_H_marg=0.5657 seq_MI=2.014e-01 post_KL_diag=3.793e-01 branch_distill=3.080e-01 probe=7.728e+00/0.790->0.792/2.973/0.616 frontier=6.96/12.92/5.96 enc_gate=0.462 enc_scale=0.037 teacher_conf=0.459 teacher_JS=9.258e-02 max_mass=0.1793 owner_hard=[0, 0, 0, 0, 0, 161, 0, 0, 0, 575, 374, 0, 31, 1, 530, 0, 0, 27, 1, 0, 0, 0, 0, 0, 0, 0, 0] mem_assign=[578, 265, 563, 3321, 504, 16576, 349, 1891, 1888, 23482, 20402, 742, 9576, 4381, 23808, 2566, 2345, 9347, 3843, 2621, 2472, 1168, 3288, 0, 0, 0, 24] topology_prune=on leaves=14 sleep_mode=deep light_absorb=8 deep_probability=0.390 topology_action=null topology_gain=0.000e+00 topology_candidates=24 collapsed=0 topology_lambda=0.000e+00 time=W56.1/G46.3/S6.8s cache=0/1700 cuda_peak=7962MiB sleep_actions=['promotion']
[Epoch 050] Wake: 100%|##########| 1700/1700 [00:49<00:00, 34.23seq/s, events=136000, loss=2.6569, writes=444]
[Epoch 050] Global: 100%|#################| 1700/1700 [00:46<00:00, 36.59seq-pass/s, batch=54/54, phase=train]
[Epoch 050] Sleep: 100%|#############| 18/18 [00:06<00:00,  2.69step/s, actions=2, phase=deep, pressure=0.243]
[MemoryTree][050/050] wake/event=2.656869 sleep_residual_utility=0.009022 writes=444 memorize=212 queue_split=36137 wake_actions=A98176/R1475/M212/Q36137 novelty=0.1623 weighted_sim=0.6754 wm_grad_max=3.846e+00 global/event=2.662070 mix_diag=2.8373 global_steps=54 prior_KL=1.463e-01 seq_H_cond=0.3586 seq_H_marg=0.5700 seq_MI=2.114e-01 post_KL_diag=3.988e-01 branch_distill=3.026e-01 probe=8.129e+00/0.730->0.727/2.598/0.635 frontier=7.00/13.00/6.00 enc_gate=0.450 enc_scale=0.037 teacher_conf=0.460 teacher_JS=9.205e-02 max_mass=0.1944 owner_hard=[0, 0, 0, 0, 0, 349, 0, 0, 0, 519, 107, 0, 1, 7, 682, 0, 0, 35, 0, 0, 0, 0, 0, 0, 0, 0, 0] mem_assign=[333, 151, 448, 2257, 251, 19883, 384, 1825, 973, 25345, 14550, 739, 7096, 6155, 28145, 2791, 2418, 9995, 3362, 3878, 2641, 183, 2180, 4, 0, 13, 0] topology_prune=on leaves=14 sleep_mode=deep light_absorb=6 deep_probability=0.243 topology_action=null topology_gain=0.000e+00 topology_candidates=24 collapsed=0 topology_lambda=0.000e+00 time=W49.7/G46.5/S6.8s cache=0/1700 cuda_peak=7962MiB sleep_actions=['promotion', 'promotion']