Using device: cuda
DataFrame shape: (1700, 3)
Columns: ['event_times', 'event_types', 'cluster']
加载了 1700 个序列
检测到 8 种事件类型: [0, 1, 2, 3, 4, 5, 6, 7]
第一个序列长度: 80
[Hawkes Cold Start][001/010] train_nll/event=4.273062 val_nll/event=3.740769 max_grad=1.7795
[Hawkes Cold Start][002/010] train_nll/event=3.405243 val_nll/event=3.259835 max_grad=0.5574
[Hawkes Cold Start][003/010] train_nll/event=3.097862 val_nll/event=3.072356 max_grad=0.2723
[Hawkes Cold Start][004/010] train_nll/event=2.981458 val_nll/event=3.004127 max_grad=0.1706
[Hawkes Cold Start][005/010] train_nll/event=2.938245 val_nll/event=2.976134 max_grad=0.1754
[Hawkes Cold Start][006/010] train_nll/event=2.918717 val_nll/event=2.961527 max_grad=0.1807
[Hawkes Cold Start][007/010] train_nll/event=2.908339 val_nll/event=2.953137 max_grad=0.1811
[Hawkes Cold Start][008/010] train_nll/event=2.902360 val_nll/event=2.948058 max_grad=0.1843
[Hawkes Cold Start][009/010] train_nll/event=2.898798 val_nll/event=2.945133 max_grad=0.1862
[Hawkes Cold Start][010/010] train_nll/event=2.896611 val_nll/event=2.943036 max_grad=0.1869
[Hawkes Cold Start] checkpoint saved to /home/xinye/HawkesMemory_wfy/checkpoints/hawkes_backbone_init.pt
[Hawkes Cold Start] spectral_radius=0.756667, min_mu=8.554223e-03
[H_tree] initialized 33/33 node_emb from /home/xinye/HawkesMemory_wfy/Data/tree_17/h_tree_one_circle.pt
[Routing] mode=active_frontier frontier=2..7 temperature=1.100 exploration=0.000

[Residual init]:   0%|          | 0/1700 [00:00<?, ?seq/s]
[Residual init]:   1%|▏         | 25/1700 [00:00<00:06, 244.51seq/s]
[Residual init]:   3%|▎         | 57/1700 [00:00<00:05, 283.38seq/s]
[Residual init]:   5%|▌         | 88/1700 [00:00<00:05, 294.78seq/s]
[Residual init]:   7%|▋         | 119/1700 [00:00<00:05, 300.24seq/s]
[Residual init]:   9%|▉         | 151/1700 [00:00<00:05, 304.10seq/s]
[Residual init]:  11%|█         | 182/1700 [00:00<00:04, 305.25seq/s]
[Residual init]:  13%|█▎        | 213/1700 [00:00<00:04, 305.52seq/s]
[Residual init]:  14%|█▍        | 244/1700 [00:00<00:04, 306.10seq/s]
[Residual init]:  16%|█▌        | 275/1700 [00:00<00:04, 303.01seq/s]
[Residual init]:  18%|█▊        | 307/1700 [00:01<00:04, 305.53seq/s]
[Residual init]:  20%|█▉        | 338/1700 [00:01<00:04, 305.11seq/s]
[Residual init]:  22%|██▏       | 369/1700 [00:01<00:04, 305.54seq/s]
[Residual init]:  24%|██▎       | 400/1700 [00:01<00:04, 299.93seq/s]
[Residual init]:  25%|██▌       | 431/1700 [00:01<00:04, 300.10seq/s]
[Residual init]:  27%|██▋       | 462/1700 [00:01<00:04, 299.27seq/s]
[Residual init]:  29%|██▉       | 492/1700 [00:01<00:04, 296.94seq/s]
[Residual init]:  31%|███       | 522/1700 [00:01<00:04, 293.40seq/s]
[Residual init]:  32%|███▏      | 552/1700 [00:01<00:03, 290.01seq/s]
[Residual init]:  34%|███▍      | 582/1700 [00:01<00:03, 289.32seq/s]
[Residual init]:  36%|███▌      | 612/1700 [00:02<00:03, 291.31seq/s]
[Residual init]:  38%|███▊      | 642/1700 [00:02<00:03, 288.21seq/s]
[Residual init]:  39%|███▉      | 671/1700 [00:02<00:03, 288.12seq/s]
[Residual init]:  41%|████      | 700/1700 [00:02<00:03, 287.71seq/s]
[Residual init]:  43%|████▎     | 729/1700 [00:02<00:03, 287.26seq/s]
[Residual init]:  45%|████▍     | 759/1700 [00:02<00:03, 289.64seq/s]
[Residual init]:  46%|████▋     | 788/1700 [00:02<00:03, 289.66seq/s]
[Residual init]:  48%|████▊     | 817/1700 [00:02<00:03, 284.73seq/s]
[Residual init]:  50%|████▉     | 847/1700 [00:02<00:02, 286.74seq/s]
[Residual init]:  52%|█████▏    | 877/1700 [00:02<00:02, 288.01seq/s]
[Residual init]:  53%|█████▎    | 907/1700 [00:03<00:02, 289.13seq/s]
[Residual init]:  55%|█████▌    | 936/1700 [00:03<00:02, 288.76seq/s]
[Residual init]:  57%|█████▋    | 965/1700 [00:03<00:02, 289.07seq/s]
[Residual init]:  59%|█████▊    | 995/1700 [00:03<00:02, 291.06seq/s]
[Residual init]:  60%|██████    | 1025/1700 [00:03<00:02, 292.44seq/s]
[Residual init]:  62%|██████▏   | 1055/1700 [00:03<00:02, 293.52seq/s]
[Residual init]:  64%|██████▍   | 1085/1700 [00:03<00:02, 294.08seq/s]
[Residual init]:  66%|██████▌   | 1115/1700 [00:03<00:02, 291.39seq/s]
[Residual init]:  67%|██████▋   | 1145/1700 [00:03<00:01, 293.67seq/s]
[Residual init]:  69%|██████▉   | 1175/1700 [00:03<00:01, 293.45seq/s]
[Residual init]:  71%|███████   | 1205/1700 [00:04<00:01, 293.01seq/s]
[Residual init]:  73%|███████▎  | 1235/1700 [00:04<00:01, 293.08seq/s]
[Residual init]:  74%|███████▍  | 1265/1700 [00:04<00:01, 292.83seq/s]
[Residual init]:  76%|███████▌  | 1295/1700 [00:04<00:01, 293.28seq/s]
[Residual init]:  78%|███████▊  | 1325/1700 [00:04<00:01, 294.37seq/s]
[Residual init]:  80%|███████▉  | 1355/1700 [00:04<00:01, 293.26seq/s]
[Residual init]:  81%|████████▏ | 1385/1700 [00:04<00:01, 294.23seq/s]
[Residual init]:  83%|████████▎ | 1415/1700 [00:04<00:00, 294.74seq/s]
[Residual init]:  85%|████████▌ | 1445/1700 [00:04<00:00, 294.48seq/s]
[Residual init]:  87%|████████▋ | 1475/1700 [00:05<00:00, 293.99seq/s]
[Residual init]:  89%|████████▊ | 1505/1700 [00:05<00:00, 293.04seq/s]
[Residual init]:  90%|█████████ | 1536/1700 [00:05<00:00, 295.70seq/s]
[Residual init]:  92%|█████████▏| 1567/1700 [00:05<00:00, 297.28seq/s]
[Residual init]:  94%|█████████▍| 1597/1700 [00:05<00:00, 296.11seq/s]
[Residual init]:  96%|█████████▌| 1628/1700 [00:05<00:00, 297.81seq/s]
[Residual init]:  98%|█████████▊| 1659/1700 [00:05<00:00, 299.02seq/s]
[Residual init]:  99%|█████████▉| 1689/1700 [00:05<00:00, 298.88seq/s]
[Residual init]: 100%|██████████| 1700/1700 [00:05<00:00, 294.42seq/s]
[Residual Initialization] sequences=1700 rank=4 grad_norm=5.301e+00/9.817e+00/1.504e+01 clipped=0.000 membership=[100.0, 100.0, 100.0, 100.0, 100.0, 100.0, 100.0, 100.0, 100.0, 100.0, 100.0, 100.0, 100.0, 100.0, 100.0, 100.0, 100.0] target_mass=[0.05882352963089943, 0.05882352963089943, 0.05882352963089943, 0.05882352963089943, 0.05882352963089943, 0.05882352963089943, 0.05882352963089943, 0.05882352963089943, 0.05882352963089943, 0.05882352963089943, 0.05882352963089943, 0.05882352963089943, 0.05882352963089943, 0.05882352963089943, 0.05882352963089943, 0.05882352963089943, 0.05882352963089943]
[Initialization] mode=residual_signature semantic_blend=0.0000 semantic_delta_mean=1.8265e-02 semantic_delta_max=2.7678e-01 offset_mode=path_additive route_balance=0.1000
[Symmetry] mode=residual_signature router_gain=0.0500 router_norm_mean=7.3961e-02 leaf_delta_mean=2.3055e-02 leaf_mean_error=9.537e-07 spectral_radius=[0.751336,0.762674]

[H-align 01/05]:   0%|          | 0/107 [00:00<?, ?batch/s]
[H-align 01/05]:   7%|▋         | 8/107 [00:00<00:01, 72.51batch/s, acc=0.609, loss=0.663]
[H-align 01/05]:  16%|█▌        | 17/107 [00:00<00:01, 80.70batch/s, acc=0.628, loss=0.656]
[H-align 01/05]:  24%|██▍       | 26/107 [00:00<00:00, 81.95batch/s, acc=0.626, loss=0.653]
[H-align 01/05]:  33%|███▎      | 35/107 [00:00<00:00, 83.91batch/s, acc=0.621, loss=0.653]
[H-align 01/05]:  41%|████      | 44/107 [00:00<00:00, 84.84batch/s, acc=0.624, loss=0.651]
[H-align 01/05]:  50%|████▉     | 53/107 [00:00<00:00, 84.43batch/s, acc=0.628, loss=0.647]
[H-align 01/05]:  58%|█████▊    | 62/107 [00:00<00:00, 84.90batch/s, acc=0.629, loss=0.646]
[H-align 01/05]:  66%|██████▋   | 71/107 [00:00<00:00, 83.90batch/s, acc=0.627, loss=0.648]
[H-align 01/05]:  75%|███████▍  | 80/107 [00:00<00:00, 83.75batch/s, acc=0.628, loss=0.648]
[H-align 01/05]:  83%|████████▎ | 89/107 [00:01<00:00, 83.59batch/s, acc=0.628, loss=0.648]
[H-align 01/05]:  92%|█████████▏| 98/107 [00:01<00:00, 83.59batch/s, acc=0.63, loss=0.646] 
[H-align 01/05]: 100%|██████████| 107/107 [00:01<00:00, 82.89batch/s, acc=0.634, loss=0.641]
[H-align 01/05]: 100%|██████████| 107/107 [00:01<00:00, 83.19batch/s, acc=0.634, loss=0.641]
[H-align] epoch=1/5 loss=0.641366 acc=0.6343 p_target=0.5466 confidence=1.0000 grad_max=8.154e-01

[H-align 02/05]:   0%|          | 0/107 [00:00<?, ?batch/s]
[H-align 02/05]:   8%|▊         | 9/107 [00:00<00:01, 82.08batch/s, acc=0.733, loss=0.524]
[H-align 02/05]:  17%|█▋        | 18/107 [00:00<00:01, 83.29batch/s, acc=0.713, loss=0.535]
[H-align 02/05]:  25%|██▌       | 27/107 [00:00<00:00, 83.15batch/s, acc=0.723, loss=0.518]
[H-align 02/05]:  34%|███▎      | 36/107 [00:00<00:00, 83.47batch/s, acc=0.736, loss=0.497]
[H-align 02/05]:  42%|████▏     | 45/107 [00:00<00:00, 83.74batch/s, acc=0.747, loss=0.478]
[H-align 02/05]:  50%|█████     | 54/107 [00:00<00:00, 83.15batch/s, acc=0.757, loss=0.461]
[H-align 02/05]:  59%|█████▉    | 63/107 [00:00<00:00, 81.09batch/s, acc=0.765, loss=0.447]
[H-align 02/05]:  67%|██████▋   | 72/107 [00:00<00:00, 82.08batch/s, acc=0.774, loss=0.434]
[H-align 02/05]:  76%|███████▌  | 81/107 [00:00<00:00, 82.68batch/s, acc=0.784, loss=0.417]
[H-align 02/05]:  84%|████████▍ | 90/107 [00:01<00:00, 81.77batch/s, acc=0.794, loss=0.402]
[H-align 02/05]:  93%|█████████▎| 99/107 [00:01<00:00, 81.79batch/s, acc=0.804, loss=0.387]
[H-align 02/05]: 100%|██████████| 107/107 [00:01<00:00, 82.63batch/s, acc=0.811, loss=0.376]
[H-align] epoch=2/5 loss=0.376290 acc=0.8107 p_target=0.7379 confidence=1.0000 grad_max=3.830e+00

[H-align 03/05]:   0%|          | 0/107 [00:00<?, ?batch/s]
[H-align 03/05]:   8%|▊         | 9/107 [00:00<00:01, 81.82batch/s, acc=0.919, loss=0.2]
[H-align 03/05]:  17%|█▋        | 18/107 [00:00<00:01, 82.81batch/s, acc=0.921, loss=0.194]
[H-align 03/05]:  25%|██▌       | 27/107 [00:00<00:00, 82.66batch/s, acc=0.923, loss=0.19] 
[H-align 03/05]:  34%|███▎      | 36/107 [00:00<00:00, 82.64batch/s, acc=0.929, loss=0.179]
[H-align 03/05]:  42%|████▏     | 45/107 [00:00<00:00, 83.28batch/s, acc=0.935, loss=0.169]
[H-align 03/05]:  50%|█████     | 54/107 [00:00<00:00, 83.67batch/s, acc=0.939, loss=0.16] 
[H-align 03/05]:  59%|█████▉    | 63/107 [00:00<00:00, 83.21batch/s, acc=0.944, loss=0.149]
[H-align 03/05]:  67%|██████▋   | 72/107 [00:00<00:00, 83.72batch/s, acc=0.947, loss=0.144]
[H-align 03/05]:  76%|███████▌  | 81/107 [00:00<00:00, 83.00batch/s, acc=0.95, loss=0.138] 
[H-align 03/05]:  84%|████████▍ | 90/107 [00:01<00:00, 83.23batch/s, acc=0.952, loss=0.134]
[H-align 03/05]:  93%|█████████▎| 99/107 [00:01<00:00, 83.40batch/s, acc=0.954, loss=0.128]
[H-align 03/05]: 100%|██████████| 107/107 [00:01<00:00, 83.43batch/s, acc=0.956, loss=0.123]
[H-align] epoch=3/5 loss=0.122833 acc=0.9564 p_target=0.9195 confidence=1.0000 grad_max=3.731e+00

[H-align 04/05]:   0%|          | 0/107 [00:00<?, ?batch/s]
[H-align 04/05]:   8%|▊         | 9/107 [00:00<00:01, 86.67batch/s, acc=0.984, loss=0.0546]
[H-align 04/05]:  17%|█▋        | 18/107 [00:00<00:01, 86.98batch/s, acc=0.987, loss=0.049]
[H-align 04/05]:  25%|██▌       | 27/107 [00:00<00:00, 85.31batch/s, acc=0.989, loss=0.0441]
[H-align 04/05]:  34%|███▎      | 36/107 [00:00<00:00, 84.60batch/s, acc=0.988, loss=0.0438]
[H-align 04/05]:  42%|████▏     | 45/107 [00:00<00:00, 83.99batch/s, acc=0.989, loss=0.0419]
[H-align 04/05]:  50%|█████     | 54/107 [00:00<00:00, 84.72batch/s, acc=0.989, loss=0.0411]
[H-align 04/05]:  59%|█████▉    | 63/107 [00:00<00:00, 84.69batch/s, acc=0.989, loss=0.0417]
[H-align 04/05]:  67%|██████▋   | 72/107 [00:00<00:00, 84.48batch/s, acc=0.989, loss=0.0407]
[H-align 04/05]:  76%|███████▌  | 81/107 [00:00<00:00, 83.98batch/s, acc=0.99, loss=0.0393] 
[H-align 04/05]:  84%|████████▍ | 90/107 [00:01<00:00, 83.82batch/s, acc=0.99, loss=0.0376]
[H-align 04/05]:  93%|█████████▎| 99/107 [00:01<00:00, 83.68batch/s, acc=0.99, loss=0.0373]
[H-align 04/05]: 100%|██████████| 107/107 [00:01<00:00, 84.26batch/s, acc=0.99, loss=0.0368]
[H-align] epoch=4/5 loss=0.036831 acc=0.9899 p_target=0.9780 confidence=1.0000 grad_max=1.633e+00

[H-align 05/05]:   0%|          | 0/107 [00:00<?, ?batch/s]
[H-align 05/05]:   8%|▊         | 9/107 [00:00<00:01, 84.01batch/s, acc=0.991, loss=0.0296]
[H-align 05/05]:  17%|█▋        | 18/107 [00:00<00:01, 84.05batch/s, acc=0.992, loss=0.0253]
[H-align 05/05]:  25%|██▌       | 27/107 [00:00<00:00, 83.89batch/s, acc=0.992, loss=0.0256]
[H-align 05/05]:  34%|███▎      | 36/107 [00:00<00:00, 84.24batch/s, acc=0.993, loss=0.0242]
[H-align 05/05]:  42%|████▏     | 45/107 [00:00<00:00, 81.61batch/s, acc=0.993, loss=0.0228]
[H-align 05/05]:  50%|█████     | 54/107 [00:00<00:00, 82.22batch/s, acc=0.994, loss=0.0218]
[H-align 05/05]:  59%|█████▉    | 63/107 [00:00<00:00, 83.00batch/s, acc=0.994, loss=0.0215]
[H-align 05/05]:  67%|██████▋   | 72/107 [00:00<00:00, 83.13batch/s, acc=0.994, loss=0.0216]
[H-align 05/05]:  76%|███████▌  | 81/107 [00:00<00:00, 83.98batch/s, acc=0.994, loss=0.0214]
[H-align 05/05]:  84%|████████▍ | 90/107 [00:01<00:00, 84.43batch/s, acc=0.994, loss=0.0212]
[H-align 05/05]:  93%|█████████▎| 99/107 [00:01<00:00, 84.17batch/s, acc=0.994, loss=0.0206]
[H-align 05/05]: 100%|██████████| 107/107 [00:01<00:00, 83.64batch/s, acc=0.994, loss=0.0204]
[H-align] epoch=5/5 loss=0.020387 acc=0.9938 p_target=0.9877 confidence=1.0000 grad_max=7.742e-01
[H-align Complete] epochs=5 loss=0.692324->0.013900 accuracy=0.9955 p_target=0.9911 updated=encoder+router_compat frozen=hawkes+node_emb+semantics+memory

[Init] Cache:   0%|                                                                 | 0/1700 [00:00<?, ?seq/s]
[Init] Cache: 100%|#########################| 1700/1700 [00:01<00:00, 1099.87seq/s, built=1700, events=136000]
[Cache] sequences=1700 events=136000 built=1700 device=cuda time=1.546s

[Epoch 001] Wake: 100%|#########| 1700/1700 [02:09<00:00, 13.13seq/s, events=136000, loss=2.8606, writes=5758]
[Epoch 001] Global: 100%|#################| 1700/1700 [00:40<00:00, 41.95seq-pass/s, batch=27/27, phase=train]
[Epoch 001] Sleep: 100%|#############| 21/21 [00:05<00:00,  3.59step/s, actions=6, phase=deep, pressure=0.149]
[MemoryTree][001/050] wake/event=2.860680 sleep_residual_utility=0.003598 writes=5758 memorize=1996 queue_split=0 wake_actions=A93069/R40935/M1996/Q0 novelty=0.0420 weighted_sim=0.9160 wm_grad_max=3.387e+00 global/event=2.865868 mix_diag=2.8783 global_steps=27 prior_KL=1.105e-01 seq_H_cond=0.4896 seq_H_marg=0.5070 seq_MI=1.740e-02 post_KL_diag=7.287e-02 branch_distill=5.027e-01 probe=5.098e+00/0.573->0.587/0.007/0.428 frontier=5.95/10.91/4.95 enc_gate=0.027 enc_scale=0.001 teacher_conf=0.014 teacher_JS=6.094e-02 max_mass=0.0620 owner_hard=[0, 0, 0, 100, 0, 0, 0, 100, 0, 0, 0, 0, 0, 100, 100, 100, 0, 0, 0, 100, 0, 100, 100, 100, 100, 100, 0, 100, 100, 100, 100] mem_assign=[252, 32, 309, 7320, 249, 1864, 267, 8044, 194, 135, 156, 288, 283, 7052, 7973, 7099, 271, 171, 1269, 7305, 302, 8245, 7170, 7285, 7438, 7865, 931, 7660, 7850, 8234, 7216] topology_prune=off leaves=16 sleep_mode=deep light_absorb=10 deep_probability=0.149 topology_action=merge topology_gain=1.685e-02 topology_candidates=29 collapsed=0 topology_lambda=0.000e+00 time=W129.5/G40.5/S5.9s cache=0/1700 cuda_peak=7074MiB sleep_actions=['merge', 'promotion', 'promotion', 'promotion', 'promotion', 'promotion']
[Epoch 002] Wake: 100%|#########| 1700/1700 [02:07<00:00, 13.38seq/s, events=136000, loss=2.8979, writes=5249]
[Epoch 002] Global: 100%|#################| 1700/1700 [00:39<00:00, 42.83seq-pass/s, batch=27/27, phase=train]
[Epoch 002] Sleep: 100%|############| 20/20 [00:00<00:00, 52.53step/s, actions=0, phase=light, pressure=0.176]
[MemoryTree][002/050] wake/event=2.897968 sleep_residual_utility=0.011496 writes=5249 memorize=0 queue_split=0 wake_actions=A94154/R41846/M0/Q0 novelty=0.0346 weighted_sim=0.9308 wm_grad_max=3.408e+00 global/event=2.892726 mix_diag=2.9420 global_steps=27 prior_KL=3.379e-02 seq_H_cond=0.5964 seq_H_marg=0.6034 seq_MI=7.053e-03 post_KL_diag=1.234e-01 branch_distill=1.023e-01 probe=4.969e+00/0.530->0.533/0.001/0.427 frontier=6.99/12.98/5.99 enc_gate=0.043 enc_scale=0.003 teacher_conf=0.040 teacher_JS=2.026e-02 max_mass=0.0822 owner_hard=[250, 314, 177, 1, 0, 123, 301, 0, 0, 18, 203, 201, 26, 0, 0, 0, 0, 0, 86, 0, 0, 0, 0, 0, 0, 0, 0, 0, 0, 0, 0] mem_assign=[23070, 19535, 17827, 543, 58, 9961, 18287, 0, 0, 3102, 12609, 12988, 4085, 0, 0, 0, 28, 1041, 10949, 0, 1741, 0, 0, 0, 0, 0, 176, 0, 0, 0, 0] topology_prune=off leaves=16 sleep_mode=light light_absorb=11 deep_probability=0.176 topology_action=null topology_gain=0.000e+00 topology_candidates=0 collapsed=0 topology_lambda=0.000e+00 time=W127.0/G39.7/S0.5s cache=0/1700 cuda_peak=7070MiB sleep_actions=[]
[Epoch 003] Wake: 100%|#########| 1700/1700 [02:09<00:00, 13.08seq/s, events=136000, loss=2.8704, writes=6336]
[Epoch 003] Global: 100%|#################| 1700/1700 [00:40<00:00, 42.38seq-pass/s, batch=27/27, phase=train]
[Epoch 003] Sleep: 100%|#############| 20/20 [00:04<00:00,  4.23step/s, actions=5, phase=deep, pressure=0.323]
[MemoryTree][003/050] wake/event=2.870444 sleep_residual_utility=0.018457 writes=6336 memorize=0 queue_split=1 wake_actions=A94735/R41264/M0/Q1 novelty=0.0207 weighted_sim=0.9587 wm_grad_max=3.561e+00 global/event=2.830459 mix_diag=2.9551 global_steps=27 prior_KL=6.099e-02 seq_H_cond=0.5972 seq_H_marg=0.6065 seq_MI=9.263e-03 post_KL_diag=2.339e-01 branch_distill=1.670e-01 probe=5.840e+00/0.449->0.448/0.001/0.464 frontier=5.26/9.52/4.26 enc_gate=0.104 enc_scale=0.006 teacher_conf=0.082 teacher_JS=2.668e-02 max_mass=0.0794 owner_hard=[0, 59, 0, 0, 56, 0, 0, 0, 0, 0, 534, 1051, 0, 0, 0, 0, 0, 0, 0, 0, 0, 0, 0, 0, 0, 0, 0, 0, 0] mem_assign=[3768, 18659, 4676, 261, 6766, 356, 13, 363, 2, 1456, 28679, 70927, 0, 0, 68, 0, 6, 0, 0, 0, 0, 0, 0, 0, 0, 0, 0, 0, 0] topology_prune=off leaves=15 sleep_mode=deep light_absorb=10 deep_probability=0.323 topology_action=merge topology_gain=3.587e-03 topology_candidates=26 collapsed=0 topology_lambda=0.000e+00 time=W129.9/G40.1/S4.8s cache=0/1700 cuda_peak=6581MiB sleep_actions=['merge', 'promotion', 'promotion', 'promotion', 'promotion']
[Epoch 004] Wake: 100%|#########| 1700/1700 [02:08<00:00, 13.18seq/s, events=136000, loss=2.7952, writes=5701]
[Epoch 004] Global: 100%|#################| 1700/1700 [00:40<00:00, 42.46seq-pass/s, batch=27/27, phase=train]
[Epoch 004] Sleep: 100%|############| 19/19 [00:00<00:00, 51.21step/s, actions=0, phase=light, pressure=0.218]
[MemoryTree][004/050] wake/event=2.795258 sleep_residual_utility=0.187832 writes=5701 memorize=0 queue_split=115 wake_actions=A95005/R40880/M0/Q115 novelty=0.0295 weighted_sim=0.9411 wm_grad_max=3.813e+00 global/event=2.795592 mix_diag=2.9263 global_steps=27 prior_KL=5.900e-02 seq_H_cond=0.5912 seq_H_marg=0.6108 seq_MI=1.951e-02 post_KL_diag=3.052e-01 branch_distill=2.131e-01 probe=6.027e+00/0.432->0.434/0.002/0.493 frontier=5.80/10.61/4.80 enc_gate=0.105 enc_scale=0.009 teacher_conf=0.112 teacher_JS=3.384e-02 max_mass=0.1136 owner_hard=[0, 0, 0, 278, 0, 18, 800, 0, 0, 8, 104, 492, 0, 0, 0, 0, 0, 0, 0, 0, 0, 0, 0, 0, 0, 0, 0, 0, 0] mem_assign=[2261, 741, 1675, 14681, 1872, 7863, 44353, 328, 808, 3385, 17386, 33987, 3000, 155, 1174, 11, 1757, 0, 0, 539, 0, 1, 0, 0, 23, 0, 0, 0, 0] topology_prune=off leaves=15 sleep_mode=light light_absorb=10 deep_probability=0.218 topology_action=null topology_gain=0.000e+00 topology_candidates=0 collapsed=0 topology_lambda=0.000e+00 time=W129.0/G40.0/S0.5s cache=0/1700 cuda_peak=6682MiB sleep_actions=[]
[Epoch 005] Wake: 100%|#########| 1700/1700 [02:08<00:00, 13.19seq/s, events=136000, loss=2.7855, writes=5354]
[Epoch 005] Global: 100%|#################| 1700/1700 [00:40<00:00, 42.27seq-pass/s, batch=27/27, phase=train]
[Epoch 005] Sleep: 100%|############| 19/19 [00:04<00:00,  4.54step/s, actions=0, phase=light, pressure=0.389]
[MemoryTree][005/050] wake/event=2.785499 sleep_residual_utility=0.167855 writes=5354 memorize=0 queue_split=190 wake_actions=A95309/R40501/M0/Q190 novelty=0.0376 weighted_sim=0.9248 wm_grad_max=4.441e+00 global/event=2.783770 mix_diag=2.9695 global_steps=27 prior_KL=4.687e-02 seq_H_cond=0.5797 seq_H_marg=0.6043 seq_MI=2.463e-02 post_KL_diag=2.883e-01 branch_distill=2.097e-01 probe=6.178e+00/0.424->0.423/0.002/0.469 frontier=6.17/11.34/5.17 enc_gate=0.110 enc_scale=0.009 teacher_conf=0.111 teacher_JS=3.691e-02 max_mass=0.0450 owner_hard=[0, 123, 0, 0, 0, 26, 403, 25, 0, 5, 245, 872, 0, 0, 0, 0, 1, 0, 0, 0, 0, 0, 0, 0, 0, 0, 0, 0, 0] mem_assign=[2118, 12201, 1803, 2326, 758, 5397, 31538, 5559, 2322, 3020, 13495, 48336, 2078, 366, 1631, 457, 1360, 10, 3, 829, 149, 1, 0, 0, 238, 5, 0, 0, 0] topology_prune=off leaves=15 sleep_mode=light light_absorb=10 deep_probability=0.389 topology_action=null topology_gain=0.000e+00 topology_candidates=25 collapsed=0 topology_lambda=0.000e+00 time=W128.9/G40.2/S4.3s cache=0/1700 cuda_peak=6621MiB sleep_actions=[]
[Epoch 006] Wake: 100%|#########| 1700/1700 [02:09<00:00, 13.16seq/s, events=136000, loss=2.7817, writes=5619]
[Epoch 006] Global: 100%|#################| 1700/1700 [00:40<00:00, 42.40seq-pass/s, batch=27/27, phase=train]
[Epoch 006] Sleep: 100%|#############| 19/19 [00:05<00:00,  3.73step/s, actions=4, phase=deep, pressure=0.241]
[MemoryTree][006/050] wake/event=2.781700 sleep_residual_utility=0.159065 writes=5619 memorize=2 queue_split=2178 wake_actions=A95576/R38244/M2/Q2178 novelty=0.0390 weighted_sim=0.9221 wm_grad_max=4.136e+00 global/event=2.789169 mix_diag=2.9150 global_steps=27 prior_KL=7.222e-02 seq_H_cond=0.5514 seq_H_marg=0.5882 seq_MI=3.676e-02 post_KL_diag=3.021e-01 branch_distill=2.120e-01 probe=5.977e+00/0.453->0.453/0.001/0.486 frontier=6.10/11.19/5.10 enc_gate=0.132 enc_scale=0.010 teacher_conf=0.127 teacher_JS=3.944e-02 max_mass=0.0535 owner_hard=[0, 6, 0, 0, 0, 0, 612, 21, 0, 22, 257, 779, 0, 0, 0, 0, 3, 0, 0, 0, 0, 0, 0, 0, 0, 0, 0, 0, 0] mem_assign=[1882, 7624, 1516, 1126, 960, 2222, 38084, 8080, 984, 5274, 13596, 43955, 3578, 699, 2532, 76, 3091, 3, 4, 11, 512, 0, 0, 0, 191, 0, 0, 0, 0] topology_prune=off leaves=15 sleep_mode=deep light_absorb=9 deep_probability=0.241 topology_action=null topology_gain=0.000e+00 topology_candidates=25 collapsed=0 topology_lambda=0.000e+00 time=W129.2/G40.1/S5.2s cache=0/1700 cuda_peak=6654MiB sleep_actions=['promotion', 'promotion', 'promotion', 'promotion']
[Epoch 007] Wake: 100%|#########| 1700/1700 [02:09<00:00, 13.16seq/s, events=136000, loss=2.7861, writes=5131]
[Epoch 007] Global: 100%|#################| 1700/1700 [00:39<00:00, 42.71seq-pass/s, batch=27/27, phase=train]
[Epoch 007] Sleep: 100%|############| 19/19 [00:00<00:00, 56.24step/s, actions=0, phase=light, pressure=0.248]
[MemoryTree][007/050] wake/event=2.786110 sleep_residual_utility=0.012893 writes=5131 memorize=35 queue_split=16446 wake_actions=A96010/R23509/M35/Q16446 novelty=0.0343 weighted_sim=0.9315 wm_grad_max=4.167e+00 global/event=2.778651 mix_diag=2.9159 global_steps=27 prior_KL=1.097e-01 seq_H_cond=0.5341 seq_H_marg=0.5765 seq_MI=4.232e-02 post_KL_diag=3.317e-01 branch_distill=2.162e-01 probe=6.057e+00/0.459->0.458/0.004/0.518 frontier=6.31/11.62/5.31 enc_gate=0.151 enc_scale=0.011 teacher_conf=0.143 teacher_JS=4.181e-02 max_mass=0.0984 owner_hard=[0, 0, 0, 135, 0, 0, 966, 0, 0, 41, 148, 313, 93, 3, 0, 0, 1, 0, 0, 0, 0, 0, 0, 0, 0, 0, 0, 0, 0] mem_assign=[1309, 2063, 839, 12458, 1112, 1119, 43773, 4309, 85, 5639, 10672, 27310, 17268, 2231, 1658, 1216, 2315, 53, 296, 1, 13, 14, 0, 0, 247, 0, 0, 0, 0] topology_prune=off leaves=15 sleep_mode=light light_absorb=11 deep_probability=0.248 topology_action=null topology_gain=0.000e+00 topology_candidates=0 collapsed=0 topology_lambda=0.000e+00 time=W129.1/G39.8/S0.4s cache=0/1700 cuda_peak=6707MiB sleep_actions=[]
[Epoch 008] Wake: 100%|#########| 1700/1700 [02:08<00:00, 13.24seq/s, events=136000, loss=2.7776, writes=4821]
[Epoch 008] Global: 100%|#################| 1700/1700 [00:39<00:00, 42.58seq-pass/s, batch=27/27, phase=train]
[Epoch 008] Sleep: 100%|############| 19/19 [00:00<00:00, 55.66step/s, actions=0, phase=light, pressure=0.433]
[MemoryTree][008/050] wake/event=2.777629 sleep_residual_utility=0.011843 writes=4821 memorize=0 queue_split=36081 wake_actions=A96118/R3801/M0/Q36081 novelty=0.0338 weighted_sim=0.9324 wm_grad_max=3.449e+00 global/event=2.774439 mix_diag=2.9139 global_steps=27 prior_KL=1.006e-01 seq_H_cond=0.5078 seq_H_marg=0.5615 seq_MI=5.377e-02 post_KL_diag=3.110e-01 branch_distill=2.137e-01 probe=5.874e+00/0.517->0.517/0.101/0.540 frontier=6.49/11.97/5.49 enc_gate=0.155 enc_scale=0.013 teacher_conf=0.161 teacher_JS=4.884e-02 max_mass=0.1019 owner_hard=[0, 0, 0, 187, 0, 0, 832, 0, 0, 2, 5, 187, 414, 73, 0, 0, 0, 0, 0, 0, 0, 0, 0, 0, 0, 0, 0, 0, 0] mem_assign=[1268, 1101, 924, 13866, 2096, 135, 38371, 2039, 864, 4236, 6039, 23024, 26183, 4323, 4819, 3278, 2834, 118, 66, 53, 37, 13, 83, 0, 229, 0, 0, 1, 0] topology_prune=off leaves=15 sleep_mode=light light_absorb=11 deep_probability=0.433 topology_action=null topology_gain=0.000e+00 topology_candidates=0 collapsed=0 topology_lambda=0.000e+00 time=W128.4/G39.9/S0.4s cache=0/1700 cuda_peak=7053MiB sleep_actions=[]
[Epoch 009] Wake: 100%|#########| 1700/1700 [02:07<00:00, 13.31seq/s, events=136000, loss=2.7763, writes=4185]
[Epoch 009] Global: 100%|#################| 1700/1700 [00:40<00:00, 42.29seq-pass/s, batch=27/27, phase=train]
[Epoch 009] Sleep: 100%|#############| 19/19 [00:04<00:00,  4.35step/s, actions=3, phase=deep, pressure=0.572]
[MemoryTree][009/050] wake/event=2.776292 sleep_residual_utility=0.010284 writes=4185 memorize=3 queue_split=39068 wake_actions=A96190/R739/M3/Q39068 novelty=0.0300 weighted_sim=0.9399 wm_grad_max=3.907e+00 global/event=2.778443 mix_diag=2.9169 global_steps=27 prior_KL=7.582e-02 seq_H_cond=0.4787 seq_H_marg=0.5454 seq_MI=6.670e-02 post_KL_diag=2.953e-01 branch_distill=1.954e-01 probe=5.747e+00/0.514->0.510/0.053/0.495 frontier=6.95/12.90/5.95 enc_gate=0.132 enc_scale=0.011 teacher_conf=0.139 teacher_JS=5.241e-02 max_mass=0.0623 owner_hard=[0, 0, 0, 14, 0, 0, 963, 0, 0, 0, 0, 312, 330, 81, 0, 0, 0, 0, 0, 0, 0, 0, 0, 0, 0, 0, 0, 0, 0] mem_assign=[967, 4040, 1683, 9000, 4441, 294, 44091, 1317, 1057, 2973, 1179, 27352, 24114, 5778, 2019, 938, 316, 26, 1727, 889, 1577, 108, 42, 0, 58, 14, 0, 0, 0] topology_prune=off leaves=15 sleep_mode=deep light_absorb=9 deep_probability=0.572 topology_action=null topology_gain=0.000e+00 topology_candidates=24 collapsed=0 topology_lambda=0.000e+00 time=W127.8/G40.2/S4.5s cache=0/1700 cuda_peak=7065MiB sleep_actions=['promotion', 'promotion', 'promotion']
[Epoch 010] Wake: 100%|#########| 1700/1700 [02:07<00:00, 13.34seq/s, events=136000, loss=2.7653, writes=3264]
[Epoch 010] Global: 100%|#################| 1700/1700 [00:40<00:00, 42.13seq-pass/s, batch=27/27, phase=train]
[Epoch 010] Sleep: 100%|############| 19/19 [00:03<00:00,  4.86step/s, actions=0, phase=light, pressure=0.265]
[MemoryTree][010/050] wake/event=2.765360 sleep_residual_utility=0.009213 writes=3264 memorize=0 queue_split=37671 wake_actions=A96169/R2160/M0/Q37671 novelty=0.0298 weighted_sim=0.9404 wm_grad_max=5.568e+00 global/event=2.772734 mix_diag=2.9981 global_steps=27 prior_KL=7.556e-02 seq_H_cond=0.4814 seq_H_marg=0.5495 seq_MI=6.811e-02 post_KL_diag=3.114e-01 branch_distill=1.874e-01 probe=5.899e+00/0.490->0.488/0.037/0.501 frontier=6.95/12.89/5.95 enc_gate=0.132 enc_scale=0.010 teacher_conf=0.128 teacher_JS=5.811e-02 max_mass=0.0503 owner_hard=[0, 19, 0, 78, 0, 0, 41, 0, 0, 0, 2, 74, 1179, 94, 2, 0, 0, 0, 203, 0, 8, 0, 0, 0, 0, 0, 0, 0, 0] mem_assign=[2440, 7819, 2431, 9443, 3410, 1031, 11835, 1595, 1615, 2262, 4788, 15587, 42085, 4274, 5661, 2596, 2361, 44, 10543, 1331, 1878, 297, 49, 0, 398, 219, 0, 8, 0] topology_prune=off leaves=15 sleep_mode=light light_absorb=11 deep_probability=0.265 topology_action=null topology_gain=0.000e+00 topology_candidates=24 collapsed=0 topology_lambda=0.000e+00 time=W127.4/G40.3/S4.0s cache=0/1700 cuda_peak=7065MiB sleep_actions=[]
[Epoch 011] Wake: 100%|#########| 1700/1700 [02:08<00:00, 13.26seq/s, events=136000, loss=2.7841, writes=4341]
[Epoch 011] Global: 100%|#################| 1700/1700 [00:40<00:00, 42.45seq-pass/s, batch=27/27, phase=train]
[Epoch 011] Sleep: 100%|############| 19/19 [00:00<00:00, 54.75step/s, actions=0, phase=light, pressure=0.269]
[MemoryTree][011/050] wake/event=2.784153 sleep_residual_utility=0.009004 writes=4341 memorize=0 queue_split=37413 wake_actions=A96191/R2396/M0/Q37413 novelty=0.0324 weighted_sim=0.9352 wm_grad_max=3.449e+00 global/event=2.774064 mix_diag=2.9444 global_steps=27 prior_KL=1.068e-01 seq_H_cond=0.4673 seq_H_marg=0.5530 seq_MI=8.567e-02 post_KL_diag=3.253e-01 branch_distill=1.970e-01 probe=5.947e+00/0.518->0.515/0.066/0.540 frontier=6.98/12.96/5.98 enc_gate=0.165 enc_scale=0.011 teacher_conf=0.149 teacher_JS=5.772e-02 max_mass=0.0843 owner_hard=[0, 156, 0, 23, 0, 8, 0, 0, 0, 86, 690, 0, 405, 42, 19, 0, 0, 0, 270, 1, 0, 0, 0, 0, 0, 0, 0, 0, 0] mem_assign=[1550, 9364, 3116, 5262, 1653, 6212, 2719, 796, 1419, 8230, 27505, 1302, 20048, 5013, 13844, 1480, 3064, 16, 14070, 2405, 5459, 70, 2, 0, 637, 731, 0, 33, 0] topology_prune=off leaves=15 sleep_mode=light light_absorb=12 deep_probability=0.269 topology_action=null topology_gain=0.000e+00 topology_candidates=0 collapsed=0 topology_lambda=0.000e+00 time=W128.2/G40.0/S0.4s cache=0/1700 cuda_peak=7065MiB sleep_actions=[]
[Epoch 012] Wake: 100%|#########| 1700/1700 [02:06<00:00, 13.40seq/s, events=136000, loss=2.7745, writes=3097]
[Epoch 012] Global: 100%|#################| 1700/1700 [00:40<00:00, 42.43seq-pass/s, batch=27/27, phase=train]
[Epoch 012] Sleep: 100%|#############| 19/19 [00:04<00:00,  4.46step/s, actions=4, phase=deep, pressure=0.464]
[MemoryTree][012/050] wake/event=2.774501 sleep_residual_utility=0.007048 writes=3097 memorize=0 queue_split=39754 wake_actions=A96240/R6/M0/Q39754 novelty=0.0286 weighted_sim=0.9428 wm_grad_max=4.577e+00 global/event=2.759897 mix_diag=2.9920 global_steps=27 prior_KL=1.156e-01 seq_H_cond=0.4399 seq_H_marg=0.5475 seq_MI=1.076e-01 post_KL_diag=3.245e-01 branch_distill=2.060e-01 probe=6.018e+00/0.513->0.514/0.063/0.556 frontier=6.98/12.97/5.98 enc_gate=0.164 enc_scale=0.013 teacher_conf=0.166 teacher_JS=6.018e-02 max_mass=0.0802 owner_hard=[0, 0, 0, 46, 0, 0, 0, 0, 0, 0, 0, 0, 1628, 26, 0, 0, 0, 0, 0, 0, 0, 0, 0, 0, 0, 0, 0, 0, 0] mem_assign=[960, 3901, 1073, 13116, 1804, 254, 8070, 541, 761, 1717, 3064, 5195, 61526, 4443, 7238, 11251, 5350, 2, 203, 1861, 706, 290, 411, 23, 2215, 0, 0, 25, 0] topology_prune=off leaves=15 sleep_mode=deep light_absorb=11 deep_probability=0.464 topology_action=null topology_gain=0.000e+00 topology_candidates=24 collapsed=0 topology_lambda=0.000e+00 time=W126.9/G40.1/S4.4s cache=0/1700 cuda_peak=7065MiB sleep_actions=['promotion', 'promotion', 'promotion', 'promotion']
[Epoch 013] Wake: 100%|#########| 1700/1700 [02:07<00:00, 13.37seq/s, events=136000, loss=2.7568, writes=3278]
[Epoch 013] Global: 100%|#################| 1700/1700 [00:40<00:00, 42.22seq-pass/s, batch=27/27, phase=train]
[Epoch 013] Sleep: 100%|#############| 19/19 [00:04<00:00,  4.31step/s, actions=2, phase=deep, pressure=0.274]
[MemoryTree][013/050] wake/event=2.756870 sleep_residual_utility=0.007755 writes=3278 memorize=86 queue_split=38062 wake_actions=A96229/R1623/M86/Q38062 novelty=0.0316 weighted_sim=0.9367 wm_grad_max=4.597e+00 global/event=2.765685 mix_diag=2.9652 global_steps=27 prior_KL=1.031e-01 seq_H_cond=0.4480 seq_H_marg=0.5596 seq_MI=1.116e-01 post_KL_diag=3.062e-01 branch_distill=2.100e-01 probe=5.966e+00/0.498->0.500/0.040/0.548 frontier=6.98/12.96/5.98 enc_gate=0.158 enc_scale=0.013 teacher_conf=0.159 teacher_JS=6.221e-02 max_mass=0.0647 owner_hard=[0, 1, 0, 44, 0, 0, 0, 0, 0, 3, 0, 0, 1414, 136, 0, 0, 0, 0, 78, 24, 0, 0, 0, 0, 0, 0, 0, 0, 0] mem_assign=[1381, 8368, 2080, 9298, 1132, 1612, 5510, 315, 854, 3905, 3585, 3827, 50044, 7933, 3544, 8832, 2182, 403, 11777, 6157, 2217, 290, 27, 0, 323, 376, 28, 0, 0] topology_prune=on leaves=15 sleep_mode=deep light_absorb=12 deep_probability=0.274 topology_action=null topology_gain=0.000e+00 topology_candidates=25 collapsed=0 topology_lambda=0.000e+00 time=W127.2/G40.3/S4.5s cache=0/1700 cuda_peak=7066MiB sleep_actions=['promotion', 'promotion']
[Epoch 014] Wake: 100%|#########| 1700/1700 [02:07<00:00, 13.32seq/s, events=136000, loss=2.7946, writes=3516]
[Epoch 014] Global: 100%|#################| 1700/1700 [00:40<00:00, 41.58seq-pass/s, batch=27/27, phase=train]
[Epoch 014] Sleep: 100%|############| 19/19 [00:00<00:00, 53.96step/s, actions=0, phase=light, pressure=0.276]
[MemoryTree][014/050] wake/event=2.794631 sleep_residual_utility=0.007018 writes=3516 memorize=28 queue_split=36102 wake_actions=A96193/R3677/M28/Q36102 novelty=0.0382 weighted_sim=0.9236 wm_grad_max=5.301e+00 global/event=2.767501 mix_diag=2.9117 global_steps=27 prior_KL=9.890e-02 seq_H_cond=0.4309 seq_H_marg=0.5562 seq_MI=1.253e-01 post_KL_diag=3.073e-01 branch_distill=2.102e-01 probe=5.715e+00/0.543->0.542/0.051/0.545 frontier=6.99/12.97/5.99 enc_gate=0.176 enc_scale=0.014 teacher_conf=0.174 teacher_JS=6.536e-02 max_mass=0.0869 owner_hard=[0, 105, 0, 230, 0, 3, 0, 0, 0, 118, 21, 0, 1029, 70, 87, 2, 0, 0, 0, 34, 1, 0, 0, 0, 0, 0, 0, 0, 0] mem_assign=[2144, 10799, 2947, 10331, 874, 3236, 2295, 766, 1033, 8332, 10777, 1495, 30951, 8709, 11874, 8706, 2240, 10, 1286, 6998, 8390, 842, 177, 0, 742, 45, 1, 0, 0] topology_prune=on leaves=15 sleep_mode=light light_absorb=11 deep_probability=0.276 topology_action=null topology_gain=0.000e+00 topology_candidates=0 collapsed=0 topology_lambda=0.000e+00 time=W127.6/G40.9/S0.4s cache=0/1700 cuda_peak=7067MiB sleep_actions=[]
[Epoch 015] Wake: 100%|#########| 1700/1700 [02:07<00:00, 13.36seq/s, events=136000, loss=2.7597, writes=3264]
[Epoch 015] Global: 100%|#################| 1700/1700 [00:40<00:00, 42.35seq-pass/s, batch=27/27, phase=train]
[Epoch 015] Sleep: 100%|#############| 19/19 [00:04<00:00,  4.24step/s, actions=4, phase=deep, pressure=0.475]
[MemoryTree][015/050] wake/event=2.759768 sleep_residual_utility=0.005464 writes=3264 memorize=1 queue_split=39636 wake_actions=A96115/R248/M1/Q39636 novelty=0.0374 weighted_sim=0.9251 wm_grad_max=4.809e+00 global/event=2.758530 mix_diag=2.9729 global_steps=27 prior_KL=1.102e-01 seq_H_cond=0.4242 seq_H_marg=0.5679 seq_MI=1.437e-01 post_KL_diag=3.225e-01 branch_distill=2.257e-01 probe=5.980e+00/0.525->0.525/0.034/0.541 frontier=6.99/12.97/5.99 enc_gate=0.179 enc_scale=0.014 teacher_conf=0.179 teacher_JS=6.506e-02 max_mass=0.0481 owner_hard=[0, 0, 0, 4, 0, 0, 0, 0, 0, 0, 0, 0, 1527, 9, 4, 53, 3, 0, 98, 2, 0, 0, 0, 0, 0, 0, 0, 0, 0] mem_assign=[769, 8494, 1051, 7682, 836, 358, 2164, 105, 656, 2302, 3410, 3122, 48842, 6363, 5788, 17309, 7362, 930, 11260, 3327, 329, 939, 508, 10, 1314, 21, 732, 17, 0] topology_prune=on leaves=15 sleep_mode=deep light_absorb=13 deep_probability=0.475 topology_action=null topology_gain=0.000e+00 topology_candidates=25 collapsed=0 topology_lambda=0.000e+00 time=W127.2/G40.1/S4.6s cache=0/1700 cuda_peak=7067MiB sleep_actions=['promotion', 'promotion', 'promotion', 'promotion']
[Epoch 016] Wake: 100%|#########| 1700/1700 [02:07<00:00, 13.32seq/s, events=136000, loss=2.7467, writes=3554]
[Epoch 016] Global: 100%|#################| 1700/1700 [00:40<00:00, 41.94seq-pass/s, batch=27/27, phase=train]
[Epoch 016] Sleep: 100%|#############| 19/19 [00:04<00:00,  4.20step/s, actions=3, phase=deep, pressure=0.279]
[MemoryTree][016/050] wake/event=2.746757 sleep_residual_utility=0.006286 writes=3554 memorize=1 queue_split=39714 wake_actions=A96028/R257/M1/Q39714 novelty=0.0408 weighted_sim=0.9183 wm_grad_max=3.277e+00 global/event=2.747630 mix_diag=2.9134 global_steps=27 prior_KL=9.689e-02 seq_H_cond=0.4317 seq_H_marg=0.5682 seq_MI=1.365e-01 post_KL_diag=3.383e-01 branch_distill=2.296e-01 probe=6.040e+00/0.512->0.515/0.024/0.541 frontier=6.98/12.97/5.98 enc_gate=0.193 enc_scale=0.015 teacher_conf=0.190 teacher_JS=6.506e-02 max_mass=0.0863 owner_hard=[0, 0, 0, 113, 0, 0, 0, 0, 0, 3, 0, 0, 1519, 24, 6, 16, 1, 0, 18, 0, 0, 0, 0, 0, 0, 0, 0] mem_assign=[896, 5017, 900, 14915, 942, 744, 3728, 691, 928, 6701, 3778, 4336, 50860, 7474, 5736, 13451, 4180, 914, 5981, 2349, 143, 2, 208, 17, 172, 1, 0] topology_prune=on leaves=14 sleep_mode=deep light_absorb=12 deep_probability=0.279 topology_action=merge topology_gain=4.876e-03 topology_candidates=25 collapsed=0 topology_lambda=0.000e+00 time=W127.6/G40.5/S4.6s cache=0/1700 cuda_peak=7066MiB sleep_actions=['merge', 'promotion', 'promotion']
[Epoch 017] Wake: 100%|#########| 1700/1700 [02:08<00:00, 13.28seq/s, events=136000, loss=2.7494, writes=3693]
[Epoch 017] Global: 100%|#################| 1700/1700 [00:40<00:00, 41.99seq-pass/s, batch=27/27, phase=train]
[Epoch 017] Sleep: 100%|############| 18/18 [00:00<00:00, 46.24step/s, actions=0, phase=light, pressure=0.280]
[MemoryTree][017/050] wake/event=2.749455 sleep_residual_utility=0.036065 writes=3693 memorize=0 queue_split=39869 wake_actions=A96041/R90/M0/Q39869 novelty=0.0430 weighted_sim=0.9141 wm_grad_max=3.736e+00 global/event=2.752834 mix_diag=2.9065 global_steps=27 prior_KL=8.053e-02 seq_H_cond=0.4284 seq_H_marg=0.5673 seq_MI=1.389e-01 post_KL_diag=3.674e-01 branch_distill=2.500e-01 probe=6.339e+00/0.542->0.541/0.079/0.501 frontier=6.98/12.96/5.98 enc_gate=0.237 enc_scale=0.017 teacher_conf=0.226 teacher_JS=7.170e-02 max_mass=0.0855 owner_hard=[0, 2, 0, 3, 0, 0, 0, 0, 0, 0, 1, 0, 1523, 5, 31, 16, 0, 0, 119, 0, 0, 0, 0, 0, 0, 0, 0] mem_assign=[857, 10431, 813, 7947, 1367, 562, 2109, 488, 1960, 5800, 4618, 1240, 48228, 7728, 8799, 12243, 5593, 1426, 10648, 818, 117, 3, 2010, 112, 33, 50, 0] topology_prune=on leaves=14 sleep_mode=light light_absorb=9 deep_probability=0.280 topology_action=null topology_gain=0.000e+00 topology_candidates=0 collapsed=0 topology_lambda=0.000e+00 time=W128.1/G40.5/S0.5s cache=0/1700 cuda_peak=7066MiB sleep_actions=[]
[Epoch 018] Wake: 100%|#########| 1700/1700 [02:07<00:00, 13.32seq/s, events=136000, loss=2.7612, writes=3488]
[Epoch 018] Global: 100%|#################| 1700/1700 [00:40<00:00, 42.21seq-pass/s, batch=27/27, phase=train]
[Epoch 018] Sleep: 100%|############| 18/18 [00:00<00:00, 45.30step/s, actions=0, phase=light, pressure=0.481]
[MemoryTree][018/050] wake/event=2.761179 sleep_residual_utility=0.020099 writes=3488 memorize=0 queue_split=39956 wake_actions=A96033/R11/M0/Q39956 novelty=0.0505 weighted_sim=0.8990 wm_grad_max=3.721e+00 global/event=2.786319 mix_diag=2.9133 global_steps=27 prior_KL=7.589e-02 seq_H_cond=0.4483 seq_H_marg=0.5830 seq_MI=1.348e-01 post_KL_diag=3.341e-01 branch_distill=2.800e-01 probe=5.852e+00/0.569->0.568/0.140/0.452 frontier=6.98/12.97/5.98 enc_gate=0.183 enc_scale=0.017 teacher_conf=0.204 teacher_JS=6.845e-02 max_mass=0.0892 owner_hard=[0, 0, 0, 11, 0, 0, 1, 0, 0, 10, 0, 0, 1508, 6, 4, 13, 2, 0, 145, 0, 0, 0, 0, 0, 0, 0, 0] mem_assign=[976, 6094, 796, 8630, 469, 1410, 5672, 1438, 2579, 7696, 5086, 1643, 41186, 4847, 7808, 12648, 8073, 1677, 13911, 1195, 452, 74, 1554, 31, 49, 6, 0] topology_prune=on leaves=14 sleep_mode=light light_absorb=11 deep_probability=0.481 topology_action=null topology_gain=0.000e+00 topology_candidates=0 collapsed=0 topology_lambda=0.000e+00 time=W127.6/G40.3/S0.5s cache=0/1700 cuda_peak=7067MiB sleep_actions=[]
[Epoch 019] Wake: 100%|#########| 1700/1700 [02:07<00:00, 13.30seq/s, events=136000, loss=2.8186, writes=3965]
[Epoch 019] Global: 100%|#################| 1700/1700 [00:40<00:00, 42.06seq-pass/s, batch=27/27, phase=train]
[Epoch 019] Sleep: 100%|############| 18/18 [00:00<00:00, 43.72step/s, actions=0, phase=light, pressure=0.626]
[MemoryTree][019/050] wake/event=2.818602 sleep_residual_utility=0.020689 writes=3965 memorize=12 queue_split=39492 wake_actions=A96343/R153/M12/Q39492 novelty=0.0558 weighted_sim=0.8884 wm_grad_max=3.793e+00 global/event=2.785706 mix_diag=2.8515 global_steps=27 prior_KL=4.938e-02 seq_H_cond=0.4631 seq_H_marg=0.5823 seq_MI=1.192e-01 post_KL_diag=3.216e-01 branch_distill=2.754e-01 probe=5.663e+00/0.527->0.534/0.035/0.442 frontier=6.98/12.97/5.98 enc_gate=0.198 enc_scale=0.015 teacher_conf=0.190 teacher_JS=6.574e-02 max_mass=0.1078 owner_hard=[0, 0, 0, 65, 0, 0, 157, 26, 0, 191, 0, 0, 1135, 17, 64, 41, 4, 0, 0, 0, 0, 0, 0, 0, 0, 0, 0] mem_assign=[1966, 4153, 1767, 6402, 617, 1056, 15847, 5395, 1810, 14947, 4338, 6431, 33757, 7679, 9843, 9943, 4996, 646, 2206, 1011, 65, 2, 1100, 0, 6, 17, 0] topology_prune=on leaves=14 sleep_mode=light light_absorb=11 deep_probability=0.626 topology_action=null topology_gain=0.000e+00 topology_candidates=0 collapsed=0 topology_lambda=0.000e+00 time=W127.8/G40.4/S0.5s cache=0/1700 cuda_peak=7065MiB sleep_actions=[]
[Epoch 020] Wake: 100%|#########| 1700/1700 [02:07<00:00, 13.31seq/s, events=136000, loss=2.7634, writes=3530]
[Epoch 020] Global: 100%|#################| 1700/1700 [00:40<00:00, 42.32seq-pass/s, batch=27/27, phase=train]
[Epoch 020] Sleep: 100%|#############| 18/18 [00:04<00:00,  4.39step/s, actions=3, phase=deep, pressure=0.730]
[MemoryTree][020/050] wake/event=2.763396 sleep_residual_utility=0.016306 writes=3530 memorize=0 queue_split=39810 wake_actions=A96186/R4/M0/Q39810 novelty=0.0558 weighted_sim=0.8884 wm_grad_max=3.136e+00 global/event=2.762404 mix_diag=2.8386 global_steps=27 prior_KL=5.749e-02 seq_H_cond=0.4661 seq_H_marg=0.5789 seq_MI=1.128e-01 post_KL_diag=3.451e-01 branch_distill=2.863e-01 probe=5.712e+00/0.543->0.540/0.093/0.502 frontier=6.98/12.96/5.98 enc_gate=0.228 enc_scale=0.017 teacher_conf=0.224 teacher_JS=6.565e-02 max_mass=0.1104 owner_hard=[0, 40, 0, 4, 0, 0, 11, 296, 3, 0, 1078, 28, 152, 6, 0, 0, 69, 0, 0, 0, 0, 0, 0, 0, 0] mem_assign=[1942, 9745, 2086, 2791, 2712, 476, 8099, 15291, 6403, 1810, 31140, 10294, 11197, 7735, 4333, 1734, 8057, 996, 63, 4, 1396, 1, 38, 2, 0] topology_prune=on leaves=13 sleep_mode=deep light_absorb=11 deep_probability=0.730 topology_action=merge topology_gain=6.441e-03 topology_candidates=22 collapsed=0 topology_lambda=0.000e+00 time=W127.7/G40.2/S4.2s cache=0/1700 cuda_peak=7065MiB sleep_actions=['merge', 'promotion', 'promotion']
[Epoch 021] Wake: 100%|#########| 1700/1700 [02:07<00:00, 13.38seq/s, events=136000, loss=2.7687, writes=3397]
[Epoch 021] Global: 100%|#################| 1700/1700 [00:39<00:00, 42.56seq-pass/s, batch=27/27, phase=train]
[Epoch 021] Sleep: 100%|############| 17/17 [00:00<00:00, 37.63step/s, actions=0, phase=light, pressure=0.282]
[MemoryTree][021/050] wake/event=2.768740 sleep_residual_utility=0.015582 writes=3397 memorize=0 queue_split=39672 wake_actions=A96268/R60/M0/Q39672 novelty=0.0568 weighted_sim=0.8863 wm_grad_max=3.228e+00 global/event=2.768517 mix_diag=2.8389 global_steps=27 prior_KL=6.678e-02 seq_H_cond=0.4908 seq_H_marg=0.5672 seq_MI=7.638e-02 post_KL_diag=3.663e-01 branch_distill=2.847e-01 probe=5.554e+00/0.525->0.521/0.140/0.566 frontier=6.94/12.88/5.94 enc_gate=0.262 enc_scale=0.019 teacher_conf=0.248 teacher_JS=6.209e-02 max_mass=0.1195 owner_hard=[0, 41, 0, 0, 150, 0, 0, 309, 3, 0, 949, 0, 35, 30, 5, 0, 178, 0, 0, 0, 0, 0, 0, 0, 0] mem_assign=[1924, 9699, 1433, 1568, 11386, 245, 1508, 16226, 6182, 2384, 30458, 5297, 6839, 9840, 6366, 4096, 16258, 265, 4, 59, 3375, 361, 203, 24, 0] topology_prune=on leaves=13 sleep_mode=light light_absorb=9 deep_probability=0.282 topology_action=null topology_gain=0.000e+00 topology_candidates=0 collapsed=0 topology_lambda=0.000e+00 time=W127.1/G39.9/S0.5s cache=0/1700 cuda_peak=7050MiB sleep_actions=[]
[Epoch 022] Wake: 100%|#########| 1700/1700 [02:07<00:00, 13.35seq/s, events=136000, loss=2.7652, writes=3468]
[Epoch 022] Global: 100%|#################| 1700/1700 [00:40<00:00, 42.07seq-pass/s, batch=27/27, phase=train]
[Epoch 022] Sleep: 100%|#############| 17/17 [00:04<00:00,  3.68step/s, actions=2, phase=deep, pressure=0.484]
[MemoryTree][022/050] wake/event=2.765252 sleep_residual_utility=0.018288 writes=3468 memorize=0 queue_split=39747 wake_actions=A96252/R1/M0/Q39747 novelty=0.0567 weighted_sim=0.8866 wm_grad_max=3.905e+00 global/event=2.764347 mix_diag=2.8617 global_steps=27 prior_KL=8.271e-02 seq_H_cond=0.4791 seq_H_marg=0.5709 seq_MI=9.179e-02 post_KL_diag=4.118e-01 branch_distill=3.010e-01 probe=5.867e+00/0.493->0.495/0.199/0.606 frontier=6.96/12.92/5.96 enc_gate=0.323 enc_scale=0.022 teacher_conf=0.287 teacher_JS=6.845e-02 max_mass=0.0920 owner_hard=[0, 13, 0, 0, 5, 0, 0, 8, 1, 0, 1647, 0, 0, 15, 0, 0, 11, 0, 0, 0, 0, 0, 0, 0, 0] mem_assign=[1236, 10270, 1014, 2556, 10469, 1127, 1786, 11339, 8502, 991, 49602, 3759, 3199, 13435, 1720, 2199, 7474, 0, 0, 375, 4708, 191, 6, 0, 42] topology_prune=on leaves=13 sleep_mode=deep light_absorb=9 deep_probability=0.484 topology_action=null topology_gain=0.000e+00 topology_candidates=21 collapsed=0 topology_lambda=0.000e+00 time=W127.3/G40.4/S4.7s cache=0/1700 cuda_peak=7050MiB sleep_actions=['promotion', 'promotion']
[Epoch 023] Wake: 100%|#########| 1700/1700 [02:07<00:00, 13.37seq/s, events=136000, loss=2.7867, writes=3516]
[Epoch 023] Global: 100%|#################| 1700/1700 [00:39<00:00, 42.58seq-pass/s, batch=27/27, phase=train]
[Epoch 023] Sleep: 100%|#############| 17/17 [00:04<00:00,  3.97step/s, actions=0, phase=deep, pressure=0.282]
[MemoryTree][023/050] wake/event=2.786714 sleep_residual_utility=0.015858 writes=3516 memorize=0 queue_split=39666 wake_actions=A96334/R0/M0/Q39666 novelty=0.0647 weighted_sim=0.8705 wm_grad_max=4.791e+00 global/event=2.779136 mix_diag=2.8361 global_steps=27 prior_KL=9.057e-02 seq_H_cond=0.4773 seq_H_marg=0.5909 seq_MI=1.136e-01 post_KL_diag=4.046e-01 branch_distill=3.121e-01 probe=5.790e+00/0.483->0.483/0.095/0.592 frontier=6.96/12.93/5.96 enc_gate=0.293 enc_scale=0.024 teacher_conf=0.293 teacher_JS=7.205e-02 max_mass=0.1472 owner_hard=[0, 3, 0, 1, 0, 0, 0, 165, 0, 0, 1522, 1, 8, 0, 0, 0, 0, 0, 0, 0, 0, 0, 0, 0, 0] mem_assign=[921, 10682, 1270, 5160, 4289, 659, 784, 22419, 7047, 316, 52806, 9252, 9984, 4701, 1630, 41, 402, 4, 0, 122, 3440, 0, 0, 0, 71] topology_prune=on leaves=13 sleep_mode=deep light_absorb=8 deep_probability=0.282 topology_action=null topology_gain=0.000e+00 topology_candidates=21 collapsed=0 topology_lambda=0.000e+00 time=W127.2/G39.9/S4.4s cache=0/1700 cuda_peak=7050MiB sleep_actions=[]
[Epoch 024] Wake: 100%|#########| 1700/1700 [02:07<00:00, 13.36seq/s, events=136000, loss=2.7605, writes=3633]
[Epoch 024] Global: 100%|#################| 1700/1700 [00:39<00:00, 42.74seq-pass/s, batch=27/27, phase=train]
[Epoch 024] Sleep: 100%|############| 17/17 [00:00<00:00, 37.94step/s, actions=0, phase=light, pressure=0.283]
[MemoryTree][024/050] wake/event=2.760550 sleep_residual_utility=0.011555 writes=3633 memorize=0 queue_split=39763 wake_actions=A96237/R0/M0/Q39763 novelty=0.0603 weighted_sim=0.8794 wm_grad_max=4.116e+00 global/event=2.760017 mix_diag=2.7964 global_steps=27 prior_KL=1.063e-01 seq_H_cond=0.4792 seq_H_marg=0.5850 seq_MI=1.059e-01 post_KL_diag=4.158e-01 branch_distill=3.179e-01 probe=5.976e+00/0.475->0.471/0.115/0.610 frontier=6.96/12.91/5.96 enc_gate=0.345 enc_scale=0.025 teacher_conf=0.321 teacher_JS=7.396e-02 max_mass=0.1088 owner_hard=[0, 0, 0, 12, 2, 0, 0, 65, 0, 0, 1620, 0, 0, 1, 0, 0, 0, 0, 0, 0, 0, 0, 0, 0, 0] mem_assign=[1371, 6732, 999, 11018, 7960, 625, 730, 17151, 7096, 928, 51907, 6250, 2979, 8311, 3741, 1431, 3668, 2, 14, 295, 2693, 1, 4, 0, 94] topology_prune=on leaves=13 sleep_mode=light light_absorb=9 deep_probability=0.283 topology_action=null topology_gain=0.000e+00 topology_candidates=0 collapsed=0 topology_lambda=0.000e+00 time=W127.2/G39.8/S0.5s cache=0/1700 cuda_peak=7050MiB sleep_actions=[]
[Epoch 025] Wake: 100%|#########| 1700/1700 [02:07<00:00, 13.34seq/s, events=136000, loss=2.7609, writes=3665]
[Epoch 025] Global: 100%|#################| 1700/1700 [00:40<00:00, 42.48seq-pass/s, batch=27/27, phase=train]
[Epoch 025] Sleep: 100%|############| 17/17 [00:03<00:00,  4.36step/s, actions=0, phase=light, pressure=0.485]
[MemoryTree][025/050] wake/event=2.760955 sleep_residual_utility=0.011647 writes=3665 memorize=0 queue_split=39812 wake_actions=A96188/R0/M0/Q39812 novelty=0.0616 weighted_sim=0.8768 wm_grad_max=3.812e+00 global/event=2.752363 mix_diag=2.7833 global_steps=27 prior_KL=9.967e-02 seq_H_cond=0.4819 seq_H_marg=0.5940 seq_MI=1.121e-01 post_KL_diag=4.198e-01 branch_distill=3.174e-01 probe=5.941e+00/0.467->0.470/0.095/0.599 frontier=6.96/12.92/5.96 enc_gate=0.299 enc_scale=0.024 teacher_conf=0.297 teacher_JS=7.265e-02 max_mass=0.1075 owner_hard=[0, 0, 0, 4, 0, 0, 0, 71, 0, 0, 1620, 0, 0, 5, 0, 0, 0, 0, 0, 0, 0, 0, 0, 0, 0] mem_assign=[1277, 9561, 829, 10478, 5710, 746, 750, 16669, 4972, 605, 52924, 3625, 3673, 10065, 4484, 1097, 4100, 0, 0, 859, 3422, 0, 31, 19, 104] topology_prune=on leaves=13 sleep_mode=light light_absorb=9 deep_probability=0.485 topology_action=null topology_gain=0.000e+00 topology_candidates=21 collapsed=0 topology_lambda=0.000e+00 time=W127.4/G40.0/S4.0s cache=0/1700 cuda_peak=7056MiB sleep_actions=[]
[Epoch 026] Wake: 100%|#########| 1700/1700 [02:07<00:00, 13.34seq/s, events=136000, loss=2.7486, writes=3794]
[Epoch 026] Global: 100%|#################| 1700/1700 [00:39<00:00, 42.66seq-pass/s, batch=27/27, phase=train]
[Epoch 026] Sleep: 100%|############| 17/17 [00:00<00:00, 36.23step/s, actions=0, phase=light, pressure=0.283]
[MemoryTree][026/050] wake/event=2.748625 sleep_residual_utility=0.009560 writes=3794 memorize=0 queue_split=39854 wake_actions=A96146/R0/M0/Q39854 novelty=0.0623 weighted_sim=0.8753 wm_grad_max=5.073e+00 global/event=2.759217 mix_diag=2.8131 global_steps=27 prior_KL=9.673e-02 seq_H_cond=0.4868 seq_H_marg=0.5984 seq_MI=1.117e-01 post_KL_diag=4.260e-01 branch_distill=3.114e-01 probe=5.869e+00/0.498->0.504/0.200/0.593 frontier=6.96/12.91/5.96 enc_gate=0.292 enc_scale=0.024 teacher_conf=0.303 teacher_JS=7.375e-02 max_mass=0.1312 owner_hard=[0, 0, 0, 1, 0, 0, 0, 158, 0, 0, 1540, 0, 0, 1, 0, 0, 0, 0, 0, 0, 0, 0, 0, 0, 0] mem_assign=[1009, 9127, 732, 5556, 4336, 1014, 451, 20594, 4236, 721, 50673, 7492, 4938, 9249, 4443, 973, 2969, 41, 0, 2377, 4821, 10, 10, 55, 173] topology_prune=on leaves=13 sleep_mode=light light_absorb=10 deep_probability=0.283 topology_action=null topology_gain=0.000e+00 topology_candidates=0 collapsed=0 topology_lambda=0.000e+00 time=W127.5/G39.8/S0.6s cache=0/1700 cuda_peak=7057MiB sleep_actions=[]
[Epoch 027] Wake: 100%|#########| 1700/1700 [02:07<00:00, 13.35seq/s, events=136000, loss=2.7612, writes=3675]
[Epoch 027] Global: 100%|#################| 1700/1700 [00:39<00:00, 42.71seq-pass/s, batch=27/27, phase=train]
[Epoch 027] Sleep: 100%|############| 17/17 [00:00<00:00, 35.92step/s, actions=0, phase=light, pressure=0.486]
[MemoryTree][027/050] wake/event=2.761241 sleep_residual_utility=0.009509 writes=3675 memorize=0 queue_split=39806 wake_actions=A96194/R0/M0/Q39806 novelty=0.0624 weighted_sim=0.8752 wm_grad_max=4.190e+00 global/event=2.746736 mix_diag=2.7963 global_steps=27 prior_KL=8.664e-02 seq_H_cond=0.4748 seq_H_marg=0.5944 seq_MI=1.196e-01 post_KL_diag=4.145e-01 branch_distill=3.180e-01 probe=5.774e+00/0.501->0.502/0.132/0.607 frontier=6.94/12.88/5.94 enc_gate=0.345 enc_scale=0.025 teacher_conf=0.325 teacher_JS=7.679e-02 max_mass=0.1377 owner_hard=[0, 18, 0, 1, 1, 0, 0, 218, 0, 0, 1449, 2, 8, 3, 0, 0, 0, 0, 0, 0, 0, 0, 0, 0, 0] mem_assign=[1346, 10885, 1029, 5246, 4989, 3311, 566, 21598, 5123, 169, 43827, 6815, 7521, 12542, 1759, 272, 3359, 350, 44, 1588, 3295, 10, 0, 8, 348] topology_prune=on leaves=13 sleep_mode=light light_absorb=11 deep_probability=0.486 topology_action=null topology_gain=0.000e+00 topology_candidates=0 collapsed=0 topology_lambda=0.000e+00 time=W127.4/G39.8/S0.6s cache=0/1700 cuda_peak=7059MiB sleep_actions=[]
[Epoch 028] Wake: 100%|#########| 1700/1700 [02:08<00:00, 13.27seq/s, events=136000, loss=2.7305, writes=3815]
[Epoch 028] Global: 100%|#################| 1700/1700 [00:39<00:00, 42.74seq-pass/s, batch=27/27, phase=train]
[Epoch 028] Sleep: 100%|############| 17/17 [00:00<00:00, 35.50step/s, actions=0, phase=light, pressure=0.631]
[MemoryTree][028/050] wake/event=2.730551 sleep_residual_utility=0.006135 writes=3815 memorize=0 queue_split=39808 wake_actions=A96192/R0/M0/Q39808 novelty=0.0625 weighted_sim=0.8750 wm_grad_max=4.734e+00 global/event=2.748069 mix_diag=2.8529 global_steps=27 prior_KL=8.471e-02 seq_H_cond=0.4396 seq_H_marg=0.5647 seq_MI=1.251e-01 post_KL_diag=4.082e-01 branch_distill=3.151e-01 probe=5.864e+00/0.504->0.512/0.220/0.647 frontier=6.97/12.95/5.97 enc_gate=0.377 enc_scale=0.029 teacher_conf=0.370 teacher_JS=8.083e-02 max_mass=0.0913 owner_hard=[0, 1, 0, 0, 1, 0, 0, 10, 0, 0, 1678, 0, 0, 7, 0, 0, 1, 0, 0, 0, 2, 0, 0, 0, 0] mem_assign=[1067, 8654, 598, 7929, 7550, 389, 286, 10765, 4066, 771, 53579, 4021, 3398, 12493, 5860, 541, 3647, 19, 0, 2931, 7278, 2, 25, 9, 122] topology_prune=on leaves=13 sleep_mode=light light_absorb=10 deep_probability=0.631 topology_action=null topology_gain=0.000e+00 topology_candidates=0 collapsed=0 topology_lambda=0.000e+00 time=W128.1/G39.8/S0.6s cache=0/1700 cuda_peak=7059MiB sleep_actions=[]
[Epoch 029] Wake: 100%|#########| 1700/1700 [02:07<00:00, 13.38seq/s, events=136000, loss=2.7468, writes=3775]
[Epoch 029] Global: 100%|#################| 1700/1700 [00:39<00:00, 42.65seq-pass/s, batch=27/27, phase=train]
[Epoch 029] Sleep: 100%|#############| 17/17 [00:04<00:00,  3.67step/s, actions=3, phase=deep, pressure=0.736]
[MemoryTree][029/050] wake/event=2.746828 sleep_residual_utility=0.006030 writes=3775 memorize=0 queue_split=39688 wake_actions=A96312/R0/M0/Q39688 novelty=0.0592 weighted_sim=0.8815 wm_grad_max=4.742e+00 global/event=2.750643 mix_diag=2.9166 global_steps=27 prior_KL=6.706e-02 seq_H_cond=0.4255 seq_H_marg=0.5416 seq_MI=1.161e-01 post_KL_diag=4.123e-01 branch_distill=2.832e-01 probe=5.885e+00/0.534->0.521/0.181/0.620 frontier=6.96/12.92/5.96 enc_gate=0.296 enc_scale=0.028 teacher_conf=0.334 teacher_JS=7.756e-02 max_mass=0.1000 owner_hard=[0, 0, 0, 0, 4, 0, 0, 0, 0, 0, 1690, 0, 0, 5, 1, 0, 0, 0, 0, 0, 0, 0, 0, 0, 0] mem_assign=[1323, 2954, 636, 4878, 12129, 583, 178, 2684, 9238, 1030, 58913, 3141, 4247, 13566, 8306, 242, 2032, 0, 0, 4405, 5374, 1, 2, 2, 136] topology_prune=on leaves=13 sleep_mode=deep light_absorb=11 deep_probability=0.736 topology_action=null topology_gain=0.000e+00 topology_candidates=21 collapsed=0 topology_lambda=0.000e+00 time=W127.0/G39.9/S4.7s cache=0/1700 cuda_peak=7051MiB sleep_actions=['promotion', 'promotion', 'promotion']
[Epoch 030] Wake: 100%|#########| 1700/1700 [02:07<00:00, 13.29seq/s, events=136000, loss=2.7470, writes=3879]
[Epoch 030] Global: 100%|#################| 1700/1700 [00:40<00:00, 42.28seq-pass/s, batch=27/27, phase=train]
[Epoch 030] Sleep: 100%|#############| 17/17 [00:04<00:00,  3.93step/s, actions=1, phase=deep, pressure=0.283]
[MemoryTree][030/050] wake/event=2.747065 sleep_residual_utility=0.005951 writes=3879 memorize=1 queue_split=39916 wake_actions=A96059/R24/M1/Q39916 novelty=0.0663 weighted_sim=0.8674 wm_grad_max=5.146e+00 global/event=2.732949 mix_diag=2.9028 global_steps=27 prior_KL=5.663e-02 seq_H_cond=0.4445 seq_H_marg=0.5409 seq_MI=9.638e-02 post_KL_diag=4.022e-01 branch_distill=2.549e-01 probe=5.879e+00/0.529->0.524/0.178/0.580 frontier=6.96/12.92/5.96 enc_gate=0.299 enc_scale=0.024 teacher_conf=0.304 teacher_JS=6.998e-02 max_mass=0.1094 owner_hard=[0, 0, 0, 0, 77, 0, 0, 0, 0, 1, 1470, 0, 30, 96, 16, 0, 0, 0, 0, 0, 10, 0, 0, 0, 0] mem_assign=[1244, 2869, 626, 4603, 14666, 700, 1167, 2127, 2162, 7008, 43699, 2863, 11656, 16168, 9826, 237, 1753, 1235, 30, 2931, 8185, 30, 1, 21, 193] topology_prune=on leaves=13 sleep_mode=deep light_absorb=7 deep_probability=0.283 topology_action=null topology_gain=0.000e+00 topology_candidates=21 collapsed=0 topology_lambda=0.000e+00 time=W128.0/G40.2/S4.4s cache=0/1700 cuda_peak=7051MiB sleep_actions=['promotion']
[Epoch 031] Wake: 100%|#########| 1700/1700 [02:07<00:00, 13.30seq/s, events=136000, loss=2.7267, writes=3925]
[Epoch 031] Global: 100%|#################| 1700/1700 [00:40<00:00, 42.23seq-pass/s, batch=27/27, phase=train]
[Epoch 031] Sleep: 100%|############| 17/17 [00:00<00:00, 35.32step/s, actions=0, phase=light, pressure=0.283]
[MemoryTree][031/050] wake/event=2.726741 sleep_residual_utility=0.006264 writes=3925 memorize=2 queue_split=39219 wake_actions=A96175/R604/M2/Q39219 novelty=0.0649 weighted_sim=0.8702 wm_grad_max=3.949e+00 global/event=2.726846 mix_diag=2.9131 global_steps=27 prior_KL=6.754e-02 seq_H_cond=0.4431 seq_H_marg=0.5375 seq_MI=9.441e-02 post_KL_diag=4.084e-01 branch_distill=2.524e-01 probe=5.825e+00/0.531->0.530/0.139/0.567 frontier=6.96/12.92/5.96 enc_gate=0.314 enc_scale=0.024 teacher_conf=0.305 teacher_JS=6.748e-02 max_mass=0.1122 owner_hard=[0, 0, 0, 0, 201, 0, 43, 0, 0, 37, 1368, 0, 1, 6, 24, 0, 0, 18, 0, 0, 2, 0, 0, 0, 0] mem_assign=[1434, 3524, 1332, 2881, 17074, 1062, 10215, 2623, 1602, 11699, 38202, 1943, 5413, 10652, 8476, 51, 1871, 5743, 2941, 1693, 5375, 175, 0, 14, 5] topology_prune=on leaves=13 sleep_mode=light light_absorb=9 deep_probability=0.283 topology_action=null topology_gain=0.000e+00 topology_candidates=0 collapsed=0 topology_lambda=0.000e+00 time=W127.9/G40.3/S0.6s cache=0/1700 cuda_peak=7051MiB sleep_actions=[]
[Epoch 032] Wake: 100%|#########| 1700/1700 [02:07<00:00, 13.32seq/s, events=136000, loss=2.7222, writes=3745]
[Epoch 032] Global: 100%|#################| 1700/1700 [00:39<00:00, 42.61seq-pass/s, batch=27/27, phase=train]
[Epoch 032] Sleep: 100%|#############| 17/17 [00:04<00:00,  3.79step/s, actions=3, phase=deep, pressure=0.486]
[MemoryTree][032/050] wake/event=2.722249 sleep_residual_utility=0.005850 writes=3745 memorize=0 queue_split=39623 wake_actions=A96309/R68/M0/Q39623 novelty=0.0625 weighted_sim=0.8750 wm_grad_max=5.003e+00 global/event=2.704059 mix_diag=2.9182 global_steps=27 prior_KL=6.414e-02 seq_H_cond=0.4460 seq_H_marg=0.5428 seq_MI=9.683e-02 post_KL_diag=4.239e-01 branch_distill=2.506e-01 probe=5.854e+00/0.531->0.533/0.095/0.558 frontier=6.96/12.92/5.96 enc_gate=0.310 enc_scale=0.025 teacher_conf=0.310 teacher_JS=6.811e-02 max_mass=0.1033 owner_hard=[0, 0, 0, 0, 58, 0, 0, 0, 0, 0, 1627, 0, 8, 0, 7, 0, 0, 0, 0, 0, 0, 0, 0, 0, 0] mem_assign=[1225, 5250, 507, 3209, 16193, 960, 3023, 3214, 1665, 4076, 50160, 1218, 11359, 9682, 7564, 477, 3280, 2839, 2335, 3131, 3697, 617, 271, 3, 45] topology_prune=on leaves=13 sleep_mode=deep light_absorb=10 deep_probability=0.486 topology_action=null topology_gain=0.000e+00 topology_candidates=21 collapsed=0 topology_lambda=0.000e+00 time=W127.7/G39.9/S4.6s cache=0/1700 cuda_peak=7051MiB sleep_actions=['promotion', 'promotion', 'promotion']
[Epoch 033] Wake:  15%|#8          | 257/1700 [00:23<02:08, 11.26seq/s, events=20560, loss=2.6799, writes=596]^C
(base) xinye@shuang-Super-Server:~/HawkesMemory_wfy$ ./run_HM.sh logs
[MemoryTree][030/050] wake/event=2.747065 sleep_residual_utility=0.005951 writes=3879 memorize=1 queue_split=39916 wake_actions=A96059/R24/M1/Q39916 novelty=0.0663 weighted_sim=0.8674 wm_grad_max=5.146e+00 global/event=2.732949 mix_diag=2.9028 global_steps=27 prior_KL=5.663e-02 seq_H_cond=0.4445 seq_H_marg=0.5409 seq_MI=9.638e-02 post_KL_diag=4.022e-01 branch_distill=2.549e-01 probe=5.879e+00/0.529->0.524/0.178/0.580 frontier=6.96/12.92/5.96 enc_gate=0.299 enc_scale=0.024 teacher_conf=0.304 teacher_JS=6.998e-02 max_mass=0.1094 owner_hard=[0, 0, 0, 0, 77, 0, 0, 0, 0, 1, 1470, 0, 30, 96, 16, 0, 0, 0, 0, 0, 10, 0, 0, 0, 0] mem_assign=[1244, 2869, 626, 4603, 14666, 700, 1167, 2127, 2162, 7008, 43699, 2863, 11656, 16168, 9826, 237, 1753, 1235, 30, 2931, 8185, 30, 1, 21, 193] topology_prune=on leaves=13 sleep_mode=deep light_absorb=7 deep_probability=0.283 topology_action=null topology_gain=0.000e+00 topology_candidates=21 collapsed=0 topology_lambda=0.000e+00 time=W128.0/G40.2/S4.4s cache=0/1700 cuda_peak=7051MiB sleep_actions=['promotion']
[Epoch 031] Wake: 100%|#########| 1700/1700 [02:07<00:00, 13.30seq/s, events=136000, loss=2.7267, writes=3925]
[Epoch 031] Global: 100%|#################| 1700/1700 [00:40<00:00, 42.23seq-pass/s, batch=27/27, phase=train]
[Epoch 031] Sleep: 100%|############| 17/17 [00:00<00:00, 35.32step/s, actions=0, phase=light, pressure=0.283]
[MemoryTree][031/050] wake/event=2.726741 sleep_residual_utility=0.006264 writes=3925 memorize=2 queue_split=39219 wake_actions=A96175/R604/M2/Q39219 novelty=0.0649 weighted_sim=0.8702 wm_grad_max=3.949e+00 global/event=2.726846 mix_diag=2.9131 global_steps=27 prior_KL=6.754e-02 seq_H_cond=0.4431 seq_H_marg=0.5375 seq_MI=9.441e-02 post_KL_diag=4.084e-01 branch_distill=2.524e-01 probe=5.825e+00/0.531->0.530/0.139/0.567 frontier=6.96/12.92/5.96 enc_gate=0.314 enc_scale=0.024 teacher_conf=0.305 teacher_JS=6.748e-02 max_mass=0.1122 owner_hard=[0, 0, 0, 0, 201, 0, 43, 0, 0, 37, 1368, 0, 1, 6, 24, 0, 0, 18, 0, 0, 2, 0, 0, 0, 0] mem_assign=[1434, 3524, 1332, 2881, 17074, 1062, 10215, 2623, 1602, 11699, 38202, 1943, 5413, 10652, 8476, 51, 1871, 5743, 2941, 1693, 5375, 175, 0, 14, 5] topology_prune=on leaves=13 sleep_mode=light light_absorb=9 deep_probability=0.283 topology_action=null topology_gain=0.000e+00 topology_candidates=0 collapsed=0 topology_lambda=0.000e+00 time=W127.9/G40.3/S0.6s cache=0/1700 cuda_peak=7051MiB sleep_actions=[]
[Epoch 032] Wake: 100%|#########| 1700/1700 [02:07<00:00, 13.32seq/s, events=136000, loss=2.7222, writes=3745]
[Epoch 032] Global: 100%|#################| 1700/1700 [00:39<00:00, 42.61seq-pass/s, batch=27/27, phase=train]
[Epoch 032] Sleep: 100%|#############| 17/17 [00:04<00:00,  3.79step/s, actions=3, phase=deep, pressure=0.486]
[MemoryTree][032/050] wake/event=2.722249 sleep_residual_utility=0.005850 writes=3745 memorize=0 queue_split=39623 wake_actions=A96309/R68/M0/Q39623 novelty=0.0625 weighted_sim=0.8750 wm_grad_max=5.003e+00 global/event=2.704059 mix_diag=2.9182 global_steps=27 prior_KL=6.414e-02 seq_H_cond=0.4460 seq_H_marg=0.5428 seq_MI=9.683e-02 post_KL_diag=4.239e-01 branch_distill=2.506e-01 probe=5.854e+00/0.531->0.533/0.095/0.558 frontier=6.96/12.92/5.96 enc_gate=0.310 enc_scale=0.025 teacher_conf=0.310 teacher_JS=6.811e-02 max_mass=0.1033 owner_hard=[0, 0, 0, 0, 58, 0, 0, 0, 0, 0, 1627, 0, 8, 0, 7, 0, 0, 0, 0, 0, 0, 0, 0, 0, 0] mem_assign=[1225, 5250, 507, 3209, 16193, 960, 3023, 3214, 1665, 4076, 50160, 1218, 11359, 9682, 7564, 477, 3280, 2839, 2335, 3131, 3697, 617, 271, 3, 45] topology_prune=on leaves=13 sleep_mode=deep light_absorb=10 deep_probability=0.486 topology_action=null topology_gain=0.000e+00 topology_candidates=21 collapsed=0 topology_lambda=0.000e+00 time=W127.7/G39.9/S4.6s cache=0/1700 cuda_peak=7051MiB sleep_actions=['promotion', 'promotion', 'promotion']
[Epoch 033] Wake: 100%|#########| 1700/1700 [02:07<00:00, 13.33seq/s, events=136000, loss=2.6793, writes=3929]
[Epoch 033] Global: 100%|#################| 1700/1700 [00:39<00:00, 42.57seq-pass/s, batch=27/27, phase=train]
[Epoch 033] Sleep: 100%|#############| 17/17 [00:04<00:00,  3.80step/s, actions=1, phase=deep, pressure=0.283]
[MemoryTree][033/050] wake/event=2.679314 sleep_residual_utility=0.004842 writes=3929 memorize=8 queue_split=38924 wake_actions=A96296/R772/M8/Q38924 novelty=0.0616 weighted_sim=0.8769 wm_grad_max=4.387e+00 global/event=2.682207 mix_diag=3.0331 global_steps=27 prior_KL=6.358e-02 seq_H_cond=0.4396 seq_H_marg=0.5400 seq_MI=1.004e-01 post_KL_diag=4.558e-01 branch_distill=2.552e-01 probe=6.132e+00/0.525->0.529/0.103/0.554 frontier=6.96/12.92/5.96 enc_gate=0.321 enc_scale=0.026 teacher_conf=0.325 teacher_JS=6.807e-02 max_mass=0.0768 owner_hard=[0, 0, 0, 0, 15, 0, 0, 0, 0, 0, 1678, 0, 6, 0, 1, 0, 0, 0, 0, 0, 0, 0, 0, 0, 0] mem_assign=[982, 6100, 445, 1747, 12213, 751, 803, 3024, 2901, 3099, 51430, 2127, 13201, 9389, 7577, 1001, 4961, 1890, 1195, 4093, 5193, 810, 900, 8, 160] topology_prune=on leaves=13 sleep_mode=deep light_absorb=9 deep_probability=0.283 topology_action=null topology_gain=0.000e+00 topology_candidates=21 collapsed=0 topology_lambda=0.000e+00 time=W127.6/G39.9/S4.6s cache=0/1700 cuda_peak=7059MiB sleep_actions=['promotion']
[Epoch 034] Wake: 100%|#########| 1700/1700 [02:07<00:00, 13.32seq/s, events=136000, loss=2.6786, writes=3916]
[Epoch 034] Global: 100%|#################| 1700/1700 [00:40<00:00, 42.49seq-pass/s, batch=27/27, phase=train]
[Epoch 034] Sleep: 100%|############| 17/17 [00:00<00:00, 33.83step/s, actions=0, phase=light, pressure=0.283]
[MemoryTree][034/050] wake/event=2.678611 sleep_residual_utility=0.004263 writes=3916 memorize=0 queue_split=38898 wake_actions=A96395/R707/M0/Q38898 novelty=0.0601 weighted_sim=0.8797 wm_grad_max=3.675e+00 global/event=2.682825 mix_diag=3.0623 global_steps=27 prior_KL=5.927e-02 seq_H_cond=0.4402 seq_H_marg=0.5427 seq_MI=1.025e-01 post_KL_diag=4.198e-01 branch_distill=2.616e-01 probe=5.901e+00/0.532->0.537/0.122/0.519 frontier=6.97/12.95/5.97 enc_gate=0.310 enc_scale=0.025 teacher_conf=0.311 teacher_JS=6.895e-02 max_mass=0.0852 owner_hard=[0, 0, 0, 0, 26, 0, 0, 0, 0, 0, 1661, 0, 2, 1, 1, 0, 8, 0, 0, 1, 0, 0, 0, 0, 0] mem_assign=[672, 2040, 423, 2260, 13076, 2471, 473, 3421, 5989, 1963, 46748, 1469, 10552, 9462, 7948, 1191, 8419, 1612, 947, 5284, 6104, 1530, 1868, 40, 38] topology_prune=on leaves=13 sleep_mode=light light_absorb=9 deep_probability=0.283 topology_action=null topology_gain=0.000e+00 topology_candidates=0 collapsed=0 topology_lambda=0.000e+00 time=W127.6/G40.0/S0.6s cache=0/1700 cuda_peak=7059MiB sleep_actions=[]
[Epoch 035] Wake: 100%|#########| 1700/1700 [02:08<00:00, 13.24seq/s, events=136000, loss=2.6888, writes=3961]
[Epoch 035] Global: 100%|#################| 1700/1700 [00:39<00:00, 42.61seq-pass/s, batch=27/27, phase=train]
[Epoch 035] Sleep: 100%|############| 17/17 [00:03<00:00,  4.53step/s, actions=0, phase=light, pressure=0.486]
[MemoryTree][035/050] wake/event=2.688830 sleep_residual_utility=0.003857 writes=3961 memorize=0 queue_split=39307 wake_actions=A96124/R569/M0/Q39307 novelty=0.0607 weighted_sim=0.8786 wm_grad_max=4.870e+00 global/event=2.683182 mix_diag=3.0173 global_steps=27 prior_KL=5.128e-02 seq_H_cond=0.4407 seq_H_marg=0.5564 seq_MI=1.157e-01 post_KL_diag=4.252e-01 branch_distill=2.654e-01 probe=5.807e+00/0.556->0.553/0.126/0.506 frontier=6.96/12.92/5.96 enc_gate=0.317 enc_scale=0.025 teacher_conf=0.313 teacher_JS=7.210e-02 max_mass=0.1076 owner_hard=[0, 0, 0, 0, 75, 0, 0, 3, 0, 24, 1472, 0, 22, 20, 72, 0, 2, 0, 1, 2, 7, 0, 0, 0, 0] mem_assign=[740, 1187, 430, 2698, 15540, 1472, 3659, 5477, 3796, 9461, 37406, 4817, 9998, 9904, 10413, 401, 2957, 2014, 3181, 5349, 4178, 585, 283, 47, 7] topology_prune=on leaves=13 sleep_mode=light light_absorb=10 deep_probability=0.486 topology_action=null topology_gain=0.000e+00 topology_candidates=21 collapsed=0 topology_lambda=0.000e+00 time=W128.4/G39.9/S3.8s cache=0/1700 cuda_peak=7059MiB sleep_actions=[]
[Epoch 036] Wake: 100%|#########| 1700/1700 [02:07<00:00, 13.35seq/s, events=136000, loss=2.6688, writes=3841]
[Epoch 036] Global: 100%|#################| 1700/1700 [00:39<00:00, 42.65seq-pass/s, batch=27/27, phase=train]
[Epoch 036] Sleep: 100%|############| 17/17 [00:00<00:00, 33.21step/s, actions=0, phase=light, pressure=0.283]
[MemoryTree][036/050] wake/event=2.668814 sleep_residual_utility=0.003729 writes=3841 memorize=0 queue_split=39587 wake_actions=A96216/R197/M0/Q39587 novelty=0.0611 weighted_sim=0.8779 wm_grad_max=4.228e+00 global/event=2.671526 mix_diag=2.9572 global_steps=27 prior_KL=5.055e-02 seq_H_cond=0.4252 seq_H_marg=0.5597 seq_MI=1.345e-01 post_KL_diag=4.313e-01 branch_distill=2.648e-01 probe=5.815e+00/0.541->0.543/0.098/0.492 frontier=6.97/12.95/5.97 enc_gate=0.325 enc_scale=0.025 teacher_conf=0.312 teacher_JS=7.381e-02 max_mass=0.1118 owner_hard=[0, 0, 0, 0, 75, 0, 0, 0, 1, 4, 1578, 0, 0, 8, 1, 0, 32, 0, 0, 1, 0, 0, 0, 0, 0] mem_assign=[597, 1037, 379, 2441, 16431, 2026, 2388, 4977, 3996, 7515, 39646, 5584, 5630, 10975, 5837, 1304, 9492, 3182, 1479, 4262, 6145, 200, 385, 54, 38] topology_prune=on leaves=13 sleep_mode=light light_absorb=10 deep_probability=0.283 topology_action=null topology_gain=0.000e+00 topology_candidates=0 collapsed=0 topology_lambda=0.000e+00 time=W127.3/G39.9/S0.6s cache=0/1700 cuda_peak=7060MiB sleep_actions=[]
[Epoch 037] Wake: 100%|#########| 1700/1700 [02:08<00:00, 13.28seq/s, events=136000, loss=2.6849, writes=3984]
[Epoch 037] Global: 100%|#################| 1700/1700 [00:40<00:00, 42.27seq-pass/s, batch=27/27, phase=train]
[Epoch 037] Sleep: 100%|############| 17/17 [00:00<00:00, 31.74step/s, actions=0, phase=light, pressure=0.486]
[MemoryTree][037/050] wake/event=2.684914 sleep_residual_utility=0.003868 writes=3984 memorize=0 queue_split=39650 wake_actions=A96321/R29/M0/Q39650 novelty=0.0615 weighted_sim=0.8769 wm_grad_max=5.617e+00 global/event=2.673920 mix_diag=3.0030 global_steps=27 prior_KL=5.598e-02 seq_H_cond=0.4184 seq_H_marg=0.5646 seq_MI=1.462e-01 post_KL_diag=4.166e-01 branch_distill=2.557e-01 probe=5.855e+00/0.534->0.532/0.058/0.465 frontier=6.96/12.92/5.96 enc_gate=0.303 enc_scale=0.024 teacher_conf=0.299 teacher_JS=7.597e-02 max_mass=0.1134 owner_hard=[0, 0, 0, 0, 156, 1, 0, 2, 1, 7, 1429, 3, 1, 27, 5, 0, 59, 0, 0, 7, 2, 0, 0, 0, 0] mem_assign=[608, 1000, 301, 2099, 16635, 2479, 2455, 5462, 3868, 8054, 33107, 7371, 4480, 12200, 5867, 3354, 11114, 2616, 1638, 4435, 5418, 745, 260, 417, 17] topology_prune=on leaves=13 sleep_mode=light light_absorb=11 deep_probability=0.486 topology_action=null topology_gain=0.000e+00 topology_candidates=0 collapsed=0 topology_lambda=0.000e+00 time=W128.0/G40.2/S0.6s cache=0/1700 cuda_peak=7051MiB sleep_actions=[]
[Epoch 038] Wake: 100%|#########| 1700/1700 [02:08<00:00, 13.25seq/s, events=136000, loss=2.6640, writes=3914]
[Epoch 038] Global: 100%|#################| 1700/1700 [00:40<00:00, 42.22seq-pass/s, batch=27/27, phase=train]
[Epoch 038] Sleep: 100%|#############| 17/17 [00:04<00:00,  3.65step/s, actions=3, phase=deep, pressure=0.632]
[MemoryTree][038/050] wake/event=2.664006 sleep_residual_utility=0.003851 writes=3914 memorize=0 queue_split=39774 wake_actions=A96216/R10/M0/Q39774 novelty=0.0615 weighted_sim=0.8770 wm_grad_max=4.229e+00 global/event=2.665816 mix_diag=3.0438 global_steps=27 prior_KL=6.983e-02 seq_H_cond=0.4080 seq_H_marg=0.5602 seq_MI=1.523e-01 post_KL_diag=4.244e-01 branch_distill=2.620e-01 probe=6.025e+00/0.532->0.535/0.073/0.482 frontier=6.96/12.92/5.96 enc_gate=0.308 enc_scale=0.024 teacher_conf=0.307 teacher_JS=7.984e-02 max_mass=0.1102 owner_hard=[0, 0, 0, 0, 284, 38, 0, 22, 20, 7, 652, 0, 0, 143, 9, 16, 403, 0, 0, 103, 3, 0, 0, 0, 0] mem_assign=[528, 1155, 337, 2005, 16173, 6685, 2067, 6756, 6469, 5886, 21964, 3439, 2775, 12224, 6394, 7197, 17246, 1704, 833, 7547, 4411, 1349, 165, 644, 47] topology_prune=on leaves=13 sleep_mode=deep light_absorb=11 deep_probability=0.632 topology_action=null topology_gain=0.000e+00 topology_candidates=21 collapsed=0 topology_lambda=0.000e+00 time=W128.3/G40.3/S4.8s cache=0/1700 cuda_peak=7059MiB sleep_actions=['promotion', 'promotion', 'promotion']
[Epoch 039] Wake: 100%|#########| 1700/1700 [02:08<00:00, 13.27seq/s, events=136000, loss=2.6680, writes=3864]
[Epoch 039] Global: 100%|#################| 1700/1700 [00:40<00:00, 42.46seq-pass/s, batch=27/27, phase=train]
[Epoch 039] Sleep: 100%|#############| 17/17 [00:04<00:00,  3.86step/s, actions=2, phase=deep, pressure=0.283]
[MemoryTree][039/050] wake/event=2.668073 sleep_residual_utility=0.003656 writes=3864 memorize=3 queue_split=39559 wake_actions=A96220/R218/M3/Q39559 novelty=0.0601 weighted_sim=0.8798 wm_grad_max=6.547e+00 global/event=2.660259 mix_diag=3.0493 global_steps=27 prior_KL=5.955e-02 seq_H_cond=0.4067 seq_H_marg=0.5756 seq_MI=1.689e-01 post_KL_diag=4.016e-01 branch_distill=2.779e-01 probe=5.986e+00/0.563->0.563/0.136/0.483 frontier=6.96/12.92/5.96 enc_gate=0.303 enc_scale=0.025 teacher_conf=0.311 teacher_JS=8.158e-02 max_mass=0.1154 owner_hard=[0, 0, 0, 0, 555, 14, 6, 55, 2, 85, 127, 3, 1, 344, 71, 36, 300, 0, 1, 95, 5, 0, 0, 0, 0] mem_assign=[501, 989, 337, 2064, 17255, 5255, 4329, 7647, 3707, 11414, 11678, 4817, 2152, 14749, 9808, 7786, 14544, 1375, 1575, 7936, 3664, 1550, 420, 368, 80] topology_prune=on leaves=13 sleep_mode=deep light_absorb=8 deep_probability=0.283 topology_action=null topology_gain=0.000e+00 topology_candidates=21 collapsed=0 topology_lambda=0.000e+00 time=W128.1/G40.0/S4.5s cache=0/1700 cuda_peak=7051MiB sleep_actions=['promotion', 'promotion']
[Epoch 040] Wake: 100%|#########| 1700/1700 [02:08<00:00, 13.25seq/s, events=136000, loss=2.6694, writes=4114]
[Epoch 040] Global: 100%|#################| 1700/1700 [00:40<00:00, 42.19seq-pass/s, batch=27/27, phase=train]
[Epoch 040] Sleep: 100%|############| 17/17 [00:03<00:00,  4.43step/s, actions=0, phase=light, pressure=0.283]
[MemoryTree][040/050] wake/event=2.669431 sleep_residual_utility=0.003699 writes=4114 memorize=0 queue_split=39717 wake_actions=A96251/R32/M0/Q39717 novelty=0.0625 weighted_sim=0.8751 wm_grad_max=5.331e+00 global/event=2.675213 mix_diag=3.0291 global_steps=27 prior_KL=6.998e-02 seq_H_cond=0.4273 seq_H_marg=0.5798 seq_MI=1.525e-01 post_KL_diag=4.141e-01 branch_distill=2.943e-01 probe=6.450e+00/0.549->0.539/0.122/0.475 frontier=6.96/12.92/5.96 enc_gate=0.305 enc_scale=0.025 teacher_conf=0.307 teacher_JS=8.359e-02 max_mass=0.1527 owner_hard=[0, 0, 0, 1, 660, 19, 1, 41, 0, 31, 31, 0, 0, 767, 16, 30, 70, 0, 0, 25, 0, 8, 0, 0, 0] mem_assign=[501, 984, 519, 3311, 19996, 5641, 3754, 8877, 2120, 10810, 7086, 5456, 935, 21581, 8295, 5337, 11582, 704, 862, 8698, 3221, 3009, 2031, 522, 168] topology_prune=on leaves=13 sleep_mode=light light_absorb=10 deep_probability=0.283 topology_action=null topology_gain=0.000e+00 topology_candidates=21 collapsed=0 topology_lambda=0.000e+00 time=W128.3/G40.3/S4.0s cache=0/1700 cuda_peak=7076MiB sleep_actions=[]
[Epoch 041] Wake: 100%|#########| 1700/1700 [02:08<00:00, 13.23seq/s, events=136000, loss=2.6713, writes=3868]
[Epoch 041] Global: 100%|#################| 1700/1700 [00:40<00:00, 42.35seq-pass/s, batch=27/27, phase=train]
[Epoch 041] Sleep: 100%|############| 17/17 [00:00<00:00, 32.65step/s, actions=0, phase=light, pressure=0.283]
[MemoryTree][041/050] wake/event=2.671313 sleep_residual_utility=0.003490 writes=3868 memorize=0 queue_split=39708 wake_actions=A96251/R41/M0/Q39708 novelty=0.0607 weighted_sim=0.8785 wm_grad_max=3.951e+00 global/event=2.673373 mix_diag=2.9529 global_steps=27 prior_KL=6.089e-02 seq_H_cond=0.4573 seq_H_marg=0.5897 seq_MI=1.324e-01 post_KL_diag=4.493e-01 branch_distill=2.958e-01 probe=6.495e+00/0.533->0.538/0.159/0.484 frontier=6.96/12.92/5.96 enc_gate=0.334 enc_scale=0.026 teacher_conf=0.328 teacher_JS=8.201e-02 max_mass=0.1404 owner_hard=[0, 1, 0, 1, 420, 33, 0, 199, 0, 37, 6, 1, 0, 735, 76, 73, 4, 0, 0, 78, 0, 31, 5, 0, 0] mem_assign=[892, 3760, 677, 2628, 13594, 8351, 1727, 12754, 2572, 8193, 4638, 4103, 1481, 20747, 11603, 5083, 6031, 769, 1105, 12572, 3345, 5495, 3425, 256, 199] topology_prune=on leaves=13 sleep_mode=light light_absorb=9 deep_probability=0.283 topology_action=null topology_gain=0.000e+00 topology_candidates=0 collapsed=0 topology_lambda=0.000e+00 time=W128.5/G40.1/S0.6s cache=0/1700 cuda_peak=7051MiB sleep_actions=[]
[Epoch 042] Wake: 100%|#########| 1700/1700 [02:07<00:00, 13.33seq/s, events=136000, loss=2.6592, writes=3862]
[Epoch 042] Global: 100%|#################| 1700/1700 [00:39<00:00, 42.73seq-pass/s, batch=27/27, phase=train]
[Epoch 042] Sleep: 100%|#############| 17/17 [00:04<00:00,  4.07step/s, actions=2, phase=deep, pressure=0.487]
[MemoryTree][042/050] wake/event=2.659275 sleep_residual_utility=0.003497 writes=3862 memorize=0 queue_split=39753 wake_actions=A96229/R18/M0/Q39753 novelty=0.0603 weighted_sim=0.8794 wm_grad_max=4.839e+00 global/event=2.664853 mix_diag=2.9595 global_steps=27 prior_KL=5.436e-02 seq_H_cond=0.4589 seq_H_marg=0.5972 seq_MI=1.383e-01 post_KL_diag=4.374e-01 branch_distill=3.184e-01 probe=6.433e+00/0.545->0.544/0.198/0.485 frontier=6.96/12.92/5.96 enc_gate=0.330 enc_scale=0.027 teacher_conf=0.336 teacher_JS=8.195e-02 max_mass=0.1632 owner_hard=[0, 3, 0, 1, 372, 4, 0, 255, 0, 17, 0, 10, 0, 801, 127, 56, 0, 0, 0, 6, 0, 39, 9, 0, 0] mem_assign=[723, 4880, 714, 2398, 13780, 4736, 774, 15183, 1983, 8618, 3626, 4127, 1741, 23538, 15728, 5293, 2638, 200, 932, 8337, 2916, 6156, 6562, 315, 102] topology_prune=on leaves=13 sleep_mode=deep light_absorb=9 deep_probability=0.487 topology_action=null topology_gain=0.000e+00 topology_candidates=21 collapsed=0 topology_lambda=0.000e+00 time=W127.5/G39.8/S4.3s cache=0/1700 cuda_peak=7060MiB sleep_actions=['promotion', 'promotion']
[Epoch 043] Wake: 100%|#########| 1700/1700 [02:07<00:00, 13.32seq/s, events=136000, loss=2.6887, writes=3983]
[Epoch 043] Global: 100%|#################| 1700/1700 [00:39<00:00, 42.77seq-pass/s, batch=27/27, phase=train]
[Epoch 043] Sleep: 100%|#############| 17/17 [00:04<00:00,  3.85step/s, actions=2, phase=deep, pressure=0.283]
[MemoryTree][043/050] wake/event=2.688742 sleep_residual_utility=0.003180 writes=3983 memorize=0 queue_split=39764 wake_actions=A96230/R6/M0/Q39764 novelty=0.0662 weighted_sim=0.8677 wm_grad_max=4.682e+00 global/event=2.668785 mix_diag=2.9484 global_steps=27 prior_KL=6.239e-02 seq_H_cond=0.4720 seq_H_marg=0.5983 seq_MI=1.263e-01 post_KL_diag=4.386e-01 branch_distill=3.213e-01 probe=6.294e+00/0.573->0.574/0.275/0.488 frontier=6.97/12.95/5.97 enc_gate=0.345 enc_scale=0.027 teacher_conf=0.337 teacher_JS=7.933e-02 max_mass=0.2208 owner_hard=[0, 2, 0, 0, 234, 1, 0, 95, 0, 34, 0, 3, 0, 1308, 9, 10, 1, 0, 0, 3, 0, 0, 0, 0, 0] mem_assign=[923, 4263, 821, 3280, 15418, 5002, 593, 14564, 1252, 12227, 3842, 3283, 1402, 32505, 8664, 5678, 3176, 209, 331, 8311, 5192, 2484, 1707, 687, 186] topology_prune=on leaves=13 sleep_mode=deep light_absorb=9 deep_probability=0.283 topology_action=null topology_gain=0.000e+00 topology_candidates=21 collapsed=0 topology_lambda=0.000e+00 time=W127.6/G39.8/S4.5s cache=0/1700 cuda_peak=7077MiB sleep_actions=['promotion', 'promotion']
[Epoch 044] Wake: 100%|#########| 1700/1700 [02:07<00:00, 13.30seq/s, events=136000, loss=2.6786, writes=4269]
[Epoch 044] Global: 100%|#################| 1700/1700 [00:40<00:00, 42.14seq-pass/s, batch=27/27, phase=train]
[Epoch 044] Sleep: 100%|############| 17/17 [00:00<00:00, 31.68step/s, actions=0, phase=light, pressure=0.283]
[MemoryTree][044/050] wake/event=2.678620 sleep_residual_utility=0.002970 writes=4269 memorize=249 queue_split=39416 wake_actions=A96247/R88/M249/Q39416 novelty=0.0839 weighted_sim=0.8323 wm_grad_max=4.027e+00 global/event=2.685763 mix_diag=2.9429 global_steps=27 prior_KL=6.277e-02 seq_H_cond=0.4889 seq_H_marg=0.6020 seq_MI=1.132e-01 post_KL_diag=4.554e-01 branch_distill=3.245e-01 probe=6.488e+00/0.557->0.557/0.259/0.501 frontier=7.00/13.00/6.00 enc_gate=0.318 enc_scale=0.027 teacher_conf=0.338 teacher_JS=7.783e-02 max_mass=0.2335 owner_hard=[0, 0, 0, 0, 88, 0, 0, 80, 0, 20, 0, 0, 0, 1505, 0, 6, 0, 0, 0, 1, 0, 0, 0, 0, 0] mem_assign=[1172, 5610, 876, 2984, 11564, 4542, 680, 14410, 843, 12657, 3806, 2243, 1064, 35879, 8342, 7191, 3108, 276, 304, 9330, 3910, 2170, 2163, 699, 177] topology_prune=on leaves=13 sleep_mode=light light_absorb=11 deep_probability=0.283 topology_action=null topology_gain=0.000e+00 topology_candidates=0 collapsed=0 topology_lambda=0.000e+00 time=W127.8/G40.3/S0.6s cache=0/1700 cuda_peak=7077MiB sleep_actions=[]
[Epoch 045] Wake: 100%|#########| 1700/1700 [02:08<00:00, 13.28seq/s, events=136000, loss=2.6962, writes=4289]
[Epoch 045] Global: 100%|#################| 1700/1700 [00:40<00:00, 42.49seq-pass/s, batch=27/27, phase=train]
[Epoch 045] Sleep: 100%|#############| 17/17 [00:04<00:00,  3.78step/s, actions=2, phase=deep, pressure=0.487]
[MemoryTree][045/050] wake/event=2.696249 sleep_residual_utility=0.002804 writes=4289 memorize=150 queue_split=39547 wake_actions=A96172/R131/M150/Q39547 novelty=0.0942 weighted_sim=0.8116 wm_grad_max=4.680e+00 global/event=2.678797 mix_diag=2.9336 global_steps=27 prior_KL=6.986e-02 seq_H_cond=0.4793 seq_H_marg=0.5926 seq_MI=1.133e-01 post_KL_diag=4.581e-01 branch_distill=3.146e-01 probe=6.491e+00/0.574->0.580/0.385/0.515 frontier=7.00/13.00/6.00 enc_gate=0.348 enc_scale=0.027 teacher_conf=0.343 teacher_JS=7.623e-02 max_mass=0.2429 owner_hard=[0, 0, 0, 0, 175, 3, 0, 66, 0, 19, 0, 0, 0, 1437, 0, 0, 0, 0, 0, 0, 0, 0, 0, 0, 0] mem_assign=[1346, 3164, 842, 2815, 16300, 6520, 1155, 14471, 893, 14663, 3452, 3015, 1359, 39322, 4896, 3795, 3051, 665, 400, 8567, 2822, 1517, 670, 289, 11] topology_prune=on leaves=13 sleep_mode=deep light_absorb=11 deep_probability=0.487 topology_action=null topology_gain=0.000e+00 topology_candidates=21 collapsed=0 topology_lambda=0.000e+00 time=W128.0/G40.0/S4.6s cache=0/1700 cuda_peak=7077MiB sleep_actions=['promotion', 'promotion']
[Epoch 046] Wake: 100%|#########| 1700/1700 [02:07<00:00, 13.29seq/s, events=136000, loss=2.6666, writes=4438]
[Epoch 046] Global: 100%|#################| 1700/1700 [00:40<00:00, 42.24seq-pass/s, batch=27/27, phase=train]
[Epoch 046] Sleep: 100%|############| 17/17 [00:00<00:00, 31.24step/s, actions=0, phase=light, pressure=0.283]
[MemoryTree][046/050] wake/event=2.666624 sleep_residual_utility=0.002754 writes=4438 memorize=207 queue_split=39323 wake_actions=A96270/R200/M207/Q39323 novelty=0.0966 weighted_sim=0.8068 wm_grad_max=4.240e+00 global/event=2.676549 mix_diag=2.9417 global_steps=27 prior_KL=5.928e-02 seq_H_cond=0.4783 seq_H_marg=0.5914 seq_MI=1.130e-01 post_KL_diag=4.311e-01 branch_distill=3.097e-01 probe=6.429e+00/0.616->0.616/0.564/0.551 frontier=7.00/13.00/6.00 enc_gate=0.348 enc_scale=0.028 teacher_conf=0.350 teacher_JS=7.879e-02 max_mass=0.1852 owner_hard=[0, 0, 0, 0, 145, 0, 0, 350, 0, 487, 0, 0, 0, 716, 1, 0, 0, 0, 0, 0, 0, 1, 0, 0, 0] mem_assign=[1122, 4574, 903, 3903, 14396, 2450, 916, 19565, 389, 24859, 1795, 3157, 492, 28914, 10031, 4295, 2386, 1203, 206, 2086, 678, 4726, 2921, 33, 0] topology_prune=on leaves=13 sleep_mode=light light_absorb=11 deep_probability=0.283 topology_action=null topology_gain=0.000e+00 topology_candidates=0 collapsed=0 topology_lambda=0.000e+00 time=W127.9/G40.2/S0.6s cache=0/1700 cuda_peak=7077MiB sleep_actions=[]
[Epoch 047] Wake: 100%|#########| 1700/1700 [02:07<00:00, 13.28seq/s, events=136000, loss=2.6593, writes=4550]
[Epoch 047] Global: 100%|#################| 1700/1700 [00:40<00:00, 42.48seq-pass/s, batch=27/27, phase=train]
[Epoch 047] Sleep: 100%|#############| 17/17 [00:04<00:00,  3.72step/s, actions=3, phase=deep, pressure=0.487]
[MemoryTree][047/050] wake/event=2.659313 sleep_residual_utility=0.003312 writes=4550 memorize=355 queue_split=39375 wake_actions=A96178/R92/M355/Q39375 novelty=0.0954 weighted_sim=0.8092 wm_grad_max=4.230e+00 global/event=2.665759 mix_diag=2.9402 global_steps=27 prior_KL=5.781e-02 seq_H_cond=0.4506 seq_H_marg=0.5841 seq_MI=1.335e-01 post_KL_diag=4.268e-01 branch_distill=2.930e-01 probe=6.354e+00/0.638->0.636/0.613/0.517 frontier=7.00/13.00/6.00 enc_gate=0.350 enc_scale=0.027 teacher_conf=0.343 teacher_JS=7.906e-02 max_mass=0.2119 owner_hard=[0, 0, 0, 0, 28, 0, 0, 379, 0, 286, 0, 0, 0, 1002, 5, 0, 0, 0, 0, 0, 0, 0, 0, 0, 0] mem_assign=[980, 3947, 1074, 4423, 11155, 3029, 1425, 20735, 603, 24125, 1360, 1952, 571, 33013, 9954, 5061, 1602, 1887, 288, 1967, 1256, 3515, 1891, 115, 72] topology_prune=on leaves=13 sleep_mode=deep light_absorb=11 deep_probability=0.487 topology_action=null topology_gain=0.000e+00 topology_candidates=21 collapsed=0 topology_lambda=0.000e+00 time=W128.0/G40.0/S4.7s cache=0/1700 cuda_peak=7077MiB sleep_actions=['promotion', 'promotion', 'promotion']
[Epoch 048] Wake: 100%|#########| 1700/1700 [02:08<00:00, 13.23seq/s, events=136000, loss=2.6612, writes=4603]
[Epoch 048] Global: 100%|#################| 1700/1700 [00:40<00:00, 41.92seq-pass/s, batch=27/27, phase=train]
[Epoch 048] Sleep: 100%|############| 17/17 [00:00<00:00, 31.16step/s, actions=0, phase=light, pressure=0.283]
[MemoryTree][048/050] wake/event=2.661269 sleep_residual_utility=0.002455 writes=4603 memorize=397 queue_split=38205 wake_actions=A96856/R542/M397/Q38205 novelty=0.0944 weighted_sim=0.8112 wm_grad_max=4.371e+00 global/event=2.660735 mix_diag=2.8982 global_steps=27 prior_KL=6.358e-02 seq_H_cond=0.4422 seq_H_marg=0.5854 seq_MI=1.432e-01 post_KL_diag=4.275e-01 branch_distill=3.130e-01 probe=6.207e+00/0.639->0.642/0.639/0.496 frontier=6.97/12.95/5.97 enc_gate=0.350 enc_scale=0.029 teacher_conf=0.356 teacher_JS=8.337e-02 max_mass=0.2338 owner_hard=[0, 1, 0, 0, 6, 0, 0, 122, 0, 329, 0, 0, 0, 1237, 4, 0, 0, 0, 0, 1, 0, 0, 0, 0, 0] mem_assign=[777, 5511, 651, 3044, 10597, 2088, 1524, 16449, 221, 23583, 1707, 3764, 330, 36274, 9446, 3635, 1929, 3445, 1020, 2292, 1233, 4236, 1713, 348, 183] topology_prune=on leaves=13 sleep_mode=light light_absorb=10 deep_probability=0.283 topology_action=null topology_gain=0.000e+00 topology_candidates=0 collapsed=0 topology_lambda=0.000e+00 time=W128.5/G40.6/S0.6s cache=0/1700 cuda_peak=7077MiB sleep_actions=[]
[Epoch 049] Wake: 100%|#########| 1700/1700 [02:09<00:00, 13.17seq/s, events=136000, loss=2.6537, writes=4361]
[Epoch 049] Global: 100%|#################| 1700/1700 [00:40<00:00, 42.26seq-pass/s, batch=27/27, phase=train]
[Epoch 049] Sleep: 100%|#############| 17/17 [00:04<00:00,  3.77step/s, actions=3, phase=deep, pressure=0.487]
[MemoryTree][049/050] wake/event=2.653695 sleep_residual_utility=0.002838 writes=4361 memorize=182 queue_split=39346 wake_actions=A96237/R235/M182/Q39346 novelty=0.0970 weighted_sim=0.8060 wm_grad_max=4.698e+00 global/event=2.657955 mix_diag=2.9014 global_steps=27 prior_KL=5.978e-02 seq_H_cond=0.4518 seq_H_marg=0.5979 seq_MI=1.460e-01 post_KL_diag=4.363e-01 branch_distill=3.233e-01 probe=6.335e+00/0.631->0.627/0.526/0.474 frontier=7.00/13.00/6.00 enc_gate=0.355 enc_scale=0.029 teacher_conf=0.361 teacher_JS=8.444e-02 max_mass=0.1974 owner_hard=[0, 0, 0, 0, 62, 0, 0, 864, 0, 239, 0, 0, 0, 534, 0, 0, 0, 1, 0, 0, 0, 0, 0, 0, 0] mem_assign=[770, 1656, 802, 2173, 14189, 2755, 2016, 29852, 485, 19745, 1555, 5464, 522, 26375, 6593, 4649, 2012, 5125, 1181, 2007, 2183, 3016, 543, 229, 103] topology_prune=on leaves=13 sleep_mode=deep light_absorb=11 deep_probability=0.487 topology_action=null topology_gain=0.000e+00 topology_candidates=21 collapsed=0 topology_lambda=0.000e+00 time=W129.1/G40.2/S4.6s cache=0/1700 cuda_peak=7077MiB sleep_actions=['promotion', 'promotion', 'promotion']
[Epoch 050] Wake: 100%|#########| 1700/1700 [02:08<00:00, 13.23seq/s, events=136000, loss=2.6549, writes=4333]
[Epoch 050] Global: 100%|#################| 1700/1700 [00:39<00:00, 42.63seq-pass/s, batch=27/27, phase=train]
[Epoch 050] Sleep: 100%|#############| 17/17 [00:04<00:00,  3.70step/s, actions=2, phase=deep, pressure=0.283]
[MemoryTree][050/050] wake/event=2.654958 sleep_residual_utility=0.002859 writes=4333 memorize=139 queue_split=39607 wake_actions=A96109/R145/M139/Q39607 novelty=0.0962 weighted_sim=0.8076 wm_grad_max=3.794e+00 global/event=2.657139 mix_diag=2.9280 global_steps=27 prior_KL=6.429e-02 seq_H_cond=0.4424 seq_H_marg=0.5961 seq_MI=1.537e-01 post_KL_diag=4.149e-01 branch_distill=3.149e-01 probe=6.317e+00/0.654->0.658/0.604/0.460 frontier=7.00/13.00/6.00 enc_gate=0.353 enc_scale=0.028 teacher_conf=0.352 teacher_JS=8.453e-02 max_mass=0.2248 owner_hard=[0, 0, 0, 0, 13, 0, 0, 445, 0, 104, 0, 1, 0, 1135, 0, 0, 0, 2, 0, 0, 0, 0, 0, 0, 0] mem_assign=[670, 2172, 939, 1456, 12460, 2255, 1655, 21358, 547, 17080, 2145, 6918, 737, 34738, 6471, 6612, 1925, 4659, 479, 3312, 3270, 2086, 546, 797, 713] topology_prune=on leaves=13 sleep_mode=deep light_absorb=12 deep_probability=0.283 topology_action=null topology_gain=0.000e+00 topology_candidates=21 collapsed=0 topology_lambda=0.000e+00 time=W128.5/G39.9/S4.7s cache=0/1700 cuda_peak=7077MiB sleep_actions=['promotion', 'promotion']