Using device: cuda
DataFrame shape: (1700, 3)
Columns: ['event_times', 'event_types', 'cluster']
加载了 1700 个序列
检测到 8 种事件类型: [0, 1, 2, 3, 4, 5, 6, 7]
第一个序列长度: 80
[Hawkes Cold Start][001/010] train_nll/event=4.273062 val_nll/event=3.740769 max_grad=1.7795
[Hawkes Cold Start][002/010] train_nll/event=3.405243 val_nll/event=3.259835 max_grad=0.5574
[Hawkes Cold Start][003/010] train_nll/event=3.097862 val_nll/event=3.072356 max_grad=0.2723
[Hawkes Cold Start][004/010] train_nll/event=2.981458 val_nll/event=3.004127 max_grad=0.1706
[Hawkes Cold Start][005/010] train_nll/event=2.938245 val_nll/event=2.976134 max_grad=0.1754
[Hawkes Cold Start][006/010] train_nll/event=2.918717 val_nll/event=2.961527 max_grad=0.1807
[Hawkes Cold Start][007/010] train_nll/event=2.908339 val_nll/event=2.953137 max_grad=0.1811
[Hawkes Cold Start][008/010] train_nll/event=2.902360 val_nll/event=2.948058 max_grad=0.1843
[Hawkes Cold Start][009/010] train_nll/event=2.898798 val_nll/event=2.945133 max_grad=0.1862
[Hawkes Cold Start][010/010] train_nll/event=2.896611 val_nll/event=2.943036 max_grad=0.1869
[Hawkes Cold Start] checkpoint saved to /home/xinye/Hawkes-Memory/HawkesMemory/checkpoints/hawkes_backbone_init.pt
[Hawkes Cold Start] spectral_radius=0.756667, min_mu=8.554223e-03
[H_tree] initialized 33/33 node_emb from /home/xinye/Hawkes-Memory/HawkesMemory/Data/tree_17/h_tree_17.pt
[Routing] mode=active_frontier frontier=2..7 temperature=1.100 exploration=0.000

[Residual init]:   0%|          | 0/1700 [00:00<?, ?seq/s]
[Residual init]:   1%|▏         | 25/1700 [00:00<00:06, 243.48seq/s]
[Residual init]:   3%|▎         | 56/1700 [00:00<00:05, 278.90seq/s]
[Residual init]:   5%|▌         | 87/1700 [00:00<00:05, 292.17seq/s]
[Residual init]:   7%|▋         | 117/1700 [00:00<00:05, 294.42seq/s]
[Residual init]:   9%|▊         | 147/1700 [00:00<00:05, 295.19seq/s]
[Residual init]:  10%|█         | 177/1700 [00:00<00:05, 296.34seq/s]
[Residual init]:  12%|█▏        | 208/1700 [00:00<00:04, 298.56seq/s]
[Residual init]:  14%|█▍        | 239/1700 [00:00<00:04, 298.98seq/s]
[Residual init]:  16%|█▌        | 269/1700 [00:00<00:04, 298.72seq/s]
[Residual init]:  18%|█▊        | 300/1700 [00:01<00:04, 301.58seq/s]
[Residual init]:  19%|█▉        | 331/1700 [00:01<00:04, 303.15seq/s]
[Residual init]:  21%|██▏       | 362/1700 [00:01<00:04, 301.27seq/s]
[Residual init]:  23%|██▎       | 393/1700 [00:01<00:04, 300.96seq/s]
[Residual init]:  25%|██▍       | 424/1700 [00:01<00:04, 300.66seq/s]
[Residual init]:  27%|██▋       | 455/1700 [00:01<00:04, 299.83seq/s]
[Residual init]:  29%|██▊       | 485/1700 [00:01<00:04, 296.75seq/s]
[Residual init]:  30%|███       | 516/1700 [00:01<00:03, 298.84seq/s]
[Residual init]:  32%|███▏      | 546/1700 [00:01<00:03, 298.17seq/s]
[Residual init]:  34%|███▍      | 576/1700 [00:01<00:03, 297.96seq/s]
[Residual init]:  36%|███▌      | 606/1700 [00:02<00:03, 297.29seq/s]
[Residual init]:  37%|███▋      | 637/1700 [00:02<00:03, 298.27seq/s]
[Residual init]:  39%|███▉      | 668/1700 [00:02<00:03, 299.32seq/s]
[Residual init]:  41%|████      | 699/1700 [00:02<00:03, 299.58seq/s]
[Residual init]:  43%|████▎     | 730/1700 [00:02<00:03, 300.29seq/s]
[Residual init]:  45%|████▍     | 761/1700 [00:02<00:03, 300.32seq/s]
[Residual init]:  47%|████▋     | 792/1700 [00:02<00:03, 300.50seq/s]
[Residual init]:  48%|████▊     | 823/1700 [00:02<00:02, 300.59seq/s]
[Residual init]:  50%|█████     | 854/1700 [00:02<00:02, 299.96seq/s]
[Residual init]:  52%|█████▏    | 885/1700 [00:02<00:02, 301.36seq/s]
[Residual init]:  54%|█████▍    | 916/1700 [00:03<00:02, 301.65seq/s]
[Residual init]:  56%|█████▌    | 947/1700 [00:03<00:02, 301.12seq/s]
[Residual init]:  58%|█████▊    | 978/1700 [00:03<00:02, 299.30seq/s]
[Residual init]:  59%|█████▉    | 1009/1700 [00:03<00:02, 299.39seq/s]
[Residual init]:  61%|██████    | 1040/1700 [00:03<00:02, 300.41seq/s]
[Residual init]:  63%|██████▎   | 1071/1700 [00:03<00:02, 300.78seq/s]
[Residual init]:  65%|██████▍   | 1102/1700 [00:03<00:01, 299.53seq/s]
[Residual init]:  67%|██████▋   | 1132/1700 [00:03<00:01, 298.16seq/s]
[Residual init]:  68%|██████▊   | 1162/1700 [00:03<00:01, 297.82seq/s]
[Residual init]:  70%|███████   | 1192/1700 [00:03<00:01, 298.20seq/s]
[Residual init]:  72%|███████▏  | 1222/1700 [00:04<00:01, 297.47seq/s]
[Residual init]:  74%|███████▎  | 1252/1700 [00:04<00:01, 295.94seq/s]
[Residual init]:  75%|███████▌  | 1282/1700 [00:04<00:01, 294.98seq/s]
[Residual init]:  77%|███████▋  | 1312/1700 [00:04<00:01, 296.17seq/s]
[Residual init]:  79%|███████▉  | 1342/1700 [00:04<00:01, 296.02seq/s]
[Residual init]:  81%|████████  | 1372/1700 [00:04<00:01, 294.85seq/s]
[Residual init]:  82%|████████▏ | 1402/1700 [00:04<00:01, 294.12seq/s]
[Residual init]:  84%|████████▍ | 1432/1700 [00:04<00:00, 291.00seq/s]
[Residual init]:  86%|████████▌ | 1462/1700 [00:04<00:00, 290.20seq/s]
[Residual init]:  88%|████████▊ | 1492/1700 [00:05<00:00, 289.93seq/s]
[Residual init]:  90%|████████▉ | 1522/1700 [00:05<00:00, 290.12seq/s]
[Residual init]:  91%|█████████▏| 1552/1700 [00:05<00:00, 289.24seq/s]
[Residual init]:  93%|█████████▎| 1581/1700 [00:05<00:00, 289.38seq/s]
[Residual init]:  95%|█████████▍| 1611/1700 [00:05<00:00, 290.76seq/s]
[Residual init]:  97%|█████████▋| 1641/1700 [00:05<00:00, 291.60seq/s]
[Residual init]:  98%|█████████▊| 1671/1700 [00:05<00:00, 293.44seq/s]
[Residual init]: 100%|██████████| 1700/1700 [00:05<00:00, 296.56seq/s]
[Residual Initialization] sequences=1700 rank=4 grad_norm=5.301e+00/9.817e+00/1.504e+01 clipped=0.000 membership=[100.0, 100.0, 100.0, 100.0, 100.0, 100.0, 100.0, 100.0, 100.0, 100.0, 100.0, 100.0, 100.0, 100.0, 100.0, 100.0, 100.0] target_mass=[0.05882352963089943, 0.05882352963089943, 0.05882352963089943, 0.05882352963089943, 0.05882352963089943, 0.05882352963089943, 0.05882352963089943, 0.05882352963089943, 0.05882352963089943, 0.05882352963089943, 0.05882352963089943, 0.05882352963089943, 0.05882352963089943, 0.05882352963089943, 0.05882352963089943, 0.05882352963089943, 0.05882352963089943]
[Initialization] mode=residual_signature semantic_blend=0.0000 semantic_delta_mean=1.8265e-02 semantic_delta_max=2.7678e-01 offset_mode=path_additive route_balance=0.1000
[Symmetry] mode=residual_signature router_gain=0.0500 router_norm_mean=7.3961e-02 leaf_delta_mean=2.3055e-02 leaf_mean_error=9.537e-07 spectral_radius=[0.751336,0.762674]

[H-align 01/05]:   0%|          | 0/107 [00:00<?, ?batch/s]
[H-align 01/05]:   7%|▋         | 8/107 [00:00<00:01, 72.08batch/s, acc=0.609, loss=0.663]
[H-align 01/05]:  16%|█▌        | 17/107 [00:00<00:01, 80.92batch/s, acc=0.628, loss=0.656]
[H-align 01/05]:  24%|██▍       | 26/107 [00:00<00:00, 81.81batch/s, acc=0.626, loss=0.653]
[H-align 01/05]:  33%|███▎      | 35/107 [00:00<00:00, 82.66batch/s, acc=0.621, loss=0.653]
[H-align 01/05]:  41%|████      | 44/107 [00:00<00:00, 82.70batch/s, acc=0.624, loss=0.651]
[H-align 01/05]:  50%|████▉     | 53/107 [00:00<00:00, 81.91batch/s, acc=0.628, loss=0.647]
[H-align 01/05]:  58%|█████▊    | 62/107 [00:00<00:00, 82.21batch/s, acc=0.629, loss=0.646]
[H-align 01/05]:  66%|██████▋   | 71/107 [00:00<00:00, 81.41batch/s, acc=0.627, loss=0.648]
[H-align 01/05]:  75%|███████▍  | 80/107 [00:00<00:00, 82.14batch/s, acc=0.628, loss=0.648]
[H-align 01/05]:  83%|████████▎ | 89/107 [00:01<00:00, 82.82batch/s, acc=0.628, loss=0.648]
[H-align 01/05]:  92%|█████████▏| 98/107 [00:01<00:00, 82.63batch/s, acc=0.63, loss=0.646] 
[H-align 01/05]: 100%|██████████| 107/107 [00:01<00:00, 83.20batch/s, acc=0.634, loss=0.641]
[H-align 01/05]: 100%|██████████| 107/107 [00:01<00:00, 82.19batch/s, acc=0.634, loss=0.641]
[H-align] epoch=1/5 loss=0.641366 acc=0.6343 p_target=0.5466 confidence=1.0000 grad_max=8.154e-01

[H-align 02/05]:   0%|          | 0/107 [00:00<?, ?batch/s]
[H-align 02/05]:   8%|▊         | 9/107 [00:00<00:01, 82.70batch/s, acc=0.733, loss=0.524]
[H-align 02/05]:  17%|█▋        | 18/107 [00:00<00:01, 82.85batch/s, acc=0.713, loss=0.535]
[H-align 02/05]:  25%|██▌       | 27/107 [00:00<00:00, 83.06batch/s, acc=0.723, loss=0.518]
[H-align 02/05]:  34%|███▎      | 36/107 [00:00<00:00, 84.10batch/s, acc=0.736, loss=0.497]
[H-align 02/05]:  42%|████▏     | 45/107 [00:00<00:00, 83.56batch/s, acc=0.747, loss=0.478]
[H-align 02/05]:  50%|█████     | 54/107 [00:00<00:00, 83.11batch/s, acc=0.757, loss=0.461]
[H-align 02/05]:  59%|█████▉    | 63/107 [00:00<00:00, 84.05batch/s, acc=0.765, loss=0.447]
[H-align 02/05]:  67%|██████▋   | 72/107 [00:00<00:00, 83.68batch/s, acc=0.774, loss=0.434]
[H-align 02/05]:  76%|███████▌  | 81/107 [00:00<00:00, 83.73batch/s, acc=0.784, loss=0.417]
[H-align 02/05]:  84%|████████▍ | 90/107 [00:01<00:00, 84.15batch/s, acc=0.794, loss=0.402]
[H-align 02/05]:  93%|█████████▎| 99/107 [00:01<00:00, 81.54batch/s, acc=0.804, loss=0.387]
[H-align 02/05]: 100%|██████████| 107/107 [00:01<00:00, 82.94batch/s, acc=0.811, loss=0.376]
[H-align] epoch=2/5 loss=0.376290 acc=0.8107 p_target=0.7379 confidence=1.0000 grad_max=3.830e+00

[H-align 03/05]:   0%|          | 0/107 [00:00<?, ?batch/s]
[H-align 03/05]:   8%|▊         | 9/107 [00:00<00:01, 80.45batch/s, acc=0.919, loss=0.2]
[H-align 03/05]:  17%|█▋        | 18/107 [00:00<00:01, 80.03batch/s, acc=0.921, loss=0.194]
[H-align 03/05]:  25%|██▌       | 27/107 [00:00<00:00, 80.03batch/s, acc=0.923, loss=0.19] 
[H-align 03/05]:  34%|███▎      | 36/107 [00:00<00:00, 81.45batch/s, acc=0.929, loss=0.179]
[H-align 03/05]:  42%|████▏     | 45/107 [00:00<00:00, 81.75batch/s, acc=0.935, loss=0.169]
[H-align 03/05]:  50%|█████     | 54/107 [00:00<00:00, 81.17batch/s, acc=0.939, loss=0.16] 
[H-align 03/05]:  59%|█████▉    | 63/107 [00:00<00:00, 82.26batch/s, acc=0.944, loss=0.149]
[H-align 03/05]:  67%|██████▋   | 72/107 [00:00<00:00, 82.64batch/s, acc=0.947, loss=0.144]
[H-align 03/05]:  76%|███████▌  | 81/107 [00:00<00:00, 83.92batch/s, acc=0.95, loss=0.138] 
[H-align 03/05]:  84%|████████▍ | 90/107 [00:01<00:00, 83.20batch/s, acc=0.952, loss=0.134]
[H-align 03/05]:  93%|█████████▎| 99/107 [00:01<00:00, 83.20batch/s, acc=0.954, loss=0.128]
[H-align 03/05]: 100%|██████████| 107/107 [00:01<00:00, 82.33batch/s, acc=0.956, loss=0.123]
[H-align] epoch=3/5 loss=0.122833 acc=0.9564 p_target=0.9195 confidence=1.0000 grad_max=3.731e+00

[H-align 04/05]:   0%|          | 0/107 [00:00<?, ?batch/s]
[H-align 04/05]:   8%|▊         | 9/107 [00:00<00:01, 83.18batch/s, acc=0.984, loss=0.0546]
[H-align 04/05]:  17%|█▋        | 18/107 [00:00<00:01, 80.68batch/s, acc=0.987, loss=0.049]
[H-align 04/05]:  25%|██▌       | 27/107 [00:00<00:00, 81.68batch/s, acc=0.989, loss=0.0441]
[H-align 04/05]:  34%|███▎      | 36/107 [00:00<00:00, 83.00batch/s, acc=0.988, loss=0.0438]
[H-align 04/05]:  42%|████▏     | 45/107 [00:00<00:00, 84.18batch/s, acc=0.989, loss=0.0419]
[H-align 04/05]:  50%|█████     | 54/107 [00:00<00:00, 85.34batch/s, acc=0.989, loss=0.0411]
[H-align 04/05]:  59%|█████▉    | 63/107 [00:00<00:00, 85.04batch/s, acc=0.989, loss=0.0417]
[H-align 04/05]:  67%|██████▋   | 72/107 [00:00<00:00, 84.83batch/s, acc=0.989, loss=0.0407]
[H-align 04/05]:  76%|███████▌  | 81/107 [00:00<00:00, 83.54batch/s, acc=0.99, loss=0.0393] 
[H-align 04/05]:  84%|████████▍ | 90/107 [00:01<00:00, 83.44batch/s, acc=0.99, loss=0.0376]
[H-align 04/05]:  93%|█████████▎| 99/107 [00:01<00:00, 83.10batch/s, acc=0.99, loss=0.0373]
[H-align 04/05]: 100%|██████████| 107/107 [00:01<00:00, 83.64batch/s, acc=0.99, loss=0.0368]
[H-align] epoch=4/5 loss=0.036831 acc=0.9899 p_target=0.9780 confidence=1.0000 grad_max=1.633e+00

[H-align 05/05]:   0%|          | 0/107 [00:00<?, ?batch/s]
[H-align 05/05]:   8%|▊         | 9/107 [00:00<00:01, 83.33batch/s, acc=0.991, loss=0.0296]
[H-align 05/05]:  17%|█▋        | 18/107 [00:00<00:01, 84.24batch/s, acc=0.992, loss=0.0253]
[H-align 05/05]:  25%|██▌       | 27/107 [00:00<00:00, 83.76batch/s, acc=0.992, loss=0.0256]
[H-align 05/05]:  34%|███▎      | 36/107 [00:00<00:00, 84.23batch/s, acc=0.993, loss=0.0242]
[H-align 05/05]:  42%|████▏     | 45/107 [00:00<00:00, 83.05batch/s, acc=0.993, loss=0.0228]
[H-align 05/05]:  50%|█████     | 54/107 [00:00<00:00, 83.61batch/s, acc=0.994, loss=0.0218]
[H-align 05/05]:  59%|█████▉    | 63/107 [00:00<00:00, 83.37batch/s, acc=0.994, loss=0.0215]
[H-align 05/05]:  67%|██████▋   | 72/107 [00:00<00:00, 84.27batch/s, acc=0.994, loss=0.0216]
[H-align 05/05]:  76%|███████▌  | 81/107 [00:00<00:00, 84.40batch/s, acc=0.994, loss=0.0214]
[H-align 05/05]:  84%|████████▍ | 90/107 [00:01<00:00, 83.48batch/s, acc=0.994, loss=0.0212]
[H-align 05/05]:  93%|█████████▎| 99/107 [00:01<00:00, 83.85batch/s, acc=0.994, loss=0.0206]
[H-align 05/05]: 100%|██████████| 107/107 [00:01<00:00, 83.70batch/s, acc=0.994, loss=0.0204]
[H-align] epoch=5/5 loss=0.020387 acc=0.9938 p_target=0.9877 confidence=1.0000 grad_max=7.742e-01
[H-align Complete] epochs=5 loss=0.692324->0.013900 accuracy=0.9955 p_target=0.9911 updated=encoder+router_compat frozen=hawkes+node_emb+semantics+memory

[Init] Cache:   0%|                                                                 | 0/1700 [00:00<?, ?seq/s]
[Init] Cache: 100%|#########################| 1700/1700 [00:01<00:00, 1122.34seq/s, built=1700, events=136000]
[Cache] sequences=1700 events=136000 built=1700 device=cuda time=1.515s

[Epoch 001] Wake: 100%|##########| 1700/1700 [00:55<00:00, 30.84seq/s, events=136000, loss=2.8605, writes=562]
[Epoch 001] Global: 100%|################| 1700/1700 [00:04<00:00, 380.94seq-pass/s, batch=14/14, phase=train]
[Epoch 001] Sleep: 100%|############| 21/21 [00:00<00:00, 30.30step/s, actions=0, phase=light, pressure=0.117]
[MemoryTree][001/050] wake/event=2.860529 sleep_residual_utility=0.008021 writes=562 memorize=1993 queue_split=0 wake_actions=A93074/R40933/M1993/Q0 novelty=0.0431 weighted_sim=0.9138 wm_grad_max=3.387e+00 global/event=2.801616 mix_diag=2.7952 global_steps=14 prior_KL=2.153e-01 seq_H_cond=0.3657 seq_H_marg=0.4004 seq_MI=3.465e-02 post_KL_diag=3.571e-02 branch_distill=1.093e+00 probe=5.275e+00/0.588->0.608/0.011/0.415 frontier=5.95/10.91/4.95 enc_gate=0.012 enc_scale=0.000 teacher_conf=0.008 teacher_JS=1.054e-01 max_mass=0.0620 owner_hard=[0, 0, 0, 100, 0, 0, 0, 100, 0, 0, 0, 0, 0, 100, 100, 100, 100, 100, 0, 0, 0, 100, 0, 100, 100, 100, 100, 100, 0, 100, 100, 100, 100] mem_assign=[252,32, 310, 7320, 249, 1864, 267, 8044, 193, 135, 155, 288, 284, 7052, 7973, 7492, 7780, 7099, 271, 171, 1271, 7305, 301, 8245, 7170, 7285, 7438, 7866, 931, 7658, 7850, 8234, 7215] topology_prune=off leaves=17 sleep_mode=light light_absorb=7 deep_probability=0.117 topology_action=null topology_gain=0.000e+00 topology_candidates=0 collapsed=0 topology_lambda=0.000e+00 time=W55.1/G4.5/S0.7s cache=0/1700 cuda_peak=13681MiB sleep_actions=[]
[Epoch 002] Wake: 100%|############| 1700/1700 [00:35<00:00, 47.69seq/s, events=136000, loss=2.8872, writes=0]
[Epoch 002] Global: 100%|################| 1700/1700 [00:04<00:00, 384.91seq-pass/s, batch=14/14, phase=train]
[Epoch 002] Sleep: 100%|#############| 21/21 [00:03<00:00,  5.49step/s, actions=6, phase=deep, pressure=0.169]
[MemoryTree][002/050] wake/event=2.887194 sleep_residual_utility=0.007930 writes=0 memorize=0 queue_split=0 wake_actions=A93668/R42332/M0/Q0 novelty=0.1373 weighted_sim=0.7255 wm_grad_max=3.833e+00 global/event=2.901429 mix_diag=2.9566 global_steps=14 prior_KL=2.154e-02 seq_H_cond=0.6181 seq_H_marg=0.6226 seq_MI=4.494e-03 post_KL_diag=1.697e-01 branch_distill=9.471e-02 probe=5.234e+00/0.519->0.518/0.001/0.457 frontier=7.00/13.00/6.00 enc_gate=0.043 enc_scale=0.002 teacher_conf=0.037 teacher_JS=2.029e-02 max_mass=0.0486 owner_hard=[244, 113, 54, 0, 200, 169, 193, 31, 36, 0, 195, 266, 118, 0, 0, 0, 2, 7, 57, 0, 14, 0, 0, 0, 0, 0, 1, 0, 0, 0, 0] mem_assign=[19298, 10845, 11629, 160, 12720, 7817, 15962, 3687, 2542, 104, 8125, 16853, 9686, 0, 100, 0, 1193, 5278, 5724, 0, 2083, 13, 0, 1, 0, 0, 2159, 15, 6, 0, 0] topology_prune=off leaves=16 sleep_mode=deep light_absorb=6 deep_probability=0.169 topology_action=merge topology_gain=1.681e-02 topology_candidates=12 collapsed=0 topology_lambda=0.000e+00 time=W35.6/G4.4/S3.8s cache=0/1700 cuda_peak=13682MiB sleep_actions=['merge', 'promotion', 'promotion','promotion', 'promotion', 'promotion']
[Epoch 003] Wake: 100%|############| 1700/1700 [00:35<00:00, 48.22seq/s, events=136000, loss=2.8980, writes=0]
[Epoch 003] Global: 100%|################| 1700/1700 [00:04<00:00, 415.23seq-pass/s, batch=14/14, phase=train]
[Epoch 003] Sleep: 100%|############| 20/20 [00:00<00:00, 35.43step/s, actions=0, phase=light, pressure=0.117]
[MemoryTree][003/050] wake/event=2.897992 sleep_residual_utility=0.012860 writes=0 memorize=0 queue_split=0 wake_actions=A93945/R42055/M0/Q0 novelty=0.1298 weighted_sim=0.7404 wm_grad_max=3.496e+00 global/event=2.883521 mix_diag=2.9612 global_steps=14 prior_KL=3.231e-02 seq_H_cond=0.5906 seq_H_marg=0.5986 seq_MI=7.969e-03 post_KL_diag=1.716e-01 branch_distill=1.261e-01 probe=5.335e+00/0.495->0.503/0.001/0.430 frontier=6.93/12.86/5.93 enc_gate=0.055 enc_scale=0.004 teacher_conf=0.054 teacher_JS=2.147e-02 max_mass=0.0874 owner_hard=[44, 260, 41, 0, 0,5, 271, 0, 0, 99, 0, 311, 462, 0, 0, 0, 80, 3, 124, 0, 0, 0, 0, 0, 0, 0, 0, 0, 0, 0, 0] mem_assign=[12868, 13782, 10788, 518, 0, 3748, 20420, 0, 0, 5191, 2543, 17129, 24262, 0, 0, 0, 7207, 5752, 11432, 0, 89, 0, 1, 0, 0, 0, 270, 0, 0, 0, 0] topology_prune=off leaves=16 sleep_mode=light light_absorb=7 deep_probability=0.117 topology_action=null topology_gain=0.000e+00 topology_candidates=0 collapsed=0 topology_lambda=0.000e+00 time=W35.3/G4.1/S0.6s cache=0/1700 cuda_peak=13466MiB sleep_actions=[]
[Epoch 004] Wake: 100%|###########| 1700/1700 [00:36<00:00, 47.20seq/s, events=136000, loss=2.8495, writes=14]
[Epoch 004] Global: 100%|################| 1700/1700 [00:04<00:00, 408.10seq-pass/s, batch=14/14, phase=train]
[Epoch 004] Sleep: 100%|############| 20/20 [00:00<00:00, 35.29step/s, actions=0, phase=light, pressure=0.170]
[MemoryTree][004/050] wake/event=2.849461 sleep_residual_utility=0.014361 writes=14 memorize=8 queue_split=8 wake_actions=A94123/R41861/M8/Q8 novelty=0.2170 weighted_sim=0.5660 wm_grad_max=3.392e+00 global/event=2.837142 mix_diag=2.8791 global_steps=14 prior_KL=6.446e-02 seq_H_cond=0.5808 seq_H_marg=0.5922 seq_MI=1.132e-02 post_KL_diag=2.279e-01 branch_distill=1.543e-01 probe=5.716e+00/0.471->0.470/0.003/0.463 frontier=6.37/11.73/5.37 enc_gate=0.081 enc_scale=0.005 teacher_conf=0.075 teacher_JS=2.662e-02 max_mass=0.0481 owner_hard=[1, 130, 0, 2, 35,184, 3, 6, 0, 18, 26, 1033, 151, 0, 0, 0, 6, 97, 8, 0, 0, 0, 0, 0, 0, 0, 0, 0, 0, 0, 0] mem_assign=[5053, 12130, 5668, 3185, 4071, 8977, 4727, 1280, 52, 2521, 9865, 52778, 11573, 0, 0, 0, 3348, 7884, 2656, 0, 185, 0, 3, 14, 0, 0, 28, 2, 0, 0, 0] topology_prune=off leaves=16 sleep_mode=light light_absorb=7 deep_probability=0.170 topology_action=null topology_gain=0.000e+00 topology_candidates=0 collapsed=0 topology_lambda=0.000e+00 time=W36.0/G4.2/S0.6s cache=0/1700 cuda_peak=13168MiB sleep_actions=[]
[Epoch 005] Wake: 100%|##########| 1700/1700 [00:39<00:00, 42.59seq/s, events=136000, loss=2.8208, writes=322]
[Epoch 005] Global: 100%|################| 1700/1700 [00:03<00:00, 427.23seq-pass/s, batch=14/14, phase=train]
[Epoch 005] Sleep: 100%|#############| 20/20 [00:07<00:00,  2.62step/s, actions=5, phase=deep, pressure=0.261]
[MemoryTree][005/050] wake/event=2.820778 sleep_residual_utility=0.017163 writes=322 memorize=312 queue_split=73 wake_actions=A93311/R42304/M312/Q73 novelty=0.0667 weighted_sim=0.8666 wm_grad_max=3.774e+00 global/event=2.789403 mix_diag=2.9295 global_steps=14 prior_KL=5.629e-02 seq_H_cond=0.5853 seq_H_marg=0.6005 seq_MI=1.523e-02 post_KL_diag=3.262e-01 branch_distill=2.139e-01 probe=6.840e+00/0.397->0.394/0.002/0.514 frontier=5.96/10.93/4.96 enc_gate=0.141 enc_scale=0.009 teacher_conf=0.128 teacher_JS=3.057e-02 max_mass=0.0744 owner_hard=[0, 144, 2,16, 0, 254, 651, 0, 0, 21, 165, 271, 109, 0, 0, 0, 11, 0, 56, 0, 0, 0, 0, 0, 0, 0, 0, 0, 0, 0, 0] mem_assign=[3717, 11640, 4035, 5372, 1409, 14665, 34179, 0, 83, 6844, 11546, 16955, 10040, 0, 0, 0, 5352, 2508, 6746, 0, 430, 39, 0, 13, 0, 1, 368, 58, 0, 0, 0] topology_prune=offleaves=16 sleep_mode=deep light_absorb=5 deep_probability=0.261 topology_action=null topology_gain=0.000e+00 topology_candidates=12 collapsed=0 topology_lambda=0.000e+00 time=W39.9/G4.0/S7.6s cache=0/1700 cuda_peak=12216MiB sleep_actions=['promotion', 'promotion', 'promotion','promotion', 'promotion']
[Epoch 006] Wake: 100%|###########| 1700/1700 [00:37<00:00, 45.28seq/s, events=136000, loss=2.7639, writes=28]
[Epoch 006] Global: 100%|################| 1700/1700 [00:04<00:00, 420.11seq-pass/s, batch=14/14, phase=train]
[Epoch 006] Sleep: 100%|############| 20/20 [00:00<00:00, 36.44step/s, actions=0, phase=light, pressure=0.140]
[MemoryTree][006/050] wake/event=2.763871 sleep_residual_utility=0.025331 writes=28 memorize=0 queue_split=28 wake_actions=A92817/R43155/M0/Q28 novelty=0.0442 weighted_sim=0.9116 wm_grad_max=5.336e+00 global/event=2.759587 mix_diag=2.9980 global_steps=14 prior_KL=7.338e-02 seq_H_cond=0.5869 seq_H_marg=0.6034 seq_MI=1.646e-02 post_KL_diag=4.023e-01 branch_distill=2.558e-01 probe=7.320e+00/0.358->0.359/0.003/0.535 frontier=5.96/10.91/4.96 enc_gate=0.150 enc_scale=0.011 teacher_conf=0.146 teacher_JS=3.305e-02 max_mass=0.1008 owner_hard=[0, 0, 0, 36, 0,0, 1016, 0, 0, 134, 57, 312, 130, 0, 0, 0, 12, 2, 1, 0, 0, 0, 0, 0, 0, 0, 0, 0, 0, 0, 0] mem_assign=[2075, 1597, 1703, 12439, 1202, 970, 50113, 1, 129, 12396, 8781, 17314, 14509, 0, 0, 69, 6461, 3017, 2008, 4, 256, 690, 0, 130, 0, 0, 136, 0, 0, 0, 0] topology_prune=off leaves=16 sleep_mode=light light_absorb=8 deep_probability=0.140 topology_action=null topology_gain=0.000e+00 topology_candidates=0 collapsed=0 topology_lambda=0.000e+00 time=W37.5/G4.0/S0.6s cache=0/1700 cuda_peak=12612MiB sleep_actions=[]
[Epoch 007] Wake: 100%|###########| 1700/1700 [00:37<00:00, 45.04seq/s, events=136000, loss=2.7566, writes=52]
[Epoch 007] Global: 100%|################| 1700/1700 [00:04<00:00, 411.07seq-pass/s, batch=14/14, phase=train]
[Epoch 007] Sleep: 100%|############| 20/20 [00:00<00:00, 36.07step/s, actions=0, phase=light, pressure=0.267]
[MemoryTree][007/050] wake/event=2.756583 sleep_residual_utility=0.023457 writes=52 memorize=1 queue_split=57 wake_actions=A92888/R43054/M1/Q57 novelty=0.0402 weighted_sim=0.9197 wm_grad_max=4.203e+00 global/event=2.765448 mix_diag=2.9317 global_steps=14 prior_KL=6.407e-02 seq_H_cond=0.5812 seq_H_marg=0.5996 seq_MI=1.837e-02 post_KL_diag=3.878e-01 branch_distill=2.476e-01 probe=7.370e+00/0.397->0.393/0.004/0.518 frontier=6.17/11.34/5.17 enc_gate=0.160 enc_scale=0.012 teacher_conf=0.157 teacher_JS=3.410e-02 max_mass=0.1178 owner_hard=[0, 0, 0, 27, 0,0, 820, 0, 0, 247, 152, 15, 342, 0, 0, 0, 3, 84, 9, 0, 1, 0, 0, 0, 0, 0, 0, 0, 0, 0, 0] mem_assign=[2078, 3267, 2257, 8346, 916, 834, 41613, 3, 228, 16849, 14104, 3630, 23999, 0, 0, 412, 3423, 7970, 2154, 13, 1568, 1077, 3, 233, 2, 3, 995, 23, 0, 0, 0] topology_prune=off leaves=16 sleep_mode=light light_absorb=7 deep_probability=0.267 topology_action=null topology_gain=0.000e+00 topology_candidates=0 collapsed=0 topology_lambda=0.000e+00 time=W37.7/G4.1/S0.6s cache=0/1700 cuda_peak=12939MiB sleep_actions=[]
[Epoch 008] Wake: 100%|###########| 1700/1700 [00:37<00:00, 44.98seq/s, events=136000, loss=2.7757, writes=61]
[Epoch 008] Global: 100%|################| 1700/1700 [00:04<00:00, 407.82seq-pass/s, batch=14/14, phase=train]
[Epoch 008] Sleep: 100%|############| 20/20 [00:00<00:00, 36.17step/s, actions=0, phase=light, pressure=0.325]
[MemoryTree][008/050] wake/event=2.775736 sleep_residual_utility=0.012319 writes=61 memorize=3 queue_split=62 wake_actions=A92974/R42961/M3/Q62 novelty=0.0431 weighted_sim=0.9139 wm_grad_max=4.322e+00 global/event=2.790591 mix_diag=2.9454 global_steps=14 prior_KL=5.630e-02 seq_H_cond=0.5654 seq_H_marg=0.5929 seq_MI=2.746e-02 post_KL_diag=3.680e-01 branch_distill=2.481e-01 probe=7.602e+00/0.408->0.408/0.005/0.514 frontier=6.46/11.91/5.46 enc_gate=0.165 enc_scale=0.013 teacher_conf=0.167 teacher_JS=3.801e-02 max_mass=0.0668 owner_hard=[0, 5, 0, 37, 1,0, 738, 0, 0, 45, 257, 15, 320, 0, 0, 0, 0, 257, 25, 0, 0, 0, 0, 0, 0, 0, 0, 0, 0, 0, 0] mem_assign=[2958, 4638, 2516, 7112, 2802, 815, 31360, 430, 430, 7573, 15931, 7412, 24586, 3, 0, 280, 2127, 15036, 7099, 193, 264, 278, 5, 122, 1, 0, 1999, 30, 0, 0, 0] topology_prune=off leaves=16 sleep_mode=light light_absorb=7 deep_probability=0.325 topology_action=null topology_gain=0.000e+00 topology_candidates=0 collapsed=0 topology_lambda=0.000e+00 time=W37.8/G4.2/S0.6s cache=0/1700 cuda_peak=12964MiB sleep_actions=[]
[Epoch 009] Wake: 100%|###########| 1700/1700 [00:38<00:00, 44.39seq/s, events=136000, loss=2.7749, writes=47]
[Epoch 009] Global: 100%|################| 1700/1700 [00:04<00:00, 392.44seq-pass/s, batch=14/14, phase=train]
[Epoch 009] Sleep: 100%|############| 20/20 [00:00<00:00, 36.54step/s, actions=0, phase=light, pressure=0.332]
[MemoryTree][009/050] wake/event=2.774893 sleep_residual_utility=0.034069 writes=47 memorize=0 queue_split=53 wake_actions=A92865/R43082/M0/Q53 novelty=0.0560 weighted_sim=0.8881 wm_grad_max=5.118e+00 global/event=2.773992 mix_diag=2.9756 global_steps=14 prior_KL=4.374e-02 seq_H_cond=0.5512 seq_H_marg=0.5868 seq_MI=3.556e-02 post_KL_diag=3.647e-01 branch_distill=2.348e-01 probe=6.454e+00/0.454->0.447/0.005/0.468 frontier=6.53/12.06/5.53 enc_gate=0.147 enc_scale=0.012 teacher_conf=0.149 teacher_JS=3.963e-02 max_mass=0.0689 owner_hard=[0, 0, 0, 18, 2,0, 962, 0, 0, 59, 267, 49, 234, 0, 0, 1, 0, 87, 21, 0, 0, 0, 0, 0, 0, 0, 0, 0, 0, 0, 0] mem_assign=[2655, 2112, 1740, 7226, 4001, 535, 35604, 1249, 1403, 7688, 17008, 10855, 22387, 511, 0, 1005, 2047, 6227, 7169, 98, 947, 784, 4, 44, 1691, 0, 990, 20, 0, 0, 0] topology_prune=off leaves=16 sleep_mode=light light_absorb=7 deep_probability=0.332 topology_action=null topology_gain=0.000e+00 topology_candidates=0 collapsed=0 topology_lambda=0.000e+00 time=W38.3/G4.3/S0.5s cache=0/1700 cuda_peak=13351MiB sleep_actions=[]
[Epoch 010] Wake: 100%|###########| 1700/1700 [00:38<00:00, 44.51seq/s, events=136000, loss=2.7807, writes=20]
[Epoch 010] Global: 100%|################| 1700/1700 [00:04<00:00, 391.02seq-pass/s, batch=14/14, phase=train]
[Epoch 010] Sleep: 100%|############| 20/20 [00:15<00:00,  1.33step/s, actions=0, phase=light, pressure=0.388]
[MemoryTree][010/050] wake/event=2.780716 sleep_residual_utility=0.006695 writes=20 memorize=1 queue_split=23 wake_actions=A92895/R43081/M1/Q23 novelty=0.0625 weighted_sim=0.8751 wm_grad_max=5.575e+00 global/event=2.777989 mix_diag=2.9821 global_steps=14 prior_KL=4.165e-02 seq_H_cond=0.5370 seq_H_marg=0.5664 seq_MI=2.944e-02 post_KL_diag=3.529e-01 branch_distill=2.230e-01 probe=6.324e+00/0.441->0.435/0.003/0.455 frontier=6.71/12.43/5.71 enc_gate=0.140 enc_scale=0.012 teacher_conf=0.142 teacher_JS=4.280e-02 max_mass=0.0780 owner_hard=[0, 0, 0, 0, 94,0, 927, 0, 0, 19, 298, 14, 40, 0, 0, 0, 1, 93, 214, 0, 0, 0, 0, 0, 0, 0, 0, 0, 0, 0, 0] mem_assign=[2746, 1517, 1502, 1011, 8861, 571, 34453, 609, 2601, 8713, 17400, 9819, 14621, 2331, 2, 438, 2569, 7632, 14988, 73, 1435, 94, 0, 84, 1650, 0, 235, 45, 0, 0, 0] topology_prune=off leaves=16 sleep_mode=light light_absorb=6 deep_probability=0.388 topology_action=null topology_gain=0.000e+00 topology_candidates=15 collapsed=0 topology_lambda=0.000e+00 time=W38.2/G4.3/S15.1s cache=0/1700 cuda_peak=13361MiB sleep_actions=[]
[Epoch 011] Wake: 100%|###########| 1700/1700 [00:38<00:00, 43.88seq/s, events=136000, loss=2.7755, writes=59]
[Epoch 011] Global: 100%|################| 1700/1700 [00:04<00:00, 391.62seq-pass/s, batch=14/14, phase=train]
[Epoch 011] Sleep: 100%|#############| 20/20 [00:17<00:00,  1.17step/s, actions=4, phase=deep, pressure=0.176]
[MemoryTree][011/050] wake/event=2.775518 sleep_residual_utility=0.035343 writes=59 memorize=28 queue_split=38 wake_actions=A92900/R43034/M28/Q38 novelty=0.0582 weighted_sim=0.8835 wm_grad_max=6.047e+00 global/event=2.777675 mix_diag=2.9259 global_steps=14 prior_KL=4.342e-02 seq_H_cond=0.5276 seq_H_marg=0.5589 seq_MI=3.125e-02 post_KL_diag=3.346e-01 branch_distill=2.318e-01 probe=6.096e+00/0.438->0.437/0.003/0.444 frontier=6.69/12.38/5.69 enc_gate=0.147 enc_scale=0.012 teacher_conf=0.146 teacher_JS=4.378e-02 max_mass=0.0866 owner_hard=[0, 0, 0, 0, 29, 0, 1071, 23, 2, 72, 213, 83, 119, 0, 0, 0, 0, 0, 81, 0, 7, 0, 0, 0, 0, 0, 0, 0, 0, 0, 0] mem_assign=[2904, 1982, 1521, 858, 7966, 1183, 35498, 2804, 3089, 10545, 15182, 12079, 15446, 2841, 5, 399, 2459, 3649, 11232, 53, 3716, 12, 0, 20, 2, 0, 293, 261, 1, 0, 0] topology_prune=off leaves=16 sleep_mode=deep light_absorb=6 deep_probability=0.176 topology_action=null topology_gain=0.000e+00 topology_candidates=16 collapsed=0 topology_lambda=0.000e+00 time=W38.7/G4.3/S17.1s cache=0/1700 cuda_peak=13394MiB sleep_actions=['promotion', 'promotion', 'promotion', 'promotion']
[Epoch 012] Wake: 100%|##########| 1700/1700 [00:39<00:00, 43.22seq/s, events=136000, loss=2.7813, writes=107]
[Epoch 012] Global: 100%|################| 1700/1700 [00:04<00:00, 392.78seq-pass/s, batch=14/14, phase=train]
[Epoch 012] Sleep: 100%|############| 20/20 [00:00<00:00, 37.54step/s, actions=0, phase=light, pressure=0.171]
[MemoryTree][012/050] wake/event=2.781341 sleep_residual_utility=0.007082 writes=107 memorize=56 queue_split=62 wake_actions=A92971/R42911/M56/Q62 novelty=0.0570 weighted_sim=0.8860 wm_grad_max=5.014e+00 global/event=2.790656 mix_diag=2.9120 global_steps=14 prior_KL=4.987e-02 seq_H_cond=0.5211 seq_H_marg=0.5562 seq_MI=3.502e-02 post_KL_diag=2.993e-01 branch_distill=2.264e-01 probe=5.780e+00/0.488->0.493/0.009/0.451 frontier=6.77/12.54/5.77 enc_gate=0.161 enc_scale=0.012 teacher_conf=0.157 teacher_JS=4.613e-02 max_mass=0.0578 owner_hard=[0, 0, 0, 0, 36, 0, 710, 13, 1, 1, 207, 379, 221, 0, 0, 0, 4, 4, 120, 0, 4, 0, 0, 0, 0, 0, 0, 0, 0, 0, 0] mem_assign=[2958, 1381, 1420, 612, 8604, 482, 31039, 4873, 4276, 4973, 16112, 18251, 16504, 1012, 106, 580, 5240, 3026, 11010, 110, 3130, 75, 0, 24, 0, 0, 183, 17, 2, 0, 0] topology_prune=off leaves=16 sleep_mode=light light_absorb=6 deep_probability=0.171 topology_action=null topology_gain=0.000e+00 topology_candidates=0 collapsed=0 topology_lambda=0.000e+00 time=W39.3/G4.3/S0.5s cache=0/1700 cuda_peak=13540MiB sleep_actions=[]
[Epoch 013] Wake: 100%|###########| 1700/1700 [00:39<00:00, 43.08seq/s, events=136000, loss=2.8007, writes=78]
[Epoch 013] Global: 100%|################| 1700/1700 [00:04<00:00, 388.09seq-pass/s, batch=14/14, phase=train]
[Epoch 013] Sleep: 100%|############| 20/20 [00:00<00:00, 37.13step/s, actions=0, phase=light, pressure=0.274]
[MemoryTree][013/050] wake/event=2.800676 sleep_residual_utility=0.029104 writes=78 memorize=31 queue_split=57 wake_actions=A92695/R43217/M31/Q57 novelty=0.0373 weighted_sim=0.9253 wm_grad_max=4.647e+00 global/event=2.807736 mix_diag=2.9146 global_steps=14 prior_KL=4.671e-02 seq_H_cond=0.5284 seq_H_marg=0.5633 seq_MI=3.500e-02 post_KL_diag=2.837e-01 branch_distill=2.180e-01 probe=5.713e+00/0.533->0.529/0.017/0.425 frontier=6.91/12.81/5.91 enc_gate=0.145 enc_scale=0.012 teacher_conf=0.147 teacher_JS=4.739e-02 max_mass=0.0550 owner_hard=[0, 0, 0, 0, 5, 0, 897, 2, 1, 0, 17, 331, 389, 0, 0, 0, 58, 0, 0, 0, 0, 0, 0, 0, 0, 0, 0, 0, 0, 0, 0] mem_assign=[2752, 3304, 987, 1720, 4517, 482, 36927, 3965, 5610, 391, 12224, 18299, 20697, 3645, 946, 493, 11802, 1790, 3118, 257, 1080, 975, 2, 2, 0, 0, 13, 0, 1, 0, 1] topology_prune=on leaves=16 sleep_mode=light light_absorb=7 deep_probability=0.274 topology_action=null topology_gain=0.000e+00 topology_candidates=0 collapsed=0 topology_lambda=0.000e+00 time=W39.5/G4.4/S0.5s cache=0/1700 cuda_peak=13640MiB sleep_actions=[]
[Epoch 014] Wake: 100%|############| 1700/1700 [00:38<00:00, 44.13seq/s, events=136000, loss=2.8154, writes=4]
[Epoch 014] Global: 100%|################| 1700/1700 [00:04<00:00, 384.38seq-pass/s, batch=14/14, phase=train]
[Epoch 014] Sleep: 100%|############| 20/20 [00:00<00:00, 37.11step/s, actions=0, phase=light, pressure=0.304]
[MemoryTree][014/050] wake/event=2.815385 sleep_residual_utility=0.007254 writes=4 memorize=3 queue_split=1 wake_actions=A92460/R43536/M3/Q1 novelty=0.0256 weighted_sim=0.9487 wm_grad_max=4.538e+00 global/event=2.815868 mix_diag=2.9138 global_steps=14 prior_KL=4.145e-02 seq_H_cond=0.5244 seq_H_marg=0.5693 seq_MI=4.493e-02 post_KL_diag=2.515e-01 branch_distill=2.116e-01 probe=5.479e+00/0.552->0.547/0.046/0.433 frontier=6.89/12.79/5.89 enc_gate=0.140 enc_scale=0.011 teacher_conf=0.140 teacher_JS=4.764e-02 max_mass=0.0376 owner_hard=[0, 1, 0, 0, 0, 0, 624, 0, 1, 0, 38, 503, 367, 0, 0, 0, 5, 39, 47, 0, 0, 75, 0, 0, 0, 0, 0, 0, 0, 0, 0] mem_assign=[2203, 3148, 2734, 772, 1813, 740, 27592, 1849, 2279, 235, 12298, 23536, 23534, 647, 397, 2685, 5960, 7444, 8608, 29, 834, 5673, 308, 6, 9, 0, 665, 2, 0, 0, 0] topology_prune=on leaves=16 sleep_mode=light light_absorb=5 deep_probability=0.304 topology_action=null topology_gain=0.000e+00 topology_candidates=0 collapsed=0topology_lambda=0.000e+00 time=W38.5/G4.4/S0.5s cache=0/1700 cuda_peak=13653MiB sleep_actions=[]
[Epoch 015] Wake: 100%|############| 1700/1700 [00:39<00:00, 43.27seq/s, events=136000, loss=2.8038, writes=3]
[Epoch 015] Global: 100%|################| 1700/1700 [00:04<00:00, 385.54seq-pass/s, batch=14/14, phase=train]
[Epoch 015] Sleep: 100%|############| 20/20 [00:19<00:00,  1.04step/s, actions=0, phase=light, pressure=0.310]
[MemoryTree][015/050] wake/event=2.803838 sleep_residual_utility=0.023748 writes=3 memorize=1 queue_split=3 wake_actions=A92949/R43047/M1/Q3 novelty=0.0295 weighted_sim=0.9410 wm_grad_max=4.764e+00 global/event=2.802960 mix_diag=2.9132 global_steps=14 prior_KL=4.097e-02 seq_H_cond=0.5022 seq_H_marg=0.5640 seq_MI=6.184e-02 post_KL_diag=2.128e-01 branch_distill=1.987e-01 probe=5.193e+00/0.561->0.561/0.027/0.428 frontier=6.97/12.95/5.97 enc_gate=0.132 enc_scale=0.010 teacher_conf=0.125 teacher_JS=5.120e-02 max_mass=0.0566 owner_hard=[0, 0, 0, 0, 1, 0, 1190, 0, 3, 0, 1, 459, 25, 0, 0, 14, 0, 0, 0, 0, 0, 0, 7, 0, 0, 0, 0, 0, 0, 0, 0] mem_assign=[3151, 1499, 2441, 584, 7337, 1515, 39341, 2509, 5186, 641, 6218, 24384, 15454, 1039, 520, 6872, 5193, 2949, 2950, 1, 343, 1204, 4448, 0, 0, 0, 220, 1, 0, 0, 0] topology_prune=on leaves=16 sleep_mode=light light_absorb=7 deep_probability=0.310 topology_action=null topology_gain=0.000e+00 topology_candidates=17 collapsed=0 topology_lambda=0.000e+00 time=W39.3/G4.4/S19.2s cache=0/1700 cuda_peak=13679MiB sleep_actions=[]
[Epoch 016] Wake: 100%|###########| 1700/1700 [00:38<00:00, 43.62seq/s, events=136000, loss=2.8010, writes=13]
[Epoch 016] Global: 100%|################| 1700/1700 [00:04<00:00, 382.76seq-pass/s, batch=14/14, phase=train]
[Epoch 016] Sleep: 100%|############| 20/20 [00:00<00:00, 36.89step/s, actions=0, phase=light, pressure=0.172]
[MemoryTree][016/050] wake/event=2.800980 sleep_residual_utility=0.007927 writes=13 memorize=1 queue_split=14 wake_actions=A92970/R43015/M1/Q14 novelty=0.0326 weighted_sim=0.9348 wm_grad_max=4.097e+00 global/event=2.802479 mix_diag=2.9037 global_steps=14 prior_KL=5.060e-02 seq_H_cond=0.4687 seq_H_marg=0.5508 seq_MI=8.206e-02 post_KL_diag=2.424e-01 branch_distill=2.230e-01 probe=5.319e+00/0.554->0.560/0.029/0.443 frontier=6.99/12.98/5.99 enc_gate=0.134 enc_scale=0.011 teacher_conf=0.136 teacher_JS=5.697e-02 max_mass=0.0505 owner_hard=[0, 0, 0, 0, 0, 0, 1166, 6, 3, 0, 0, 395, 80, 1, 28, 1, 2, 3, 0, 0, 0, 0, 15, 0, 0, 0, 0, 0, 0, 0, 0] mem_assign=[1778, 1290, 1785, 661, 3921, 1904, 35507,5465, 5064, 1076, 4899, 20837, 17998, 1849, 1992, 3311, 9231, 5879, 3216, 57, 1613, 1553, 4764, 0, 0, 0, 290, 55, 5, 0, 0] topology_prune=on leaves=16 sleep_mode=light light_absorb=6 deep_probability=0.172 topology_action=null topology_gain=0.000e+00 topology_candidates=0 collapsed=0 topology_lambda=0.000e+00 time=W39.0/G4.4/S0.5s cache=0/1700 cuda_peak=13688MiB sleep_actions=[]
[Epoch 017] Wake: 100%|###########| 1700/1700 [00:38<00:00, 43.85seq/s, events=136000, loss=2.7979, writes=24]
[Epoch 017] Global: 100%|################| 1700/1700 [00:04<00:00, 369.54seq-pass/s, batch=14/14, phase=train]
[Epoch 017] Sleep: 100%|############| 20/20 [00:00<00:00, 36.90step/s, actions=0, phase=light, pressure=0.254]
[MemoryTree][017/050] wake/event=2.797872 sleep_residual_utility=0.015807 writes=24 memorize=17 queue_split=10 wake_actions=A93091/R42882/M17/Q10 novelty=0.0348 weighted_sim=0.9305 wm_grad_max=3.605e+00 global/event=2.797279 mix_diag=2.8577 global_steps=14 prior_KL=6.007e-02 seq_H_cond=0.4513 seq_H_marg=0.5548 seq_MI=1.035e-01 post_KL_diag=2.485e-01 branch_distill=2.498e-01 probe=5.375e+00/0.573->0.575/0.048/0.445 frontier=6.96/12.92/5.96 enc_gate=0.146 enc_scale=0.011 teacher_conf=0.143 teacher_JS=6.079e-02 max_mass=0.0780 owner_hard=[0, 0, 0, 0, 0, 0, 594, 57, 1, 0, 0, 438, 410, 2, 0, 4, 169, 9, 0, 0, 0, 5, 11, 0, 0, 0, 0, 0, 0, 0, 0] mem_assign=[1461, 3518, 1675, 899, 2396, 1828, 23785, 10099, 5857, 1693, 3952, 18692, 21740, 3310, 1623, 3825, 12293, 6556, 2318, 232, 1886, 2441, 3385, 4, 3, 0, 509, 19, 0, 1, 0] topology_prune=on leaves=16 sleep_mode=light light_absorb=7 deep_probability=0.254 topology_action=null topology_gain=0.000e+00 topology_candidates=0 collapsed=0 topology_lambda=0.000e+00 time=W38.8/G4.6/S0.5s cache=0/1700 cuda_peak=13638MiB sleep_actions=[]
[Epoch 018] Wake: 100%|###########| 1700/1700 [00:38<00:00, 43.63seq/s, events=136000, loss=2.7857, writes=10]
[Epoch 018] Global: 100%|################| 1700/1700 [00:04<00:00, 380.13seq-pass/s, batch=14/14, phase=train]
[Epoch 018] Sleep: 100%|############| 20/20 [00:00<00:00, 36.51step/s, actions=0, phase=light, pressure=0.284]
[MemoryTree][018/050] wake/event=2.785723 sleep_residual_utility=0.010893 writes=10 memorize=0 queue_split=11 wake_actions=A92885/R43104/M0/Q11 novelty=0.0402 weighted_sim=0.9196 wm_grad_max=3.704e+00 global/event=2.796492 mix_diag=2.8748 global_steps=14 prior_KL=7.169e-02 seq_H_cond=0.4433 seq_H_marg=0.5463 seq_MI=1.031e-01 post_KL_diag=2.503e-01 branch_distill=2.536e-01 probe=5.279e+00/0.596->0.594/0.125/0.457 frontier=6.96/12.92/5.96 enc_gate=0.159 enc_scale=0.012 teacher_conf=0.151 teacher_JS=6.401e-02 max_mass=0.1112 owner_hard=[0, 0, 0, 0, 0, 1, 95, 212, 0, 0, 2, 239, 984, 0, 0, 1, 94, 16, 39, 0, 1, 4, 12, 0, 0, 0, 0, 0, 0, 0, 0] mem_assign=[2076, 2921, 1274, 1930, 2177, 2233, 11928, 16213, 3381, 2388, 3571, 14463, 28008, 3066, 1285, 3033, 10422, 4664, 6169, 1240, 5707, 3478, 3441, 489, 5, 0, 319, 69, 35, 15, 0] topology_prune=on leaves=16 sleep_mode=light light_absorb=5 deep_probability=0.284 topology_action=null topology_gain=0.000e+00 topology_candidates=0 collapsed=0 topology_lambda=0.000e+00 time=W39.0/G4.5/S0.5s cache=0/1700 cuda_peak=13638MiB sleep_actions=[]
[Epoch 019] Wake: 100%|############| 1700/1700 [00:38<00:00, 43.67seq/s, events=136000, loss=2.7888, writes=4]
[Epoch 019] Global: 100%|################| 1700/1700 [00:04<00:00, 376.92seq-pass/s, batch=14/14, phase=train]
[Epoch 019] Sleep: 100%|############| 20/20 [00:00<00:00, 35.71step/s, actions=0, phase=light, pressure=0.286]
[MemoryTree][019/050] wake/event=2.788799 sleep_residual_utility=0.010188 writes=4 memorize=0 queue_split=4 wake_actions=A93034/R42962/M0/Q4 novelty=0.0415 weighted_sim=0.9170 wm_grad_max=4.242e+00 global/event=2.785150 mix_diag=2.8527 global_steps=14 prior_KL=7.428e-02 seq_H_cond=0.4442 seq_H_marg=0.5493 seq_MI=1.051e-01 post_KL_diag=2.825e-01 branch_distill=2.588e-01 probe=5.374e+00/0.589->0.590/0.174/0.465 frontier=6.96/12.93/5.96 enc_gate=0.164 enc_scale=0.013 teacher_conf=0.167 teacher_JS=6.277e-02 max_mass=0.1013 owner_hard=[0, 0, 0, 0, 0, 0, 19, 55, 0, 0, 0, 350, 1221, 0, 0, 1, 0, 1, 1, 0, 0, 1, 51, 0, 0, 0, 0, 0, 0, 0, 0] mem_assign=[1269, 5101, 1790, 1282, 2787, 1563, 9678, 15304, 4138, 1938, 1911, 20936, 35714, 2286, 1645, 3778, 3799, 2689, 3049, 933, 2833, 3895, 6959, 227, 0, 0, 181, 275, 37, 3, 0] topology_prune=on leaves=16 sleep_mode=light light_absorb=6 deep_probability=0.286 topology_action=null topology_gain=0.000e+00 topology_candidates=0 collapsed=0 topology_lambda=0.000e+00 time=W38.9/G4.5/S0.6s cache=0/1700 cuda_peak=13688MiB sleep_actions=[]
[Epoch 020] Wake: 100%|############| 1700/1700 [00:39<00:00, 43.52seq/s, events=136000, loss=2.7816, writes=6]
[Epoch 020] Global: 100%|################| 1700/1700 [00:04<00:00, 378.23seq-pass/s, batch=14/14, phase=train]
[Epoch 020] Sleep: 100%|############| 20/20 [00:20<00:00,  1.01s/step, actions=0, phase=light, pressure=0.307]
[MemoryTree][020/050] wake/event=2.781550 sleep_residual_utility=0.011556 writes=6 memorize=0 queue_split=6 wake_actions=A93005/R42989/M0/Q6 novelty=0.0479 weighted_sim=0.9042 wm_grad_max=4.215e+00 global/event=2.782219 mix_diag=2.8490 global_steps=14 prior_KL=7.213e-02 seq_H_cond=0.4558 seq_H_marg=0.5578 seq_MI=1.019e-01 post_KL_diag=3.189e-01 branch_distill=2.564e-01 probe=5.592e+00/0.574->0.575/0.181/0.480 frontier=7.00/13.00/6.00 enc_gate=0.188 enc_scale=0.014 teacher_conf=0.184 teacher_JS=6.207e-02 max_mass=0.0792 owner_hard=[0, 5, 0, 0, 0, 0, 2, 22, 1, 0, 0, 396, 1089, 0, 0, 0, 0, 1, 0, 0, 0, 0, 184, 0, 0, 0, 0, 0, 0, 0, 0] mem_assign=[842, 11395, 1786, 1470, 2184, 1416, 5305, 12357, 3724, 2125, 1655, 23223, 37092, 982, 1876, 3097, 2000, 1876, 1330, 1411, 3096, 3726, 11612, 30, 0, 1, 199, 122, 19, 49, 0] topology_prune=on leaves=16 sleep_mode=light light_absorb=6 deep_probability=0.307 topology_action=null topology_gain=0.000e+00 topology_candidates=18collapsed=0 topology_lambda=0.000e+00 time=W39.1/G4.5/S20.2s cache=0/1700 cuda_peak=13688MiB sleep_actions=[]
[Epoch 021] Wake: 100%|###########| 1700/1700 [00:39<00:00, 43.19seq/s, events=136000, loss=2.7758, writes=15]
[Epoch 021] Global: 100%|################| 1700/1700 [00:04<00:00, 382.42seq-pass/s, batch=14/14, phase=train]
[Epoch 021] Sleep: 100%|############| 20/20 [00:00<00:00, 36.43step/s, actions=0, phase=light, pressure=0.151]
[MemoryTree][021/050] wake/event=2.775842 sleep_residual_utility=0.006337 writes=15 memorize=2 queue_split=15 wake_actions=A92893/R43090/M2/Q15 novelty=0.0447 weighted_sim=0.9107 wm_grad_max=3.432e+00 global/event=2.779371 mix_diag=2.8481 global_steps=14 prior_KL=7.541e-02 seq_H_cond=0.4503 seq_H_marg=0.5464 seq_MI=9.616e-02 post_KL_diag=3.355e-01 branch_distill=2.605e-01 probe=5.586e+00/0.564->0.558/0.161/0.484 frontier=7.00/13.00/6.00 enc_gate=0.191 enc_scale=0.015 teacher_conf=0.193 teacher_JS=6.909e-02 max_mass=0.0736 owner_hard=[0, 29, 0, 0, 2,1, 78, 92, 2, 1, 0, 616, 558, 0, 1, 0, 0, 14, 0, 0, 11, 0, 295, 0, 0, 0, 0, 0, 0, 0, 0] mem_assign=[1097, 10561, 1353, 1934, 3677, 1948, 9617, 11237, 5089, 1918, 1881, 23636, 23014, 1392, 2901, 2255, 2519, 4769, 3024, 1385, 5097, 1676, 12146, 3, 3, 2, 1225, 143, 12, 452, 34] topology_prune=on leaves=16 sleep_mode=light light_absorb=5 deep_probability=0.151 topology_action=null topology_gain=0.000e+00 topology_candidates=0 collapsed=0 topology_lambda=0.000e+00 time=W39.4/G4.4/S0.6s cache=0/1700 cuda_peak=13689MiB sleep_actions=[]
[Epoch 022] Wake: 100%|############| 1700/1700 [00:39<00:00, 43.46seq/s, events=136000, loss=2.7748, writes=7]
[Epoch 022] Global: 100%|################| 1700/1700 [00:04<00:00, 380.64seq-pass/s, batch=14/14, phase=train]
[Epoch 022] Sleep: 100%|############| 20/20 [00:00<00:00, 35.97step/s, actions=0, phase=light, pressure=0.260]
[MemoryTree][022/050] wake/event=2.774754 sleep_residual_utility=0.010266 writes=7 memorize=0 queue_split=8 wake_actions=A92667/R43325/M0/Q8 novelty=0.0431 weighted_sim=0.9138 wm_grad_max=3.659e+00 global/event=2.792911 mix_diag=2.8411 global_steps=14 prior_KL=8.151e-02 seq_H_cond=0.4584 seq_H_marg=0.5488 seq_MI=9.040e-02 post_KL_diag=3.251e-01 branch_distill=2.649e-01 probe=5.781e+00/0.530->0.528/0.075/0.492 frontier=7.00/13.00/6.00 enc_gate=0.200 enc_scale=0.016 teacher_conf=0.200 teacher_JS=6.797e-02 max_mass=0.0811 owner_hard=[0, 34, 0, 7, 1, 0,121, 134, 56, 5, 0, 419, 712, 0, 6, 0, 0, 6, 20, 1, 85, 24, 69, 0, 0, 0, 0, 0, 0, 0, 0] mem_assign=[1406, 10727, 1542, 4398, 5647, 1450, 10355, 13312, 6602, 2868, 1875, 18005, 21317, 988, 4708, 1025, 2977, 3047, 3665, 2077, 6362, 4061, 7095, 0, 0, 2, 179, 186, 6, 65, 53] topology_prune=on leaves=16 sleep_mode=light light_absorb=6 deep_probability=0.260 topology_action=null topology_gain=0.000e+00 topology_candidates=0 collapsed=0 topology_lambda=0.000e+00 time=W39.1/G4.5/S0.6s cache=0/1700 cuda_peak=13689MiB sleep_actions=[]
[Epoch 023] Wake: 100%|############| 1700/1700 [00:38<00:00, 44.30seq/s, events=136000, loss=2.7921, writes=2]
[Epoch 023] Global: 100%|################| 1700/1700 [00:04<00:00, 378.62seq-pass/s, batch=14/14, phase=train]
[Epoch 023] Sleep: 100%|############| 20/20 [00:00<00:00, 35.28step/s, actions=0, phase=light, pressure=0.289]
[MemoryTree][023/050] wake/event=2.792114 sleep_residual_utility=0.006192 writes=2 memorize=2 queue_split=0 wake_actions=A92740/R43258/M2/Q0 novelty=0.0369 weighted_sim=0.9261 wm_grad_max=4.713e+00 global/event=2.788113 mix_diag=2.8562 global_steps=14 prior_KL=9.851e-02 seq_H_cond=0.4532 seq_H_marg=0.5399 seq_MI=8.679e-02 post_KL_diag=3.150e-01 branch_distill=2.601e-01 probe=5.735e+00/0.512->0.521/0.083/0.514 frontier=7.00/12.99/6.00 enc_gate=0.229 enc_scale=0.017 teacher_conf=0.225 teacher_JS=6.988e-02 max_mass=0.0959 owner_hard=[0, 89, 0, 64, 0, 16, 7, 316, 45, 1, 2, 0, 650, 7, 2, 0, 123, 86, 175, 21, 96, 0, 0, 0, 0, 0, 0, 0, 0, 0, 0] mem_assign=[1848, 10602, 1079, 6516, 3946, 3584, 4125, 14645, 7566, 501, 4831, 1439, 19388, 3326, 3389, 305, 8177, 6612, 10480, 5534, 9963, 832, 1319, 0, 0, 1, 3453, 1799, 313, 294, 133] topology_prune=on leaves=16 sleep_mode=light light_absorb=5 deep_probability=0.289 topology_action=null topology_gain=0.000e+00 topology_candidates=0 collapsed=0 topology_lambda=0.000e+00 time=W38.4/G4.5/S0.6s cache=0/1700 cuda_peak=13685MiB sleep_actions=[]
[Epoch 024] Wake: 100%|###########| 1700/1700 [00:37<00:00, 44.91seq/s, events=136000, loss=2.7779, writes=21]
[Epoch 024] Global: 100%|################| 1700/1700 [00:04<00:00, 377.79seq-pass/s, batch=14/14, phase=train]
[Epoch 024] Sleep: 100%|############| 20/20 [00:00<00:00, 34.57step/s, actions=0, phase=light, pressure=0.375]
[MemoryTree][024/050] wake/event=2.777878 sleep_residual_utility=0.009102 writes=21 memorize=0 queue_split=24 wake_actions=A93008/R42968/M0/Q24 novelty=0.0328 weighted_sim=0.9343 wm_grad_max=3.298e+00 global/event=2.785145 mix_diag=2.8827 global_steps=14 prior_KL=1.157e-01 seq_H_cond=0.4305 seq_H_marg=0.5250 seq_MI=9.443e-02 post_KL_diag=3.147e-01 branch_distill=2.612e-01 probe=5.816e+00/0.535->0.538/0.188/0.551 frontier=6.96/12.92/5.96 enc_gate=0.249 enc_scale=0.019 teacher_conf=0.246 teacher_JS=7.528e-02 max_mass=0.0845 owner_hard=[0, 18, 0, 1, 0,0, 0, 37, 0, 0, 1, 0, 1390, 0, 0, 0, 242, 0, 5, 3, 0, 3, 0, 0, 0, 0, 0, 0, 0, 0, 0] mem_assign=[1129, 13684, 1302, 3138, 2366, 985, 1749, 13564, 3793, 1650, 5695, 621, 39287, 1424, 1066, 1041, 14695, 1870, 8899, 6503, 5088, 2806, 212, 0, 0, 327, 2606, 338, 162, 0, 0] topology_prune=on leaves=16 sleep_mode=light light_absorb=5 deep_probability=0.375 topology_action=null topology_gain=0.000e+00 topology_candidates=0 collapsed=0 topology_lambda=0.000e+00 time=W37.9/G4.5/S0.6s cache=0/1700 cuda_peak=13639MiB sleep_actions=[]
[Epoch 025] Wake: 100%|############| 1700/1700 [00:37<00:00, 45.48seq/s, events=136000, loss=2.7717, writes=3]
[Epoch 025] Global: 100%|################| 1700/1700 [00:04<00:00, 377.99seq-pass/s, batch=14/14, phase=train]
[Epoch 025] Sleep: 100%|############| 20/20 [00:25<00:00,  1.28s/step, actions=0, phase=light, pressure=0.356]
[MemoryTree][025/050] wake/event=2.771714 sleep_residual_utility=0.006158 writes=3 memorize=0 queue_split=3 wake_actions=A92653/R43344/M0/Q3 novelty=0.0354 weighted_sim=0.9291 wm_grad_max=3.557e+00 global/event=2.764009 mix_diag=2.9008 global_steps=14 prior_KL=1.237e-01 seq_H_cond=0.4087 seq_H_marg=0.5179 seq_MI=1.092e-01 post_KL_diag=3.613e-01 branch_distill=2.735e-01 probe=6.281e+00/0.510->0.510/0.246/0.587 frontier=6.96/12.92/5.96 enc_gate=0.273 enc_scale=0.021 teacher_conf=0.267 teacher_JS=8.121e-02 max_mass=0.1019 owner_hard=[0, 0, 0, 0, 0, 0, 0, 19, 29, 0, 0, 0, 1565, 0, 0, 0, 35, 0, 52, 0, 0, 0, 0, 0, 0, 0, 0, 0, 0, 0, 0] mem_assign=[657, 8550, 496, 5316, 997, 577, 1314, 16180, 7501, 781, 1905, 512, 49346, 1239, 487, 483, 14475, 639, 13831, 2406, 3082, 752, 76, 1, 4, 65, 1751, 2132, 445, 0, 0] topology_prune=on leaves=16 sleep_mode=light light_absorb=5 deep_probability=0.356 topology_action=null topology_gain=0.000e+00 topology_candidates=20 collapsed=0 topology_lambda=0.000e+00 time=W37.4/G4.5/S25.7s cache=0/1700 cuda_peak=13638MiB sleep_actions=[]
[Epoch 026] Wake: 100%|############| 1700/1700 [00:37<00:00, 45.31seq/s, events=136000, loss=2.7627, writes=1]
[Epoch 026] Global: 100%|################| 1700/1700 [00:04<00:00, 382.05seq-pass/s, batch=14/14, phase=train]
[Epoch 026] Sleep: 100%|############| 20/20 [00:00<00:00, 34.89step/s, actions=0, phase=light, pressure=0.153]
[MemoryTree][026/050] wake/event=2.762676 sleep_residual_utility=0.006690 writes=1 memorize=0 queue_split=1 wake_actions=A92657/R43342/M0/Q1 novelty=0.0412 weighted_sim=0.9175 wm_grad_max=4.100e+00 global/event=2.756261 mix_diag=2.8942 global_steps=14 prior_KL=1.122e-01 seq_H_cond=0.4109 seq_H_marg=0.5279 seq_MI=1.170e-01 post_KL_diag=3.851e-01 branch_distill=2.828e-01 probe=6.360e+00/0.522->0.525/0.374/0.600 frontier=6.96/12.92/5.96 enc_gate=0.292 enc_scale=0.022 teacher_conf=0.279 teacher_JS=8.061e-02 max_mass=0.1097 owner_hard=[0, 3, 0, 4, 0, 0, 0, 78, 43, 0, 0, 0, 1308, 17, 0, 0, 54, 0, 186, 0, 7, 0, 0, 0, 0, 0, 0, 0, 0, 0, 0] mem_assign=[684, 11029, 537, 7548, 1319, 1199, 1749, 16976, 7457, 478, 1079, 1602, 37506, 3233, 2098, 719, 11699, 778, 14158, 2553, 5161, 660, 1045, 0, 1, 66, 20, 2440, 2206, 0, 0] topology_prune=on leaves=16 sleep_mode=light light_absorb=5 deep_probability=0.153 topology_action=null topology_gain=0.000e+00 topology_candidates=0 collapsed=0 topology_lambda=0.000e+00 time=W37.5/G4.5/S0.6s cache=0/1700 cuda_peak=13639MiB sleep_actions=[]
[Epoch 027] Wake: 100%|###########| 1700/1700 [00:37<00:00, 44.94seq/s, events=136000, loss=2.7582, writes=11]
[Epoch 027] Global: 100%|################| 1700/1700 [00:04<00:00, 379.94seq-pass/s, batch=14/14, phase=train]
[Epoch 027] Sleep: 100%|#############| 20/20 [00:25<00:00,  1.29s/step, actions=4, phase=deep, pressure=0.223]
[MemoryTree][027/050] wake/event=2.758229 sleep_residual_utility=0.007617 writes=11 memorize=11 queue_split=1 wake_actions=A92668/R43320/M11/Q1 novelty=0.0481 weighted_sim=0.9039 wm_grad_max=4.052e+00 global/event=2.798207 mix_diag=2.8826 global_steps=14 prior_KL=1.159e-01 seq_H_cond=0.4325 seq_H_marg=0.5356 seq_MI=1.031e-01 post_KL_diag=3.899e-01 branch_distill=2.969e-01 probe=6.683e+00/0.550->0.547/0.510/0.663 frontier=6.96/12.92/5.96 enc_gate=0.293 enc_scale=0.024 teacher_conf=0.303 teacher_JS=8.181e-02 max_mass=0.0936 owner_hard=[0, 23, 0, 9, 0,0, 3, 101, 11, 0, 0, 2, 1251, 2, 0, 0, 4, 0, 170, 0, 89, 1, 0, 0, 0, 0, 34, 0, 0] mem_assign=[527, 12494, 718, 6697, 1164, 1260, 2727, 14574, 7598, 435, 1956, 4521, 32542, 1652, 2534, 1193, 5480, 171, 12892, 4043, 8366, 2789, 2293, 7, 24, 4018, 3324, 1, 0] topology_prune=on leaves=15 sleep_mode=deep light_absorb=6 deep_probability=0.223 topology_action=topology_prune topology_gain=1.814e-04 topology_candidates=20collapsed=0 topology_lambda=0.000e+00 time=W37.8/G4.5/S25.8s cache=0/1700 cuda_peak=13639MiB sleep_actions=['topology_prune', 'promotion','promotion', 'promotion']
[Epoch 028] Wake: 100%|###########| 1700/1700 [00:39<00:00, 43.45seq/s, events=136000, loss=2.8109, writes=18]
[Epoch 028] Global: 100%|################| 1700/1700 [00:04<00:00, 391.64seq-pass/s, batch=14/14, phase=train]
[Epoch 028] Sleep: 100%|############| 19/19 [00:00<00:00, 33.69step/s, actions=0, phase=light, pressure=0.166]
[MemoryTree][028/050] wake/event=2.810920 sleep_residual_utility=0.008215 writes=18 memorize=0 queue_split=20 wake_actions=A92642/R43338/M0/Q20 novelty=0.0389 weighted_sim=0.9222 wm_grad_max=3.609e+00 global/event=2.807820 mix_diag=2.9394 global_steps=14 prior_KL=1.164e-01 seq_H_cond=0.4142 seq_H_marg=0.5159 seq_MI=1.016e-01 post_KL_diag=3.087e-01 branch_distill=2.693e-01 probe=5.757e+00/0.544->0.542/0.260/0.522 frontier=7.00/13.00/6.00 enc_gate=0.226 enc_scale=0.021 teacher_conf=0.241 teacher_JS=7.847e-02 max_mass=0.0704 owner_hard=[0, 25, 0, 0, 0,0, 0, 2, 11, 0, 0, 42, 1563, 0, 0, 0, 0, 3, 54, 0, 0, 0, 0, 0, 0, 0, 0, 0, 0] mem_assign=[923, 14215, 1030, 4129, 1311, 701, 8526, 9702, 5350, 118, 1276, 14776, 43011, 1322, 190, 2172, 2181, 3219, 6646, 806, 1956, 4701, 3441, 1073, 3114, 46, 5, 0, 60] topology_prune=on leaves=15 sleep_mode=light light_absorb=5 deep_probability=0.166 topology_action=null topology_gain=0.000e+00 topology_candidates=0 collapsed=0 topology_lambda=0.000e+00 time=W39.1/G4.3/S0.6s cache=0/1700 cuda_peak=13689MiB sleep_actions=[]
[Epoch 029] Wake: 100%|############| 1700/1700 [00:39<00:00, 42.77seq/s, events=136000, loss=2.8050, writes=4]
[Epoch 029] Global: 100%|################| 1700/1700 [00:04<00:00, 382.85seq-pass/s, batch=14/14, phase=train]
[Epoch 029] Sleep: 100%|############| 19/19 [00:00<00:00, 32.85step/s, actions=0, phase=light, pressure=0.243]
[MemoryTree][029/050] wake/event=2.804984 sleep_residual_utility=0.007611 writes=4 memorize=0 queue_split=4 wake_actions=A92784/R43212/M0/Q4 novelty=0.0442 weighted_sim=0.9116 wm_grad_max=3.590e+00 global/event=2.786707 mix_diag=2.8888 global_steps=14 prior_KL=8.767e-02 seq_H_cond=0.4338 seq_H_marg=0.5330 seq_MI=9.923e-02 post_KL_diag=3.050e-01 branch_distill=2.808e-01 probe=5.659e+00/0.531->0.528/0.150/0.496 frontier=6.96/12.92/5.96 enc_gate=0.231 enc_scale=0.018 teacher_conf=0.227 teacher_JS=7.227e-02 max_mass=0.0949 owner_hard=[0, 53, 0, 82, 1, 0, 85, 266, 191, 83, 0, 131, 591, 9, 0, 0, 4, 0, 17, 0, 0, 153, 33, 0, 1, 0, 0, 0, 0] mem_assign=[2072, 9745, 2780, 8901, 3327, 1245, 8994, 15118, 12500, 6182, 1138, 9607, 19323, 3153, 1871, 1785, 4336, 1135, 4150, 0, 1792, 9104, 6606, 53, 973, 82, 28, 0, 0] topology_prune=on leaves=15 sleep_mode=light light_absorb=7 deep_probability=0.243 topology_action=null topology_gain=0.000e+00 topology_candidates=0 collapsed=0 topology_lambda=0.000e+00 time=W39.8/G4.4/S0.6s cache=0/1700 cuda_peak=13639MiB sleep_actions=[]
[Epoch 030] Wake: 100%|############| 1700/1700 [00:38<00:00, 43.81seq/s, events=136000, loss=2.7694, writes=0]
[Epoch 030] Global: 100%|################| 1700/1700 [00:04<00:00, 383.70seq-pass/s, batch=14/14, phase=train]
[Epoch 030] Sleep: 100%|############| 19/19 [00:31<00:00,  1.65s/step, actions=0, phase=light, pressure=0.270]
[MemoryTree][030/050] wake/event=2.769429 sleep_residual_utility=0.006231 writes=0 memorize=0 queue_split=0 wake_actions=A92948/R43052/M0/Q0 novelty=0.0379 weighted_sim=0.9241 wm_grad_max=4.588e+00 global/event=2.789797 mix_diag=2.8595 global_steps=14 prior_KL=1.000e-01 seq_H_cond=0.4175 seq_H_marg=0.5382 seq_MI=1.208e-01 post_KL_diag=3.105e-01 branch_distill=2.980e-01 probe=6.073e+00/0.509->0.516/0.167/0.506 frontier=6.96/12.92/5.96 enc_gate=0.257 enc_scale=0.019 teacher_conf=0.244 teacher_JS=8.144e-02 max_mass=0.0941 owner_hard=[0, 0, 0, 4, 0, 0, 0, 25, 1, 0, 0, 0, 1644, 0, 0, 0, 5, 0, 18, 0, 0, 3, 0, 0, 0, 0, 0, 0, 0] mem_assign=[473, 5800, 630, 9686, 662, 740, 2417, 14025, 11167, 1338, 1298, 3774, 44247, 2698, 1926, 288, 7650, 520, 10170, 323, 5391, 4260, 3364, 124, 2652, 181, 195, 0, 1] topology_prune=on leaves=15 sleep_mode=light light_absorb=8 deep_probability=0.270 topology_action=null topology_gain=0.000e+00 topology_candidates=20 collapsed=0 topology_lambda=0.000e+00 time=W38.8/G4.4/S31.3s cache=0/1700 cuda_peak=13638MiB sleep_actions=[]
[Epoch 031] Wake: 100%|############| 1700/1700 [00:39<00:00, 43.25seq/s, events=136000, loss=2.7888, writes=5]
[Epoch 031] Global: 100%|################| 1700/1700 [00:04<00:00, 372.56seq-pass/s, batch=14/14, phase=train]
[Epoch 031] Sleep: 100%|############| 19/19 [00:00<00:00, 32.71step/s, actions=0, phase=light, pressure=0.142]
[MemoryTree][031/050] wake/event=2.788799 sleep_residual_utility=0.009067 writes=5 memorize=0 queue_split=5 wake_actions=A92869/R43126/M0/Q5 novelty=0.0442 weighted_sim=0.9115 wm_grad_max=4.611e+00 global/event=2.787248 mix_diag=2.8460 global_steps=14 prior_KL=9.343e-02 seq_H_cond=0.4309 seq_H_marg=0.5646 seq_MI=1.337e-01 post_KL_diag=3.019e-01 branch_distill=3.049e-01 probe=6.197e+00/0.497->0.501/0.106/0.483 frontier=6.90/12.80/5.90 enc_gate=0.223 enc_scale=0.019 teacher_conf=0.230 teacher_JS=8.250e-02 max_mass=0.1032 owner_hard=[0, 13, 0, 85, 0, 0, 0, 252, 51, 36, 13, 0, 852, 10, 0, 0, 244, 0, 23, 0, 0, 118, 0, 0, 3, 0, 0, 0, 0] mem_assign=[956, 7522, 907, 13548, 1013, 1489, 3192, 16212, 8994, 6301, 5015, 1966, 23295, 5182, 1556, 790, 13190, 291, 6847, 9, 634, 9694, 2037, 1601, 3726, 22, 8, 3, 0] topology_prune=on leaves=15 sleep_mode=light light_absorb=8 deep_probability=0.142 topology_action=null topology_gain=0.000e+00 topology_candidates=0 collapsed=0 topology_lambda=0.000e+00 time=W39.3/G4.6/S0.6s cache=0/1700 cuda_peak=13578MiB sleep_actions=[]
[Epoch 032] Wake: 100%|############| 1700/1700 [00:38<00:00, 43.98seq/s, events=136000, loss=2.7793, writes=1]
[Epoch 032] Global: 100%|################| 1700/1700 [00:04<00:00, 379.12seq-pass/s, batch=14/14, phase=train]
[Epoch 032] Sleep: 100%|############| 19/19 [00:00<00:00, 32.04step/s, actions=0, phase=light, pressure=0.225]
[MemoryTree][032/050] wake/event=2.779326 sleep_residual_utility=0.006376 writes=1 memorize=0 queue_split=1 wake_actions=A92876/R43123/M0/Q1 novelty=0.0475 weighted_sim=0.9049 wm_grad_max=4.481e+00 global/event=2.786420 mix_diag=2.8308 global_steps=14 prior_KL=9.292e-02 seq_H_cond=0.4311 seq_H_marg=0.5660 seq_MI=1.349e-01 post_KL_diag=2.872e-01 branch_distill=2.937e-01 probe=6.055e+00/0.496->0.501/0.057/0.459 frontier=6.88/12.76/5.88 enc_gate=0.208 enc_scale=0.017 teacher_conf=0.211 teacher_JS=7.719e-02 max_mass=0.0973 owner_hard=[0, 0, 0, 42, 0, 128, 0, 191, 11, 82, 1, 0, 1022, 0, 0, 0, 157, 0, 5, 0, 4, 0, 0, 57, 0, 0, 0, 0, 0] mem_assign=[806, 4868, 857, 14339, 1002, 8752, 1022, 15799, 5539, 9719, 5983, 1025, 27916, 1651, 972, 106, 11140, 137, 6418, 309, 4408, 2705, 446, 7622, 1792, 127, 158, 309, 73] topology_prune=on leaves=15 sleep_mode=light light_absorb=8 deep_probability=0.225 topology_action=null topology_gain=0.000e+00 topology_candidates=0 collapsed=0 topology_lambda=0.000e+00 time=W38.7/G4.5/S0.6s cache=0/1700 cuda_peak=13582MiB sleep_actions=[]
[Epoch 033] Wake: 100%|############| 1700/1700 [00:39<00:00, 43.59seq/s, events=136000, loss=2.7819, writes=0]
[Epoch 033] Global: 100%|################| 1700/1700 [00:04<00:00, 377.02seq-pass/s, batch=14/14, phase=train]
[Epoch 033] Sleep: 100%|############| 19/19 [00:00<00:00, 32.26step/s, actions=0, phase=light, pressure=0.251]
[MemoryTree][033/050] wake/event=2.781906 sleep_residual_utility=0.010212 writes=0 memorize=0 queue_split=0 wake_actions=A92620/R43380/M0/Q0 novelty=0.0517 weighted_sim=0.8965 wm_grad_max=5.169e+00 global/event=2.782886 mix_diag=2.8767 global_steps=14 prior_KL=9.269e-02 seq_H_cond=0.4218 seq_H_marg=0.5662 seq_MI=1.444e-01 post_KL_diag=3.041e-01 branch_distill=2.870e-01 probe=5.714e+00/0.513->0.516/0.059/0.453 frontier=6.90/12.81/5.90 enc_gate=0.213 enc_scale=0.017 teacher_conf=0.211 teacher_JS=7.807e-02 max_mass=0.1006 owner_hard=[0, 0, 0, 18, 0, 0,0, 126, 55, 1, 1, 0, 1287, 0, 0, 0, 190, 0, 5, 0, 3, 0, 0, 14, 0, 0, 0, 0, 0] mem_assign=[559, 5457, 711, 14796, 1171, 2404, 670, 14655, 5145, 6373, 5918, 771, 37634, 866, 2098, 433, 12680, 419, 7113, 1175, 3422, 237, 58, 7978, 2365, 567, 41, 274, 10] topology_prune=on leaves=15 sleep_mode=light light_absorb=7 deep_probability=0.251 topology_action=null topology_gain=0.000e+00 topology_candidates=0 collapsed=0 topology_lambda=0.000e+00 time=W39.0/G4.5/S0.6s cache=0/1700 cuda_peak=13621MiB sleep_actions=[]
[Epoch 034] Wake: 100%|############| 1700/1700 [00:39<00:00, 43.44seq/s, events=136000, loss=2.7766, writes=0]
[Epoch 034] Global: 100%|################| 1700/1700 [00:04<00:00, 380.44seq-pass/s, batch=14/14, phase=train]
[Epoch 034] Sleep: 100%|#############| 19/19 [00:30<00:00,  1.61s/step, actions=3, phase=deep, pressure=0.254]
[MemoryTree][034/050] wake/event=2.776612 sleep_residual_utility=0.008296 writes=0 memorize=0 queue_split=0 wake_actions=A92772/R43228/M0/Q0 novelty=0.0602 weighted_sim=0.8796 wm_grad_max=5.083e+00 global/event=2.772683 mix_diag=2.8987 global_steps=14 prior_KL=7.837e-02 seq_H_cond=0.4236 seq_H_marg=0.5646 seq_MI=1.410e-01 post_KL_diag=3.318e-01 branch_distill=2.794e-01 probe=5.519e+00/0.551->0.549/0.109/0.460 frontier=6.92/12.84/5.92 enc_gate=0.238 enc_scale=0.018 teacher_conf=0.231 teacher_JS=7.544e-02 max_mass=0.1092 owner_hard=[0, 0, 0, 16, 0, 0,0, 101, 3, 0, 12, 0, 1497, 0, 3, 0, 50, 7, 1, 0, 0, 0, 0, 1, 9, 0, 0] mem_assign=[697, 4083, 919, 13784, 860, 943, 1266, 16604, 2855, 927,5415, 1039, 40260, 526, 3088, 339, 6753, 6366, 7667, 3342, 1980, 0, 3, 5276, 8035, 986, 1257] topology_prune=on leaves=14 sleep_mode=deep light_absorb=9 deep_probability=0.254 topology_action=topology_prune topology_gain=4.232e-05 topology_candidates=20 collapsed=0 topology_lambda=0.000e+00 time=W39.1/G4.5/S30.5s cache=0/1700 cuda_peak=13616MiB sleep_actions=['topology_prune', 'promotion', 'promotion']
[Epoch 035] Wake: 100%|############| 1700/1700 [00:38<00:00, 44.06seq/s, events=136000, loss=2.7534, writes=0]
[Epoch 035] Global: 100%|################| 1700/1700 [00:04<00:00, 391.05seq-pass/s, batch=14/14, phase=train]
[Epoch 035] Sleep: 100%|############| 18/18 [00:28<00:00,  1.56s/step, actions=0, phase=light, pressure=0.132]
[MemoryTree][035/050] wake/event=2.753394 sleep_residual_utility=0.007467 writes=0 memorize=0 queue_split=0 wake_actions=A92878/R43122/M0/Q0 novelty=0.0598 weighted_sim=0.8804 wm_grad_max=5.129e+00 global/event=2.760852 mix_diag=2.9160 global_steps=14 prior_KL=9.208e-02 seq_H_cond=0.4170 seq_H_marg=0.5511 seq_MI=1.341e-01 post_KL_diag=3.611e-01 branch_distill=2.787e-01 probe=5.517e+00/0.586->0.579/0.294/0.556 frontier=6.95/12.89/5.95 enc_gate=0.248 enc_scale=0.020 teacher_conf=0.250 teacher_JS=7.738e-02 max_mass=0.0961 owner_hard=[0, 0, 0, 15, 0, 0,0, 97, 0, 1, 0, 0, 1442, 1, 2, 0, 111, 0, 20, 0, 0, 0, 0, 1, 10, 0, 0] mem_assign=[624, 7230, 1108, 13729, 1605, 1311, 2460, 14972, 2897, 3210, 3343, 1776, 40144, 1780, 3002, 1556, 10521, 1866, 7609, 890, 1030, 672, 913, 3048, 7762, 495, 447] topology_prune=on leaves=14 sleep_mode=light light_absorb=4 deep_probability=0.132 topology_action=null topology_gain=0.000e+00 topology_candidates=20 collapsed=0 topology_lambda=0.000e+00 time=W38.6/G4.3/S28.2s cache=0/1700 cuda_peak=13689MiB sleep_actions=[]
[Epoch 036] Wake: 100%|############| 1700/1700 [00:39<00:00, 43.49seq/s, events=136000, loss=2.7494, writes=6]
[Epoch 036] Global: 100%|################| 1700/1700 [00:04<00:00, 391.78seq-pass/s, batch=14/14, phase=train]
[Epoch 036] Sleep: 100%|#############| 18/18 [00:29<00:00,  1.65s/step, actions=2, phase=deep, pressure=0.139]
[MemoryTree][036/050] wake/event=2.749416 sleep_residual_utility=0.009045 writes=6 memorize=1 queue_split=5 wake_actions=A93146/R42848/M1/Q5 novelty=0.1306 weighted_sim=0.7388 wm_grad_max=5.001e+00 global/event=2.756861 mix_diag=2.9080 global_steps=14 prior_KL=9.676e-02 seq_H_cond=0.4207 seq_H_marg=0.5401 seq_MI=1.194e-01 post_KL_diag=3.618e-01 branch_distill=2.834e-01 probe=5.463e+00/0.598->0.593/0.395/0.557 frontier=6.96/12.92/5.96 enc_gate=0.248 enc_scale=0.020 teacher_conf=0.251 teacher_JS=7.562e-02 max_mass=0.0781 owner_hard=[0, 3, 0, 16, 0, 0,0, 80, 0, 2, 0, 0, 1380, 0, 8, 1, 106, 0, 9, 0, 92, 0, 0, 0, 3, 0, 0] mem_assign=[537, 6370, 851, 12196, 1638, 653, 2309, 12513, 1700, 3549, 1134, 1688, 39930, 1366, 3377, 3570, 13684, 404, 8810, 338, 9063, 1747, 1731, 1186, 4538, 583, 535] topology_prune=on leaves=14 sleep_mode=deep light_absorb=7 deep_probability=0.139 topology_action=null topology_gain=0.000e+00 topology_candidates=20 collapsed=0 topology_lambda=0.000e+00 time=W39.1/G4.3/S29.7s cache=0/1700 cuda_peak=13689MiB sleep_actions=['promotion', 'promotion']
[Epoch 037] Wake: 100%|##########| 1700/1700 [00:44<00:00, 37.93seq/s, events=136000, loss=2.7493, writes=396]
[Epoch 037] Global: 100%|################| 1700/1700 [00:04<00:00, 391.56seq-pass/s, batch=14/14, phase=train]
[Epoch 037] Sleep: 100%|############| 18/18 [00:00<00:00, 29.04step/s, actions=0, phase=light, pressure=0.168]
[MemoryTree][037/050] wake/event=2.749282 sleep_residual_utility=0.009201 writes=396 memorize=1 queue_split=496 wake_actions=A92899/R42604/M1/Q496 novelty=0.0991 weighted_sim=0.8019 wm_grad_max=5.105e+00 global/event=2.750690 mix_diag=2.9051 global_steps=14 prior_KL=8.026e-02 seq_H_cond=0.4377 seq_H_marg=0.5530 seq_MI=1.153e-01 post_KL_diag=3.566e-01 branch_distill=2.880e-01 probe=5.534e+00/0.577->0.576/0.263/0.510 frontier=6.96/12.92/5.96 enc_gate=0.236 enc_scale=0.020 teacher_conf=0.240 teacher_JS=7.230e-02 max_mass=0.0812 owner_hard=[0, 3, 0, 5, 0, 0, 0, 27, 2, 4, 0, 1, 1516, 0, 16, 0, 0, 0, 2, 0, 97, 16, 11, 0, 0, 0, 0] mem_assign=[750, 8621, 1152, 9620, 1763, 1882, 1679, 13087, 3291, 4970, 1664, 4433, 38503, 1413, 5251, 1372, 3690, 48, 6301, 181, 8170, 3929, 6283, 899, 5387, 551, 1110] topology_prune=on leaves=14 sleep_mode=light light_absorb=8 deep_probability=0.168 topology_action=null topology_gain=0.000e+00 topology_candidates=0 collapsed=0 topology_lambda=0.000e+00 time=W44.8/G4.3/S0.6s cache=0/1700 cuda_peak=13638MiB sleep_actions=[]
[Epoch 038] Wake: 100%|###########| 1700/1700 [00:39<00:00, 42.56seq/s, events=136000, loss=2.7591, writes=34]
[Epoch 038] Global: 100%|################| 1700/1700 [00:04<00:00, 394.08seq-pass/s, batch=14/14, phase=train]
[Epoch 038] Sleep: 100%|############| 18/18 [00:00<00:00, 29.09step/s, actions=0, phase=light, pressure=0.308]
[MemoryTree][038/050] wake/event=2.759069 sleep_residual_utility=0.008151 writes=34 memorize=3 queue_split=34 wake_actions=A93002/R42961/M3/Q34 novelty=0.0726 weighted_sim=0.8549 wm_grad_max=4.962e+00 global/event=2.764309 mix_diag=2.8316 global_steps=14 prior_KL=8.030e-02 seq_H_cond=0.4394 seq_H_marg=0.5732 seq_MI=1.338e-01 post_KL_diag=3.158e-01 branch_distill=3.075e-01 probe=5.763e+00/0.562->0.562/0.199/0.508 frontier=6.94/12.89/5.94 enc_gate=0.234 enc_scale=0.019 teacher_conf=0.231 teacher_JS=7.328e-02 max_mass=0.0835 owner_hard=[0, 0, 0, 55, 0,0, 0, 25, 0, 66, 0, 9, 1348, 4, 4, 17, 1, 0, 4, 0, 29, 39, 98, 0, 1, 0, 0] mem_assign=[940, 3875, 1457, 13922, 1361, 4396, 1039, 11683, 2540, 10383, 2700, 5897, 30422, 1902, 2715, 4309, 4566, 1, 3848, 86, 4789, 7265, 10018, 894, 3623, 456, 913] topology_prune=on leaves=14 sleep_mode=light light_absorb=8 deep_probability=0.308 topology_action=null topology_gain=0.000e+00 topology_candidates=0 collapsed=0 topology_lambda=0.000e+00 time=W39.9/G4.3/S0.6s cache=0/1700 cuda_peak=13612MiB sleep_actions=[]
[Epoch 039] Wake: 100%|############| 1700/1700 [00:39<00:00, 43.50seq/s, events=136000, loss=2.7690, writes=5]
[Epoch 039] Global: 100%|################| 1700/1700 [00:04<00:00, 390.94seq-pass/s, batch=14/14, phase=train]
[Epoch 039] Sleep: 100%|#############| 18/18 [00:35<00:00,  1.98s/step, actions=2, phase=deep, pressure=0.371]
[MemoryTree][039/050] wake/event=2.769014 sleep_residual_utility=0.028948 writes=5 memorize=0 queue_split=5 wake_actions=A92609/R43386/M0/Q5 novelty=0.0674 weighted_sim=0.8651 wm_grad_max=4.874e+00 global/event=2.778856 mix_diag=2.8631 global_steps=14 prior_KL=9.313e-02 seq_H_cond=0.4396 seq_H_marg=0.5545 seq_MI=1.149e-01 post_KL_diag=2.824e-01 branch_distill=3.018e-01 probe=5.775e+00/0.558->0.565/0.181/0.498 frontier=6.99/12.98/5.99 enc_gate=0.226 enc_scale=0.019 teacher_conf=0.233 teacher_JS=7.261e-02 max_mass=0.0991 owner_hard=[0, 0, 0, 38, 0, 43, 0, 2, 0, 10, 0, 0, 1495, 0, 0, 0, 0, 0, 0, 0, 108, 1, 0, 0, 3, 0, 0] mem_assign=[884, 5846, 948, 16253, 2144, 10015, 868, 5010, 2233, 6791, 3929, 1660, 37831, 638, 1732, 535, 3784, 860, 2607, 1261, 10363, 3176, 2204, 1310, 7090, 2348, 3680] topology_prune=on leaves=14 sleep_mode=deep light_absorb=7 deep_probability=0.371 topology_action=null topology_gain=0.000e+00 topology_candidates=21 collapsed=0 topology_lambda=0.000e+00 time=W39.1/G4.3/S35.7s cache=0/1700 cuda_peak=13689MiB sleep_actions=['promotion', 'promotion']
[Epoch 040] Wake: 100%|############| 1700/1700 [00:38<00:00, 44.05seq/s, events=136000, loss=2.7670, writes=9]
[Epoch 040] Global: 100%|################| 1700/1700 [00:04<00:00, 394.08seq-pass/s, batch=14/14, phase=train]
[Epoch 040] Sleep: 100%|############| 18/18 [00:34<00:00,  1.91s/step, actions=0, phase=light, pressure=0.189]
[MemoryTree][040/050] wake/event=2.766982 sleep_residual_utility=0.022708 writes=9 memorize=10 queue_split=2 wake_actions=A92792/R43196/M10/Q2 novelty=0.0687 weighted_sim=0.8626 wm_grad_max=4.982e+00 global/event=2.762640 mix_diag=2.8933 global_steps=14 prior_KL=8.284e-02 seq_H_cond=0.4552 seq_H_marg=0.5691 seq_MI=1.139e-01 post_KL_diag=2.978e-01 branch_distill=2.835e-01 probe=5.627e+00/0.558->0.554/0.154/0.483 frontier=6.89/12.78/5.89 enc_gate=0.225 enc_scale=0.018 teacher_conf=0.225 teacher_JS=6.910e-02 max_mass=0.1292 owner_hard=[0, 0, 0, 382, 6,103, 0, 16, 2, 87, 148, 0, 812, 23, 0, 20, 2, 0, 1, 0, 0, 0, 0, 0, 98, 0, 0] mem_assign=[1391, 2907, 1081, 20026, 3280, 8875, 515, 8561, 3035, 11514, 11067, 1793, 24517, 6013, 2837, 1986, 5719, 233, 3537, 293, 1745, 639, 1773, 311, 10467, 571, 1314] topology_prune=on leaves=14sleep_mode=light light_absorb=10 deep_probability=0.189 topology_action=null topology_gain=0.000e+00 topology_candidates=21 collapsed=0 topology_lambda=0.000e+00 time=W38.6/G4.3/S34.4s cache=0/1700 cuda_peak=13686MiB sleep_actions=[]
[Epoch 041] Wake: 100%|############| 1700/1700 [00:38<00:00, 43.80seq/s, events=136000, loss=2.7410, writes=4]
[Epoch 041] Global: 100%|################| 1700/1700 [00:04<00:00, 388.77seq-pass/s, batch=14/14, phase=train]
[Epoch 041] Sleep: 100%|############| 18/18 [00:00<00:00, 29.31step/s, actions=0, phase=light, pressure=0.199]
[MemoryTree][041/050] wake/event=2.741021 sleep_residual_utility=0.009278 writes=4 memorize=0 queue_split=4 wake_actions=A92817/R43179/M0/Q4 novelty=0.0666 weighted_sim=0.8669 wm_grad_max=5.173e+00 global/event=2.746690 mix_diag=2.8764 global_steps=14 prior_KL=7.546e-02 seq_H_cond=0.4544 seq_H_marg=0.5758 seq_MI=1.215e-01 post_KL_diag=3.165e-01 branch_distill=2.834e-01 probe=5.584e+00/0.539->0.538/0.113/0.467 frontier=6.98/12.97/5.98 enc_gate=0.235 enc_scale=0.018 teacher_conf=0.231 teacher_JS=7.134e-02 max_mass=0.1023 owner_hard=[0, 0, 0, 87, 0, 3,0, 0, 0, 89, 255, 0, 1102, 0, 0, 24, 82, 0, 0, 0, 0, 0, 1, 0, 57, 0, 0] mem_assign=[924, 2909, 1039, 16691, 1585, 4221, 842, 5146, 2201, 13242, 15136, 1263, 30011, 2809, 1199, 4047, 10107, 50, 3011, 135, 1188, 1659, 2767, 993, 10257, 330, 2238] topology_prune=on leaves=14 sleep_mode=light light_absorb=8 deep_probability=0.199 topology_action=null topology_gain=0.000e+00 topology_candidates=0 collapsed=0 topology_lambda=0.000e+00 time=W38.8/G4.4/S0.6s cache=0/1700 cuda_peak=13681MiB sleep_actions=[]
[Epoch 042] Wake: 100%|############| 1700/1700 [00:38<00:00, 43.77seq/s, events=136000, loss=2.7481, writes=3]
[Epoch 042] Global: 100%|################| 1700/1700 [00:04<00:00, 393.16seq-pass/s, batch=14/14, phase=train]
[Epoch 042] Sleep: 100%|#############| 18/18 [00:36<00:00,  2.00s/step, actions=1, phase=deep, pressure=0.311]
[MemoryTree][042/050] wake/event=2.748137 sleep_residual_utility=0.008616 writes=3 memorize=0 queue_split=3 wake_actions=A92832/R43165/M0/Q3 novelty=0.0880 weighted_sim=0.8239 wm_grad_max=4.590e+00 global/event=2.739837 mix_diag=2.9508 global_steps=14 prior_KL=7.578e-02 seq_H_cond=0.4542 seq_H_marg=0.5639 seq_MI=1.097e-01 post_KL_diag=3.093e-01 branch_distill=2.695e-01 probe=5.622e+00/0.524->0.523/0.111/0.470 frontier=6.99/12.99/5.99 enc_gate=0.243 enc_scale=0.019 teacher_conf=0.246 teacher_JS=7.040e-02 max_mass=0.0966 owner_hard=[0, 0, 0, 41, 0, 0,0, 0, 0, 0, 1, 0, 1633, 0, 0, 0, 0, 8, 0, 0, 0, 0, 0, 0, 14, 0, 3] mem_assign=[933, 5221, 452, 16171, 3325, 3921, 1191, 6435, 1982, 4424, 4271, 1085, 46293, 738, 1366, 77, 2899, 5581, 1819, 2782, 2603, 122, 608, 1301, 8873, 3519, 8008] topology_prune=on leaves=14 sleep_mode=deep light_absorb=7 deep_probability=0.311 topology_action=null topology_gain=0.000e+00 topology_candidates=21 collapsed=0 topology_lambda=0.000e+00 time=W38.8/G4.3/S36.0s cache=0/1700 cuda_peak=13691MiB sleep_actions=['promotion']
[Epoch 043] Wake: 100%|############| 1700/1700 [00:38<00:00, 44.08seq/s, events=136000, loss=2.7329, writes=2]
[Epoch 043] Global: 100%|################| 1700/1700 [00:04<00:00, 391.45seq-pass/s, batch=14/14, phase=train]
[Epoch 043] Sleep: 100%|############| 18/18 [00:00<00:00, 29.19step/s, actions=0, phase=light, pressure=0.186]
[MemoryTree][043/050] wake/event=2.732884 sleep_residual_utility=0.018943 writes=2 memorize=0 queue_split=2 wake_actions=A92815/R43183/M0/Q2 novelty=0.0693 weighted_sim=0.8614 wm_grad_max=4.657e+00 global/event=2.736397 mix_diag=3.0046 global_steps=14 prior_KL=7.835e-02 seq_H_cond=0.4493 seq_H_marg=0.5635 seq_MI=1.143e-01 post_KL_diag=3.015e-01 branch_distill=2.601e-01 probe=5.586e+00/0.531->0.525/0.115/0.447 frontier=6.99/12.97/5.99 enc_gate=0.233 enc_scale=0.019 teacher_conf=0.236 teacher_JS=6.919e-02 max_mass=0.0716 owner_hard=[0, 0, 0, 41, 61, 30, 0, 25, 10, 6, 158, 0, 1262, 6, 0, 1, 8, 0, 2, 0, 0, 0, 0, 0, 89, 0, 1] mem_assign=[1364, 3546, 664, 11517, 6924, 8732, 1385, 6908, 3240,7939, 13645, 1451, 33598, 2519, 1700, 638, 4665, 1575, 2995, 2081, 2408, 102, 966, 441, 11103, 975, 2919] topology_prune=on leaves=14 sleep_mode=light light_absorb=8 deep_probability=0.186 topology_action=null topology_gain=0.000e+00 topology_candidates=0 collapsed=0 topology_lambda=0.000e+00 time=W38.6/G4.3/S0.6s cache=0/1700 cuda_peak=13691MiB sleep_actions=[]
[Epoch 044] Wake: 100%|############| 1700/1700 [00:38<00:00, 43.99seq/s, events=136000, loss=2.7299, writes=0]
[Epoch 044] Global: 100%|################| 1700/1700 [00:04<00:00, 392.83seq-pass/s, batch=14/14, phase=train]
[Epoch 044] Sleep: 100%|############| 18/18 [00:00<00:00, 29.61step/s, actions=0, phase=light, pressure=0.276]
[MemoryTree][044/050] wake/event=2.729906 sleep_residual_utility=0.018804 writes=0 memorize=0 queue_split=0 wake_actions=A92586/R43414/M0/Q0 novelty=0.0629 weighted_sim=0.8743 wm_grad_max=4.616e+00 global/event=2.737043 mix_diag=2.9790 global_steps=14 prior_KL=6.975e-02 seq_H_cond=0.4470 seq_H_marg=0.5689 seq_MI=1.219e-01 post_KL_diag=3.078e-01 branch_distill=2.752e-01 probe=5.595e+00/0.527->0.530/0.148/0.439 frontier=6.96/12.92/5.96 enc_gate=0.223 enc_scale=0.018 teacher_conf=0.226 teacher_JS=7.370e-02 max_mass=0.0920 owner_hard=[0, 0, 0, 52, 5, 134, 0, 61, 23, 131, 274, 0, 872, 4, 4, 0, 6, 0, 40, 21, 5, 0, 0, 0, 68, 0, 0] mem_assign=[1284, 2864, 503, 10196, 3184, 11666, 1146, 10304, 3757, 13724, 15099, 1735, 24022, 2062, 2822, 284, 4667, 864, 4654, 5077, 3354, 64, 323, 247, 10064, 589, 1445] topology_prune=on leaves=14 sleep_mode=light light_absorb=9 deep_probability=0.276 topology_action=null topology_gain=0.000e+00 topology_candidates=0 collapsed=0 topology_lambda=0.000e+00 time=W38.6/G4.3/S0.6s cache=0/1700 cuda_peak=13691MiB sleep_actions=[]
[Epoch 045] Wake: 100%|###########| 1700/1700 [00:38<00:00, 43.77seq/s, events=136000, loss=2.7399, writes=13]
[Epoch 045] Global: 100%|################| 1700/1700 [00:04<00:00, 390.59seq-pass/s, batch=14/14, phase=train]
[Epoch 045] Sleep: 100%|############| 18/18 [00:34<00:00,  1.91s/step, actions=0, phase=light, pressure=0.375]
[MemoryTree][045/050] wake/event=2.739869 sleep_residual_utility=0.008689 writes=13 memorize=0 queue_split=13 wake_actions=A92655/R43332/M0/Q13 novelty=0.0735 weighted_sim=0.8531 wm_grad_max=5.138e+00 global/event=2.747213 mix_diag=2.9806 global_steps=14 prior_KL=6.479e-02 seq_H_cond=0.4552 seq_H_marg=0.5724 seq_MI=1.172e-01 post_KL_diag=3.034e-01 branch_distill=2.908e-01 probe=5.745e+00/0.512->0.508/0.065/0.385 frontier=7.00/13.00/6.00 enc_gate=0.200 enc_scale=0.017 teacher_conf=0.207 teacher_JS=7.225e-02 max_mass=0.0942 owner_hard=[0, 0, 0, 2, 5, 202, 0, 1, 0, 116, 100, 0, 1020, 0, 0, 0, 2, 8, 0, 206, 2, 0, 0, 0, 23, 0, 13] mem_assign=[1331, 3638, 1026, 4032, 2981, 14979, 1540, 4542,1265, 14040, 11861, 1959, 28004, 1381, 1263, 506, 3396, 3822, 1427, 10637, 5365, 59, 265, 747, 8184, 1548, 6202] topology_prune=on leaves=14 sleep_mode=light light_absorb=9 deep_probability=0.375 topology_action=null topology_gain=0.000e+00 topology_candidates=21 collapsed=0 topology_lambda=0.000e+00 time=W38.8/G4.4/S34.3s cache=0/1700 cuda_peak=13641MiB sleep_actions=[]
[Epoch 046] Wake: 100%|###########| 1700/1700 [00:38<00:00, 43.94seq/s, events=136000, loss=2.7349, writes=11]
[Epoch 046] Global: 100%|################| 1700/1700 [00:04<00:00, 394.74seq-pass/s, batch=14/14, phase=train]
[Epoch 046] Sleep: 100%|############| 18/18 [00:00<00:00, 29.55step/s, actions=0, phase=light, pressure=0.182]
[MemoryTree][046/050] wake/event=2.734928 sleep_residual_utility=0.008734 writes=11 memorize=5 queue_split=6 wake_actions=A92857/R43132/M5/Q6 novelty=0.0812 weighted_sim=0.8376 wm_grad_max=3.987e+00 global/event=2.746264 mix_diag=2.9984 global_steps=14 prior_KL=4.097e-02 seq_H_cond=0.4812 seq_H_marg=0.5785 seq_MI=9.729e-02 post_KL_diag=3.283e-01 branch_distill=3.185e-01 probe=5.806e+00/0.484->0.480/0.036/0.399 frontier=6.96/12.92/5.96 enc_gate=0.218 enc_scale=0.016 teacher_conf=0.213 teacher_JS=7.251e-02 max_mass=0.0842 owner_hard=[0, 4, 0, 53, 30, 173, 0, 125, 2, 209, 6, 82, 400, 3, 16, 0, 0, 455, 12, 2, 0, 0, 0, 0, 128, 0, 0] mem_assign=[2971, 4697, 1406, 6249, 6696, 10714, 4182, 9019, 3392, 12832, 5798, 9469, 14347, 3313, 4509, 35, 1317, 12312, 4613, 3256, 1803, 4, 82, 663, 9084, 1053, 2184] topology_prune=on leaves=14sleep_mode=light light_absorb=10 deep_probability=0.182 topology_action=null topology_gain=0.000e+00 topology_candidates=0 collapsed=0 topology_lambda=0.000e+00 time=W38.7/G4.3/S0.6s cache=0/1700 cuda_peak=13691MiB sleep_actions=[]
[Epoch 047] Wake: 100%|###########| 1700/1700 [00:39<00:00, 43.53seq/s, events=136000, loss=2.7610, writes=27]
[Epoch 047] Global: 100%|################| 1700/1700 [00:04<00:00, 397.88seq-pass/s, batch=14/14, phase=train]
[Epoch 047] Sleep: 100%|############| 18/18 [00:00<00:00, 28.60step/s, actions=0, phase=light, pressure=0.308]
[MemoryTree][047/050] wake/event=2.760977 sleep_residual_utility=0.018204 writes=27 memorize=0 queue_split=27 wake_actions=A92783/R43190/M0/Q27 novelty=0.0802 weighted_sim=0.8395 wm_grad_max=3.875e+00 global/event=2.760077 mix_diag=2.9555 global_steps=14 prior_KL=5.230e-02 seq_H_cond=0.4875 seq_H_marg=0.5686 seq_MI=8.109e-02 post_KL_diag=3.579e-01 branch_distill=2.712e-01 probe=5.887e+00/0.496->0.491/0.165/0.456 frontier=7.00/13.00/6.00 enc_gate=0.245 enc_scale=0.018 teacher_conf=0.236 teacher_JS=6.647e-02 max_mass=0.1652 owner_hard=[0, 6, 0, 0, 60,131, 0, 11, 0, 1009, 20, 148, 182, 0, 0, 0, 0, 5, 4, 2, 107, 0, 0, 0, 15, 0, 0] mem_assign=[2185, 4122, 2001, 3513, 4521, 15980, 2696, 3895, 1361, 26085, 9343, 9250, 13222, 2040, 1815, 26, 2558, 4932, 4890, 1592, 8268, 5, 98, 1699, 7806, 755, 1342] topology_prune=on leaves=14 sleep_mode=light light_absorb=7 deep_probability=0.308 topology_action=null topology_gain=0.000e+00 topology_candidates=0 collapsed=0 topology_lambda=0.000e+00 time=W39.1/G4.3/S0.6s cache=0/1700 cuda_peak=13691MiB sleep_actions=[]
[Epoch 048] Wake: 100%|############| 1700/1700 [00:38<00:00, 43.90seq/s, events=136000, loss=2.7530, writes=0]
[Epoch 048] Global: 100%|################| 1700/1700 [00:04<00:00, 397.03seq-pass/s, batch=14/14, phase=train]
[Epoch 048] Sleep: 100%|############| 18/18 [00:00<00:00, 28.49step/s, actions=0, phase=light, pressure=0.344]
[MemoryTree][048/050] wake/event=2.752994 sleep_residual_utility=0.007703 writes=0 memorize=0 queue_split=0 wake_actions=A92678/R43322/M0/Q0 novelty=0.0692 weighted_sim=0.8617 wm_grad_max=4.859e+00 global/event=2.753574 mix_diag=2.9764 global_steps=14 prior_KL=9.716e-02 seq_H_cond=0.4569 seq_H_marg=0.5508 seq_MI=9.390e-02 post_KL_diag=3.248e-01 branch_distill=2.685e-01 probe=6.086e+00/0.541->0.539/0.277/0.477 frontier=7.00/13.00/6.00 enc_gate=0.247 enc_scale=0.020 teacher_conf=0.253 teacher_JS=6.788e-02 max_mass=0.1475 owner_hard=[0, 1, 0, 0, 0, 30,0, 0, 0, 295, 765, 0, 576, 0, 0, 0, 2, 0, 0, 6, 0, 0, 0, 0, 24, 0, 1] mem_assign=[864, 3906, 848, 1051, 3306, 12376, 946, 2186, 1012, 21389, 27426, 1444, 25339, 1021, 422, 3839, 4603, 1160, 2884, 3011, 1800, 113, 235, 572, 9605, 649, 3993] topology_prune=on leaves=14 sleep_mode=light light_absorb=9 deep_probability=0.344 topology_action=null topology_gain=0.000e+00 topology_candidates=0 collapsed=0 topology_lambda=0.000e+00 time=W38.7/G4.3/S0.6s cache=0/1700 cuda_peak=13691MiB sleep_actions=[]
[Epoch 049] Wake: 100%|############| 1700/1700 [00:38<00:00, 44.14seq/s, events=136000, loss=2.7394, writes=1]
[Epoch 049] Global: 100%|################| 1700/1700 [00:04<00:00, 394.35seq-pass/s, batch=14/14, phase=train]
[Epoch 049] Sleep: 100%|############| 18/18 [00:00<00:00, 28.94step/s, actions=0, phase=light, pressure=0.344]
[MemoryTree][049/050] wake/event=2.739370 sleep_residual_utility=0.007051 writes=1 memorize=0 queue_split=1 wake_actions=A92386/R43613/M0/Q1 novelty=0.0757 weighted_sim=0.8485 wm_grad_max=4.639e+00 global/event=2.730419 mix_diag=2.9441 global_steps=14 prior_KL=6.837e-02 seq_H_cond=0.4828 seq_H_marg=0.5832 seq_MI=1.004e-01 post_KL_diag=3.071e-01 branch_distill=3.012e-01 probe=5.739e+00/0.562->0.566/0.212/0.426 frontier=6.96/12.92/5.96 enc_gate=0.233 enc_scale=0.019 teacher_conf=0.233 teacher_JS=6.589e-02 max_mass=0.1312 owner_hard=[0, 31, 0, 47, 2, 222, 0, 10, 0, 432, 83, 0, 816, 0, 0, 1, 42, 0, 0, 0, 0, 0, 0, 0, 14, 0, 0] mem_assign=[2147, 4975, 837, 8547, 4039, 15532, 1144, 6444, 2298, 19548, 13743, 1632, 23188, 3145, 2796, 3246, 7225, 1084, 1610, 1639, 264, 145, 8, 565, 5528, 291, 4380] topology_prune=on leaves=14 sleep_mode=light light_absorb=10 deep_probability=0.344 topology_action=null topology_gain=0.000e+00 topology_candidates=0 collapsed=0 topology_lambda=0.000e+00 time=W38.5/G4.3/S0.6s cache=0/1700 cuda_peak=13691MiB sleep_actions=[]
[Epoch 050] Wake: 100%|############| 1700/1700 [00:38<00:00, 43.60seq/s, events=136000, loss=2.7237, writes=0]
[Epoch 050] Global: 100%|################| 1700/1700 [00:04<00:00, 391.93seq-pass/s, batch=14/14, phase=train]
[Epoch 050] Sleep: 100%|############| 18/18 [00:34<00:00,  1.90s/step, actions=0, phase=light, pressure=0.328]
[MemoryTree][050/050] wake/event=2.723724 sleep_residual_utility=0.007881 writes=0 memorize=0 queue_split=0 wake_actions=A92623/R43377/M0/Q0 novelty=0.0795 weighted_sim=0.8410 wm_grad_max=5.009e+00 global/event=2.724966 mix_diag=2.9623 global_steps=14 prior_KL=6.601e-02 seq_H_cond=0.4728 seq_H_marg=0.5728 seq_MI=1.000e-01 post_KL_diag=3.036e-01 branch_distill=2.762e-01 probe=5.782e+00/0.577->0.572/0.305/0.456 frontier=7.00/13.00/6.00 enc_gate=0.246 enc_scale=0.019 teacher_conf=0.244 teacher_JS=6.644e-02 max_mass=0.1305 owner_hard=[0, 0, 0, 1, 0, 65,0, 0, 0, 265, 17, 0, 1336, 0, 6, 0, 9, 0, 0, 0, 0, 0, 0, 0, 0, 0, 1] mem_assign=[1346, 2565, 1189, 3181, 1407, 14946, 1506, 5825, 1756, 20236, 10363, 2422, 37167, 1999, 3680, 1843, 6783, 1553, 1879, 2063, 1100, 1990, 46, 1330, 4238, 290, 3297] topology_prune=on leaves=14 sleep_mode=light light_absorb=9 deep_probability=0.328 topology_action=null topology_gain=0.000e+00 topology_candidates=21 collapsed=0 topology_lambda=0.000e+00 time=W39.0/G4.3/S34.2s cache=0/1700 cuda_peak=13691MiB sleep_actions=[]