Using device: cuda
DataFrame shape: (1300, 3)
Columns: ['event_times', 'event_types', 'cluster']
加载了 1300 个序列
检测到 8 种事件类型: [0, 1, 2, 3, 4, 5, 6, 7]
第一个序列长度: 80
[Hawkes Cold Start][001/005] train_nll/event=4.329365 val_nll/event=3.929863 max_grad=1.8302
[Hawkes Cold Start][002/005] train_nll/event=3.517812 val_nll/event=3.414127 max_grad=0.7399
[Hawkes Cold Start][003/005] train_nll/event=3.161782 val_nll/event=3.164692 max_grad=0.3878
[Hawkes Cold Start][004/005] train_nll/event=2.983574 val_nll/event=3.044560 max_grad=0.2385
[Hawkes Cold Start][005/005] train_nll/event=2.897385 val_nll/event=2.989479 max_grad=0.1816
[Hawkes Cold Start] checkpoint saved to /home/xinye/Hawkes-Memory/HawkesMemory/checkpoints/hawkes_backbone_init.pt
[Hawkes Cold Start] spectral_radius=0.695644, min_mu=9.087375e-03
[H_tree] initialized 25/25 node_emb from /home/xinye/Hawkes-Memory/HawkesMemory/Data/tree_13/h_tree_13.pt
[Routing] mode=active_frontier frontier=2..7 temperature=1.300 exploration=0.000

[Residual init]:   0%|          | 0/1300 [00:00<?, ?seq/s]
[Residual init]:   2%|▏         | 25/1300 [00:00<00:05, 249.24seq/s]
[Residual init]:   4%|▍         | 56/1300 [00:00<00:04, 280.84seq/s]
[Residual init]:   7%|▋         | 88/1300 [00:00<00:04, 294.74seq/s]
[Residual init]:   9%|▉         | 119/1300 [00:00<00:03, 298.93seq/s]
[Residual init]:  12%|█▏        | 150/1300 [00:00<00:03, 302.53seq/s]
[Residual init]:  14%|█▍        | 181/1300 [00:00<00:03, 303.84seq/s]
[Residual init]:  16%|█▋        | 212/1300 [00:00<00:03, 305.04seq/s]
[Residual init]:  19%|█▊        | 243/1300 [00:00<00:03, 305.87seq/s]
[Residual init]:  21%|██        | 275/1300 [00:00<00:03, 307.28seq/s]
[Residual init]:  24%|██▎       | 306/1300 [00:01<00:03, 304.89seq/s]
[Residual init]:  26%|██▌       | 337/1300 [00:01<00:03, 303.72seq/s]
[Residual init]:  28%|██▊       | 368/1300 [00:01<00:03, 301.41seq/s]
[Residual init]:  31%|███       | 399/1300 [00:01<00:03, 295.86seq/s]
[Residual init]:  33%|███▎      | 429/1300 [00:01<00:02, 293.11seq/s]
[Residual init]:  35%|███▌      | 459/1300 [00:01<00:02, 289.91seq/s]
[Residual init]:  38%|███▊      | 489/1300 [00:01<00:02, 289.51seq/s]
[Residual init]:  40%|███▉      | 518/1300 [00:01<00:02, 289.11seq/s]
[Residual init]:  42%|████▏     | 547/1300 [00:01<00:02, 288.57seq/s]
[Residual init]:  44%|████▍     | 576/1300 [00:01<00:02, 286.42seq/s]
[Residual init]:  47%|████▋     | 606/1300 [00:02<00:02, 289.84seq/s]
[Residual init]:  49%|████▉     | 636/1300 [00:02<00:02, 290.94seq/s]
[Residual init]:  51%|█████     | 666/1300 [00:02<00:02, 291.79seq/s]
[Residual init]:  54%|█████▎    | 696/1300 [00:02<00:02, 292.06seq/s]
[Residual init]:  56%|█████▌    | 726/1300 [00:02<00:01, 292.49seq/s]
[Residual init]:  58%|█████▊    | 756/1300 [00:02<00:01, 292.99seq/s]
[Residual init]:  60%|██████    | 786/1300 [00:02<00:01, 292.41seq/s]
[Residual init]:  63%|██████▎   | 816/1300 [00:02<00:01, 294.31seq/s]
[Residual init]:  65%|██████▌   | 846/1300 [00:02<00:01, 294.02seq/s]
[Residual init]:  67%|██████▋   | 876/1300 [00:02<00:01, 294.88seq/s]
[Residual init]:  70%|██████▉   | 906/1300 [00:03<00:01, 296.37seq/s]
[Residual init]:  72%|███████▏  | 937/1300 [00:03<00:01, 298.32seq/s]
[Residual init]:  74%|███████▍  | 968/1300 [00:03<00:01, 301.19seq/s]
[Residual init]:  77%|███████▋  | 999/1300 [00:03<00:00, 303.62seq/s]
[Residual init]:  79%|███████▉  | 1030/1300 [00:03<00:00, 304.34seq/s]
[Residual init]:  82%|████████▏ | 1061/1300 [00:03<00:00, 303.95seq/s]
[Residual init]:  84%|████████▍ | 1092/1300 [00:03<00:00, 302.91seq/s]
[Residual init]:  86%|████████▋ | 1123/1300 [00:03<00:00, 303.94seq/s]
[Residual init]:  89%|████████▉ | 1154/1300 [00:03<00:00, 302.13seq/s]
[Residual init]:  91%|█████████ | 1185/1300 [00:03<00:00, 302.53seq/s]
[Residual init]:  94%|█████████▎| 1216/1300 [00:04<00:00, 301.31seq/s]
[Residual init]:  96%|█████████▌| 1247/1300 [00:04<00:00, 301.04seq/s]
[Residual init]:  98%|█████████▊| 1278/1300 [00:04<00:00, 301.69seq/s]
[Residual init]: 100%|██████████| 1300/1300 [00:04<00:00, 297.47seq/s]
[Residual Initialization] sequences=1300 rank=4 grad_norm=5.761e+00/9.048e+00/1.319e+01 clipped=0.000 membership=[100.0, 100.0, 100.0, 100.0, 100.0, 100.0, 100.0, 100.0, 100.0, 100.0, 100.0, 100.0, 100.0] target_mass=[0.07692307978868484, 0.07692307978868484, 0.07692307978868484, 0.07692307978868484, 0.07692307978868484, 0.07692307978868484, 0.07692307978868484, 0.07692307978868484, 0.07692307978868484, 0.07692307978868484, 0.07692307978868484, 0.07692307978868484, 0.07692307978868484]
[Initialization] mode=residual_signature semantic_blend=0.0000 semantic_delta_mean=1.6889e-02 semantic_delta_max=2.1346e-01 offset_mode=path_additive route_balance=0.1000
[Symmetry] mode=residual_signature router_gain=0.0500 router_norm_mean=7.3961e-02 leaf_delta_mean=2.1484e-02 leaf_mean_error=4.768e-07 spectral_radius=[0.691460,0.702535]

[H-align 01/05]:   0%|          | 0/82 [00:00<?, ?batch/s]
[H-align 01/05]:  10%|▉         | 8/82 [00:00<00:00, 75.30batch/s, acc=0.709, loss=0.63]
[H-align 01/05]:  21%|██        | 17/82 [00:00<00:00, 82.09batch/s, acc=0.722, loss=0.589]
[H-align 01/05]:  33%|███▎      | 27/82 [00:00<00:00, 85.73batch/s, acc=0.717, loss=0.583]
[H-align 01/05]:  45%|████▌     | 37/82 [00:00<00:00, 88.47batch/s, acc=0.714, loss=0.571]
[H-align 01/05]:  56%|█████▌    | 46/82 [00:00<00:00, 87.94batch/s, acc=0.718, loss=0.569]
[H-align 01/05]:  67%|██████▋   | 55/82 [00:00<00:00, 88.23batch/s, acc=0.723, loss=0.563]
[H-align 01/05]:  78%|███████▊  | 64/82 [00:00<00:00, 87.62batch/s, acc=0.724, loss=0.56] 
[H-align 01/05]:  89%|████████▉ | 73/82 [00:00<00:00, 87.20batch/s, acc=0.724, loss=0.559]
[H-align 01/05]: 100%|██████████| 82/82 [00:00<00:00, 86.62batch/s, acc=0.726, loss=0.557]
[H-align 01/05]: 100%|██████████| 82/82 [00:00<00:00, 86.50batch/s, acc=0.726, loss=0.557]
[H-align] epoch=1/5 loss=0.556581 acc=0.7256 p_target=0.6233 confidence=1.0000 grad_max=2.030e+00

[H-align 02/05]:   0%|          | 0/82 [00:00<?, ?batch/s]
[H-align 02/05]:  11%|█         | 9/82 [00:00<00:00, 86.08batch/s, acc=0.723, loss=0.545]
[H-align 02/05]:  22%|██▏       | 18/82 [00:00<00:00, 84.90batch/s, acc=0.732, loss=0.538]
[H-align 02/05]:  33%|███▎      | 27/82 [00:00<00:00, 85.50batch/s, acc=0.725, loss=0.543]
[H-align 02/05]:  44%|████▍     | 36/82 [00:00<00:00, 84.27batch/s, acc=0.727, loss=0.538]
[H-align 02/05]:  55%|█████▍    | 45/82 [00:00<00:00, 85.53batch/s, acc=0.729, loss=0.531]
[H-align 02/05]:  66%|██████▌   | 54/82 [00:00<00:00, 86.26batch/s, acc=0.735, loss=0.522]
[H-align 02/05]:  77%|███████▋  | 63/82 [00:00<00:00, 86.88batch/s, acc=0.738, loss=0.513]
[H-align 02/05]:  88%|████████▊ | 72/82 [00:00<00:00, 87.09batch/s, acc=0.743, loss=0.5]  
[H-align 02/05]:  99%|█████████▉| 81/82 [00:00<00:00, 87.47batch/s, acc=0.752, loss=0.484]
[H-align 02/05]: 100%|██████████| 82/82 [00:00<00:00, 86.61batch/s, acc=0.752, loss=0.483]
[H-align] epoch=2/5 loss=0.483338 acc=0.7522 p_target=0.6708 confidence=1.0000 grad_max=1.128e+00

[H-align 03/05]:   0%|          | 0/82 [00:00<?, ?batch/s]
[H-align 03/05]:  11%|█         | 9/82 [00:00<00:00, 87.05batch/s, acc=0.829, loss=0.338]
[H-align 03/05]:  22%|██▏       | 18/82 [00:00<00:00, 86.25batch/s, acc=0.835, loss=0.324]
[H-align 03/05]:  33%|███▎      | 27/82 [00:00<00:00, 87.24batch/s, acc=0.843, loss=0.315]
[H-align 03/05]:  44%|████▍     | 36/82 [00:00<00:00, 85.96batch/s, acc=0.849, loss=0.305]
[H-align 03/05]:  55%|█████▍    | 45/82 [00:00<00:00, 86.36batch/s, acc=0.857, loss=0.294]
[H-align 03/05]:  66%|██████▌   | 54/82 [00:00<00:00, 85.42batch/s, acc=0.863, loss=0.286]
[H-align 03/05]:  77%|███████▋  | 63/82 [00:00<00:00, 85.97batch/s, acc=0.867, loss=0.279]
[H-align 03/05]:  88%|████████▊ | 72/82 [00:00<00:00, 85.49batch/s, acc=0.874, loss=0.267]
[H-align 03/05]:  99%|█████████▉| 81/82 [00:00<00:00, 85.51batch/s, acc=0.881, loss=0.257]
[H-align 03/05]: 100%|██████████| 82/82 [00:00<00:00, 86.00batch/s, acc=0.881, loss=0.257]
[H-align] epoch=3/5 loss=0.257032 acc=0.8815 p_target=0.8219 confidence=1.0000 grad_max=1.668e+00

[H-align 04/05]:   0%|          | 0/82 [00:00<?, ?batch/s]
[H-align 04/05]:  11%|█         | 9/82 [00:00<00:00, 87.28batch/s, acc=0.942, loss=0.149]
[H-align 04/05]:  22%|██▏       | 18/82 [00:00<00:00, 85.36batch/s, acc=0.953, loss=0.128]
[H-align 04/05]:  33%|███▎      | 27/82 [00:00<00:00, 86.39batch/s, acc=0.95, loss=0.133] 
[H-align 04/05]:  44%|████▍     | 36/82 [00:00<00:00, 86.83batch/s, acc=0.95, loss=0.132]
[H-align 04/05]:  55%|█████▍    | 45/82 [00:00<00:00, 87.21batch/s, acc=0.953, loss=0.128]
[H-align 04/05]:  66%|██████▌   | 54/82 [00:00<00:00, 86.64batch/s, acc=0.954, loss=0.125]
[H-align 04/05]:  77%|███████▋  | 63/82 [00:00<00:00, 86.51batch/s, acc=0.957, loss=0.12] 
[H-align 04/05]:  88%|████████▊ | 72/82 [00:00<00:00, 85.55batch/s, acc=0.96, loss=0.114]
[H-align 04/05]:  99%|█████████▉| 81/82 [00:00<00:00, 85.66batch/s, acc=0.963, loss=0.108]
[H-align 04/05]: 100%|██████████| 82/82 [00:00<00:00, 86.24batch/s, acc=0.963, loss=0.108]
[H-align] epoch=4/5 loss=0.107817 acc=0.9628 p_target=0.9280 confidence=1.0000 grad_max=3.133e+00

[H-align 05/05]:   0%|          | 0/82 [00:00<?, ?batch/s]
[H-align 05/05]:  11%|█         | 9/82 [00:00<00:00, 83.00batch/s, acc=0.981, loss=0.0652]
[H-align 05/05]:  22%|██▏       | 18/82 [00:00<00:00, 84.00batch/s, acc=0.98, loss=0.0707]
[H-align 05/05]:  33%|███▎      | 27/82 [00:00<00:00, 84.97batch/s, acc=0.982, loss=0.0648]
[H-align 05/05]:  44%|████▍     | 36/82 [00:00<00:00, 86.02batch/s, acc=0.984, loss=0.0593]
[H-align 05/05]:  55%|█████▍    | 45/82 [00:00<00:00, 86.11batch/s, acc=0.985, loss=0.055] 
[H-align 05/05]:  66%|██████▌   | 54/82 [00:00<00:00, 85.89batch/s, acc=0.986, loss=0.0516]
[H-align 05/05]:  77%|███████▋  | 63/82 [00:00<00:00, 85.64batch/s, acc=0.987, loss=0.0495]
[H-align 05/05]:  88%|████████▊ | 72/82 [00:00<00:00, 85.21batch/s, acc=0.987, loss=0.0469]
[H-align 05/05]:  99%|█████████▉| 81/82 [00:00<00:00, 84.36batch/s, acc=0.988, loss=0.045] 
[H-align 05/05]: 100%|██████████| 82/82 [00:00<00:00, 85.07batch/s, acc=0.988, loss=0.045]
[H-align] epoch=5/5 loss=0.044972 acc=0.9881 p_target=0.9717 confidence=1.0000 grad_max=1.833e+00
[H-align Complete] epochs=5 loss=0.690036->0.026389 accuracy=0.9938 p_target=0.9833 updated=encoder+router_compat frozen=hawkes+node_emb+semantics+memory

[Init] Cache:   0%|                                                                 | 0/1300 [00:00<?, ?seq/s]
[Init] Cache: 100%|#########################| 1300/1300 [00:01<00:00, 1119.19seq/s, built=1300, events=104000]
[Cache] sequences=1300 events=104000 built=1300 device=cuda time=1.162s

[Epoch 001] Wake: 100%|##########| 1300/1300 [00:45<00:00, 28.75seq/s, events=104000, loss=2.8549, writes=558]
[Epoch 001] Global: 100%|################| 1300/1300 [00:03<00:00, 415.29seq-pass/s, batch=11/11, phase=train]
[Epoch 001] Sleep: 100%|############| 17/17 [00:00<00:00, 27.86step/s, actions=0, phase=light, pressure=0.118]
[MemoryTree][001/030] wake/event=2.854880 sleep_residual_utility=0.007292 writes=558 memorize=2074 queue_split=0 wake_actions=A71026/R30900/M2074/Q0 novelty=0.0573 weighted_sim=0.8854 wm_grad_max=3.531e+00 global/event=2.735375 mix_diag=2.7304 global_steps=11 prior_KL=2.464e-01 seq_H_cond=0.2533 seq_H_marg=0.2956 seq_MI=4.235e-02 post_KL_diag=1.720e-02 branch_distill=1.197e+00 probe=6.283e+00/0.617->0.646/0.011/0.369 frontier=6.06/11.13/5.06 enc_gate=0.009 enc_scale=0.000 teacher_conf=0.007 teacher_JS=1.359e-01 max_mass=0.0841 owner_hard=[0, 0, 0, 100, 0, 100, 0, 102, 98, 100, 0, 0, 0, 0, 0, 98, 0, 100, 202, 100, 100, 102, 98, 0, 0] mem_assign=[123, 20, 51, 7410, 65, 6899, 85, 8066, 7063, 7249, 765, 605, 361, 678, 968, 7629, 325, 7556, 15632, 8026, 7441, 10041, 6942, 0, 0] topology_prune=off leaves=13 sleep_mode=light light_absorb=1 deep_probability=0.118 topology_action=null topology_gain=0.000e+00 topology_candidates=0 collapsed=0 topology_lambda=0.000e+00 time=W45.2/G3.1/S0.6s cache=0/1300 cuda_peak=13482MiB sleep_actions=[]
[Epoch 002] Wake: 100%|############| 1300/1300 [00:28<00:00, 45.26seq/s, events=104000, loss=2.6835, writes=0]
[Epoch 002] Global: 100%|################| 1300/1300 [00:03<00:00, 419.04seq-pass/s, batch=11/11, phase=train]
[Epoch 002] Sleep: 100%|#############| 17/17 [00:02<00:00,  6.34step/s, actions=3, phase=deep, pressure=0.170]
[MemoryTree][002/030] wake/event=2.683459 sleep_residual_utility=0.006541 writes=0 memorize=0 queue_split=0 wake_actions=A71449/R32551/M0/Q0 novelty=0.0900 weighted_sim=0.8201 wm_grad_max=4.037e+00 global/event=2.720680 mix_diag=2.7161 global_steps=11 prior_KL=9.849e-02 seq_H_cond=0.4387 seq_H_marg=0.4515 seq_MI=1.284e-02 post_KL_diag=1.255e-01 branch_distill=1.628e-01 probe=4.788e+00/0.520->0.525/0.009/0.513 frontier=6.94/12.87/5.94 enc_gate=0.047 enc_scale=0.001 teacher_conf=0.042 teacher_JS=6.383e-02 max_mass=0.1174 owner_hard=[4, 0, 0, 100, 75, 0, 55, 0, 61, 29, 20, 213, 44, 53, 68, 96, 36, 270, 21, 5, 0, 0, 0] mem_assign=[3225, 481, 185, 6706, 4415, 8, 3482, 964, 7692, 7975, 2352, 15365, 5463, 2976, 3159, 7000, 4555, 14345, 2342, 828, 3, 0, 0] topology_prune=off leaves=12 sleep_mode=deep light_absorb=2 deep_probability=0.170 topology_action=merge topology_gain=9.320e-04 topology_candidates=8 collapsed=0 topology_lambda=0.000e+00 time=W28.7/G3.1/S2.7s cache=0/1300 cuda_peak=13672MiB sleep_actions=['merge', 'promotion', 'promotion']
[Epoch 003] Wake: 100%|###########| 1300/1300 [00:28<00:00, 46.26seq/s, events=104000, loss=2.7466, writes=38]
[Epoch 003] Global: 100%|################| 1300/1300 [00:02<00:00, 446.08seq-pass/s, batch=11/11, phase=train]
[Epoch 003] Sleep: 100%|############| 16/16 [00:00<00:00, 28.91step/s, actions=0, phase=light, pressure=0.128]
[MemoryTree][003/030] wake/event=2.746595 sleep_residual_utility=0.015600 writes=38 memorize=0 queue_split=44 wake_actions=A71898/R32058/M0/Q44 novelty=0.1354 weighted_sim=0.7292 wm_grad_max=4.045e+00 global/event=2.720970 mix_diag=2.7828 global_steps=11 prior_KL=4.761e-02 seq_H_cond=0.5144 seq_H_marg=0.5201 seq_MI=5.778e-03 post_KL_diag=2.597e-01 branch_distill=1.829e-01 probe=5.265e+00/0.430->0.416/0.009/0.633 frontier=6.78/12.55/5.78 enc_gate=0.134 enc_scale=0.004 teacher_conf=0.125 teacher_JS=4.900e-02 max_mass=0.0755 owner_hard=[52, 189, 11, 100, 0, 0, 0, 0, 25, 623, 1, 75, 28, 0, 159, 0, 37, 0, 0, 0, 0, 0, 0] mem_assign=[13577, 10963, 3365, 6351, 894, 333, 2837, 1335, 10147, 28604, 4551, 5374, 2514, 1080, 8988, 81, 2883, 16, 16, 91, 0, 0, 0] topology_prune=off leaves=12 sleep_mode=light light_absorb=2 deep_probability=0.128 topology_action=null topology_gain=0.000e+00 topology_candidates=0 collapsed=0 topology_lambda=0.000e+00 time=W28.1/G2.9/S0.6s cache=0/1300 cuda_peak=13313MiB sleep_actions=[]
[Epoch 004] Wake: 100%|##########| 1300/1300 [00:30<00:00, 42.18seq/s, events=104000, loss=2.7210, writes=258]
[Epoch 004] Global: 100%|################| 1300/1300 [00:02<00:00, 450.74seq-pass/s, batch=11/11, phase=train]
[Epoch 004] Sleep: 100%|#############| 16/16 [00:10<00:00,  1.58step/s, actions=3, phase=deep, pressure=0.246]
[MemoryTree][004/030] wake/event=2.721027 sleep_residual_utility=0.014118 writes=258 memorize=79 queue_split=201 wake_actions=A71021/R32699/M79/Q201 novelty=0.0807 weighted_sim=0.8387 wm_grad_max=4.271e+00 global/event=2.728051 mix_diag=2.9795 global_steps=11 prior_KL=4.959e-02 seq_H_cond=0.5359 seq_H_marg=0.5428 seq_MI=6.881e-03 post_KL_diag=3.684e-01 branch_distill=2.453e-01 probe=5.749e+00/0.364->0.357/0.001/0.565 frontier=6.60/12.20/5.60 enc_gate=0.180 enc_scale=0.008 teacher_conf=0.176 teacher_JS=5.612e-02 max_mass=0.1409 owner_hard=[2, 0, 0, 74, 290, 0, 0, 0, 1, 880, 0, 6, 0, 0, 47, 0, 0, 0, 0, 0, 0, 0, 0] mem_assign=[6898, 3212, 130, 4031, 16254, 1, 4304, 1387, 4599, 50353, 2636, 830, 27, 4807, 4531, 0, 0, 0, 0, 0, 0, 0, 0] topology_prune=off leaves=12 sleep_mode=deep light_absorb=1 deep_probability=0.246 topology_action=null topology_gain=0.000e+00 topology_candidates=10 collapsed=0 topology_lambda=0.000e+00 time=W30.8/G2.9/S10.1s cache=0/1300 cuda_peak=13382MiB sleep_actions=['promotion', 'promotion', 'promotion']
[Epoch 005] Wake: 100%|##########| 1300/1300 [00:32<00:00, 40.37seq/s, events=104000, loss=2.6925, writes=319]
[Epoch 005] Global: 100%|################| 1300/1300 [00:02<00:00, 453.44seq-pass/s, batch=11/11, phase=train]
[Epoch 005] Sleep: 100%|#############| 16/16 [00:17<00:00,  1.08s/step, actions=3, phase=deep, pressure=0.182]
[MemoryTree][005/030] wake/event=2.692494 sleep_residual_utility=0.009176 writes=319 memorize=87 queue_split=254 wake_actions=A71513/R32146/M87/Q254 novelty=0.0612 weighted_sim=0.8776 wm_grad_max=5.095e+00 global/event=2.684196 mix_diag=2.7928 global_steps=11 prior_KL=6.249e-02 seq_H_cond=0.5200 seq_H_marg=0.5350 seq_MI=1.497e-02 post_KL_diag=3.501e-01 branch_distill=1.941e-01 probe=5.412e+00/0.390->0.396/0.002/0.607 frontier=6.59/12.18/5.59 enc_gate=0.162 enc_scale=0.008 teacher_conf=0.158 teacher_JS=5.019e-02 max_mass=0.1262 owner_hard=[8, 0, 39, 283, 22, 0, 4, 11, 39, 689, 1, 0, 0, 0, 181, 0, 0, 0, 0, 23, 0, 0, 0] mem_assign=[6344, 1862, 4957, 13767, 5157, 659, 4378, 2434, 9108, 34204, 6735, 47, 1, 4799, 7403, 0, 1, 0, 0, 2144, 0, 0, 0] topology_prune=off leaves=12 sleep_mode=deep light_absorb=2 deep_probability=0.182 topology_action=null topology_gain=0.000e+00 topology_candidates=13 collapsed=0 topology_lambda=0.000e+00 time=W32.2/G2.9/S17.3s cache=0/1300 cuda_peak=13011MiB sleep_actions=['promotion', 'promotion', 'promotion']
[Epoch 006] Wake: 100%|###########| 1300/1300 [00:29<00:00, 44.08seq/s, events=104000, loss=2.6747, writes=97]
[Epoch 006] Global: 100%|################| 1300/1300 [00:02<00:00, 449.16seq-pass/s, batch=11/11, phase=train]
[Epoch 006] Sleep: 100%|############| 16/16 [00:00<00:00, 31.05step/s, actions=0, phase=light, pressure=0.202]
[MemoryTree][006/030] wake/event=2.674662 sleep_residual_utility=0.009202 writes=97 memorize=18 queue_split=90 wake_actions=A71320/R32572/M18/Q90 novelty=0.0594 weighted_sim=0.8812 wm_grad_max=4.992e+00 global/event=2.666347 mix_diag=2.8965 global_steps=11 prior_KL=9.215e-02 seq_H_cond=0.5236 seq_H_marg=0.5423 seq_MI=1.871e-02 post_KL_diag=3.601e-01 branch_distill=1.994e-01 probe=5.767e+00/0.349->0.362/0.001/0.623 frontier=6.55/12.09/5.55 enc_gate=0.193 enc_scale=0.009 teacher_conf=0.186 teacher_JS=5.140e-02 max_mass=0.1525 owner_hard=[6, 12, 2, 307, 23, 0, 12, 13, 13, 744, 2, 0, 0, 0, 154, 0, 0, 0, 0, 12, 0, 0, 0] mem_assign=[8311, 4525, 2383, 15186, 6534, 310, 4607, 2955, 6027, 35611, 6798, 948, 0, 2133, 5910, 0, 3, 0, 0, 1759, 0, 0, 0] topology_prune=off leaves=12 sleep_mode=light light_absorb=2 deep_probability=0.202 topology_action=null topology_gain=0.000e+00 topology_candidates=0 collapsed=0 topology_lambda=0.000e+00 time=W29.5/G2.9/S0.5s cache=0/1300 cuda_peak=13223MiB sleep_actions=[]
[Epoch 007] Wake: 100%|###########| 1300/1300 [00:29<00:00, 44.64seq/s, events=104000, loss=2.6564, writes=70]
[Epoch 007] Global: 100%|################| 1300/1300 [00:02<00:00, 444.89seq-pass/s, batch=11/11, phase=train]
[Epoch 007] Sleep: 100%|#############| 16/16 [00:16<00:00,  1.05s/step, actions=3, phase=deep, pressure=0.299]
[MemoryTree][007/030] wake/event=2.656413 sleep_residual_utility=0.008867 writes=70 memorize=39 queue_split=40 wake_actions=A71206/R32715/M39/Q40 novelty=0.0481 weighted_sim=0.9039 wm_grad_max=4.140e+00 global/event=2.660182 mix_diag=2.8418 global_steps=11 prior_KL=9.228e-02 seq_H_cond=0.4948 seq_H_marg=0.5199 seq_MI=2.514e-02 post_KL_diag=3.760e-01 branch_distill=2.112e-01 probe=5.818e+00/0.364->0.355/0.012/0.640 frontier=6.69/12.38/5.69 enc_gate=0.231 enc_scale=0.011 teacher_conf=0.229 teacher_JS=5.825e-02 max_mass=0.1705 owner_hard=[8, 0, 0, 300, 3, 0, 0, 7, 0, 791, 0, 41, 0, 10, 72, 0, 0, 0, 0, 68, 0, 0, 0] mem_assign=[4830, 3129, 744, 13303, 3548, 23, 4087, 4532, 4409, 39478, 1922, 4921, 494, 10182, 4643, 0, 4, 2, 1, 3748, 0, 0, 0] topology_prune=off leaves=12 sleep_mode=deep light_absorb=2 deep_probability=0.299 topology_action=null topology_gain=0.000e+00 topology_candidates=13 collapsed=0 topology_lambda=0.000e+00 time=W29.1/G2.9/S16.7s cache=0/1300 cuda_peak=13343MiB sleep_actions=['promotion', 'promotion', 'promotion']
[Epoch 008] Wake: 100%|###########| 1300/1300 [00:28<00:00, 44.87seq/s, events=104000, loss=2.6587, writes=52]
[Epoch 008] Global: 100%|################| 1300/1300 [00:03<00:00, 430.87seq-pass/s, batch=11/11, phase=train]
[Epoch 008] Sleep: 100%|############| 16/16 [00:00<00:00, 30.89step/s, actions=0, phase=light, pressure=0.180]
[MemoryTree][008/030] wake/event=2.658696 sleep_residual_utility=0.009607 writes=52 memorize=55 queue_split=5 wake_actions=A71123/R32817/M55/Q5 novelty=0.0511 weighted_sim=0.8979 wm_grad_max=4.720e+00 global/event=2.647267 mix_diag=2.9441 global_steps=11 prior_KL=9.353e-02 seq_H_cond=0.4882 seq_H_marg=0.5187 seq_MI=3.055e-02 post_KL_diag=3.957e-01 branch_distill=2.145e-01 probe=6.003e+00/0.321->0.329/0.008/0.666 frontier=6.74/12.48/5.74 enc_gate=0.266 enc_scale=0.012 teacher_conf=0.259 teacher_JS=6.082e-02 max_mass=0.1744 owner_hard=[2, 4, 0, 278, 18, 0, 0, 22, 0, 791, 0, 29, 0, 12, 118, 0, 0, 0, 0, 26, 0, 0, 0] mem_assign=[5140, 7378, 306, 11345, 5287, 23, 3243, 5186, 3570, 39147, 1088, 4383, 663, 10623, 5032, 4, 0, 0, 0, 1582, 0, 0, 0] topology_prune=off leaves=12 sleep_mode=light light_absorb=2 deep_probability=0.180 topology_action=null topology_gain=0.000e+00 topology_candidates=0 collapsed=0 topology_lambda=0.000e+00 time=W29.0/G3.0/S0.5s cache=0/1300 cuda_peak=13469MiB sleep_actions=[]
[Epoch 009] Wake: 100%|###########| 1300/1300 [00:28<00:00, 45.43seq/s, events=104000, loss=2.6336, writes=31]
[Epoch 009] Global: 100%|################| 1300/1300 [00:03<00:00, 431.79seq-pass/s, batch=11/11, phase=train]
[Epoch 009] Sleep: 100%|############| 16/16 [00:00<00:00, 31.00step/s, actions=0, phase=light, pressure=0.294]
[MemoryTree][009/030] wake/event=2.633598 sleep_residual_utility=0.009197 writes=31 memorize=8 queue_split=25 wake_actions=A71016/R32951/M8/Q25 novelty=0.0506 weighted_sim=0.8987 wm_grad_max=4.127e+00 global/event=2.635045 mix_diag=2.9116 global_steps=11 prior_KL=9.525e-02 seq_H_cond=0.4804 seq_H_marg=0.5187 seq_MI=3.835e-02 post_KL_diag=4.095e-01 branch_distill=2.210e-01 probe=6.044e+00/0.340->0.329/0.012/0.689 frontier=6.87/12.73/5.87 enc_gate=0.261 enc_scale=0.013 teacher_conf=0.264 teacher_JS=6.176e-02 max_mass=0.1684 owner_hard=[4, 0, 0, 159, 5, 0, 0, 140, 0, 644, 0, 208, 11, 32, 73, 0, 0, 0, 0, 24, 0, 0, 0] mem_assign=[5932, 3960, 602, 8424, 4148, 205, 3431, 7430, 3219, 29579, 967, 11688, 6233, 11157, 4826, 23, 0, 25, 3, 2148, 0, 0, 0] topology_prune=off leaves=12 sleep_mode=light light_absorb=2 deep_probability=0.294 topology_action=null topology_gain=0.000e+00 topology_candidates=0 collapsed=0 topology_lambda=0.000e+00 time=W28.6/G3.0/S0.5s cache=0/1300 cuda_peak=13586MiB sleep_actions=[]
[Epoch 010] Wake: 100%|############| 1300/1300 [00:28<00:00, 46.26seq/s, events=104000, loss=2.6327, writes=9]
[Epoch 010] Global: 100%|################| 1300/1300 [00:03<00:00, 422.37seq-pass/s, batch=11/11, phase=train]
[Epoch 010] Sleep: 100%|############| 16/16 [00:17<00:00,  1.10s/step, actions=0, phase=light, pressure=0.383]
[MemoryTree][010/030] wake/event=2.632659 sleep_residual_utility=0.008168 writes=9 memorize=3 queue_split=8 wake_actions=A70902/R33087/M3/Q8 novelty=0.0606 weighted_sim=0.8787 wm_grad_max=4.319e+00 global/event=2.630844 mix_diag=2.9362 global_steps=11 prior_KL=9.278e-02 seq_H_cond=0.4795 seq_H_marg=0.5252 seq_MI=4.568e-02 post_KL_diag=4.092e-01 branch_distill=2.336e-01 probe=6.006e+00/0.349->0.362/0.003/0.621 frontier=6.94/12.88/5.94 enc_gate=0.266 enc_scale=0.013 teacher_conf=0.264 teacher_JS=6.338e-02 max_mass=0.1669 owner_hard=[7, 11, 0, 180, 36, 0, 13, 161, 1, 368, 0, 201, 70, 112, 113, 0, 0, 0, 0, 27, 0, 0, 0] mem_assign=[6676, 8990, 732, 9868, 5916, 299, 3579, 6541, 3917, 21066, 2383, 9836, 5667, 11603, 4894, 4, 0, 0, 0, 2029, 0, 0, 0] topology_prune=off leaves=12 sleep_mode=light light_absorb=2 deep_probability=0.383 topology_action=null topology_gain=0.000e+00 topology_candidates=14 collapsed=0 topology_lambda=0.000e+00 time=W28.1/G3.1/S17.6s cache=0/1300 cuda_peak=13617MiB sleep_actions=[]
[Epoch 011] Wake: 100%|############| 1300/1300 [00:28<00:00, 45.93seq/s, events=104000, loss=2.6225, writes=2]
[Epoch 011] Global: 100%|################| 1300/1300 [00:03<00:00, 409.31seq-pass/s, batch=11/11, phase=train]
[Epoch 011] Sleep: 100%|#############| 16/16 [00:22<00:00,  1.39s/step, actions=3, phase=deep, pressure=0.175]
[MemoryTree][011/030] wake/event=2.622541 sleep_residual_utility=0.007441 writes=2 memorize=0 queue_split=2 wake_actions=A70706/R33292/M0/Q2 novelty=0.0786 weighted_sim=0.8429 wm_grad_max=4.574e+00 global/event=2.627857 mix_diag=2.9047 global_steps=11 prior_KL=7.824e-02 seq_H_cond=0.4921 seq_H_marg=0.5386 seq_MI=4.652e-02 post_KL_diag=3.902e-01 branch_distill=2.656e-01 probe=5.963e+00/0.390->0.391/0.006/0.618 frontier=6.93/12.86/5.93 enc_gate=0.241 enc_scale=0.012 teacher_conf=0.234 teacher_JS=6.041e-02 max_mass=0.1709 owner_hard=[8, 12, 0, 196, 276, 0, 0, 108, 1, 269, 1, 172, 76, 69, 92, 0, 0, 0, 0, 20, 0, 0, 0] mem_assign=[8041, 7002, 941, 10141, 14926, 358, 2309, 5617, 3596, 15719, 4373, 9544, 4521, 8694, 5568, 0, 1, 3, 0, 2646, 0, 0, 0] topology_prune=off leaves=12 sleep_mode=deep light_absorb=2 deep_probability=0.175 topology_action=null topology_gain=0.000e+00 topology_candidates=14 collapsed=0 topology_lambda=0.000e+00 time=W28.3/G3.2/S22.2s cache=0/1300 cuda_peak=13601MiB sleep_actions=['promotion', 'promotion', 'promotion']
[Epoch 012] Wake: 100%|############| 1300/1300 [00:28<00:00, 45.38seq/s, events=104000, loss=2.6195, writes=9]
[Epoch 012] Global: 100%|################| 1300/1300 [00:03<00:00, 406.76seq-pass/s, batch=11/11, phase=train]
[Epoch 012] Sleep: 100%|############| 16/16 [00:00<00:00, 32.51step/s, actions=0, phase=light, pressure=0.179]
[MemoryTree][012/030] wake/event=2.619524 sleep_residual_utility=0.006109 writes=9 memorize=0 queue_split=10 wake_actions=A71133/R32857/M0/Q10 novelty=0.0948 weighted_sim=0.8104 wm_grad_max=4.899e+00 global/event=2.621386 mix_diag=2.8732 global_steps=11 prior_KL=6.712e-02 seq_H_cond=0.4695 seq_H_marg=0.5093 seq_MI=3.975e-02 post_KL_diag=3.508e-01 branch_distill=2.323e-01 probe=6.120e+00/0.387->0.386/0.006/0.551 frontier=6.94/12.87/5.94 enc_gate=0.277 enc_scale=0.013 teacher_conf=0.276 teacher_JS=6.446e-02 max_mass=0.2213 owner_hard=[140, 1, 0, 7, 425, 0, 1, 118, 0, 227, 0, 160, 48, 23, 137, 0, 0, 0, 0, 13, 0, 0, 0] mem_assign=[8641, 6826, 1486, 2558, 22501, 191, 2625, 6114, 3788, 11875, 5295, 9373, 3581, 6941, 7898, 0, 619, 0, 1, 3441, 246, 0, 0] topology_prune=off leaves=12 sleep_mode=light light_absorb=1 deep_probability=0.179 topology_action=null topology_gain=0.000e+00 topology_candidates=0 collapsed=0 topology_lambda=0.000e+00 time=W28.6/G3.2/S0.5s cache=0/1300 cuda_peak=13597MiB sleep_actions=[]
[Epoch 013] Wake: 100%|###########| 1300/1300 [00:28<00:00, 46.21seq/s, events=104000, loss=2.6112, writes=10]
[Epoch 013] Global: 100%|################| 1300/1300 [00:03<00:00, 414.21seq-pass/s, batch=11/11, phase=train]
[Epoch 013] Sleep: 100%|############| 16/16 [00:00<00:00, 32.87step/s, actions=0, phase=light, pressure=0.263]
[MemoryTree][013/030] wake/event=2.611242 sleep_residual_utility=0.006170 writes=10 memorize=0 queue_split=12 wake_actions=A71136/R32852/M0/Q12 novelty=0.0982 weighted_sim=0.8036 wm_grad_max=5.279e+00 global/event=2.622165 mix_diag=2.8764 global_steps=11 prior_KL=6.808e-02 seq_H_cond=0.4926 seq_H_marg=0.5354 seq_MI=4.279e-02 post_KL_diag=3.795e-01 branch_distill=2.343e-01 probe=6.059e+00/0.403->0.412/0.009/0.553 frontier=6.92/12.84/5.92 enc_gate=0.277 enc_scale=0.014 teacher_conf=0.278 teacher_JS=6.260e-02 max_mass=0.1909 owner_hard=[1, 0, 1, 0, 537, 0, 0, 296, 0, 115, 0, 69, 58, 82, 134, 0, 0, 0, 0, 7, 0, 0, 0] mem_assign=[6827, 6247, 1810, 2514, 20796, 381, 2564, 11055, 4115, 9626, 6128, 8740, 4653, 8428, 6338, 0, 1291, 6, 1, 2214, 266, 0, 0] topology_prune=off leaves=12 sleep_mode=light light_absorb=1 deep_probability=0.263 topology_action=null topology_gain=0.000e+00 topology_candidates=0 collapsed=0 topology_lambda=0.000e+00 time=W28.1/G3.1/S0.5s cache=0/1300 cuda_peak=13561MiB sleep_actions=[]
[Epoch 014] Wake: 100%|###########| 1300/1300 [00:28<00:00, 45.53seq/s, events=104000, loss=2.6157, writes=23]
[Epoch 014] Global: 100%|################| 1300/1300 [00:03<00:00, 424.19seq-pass/s, batch=11/11, phase=train]
[Epoch 014] Sleep: 100%|############| 16/16 [00:00<00:00, 33.06step/s, actions=0, phase=light, pressure=0.319]
[MemoryTree][014/030] wake/event=2.615749 sleep_residual_utility=0.005945 writes=23 memorize=20 queue_split=9 wake_actions=A71150/R32821/M20/Q9 novelty=0.0948 weighted_sim=0.8103 wm_grad_max=5.087e+00 global/event=2.620751 mix_diag=2.8839 global_steps=11 prior_KL=6.396e-02 seq_H_cond=0.4972 seq_H_marg=0.5448 seq_MI=4.757e-02 post_KL_diag=4.050e-01 branch_distill=2.303e-01 probe=6.100e+00/0.408->0.405/0.009/0.568 frontier=6.86/12.72/5.86 enc_gate=0.292 enc_scale=0.014 teacher_conf=0.293 teacher_JS=6.239e-02 max_mass=0.2367 owner_hard=[1, 4, 2, 0, 804, 0, 0, 294, 0, 36, 0, 68, 20, 6, 61, 0, 0, 0, 0, 4, 0, 0, 0] mem_assign=[6236, 7183, 1758, 3338, 27007, 916, 2087, 9408, 4606, 8779, 3935, 9944, 5074, 4513, 5873, 0, 1261, 135, 23, 1852, 72, 0, 0] topology_prune=off leaves=12 sleep_mode=light light_absorb=1 deep_probability=0.319 topology_action=null topology_gain=0.000e+00 topology_candidates=0 collapsed=0 topology_lambda=0.000e+00 time=W28.6/G3.1/S0.5s cache=0/1300 cuda_peak=13490MiB sleep_actions=[]
[Epoch 015] Wake: 100%|###########| 1300/1300 [00:28<00:00, 45.61seq/s, events=104000, loss=2.6212, writes=46]
[Epoch 015] Global: 100%|################| 1300/1300 [00:03<00:00, 421.14seq-pass/s, batch=11/11, phase=train]
[Epoch 015] Sleep: 100%|############| 16/16 [00:17<00:00,  1.07s/step, actions=0, phase=light, pressure=0.391]
[MemoryTree][015/030] wake/event=2.621202 sleep_residual_utility=0.006116 writes=46 memorize=32 queue_split=17 wake_actions=A71077/R32874/M32/Q17 novelty=0.0991 weighted_sim=0.8018 wm_grad_max=4.143e+00 global/event=2.632405 mix_diag=2.7938 global_steps=11 prior_KL=6.186e-02 seq_H_cond=0.4773 seq_H_marg=0.5416 seq_MI=6.426e-02 post_KL_diag=3.929e-01 branch_distill=2.383e-01 probe=6.107e+00/0.404->0.401/0.006/0.551 frontier=6.79/12.57/5.79 enc_gate=0.293 enc_scale=0.015 teacher_conf=0.300 teacher_JS=6.540e-02 max_mass=0.2391 owner_hard=[0, 5, 1, 9, 863, 5, 0, 267, 0, 0, 0, 74, 32, 1, 43, 0, 0, 0, 0, 0, 0, 0, 0] mem_assign=[4986, 6313, 1828, 5288, 28228, 1612, 2610, 8275, 3973, 6574, 1469, 11657, 8922, 3495, 6007, 1, 773, 700, 35, 1157, 97, 0, 0] topology_prune=off leaves=12 sleep_mode=light light_absorb=3 deep_probability=0.391 topology_action=null topology_gain=0.000e+00 topology_candidates=14 collapsed=0 topology_lambda=0.000e+00 time=W28.5/G3.1/S17.2s cache=0/1300 cuda_peak=13409MiB sleep_actions=[]
[Epoch 016] Wake: 100%|###########| 1300/1300 [00:28<00:00, 46.17seq/s, events=104000, loss=2.6407, writes=31]
[Epoch 016] Global: 100%|################| 1300/1300 [00:03<00:00, 425.22seq-pass/s, batch=11/11, phase=train]
[Epoch 016] Sleep: 100%|############| 16/16 [00:00<00:00, 31.40step/s, actions=0, phase=light, pressure=0.199]
[MemoryTree][016/030] wake/event=2.640657 sleep_residual_utility=0.006474 writes=31 memorize=3 queue_split=29 wake_actions=A71210/R32758/M3/Q29 novelty=0.1126 weighted_sim=0.7747 wm_grad_max=4.890e+00 global/event=2.642389 mix_diag=2.7898 global_steps=11 prior_KL=5.313e-02 seq_H_cond=0.4688 seq_H_marg=0.5476 seq_MI=7.879e-02 post_KL_diag=3.870e-01 branch_distill=2.269e-01 probe=5.906e+00/0.412->0.419/0.004/0.517 frontier=6.73/12.45/5.73 enc_gate=0.281 enc_scale=0.014 teacher_conf=0.278 teacher_JS=6.505e-02 max_mass=0.2251 owner_hard=[0, 0, 1, 119, 793, 8, 0, 247, 0, 0, 0, 64, 49, 1, 18, 0, 0, 0, 0, 0, 0, 0, 0] mem_assign=[4815, 6760, 2351, 7710, 26497, 2172, 3115, 9319, 4010, 5203, 1251, 9892, 9045, 2785, 6409, 2, 559, 431, 6, 1532, 136, 0, 0] topology_prune=on leaves=12 sleep_mode=light light_absorb=1 deep_probability=0.199 topology_action=null topology_gain=0.000e+00 topology_candidates=0 collapsed=0 topology_lambda=0.000e+00 time=W28.2/G3.1/S0.5s cache=0/1300 cuda_peak=13338MiB sleep_actions=[]
[Epoch 017] Wake: 100%|############| 1300/1300 [00:27<00:00, 46.51seq/s, events=104000, loss=2.6455, writes=9]
[Epoch 017] Global: 100%|################| 1300/1300 [00:03<00:00, 428.55seq-pass/s, batch=11/11, phase=train]
[Epoch 017] Sleep: 100%|############| 16/16 [00:00<00:00, 31.11step/s, actions=0, phase=light, pressure=0.335]
[MemoryTree][017/030] wake/event=2.645547 sleep_residual_utility=0.006668 writes=9 memorize=0 queue_split=9 wake_actions=A71499/R32492/M0/Q9 novelty=0.1245 weighted_sim=0.7509 wm_grad_max=4.710e+00 global/event=2.651234 mix_diag=2.7709 global_steps=11 prior_KL=5.406e-02 seq_H_cond=0.4604 seq_H_marg=0.5500 seq_MI=8.961e-02 post_KL_diag=3.728e-01 branch_distill=2.290e-01 probe=5.817e+00/0.432->0.435/0.003/0.484 frontier=6.48/11.95/5.48 enc_gate=0.257 enc_scale=0.014 teacher_conf=0.260 teacher_JS=6.462e-02 max_mass=0.2811 owner_hard=[1, 2, 1, 146, 834, 5, 3, 182, 0, 0, 0, 16, 107, 0, 3, 0, 0, 0, 0, 0, 0, 0, 0] mem_assign=[4210, 6571, 1641, 9752, 32359, 1948, 2641, 6288, 3512, 5089, 942, 8550, 7956, 2365, 7700, 1, 377, 352, 4, 1495, 247, 0, 0] topology_prune=on leaves=12 sleep_mode=light light_absorb=2 deep_probability=0.335 topology_action=null topology_gain=0.000e+00 topology_candidates=0 collapsed=0 topology_lambda=0.000e+00 time=W28.0/G3.0/S0.5s cache=0/1300 cuda_peak=13249MiB sleep_actions=[]
[Epoch 018] Wake: 100%|###########| 1300/1300 [00:28<00:00, 45.87seq/s, events=104000, loss=2.6362, writes=25]
[Epoch 018] Global: 100%|################| 1300/1300 [00:03<00:00, 419.43seq-pass/s, batch=11/11, phase=train]
[Epoch 018] Sleep: 100%|############| 16/16 [00:00<00:00, 30.47step/s, actions=0, phase=light, pressure=0.449]
[MemoryTree][018/030] wake/event=2.636190 sleep_residual_utility=0.006637 writes=25 memorize=0 queue_split=27 wake_actions=A71645/R32328/M0/Q27 novelty=0.1301 weighted_sim=0.7397 wm_grad_max=5.055e+00 global/event=2.640662 mix_diag=2.7788 global_steps=11 prior_KL=4.464e-02 seq_H_cond=0.4579 seq_H_marg=0.5404 seq_MI=8.245e-02 post_KL_diag=3.648e-01 branch_distill=2.502e-01 probe=5.744e+00/0.436->0.435/0.001/0.481 frontier=6.74/12.49/5.74 enc_gate=0.264 enc_scale=0.013 teacher_conf=0.263 teacher_JS=6.873e-02 max_mass=0.1828 owner_hard=[28, 0, 1, 181, 565, 0, 1, 217, 1, 10, 1, 131, 131, 5, 27, 0, 0, 1, 0, 0, 0, 0, 0] mem_assign=[5730, 4286, 2238, 7955, 18809, 2494, 2459, 7098, 5631, 7619, 3525, 10317, 9385, 2971, 8996, 2, 149, 1769, 45, 2066, 456, 0, 0] topology_prune=on leaves=12 sleep_mode=light light_absorb=1 deep_probability=0.449 topology_action=null topology_gain=0.000e+00 topology_candidates=0 collapsed=0 topology_lambda=0.000e+00 time=W28.3/G3.1/S0.5s cache=0/1300 cuda_peak=13332MiB sleep_actions=[]
[Epoch 019] Wake: 100%|###########| 1300/1300 [00:28<00:00, 45.86seq/s, events=104000, loss=2.6323, writes=21]
[Epoch 019] Global: 100%|################| 1300/1300 [00:03<00:00, 424.37seq-pass/s, batch=11/11, phase=train]
[Epoch 019] Sleep: 100%|############| 16/16 [00:00<00:00, 30.28step/s, actions=0, phase=light, pressure=0.479]
[MemoryTree][019/030] wake/event=2.632312 sleep_residual_utility=0.006772 writes=21 memorize=0 queue_split=22 wake_actions=A71435/R32543/M0/Q22 novelty=0.1194 weighted_sim=0.7612 wm_grad_max=6.125e+00 global/event=2.638912 mix_diag=2.7815 global_steps=11 prior_KL=4.869e-02 seq_H_cond=0.4572 seq_H_marg=0.5442 seq_MI=8.695e-02 post_KL_diag=3.897e-01 branch_distill=2.716e-01 probe=5.851e+00/0.413->0.416/0.000/0.491 frontier=6.51/12.03/5.51 enc_gate=0.261 enc_scale=0.013 teacher_conf=0.262 teacher_JS=6.727e-02 max_mass=0.2265 owner_hard=[4, 0, 0, 229, 677, 34, 3, 142, 10, 6, 0, 10, 164, 6, 14, 0, 0, 1, 0, 0, 0, 0, 0] mem_assign=[3845, 4097, 2046, 9603, 24664, 4133, 1769, 4913, 6500, 6062, 1749, 6896, 9905, 4223, 10531, 0, 169, 656, 11, 1923, 305, 0, 0] topology_prune=on leaves=12 sleep_mode=light light_absorb=1 deep_probability=0.479 topology_action=null topology_gain=0.000e+00 topology_candidates=0 collapsed=0 topology_lambda=0.000e+00 time=W28.3/G3.1/S0.5s cache=0/1300 cuda_peak=13075MiB sleep_actions=[]
[Epoch 020] Wake: 100%|############| 1300/1300 [00:28<00:00, 46.38seq/s, events=104000, loss=2.6433, writes=7]
[Epoch 020] Global: 100%|################| 1300/1300 [00:03<00:00, 425.98seq-pass/s, batch=11/11, phase=train]
[Epoch 020] Sleep: 100%|#############| 16/16 [00:19<00:00,  1.23s/step, actions=3, phase=deep, pressure=0.452]
[MemoryTree][020/030] wake/event=2.643325 sleep_residual_utility=0.006931 writes=7 memorize=0 queue_split=8 wake_actions=A71126/R32866/M0/Q8 novelty=0.1157 weighted_sim=0.7687 wm_grad_max=5.297e+00 global/event=2.629604 mix_diag=2.7683 global_steps=11 prior_KL=4.191e-02 seq_H_cond=0.4588 seq_H_marg=0.5333 seq_MI=7.448e-02 post_KL_diag=3.837e-01 branch_distill=2.692e-01 probe=5.956e+00/0.412->0.409/0.001/0.492 frontier=6.49/11.98/5.49 enc_gate=0.262 enc_scale=0.013 teacher_conf=0.262 teacher_JS=6.640e-02 max_mass=0.2330 owner_hard=[0, 0, 1, 108, 678, 101, 3, 59, 7, 26, 0, 9, 230, 11, 67, 0, 0, 0, 0, 0, 0, 0, 0] mem_assign=[4063, 3609, 2415, 8440, 25337, 4852, 2011, 4153, 6320, 7310, 1680, 7459, 9214, 3473, 11916, 3, 493, 211, 4, 888, 149, 0, 0] topology_prune=on leaves=12 sleep_mode=deep light_absorb=1 deep_probability=0.452 topology_action=null topology_gain=0.000e+00 topology_candidates=14 collapsed=0 topology_lambda=0.000e+00 time=W28.0/G3.1/S19.7s cache=0/1300 cuda_peak=13061MiB sleep_actions=['promotion', 'promotion', 'promotion']
[Epoch 021] Wake: 100%|###########| 1300/1300 [00:27<00:00, 47.13seq/s, events=104000, loss=2.6392, writes=14]
[Epoch 021] Global: 100%|################| 1300/1300 [00:03<00:00, 427.04seq-pass/s, batch=11/11, phase=train]
[Epoch 021] Sleep: 100%|############| 16/16 [00:00<00:00, 32.13step/s, actions=0, phase=light, pressure=0.181]
[MemoryTree][021/030] wake/event=2.639234 sleep_residual_utility=0.007156 writes=14 memorize=0 queue_split=15 wake_actions=A70921/R33064/M0/Q15 novelty=0.1164 weighted_sim=0.7672 wm_grad_max=5.990e+00 global/event=2.641521 mix_diag=2.7801 global_steps=11 prior_KL=3.942e-02 seq_H_cond=0.4705 seq_H_marg=0.5515 seq_MI=8.106e-02 post_KL_diag=4.046e-01 branch_distill=2.706e-01 probe=5.929e+00/0.403->0.403/0.001/0.479 frontier=6.37/11.75/5.37 enc_gate=0.253 enc_scale=0.013 teacher_conf=0.249 teacher_JS=6.554e-02 max_mass=0.2468 owner_hard=[0, 0, 0, 111, 732, 116, 0, 29, 0, 39, 0, 26, 215, 1, 31, 0, 0, 0, 0, 0, 0, 0, 0] mem_assign=[3989, 4007, 2255, 11343, 27664, 6416, 1541, 3071, 5173, 5504, 1651, 7211, 8176, 2918, 11596, 0, 975, 184, 3, 297, 26, 0, 0] topology_prune=on leaves=12 sleep_mode=light light_absorb=2 deep_probability=0.181 topology_action=null topology_gain=0.000e+00 topology_candidates=0 collapsed=0 topology_lambda=0.000e+00 time=W27.6/G3.0/S0.5s cache=0/1300 cuda_peak=13090MiB sleep_actions=[]
[Epoch 022] Wake: 100%|############| 1300/1300 [00:27<00:00, 46.97seq/s, events=104000, loss=2.6343, writes=8]
[Epoch 022] Global: 100%|################| 1300/1300 [00:03<00:00, 421.03seq-pass/s, batch=11/11, phase=train]
[Epoch 022] Sleep: 100%|############| 16/16 [00:00<00:00, 29.99step/s, actions=0, phase=light, pressure=0.283]
[MemoryTree][022/030] wake/event=2.634339 sleep_residual_utility=0.006820 writes=8 memorize=0 queue_split=8 wake_actions=A71306/R32686/M0/Q8 novelty=0.1143 weighted_sim=0.7715 wm_grad_max=4.524e+00 global/event=2.639025 mix_diag=2.7916 global_steps=11 prior_KL=3.901e-02 seq_H_cond=0.4791 seq_H_marg=0.5458 seq_MI=6.664e-02 post_KL_diag=3.965e-01 branch_distill=2.613e-01 probe=5.929e+00/0.404->0.418/0.004/0.494 frontier=6.50/12.00/5.50 enc_gate=0.257 enc_scale=0.013 teacher_conf=0.257 teacher_JS=6.839e-02 max_mass=0.2499 owner_hard=[1, 0, 0, 16, 781, 135, 0, 41, 0, 11, 0, 74, 214, 2, 25, 0, 0, 0, 0, 0, 0, 0, 0] mem_assign=[4406, 3775, 2047, 6180, 28255, 7122, 1454, 3362, 5591, 5809, 1704, 10249, 9265, 2330, 10979, 10, 990, 209, 6, 253, 4, 0, 0] topology_prune=on leaves=12 sleep_mode=light light_absorb=1 deep_probability=0.283 topology_action=null topology_gain=0.000e+00 topology_candidates=0 collapsed=0 topology_lambda=0.000e+00 time=W27.7/G3.1/S0.5s cache=0/1300 cuda_peak=13106MiB sleep_actions=[]
[Epoch 023] Wake: 100%|###########| 1300/1300 [00:28<00:00, 45.61seq/s, events=104000, loss=2.6202, writes=28]
[Epoch 023] Global: 100%|################| 1300/1300 [00:03<00:00, 419.00seq-pass/s, batch=11/11, phase=train]
[Epoch 023] Sleep: 100%|############| 16/16 [00:00<00:00, 31.03step/s, actions=0, phase=light, pressure=0.391]
[MemoryTree][023/030] wake/event=2.620166 sleep_residual_utility=0.007199 writes=28 memorize=6 queue_split=22 wake_actions=A71428/R32544/M6/Q22 novelty=0.1205 weighted_sim=0.7590 wm_grad_max=4.224e+00 global/event=2.623425 mix_diag=2.7712 global_steps=11 prior_KL=4.406e-02 seq_H_cond=0.4740 seq_H_marg=0.5302 seq_MI=5.621e-02 post_KL_diag=3.928e-01 branch_distill=2.572e-01 probe=5.922e+00/0.425->0.420/0.003/0.492 frontier=6.71/12.42/5.71 enc_gate=0.256 enc_scale=0.013 teacher_conf=0.269 teacher_JS=6.903e-02 max_mass=0.2125 owner_hard=[0, 0, 0, 2, 596, 290, 0, 40, 0, 1, 0, 238, 80, 0, 53, 0, 0, 0, 0, 0, 0, 0, 0] mem_assign=[5426, 2297, 2123, 4861, 23566, 10641, 1299, 2901, 5040, 5579, 2850, 14016, 6558, 1540, 10363, 20, 1640, 2669, 452, 155, 4, 0, 0] topology_prune=on leaves=12 sleep_mode=light light_absorb=1 deep_probability=0.391 topology_action=null topology_gain=0.000e+00 topology_candidates=0 collapsed=0 topology_lambda=0.000e+00 time=W28.5/G3.1/S0.5s cache=0/1300 cuda_peak=13341MiB sleep_actions=[]
[Epoch 024] Wake: 100%|###########| 1300/1300 [00:28<00:00, 45.93seq/s, events=104000, loss=2.6291, writes=19]
[Epoch 024] Global: 100%|################| 1300/1300 [00:03<00:00, 415.44seq-pass/s, batch=11/11, phase=train]
[Epoch 024] Sleep: 100%|############| 16/16 [00:00<00:00, 30.27step/s, actions=0, phase=light, pressure=0.492]
[MemoryTree][024/030] wake/event=2.629062 sleep_residual_utility=0.007423 writes=19 memorize=0 queue_split=19 wake_actions=A71642/R32339/M0/Q19 novelty=0.1259 weighted_sim=0.7481 wm_grad_max=3.680e+00 global/event=2.627753 mix_diag=2.8331 global_steps=11 prior_KL=4.080e-02 seq_H_cond=0.4874 seq_H_marg=0.5449 seq_MI=5.746e-02 post_KL_diag=4.215e-01 branch_distill=2.612e-01 probe=6.028e+00/0.409->0.417/0.002/0.493 frontier=6.66/12.32/5.66 enc_gate=0.267 enc_scale=0.013 teacher_conf=0.273 teacher_JS=6.727e-02 max_mass=0.2125 owner_hard=[1, 0, 0, 6, 637, 268, 2, 69, 3, 7, 1, 148, 87, 0, 52, 0, 0, 19, 0, 0, 0, 0, 0] mem_assign=[6919, 3272, 2177, 5783, 23347, 11290, 2556, 5294, 5383, 5189, 3411, 9730, 5655, 1438, 8283, 9, 533, 3153, 457, 114, 7, 0, 0] topology_prune=on leaves=12 sleep_mode=light light_absorb=2 deep_probability=0.492 topology_action=null topology_gain=0.000e+00 topology_candidates=0 collapsed=0 topology_lambda=0.000e+00 time=W28.3/G3.1/S0.5s cache=0/1300 cuda_peak=13400MiB sleep_actions=[]
[Epoch 025] Wake: 100%|###########| 1300/1300 [00:28<00:00, 45.93seq/s, events=104000, loss=2.6380, writes=34]
[Epoch 025] Global: 100%|################| 1300/1300 [00:03<00:00, 413.73seq-pass/s, batch=11/11, phase=train]
[Epoch 025] Sleep: 100%|############| 16/16 [00:18<00:00,  1.13s/step, actions=0, phase=light, pressure=0.586]
[MemoryTree][025/030] wake/event=2.638003 sleep_residual_utility=0.007935 writes=34 memorize=0 queue_split=35 wake_actions=A71312/R32653/M0/Q35 novelty=0.1224 weighted_sim=0.7552 wm_grad_max=4.367e+00 global/event=2.624704 mix_diag=2.8380 global_steps=11 prior_KL=4.270e-02 seq_H_cond=0.4711 seq_H_marg=0.5298 seq_MI=5.879e-02 post_KL_diag=4.092e-01 branch_distill=2.525e-01 probe=6.105e+00/0.428->0.423/0.003/0.471 frontier=6.77/12.54/5.77 enc_gate=0.275 enc_scale=0.013 teacher_conf=0.264 teacher_JS=6.643e-02 max_mass=0.1805 owner_hard=[9, 0, 0, 18, 518, 269, 2, 159, 1, 3, 1, 168, 89, 0, 63, 0, 0, 0, 0, 0, 0, 0, 0] mem_assign=[7571, 4444, 2666, 6548, 18400, 10424, 3356, 7358, 3712, 6288, 5149, 9309, 6305, 1332, 8011, 16, 404, 1430, 909, 340, 28, 0, 0] topology_prune=on leaves=12 sleep_mode=light light_absorb=3 deep_probability=0.586 topology_action=null topology_gain=0.000e+00 topology_candidates=14 collapsed=0 topology_lambda=0.000e+00 time=W28.3/G3.1/S18.1s cache=0/1300 cuda_peak=13401MiB sleep_actions=[]
[Epoch 026] Wake: 100%|###########| 1300/1300 [00:28<00:00, 46.25seq/s, events=104000, loss=2.6030, writes=26]
[Epoch 026] Global: 100%|################| 1300/1300 [00:03<00:00, 417.34seq-pass/s, batch=11/11, phase=train]
[Epoch 026] Sleep: 100%|############| 16/16 [00:00<00:00, 29.45step/s, actions=0, phase=light, pressure=0.218]
[MemoryTree][026/030] wake/event=2.602996 sleep_residual_utility=0.006808 writes=26 memorize=0 queue_split=28 wake_actions=A71469/R32503/M0/Q28 novelty=0.1159 weighted_sim=0.7682 wm_grad_max=3.853e+00 global/event=2.604006 mix_diag=2.8108 global_steps=11 prior_KL=4.245e-02 seq_H_cond=0.4742 seq_H_marg=0.5412 seq_MI=6.699e-02 post_KL_diag=4.396e-01 branch_distill=2.525e-01 probe=6.140e+00/0.418->0.422/0.000/0.473 frontier=6.65/12.29/5.65 enc_gate=0.284 enc_scale=0.014 teacher_conf=0.277 teacher_JS=6.619e-02 max_mass=0.2052 owner_hard=[2, 1, 0, 27, 599, 179, 0, 72, 2, 6, 1, 124, 143, 0, 144, 0, 0, 0, 0, 0, 0, 0, 0] mem_assign=[5098, 5513, 1889, 6590, 22851, 9326, 1851, 4533, 4799, 5376, 4542, 9929, 6768, 1991, 9784, 22, 698, 2051, 316, 69, 4, 0, 0] topology_prune=on leaves=12 sleep_mode=light light_absorb=3 deep_probability=0.218 topology_action=null topology_gain=0.000e+00 topology_candidates=0 collapsed=0 topology_lambda=0.000e+00 time=W28.1/G3.1/S0.5s cache=0/1300 cuda_peak=13176MiB sleep_actions=[]
[Epoch 027] Wake: 100%|############| 1300/1300 [00:27<00:00, 46.50seq/s, events=104000, loss=2.6007, writes=4]
[Epoch 027] Global: 100%|################| 1300/1300 [00:03<00:00, 404.10seq-pass/s, batch=11/11, phase=train]
[Epoch 027] Sleep: 100%|#############| 16/16 [00:21<00:00,  1.33s/step, actions=3, phase=deep, pressure=0.340]
[MemoryTree][027/030] wake/event=2.600718 sleep_residual_utility=0.006860 writes=4 memorize=0 queue_split=4 wake_actions=A71466/R32530/M0/Q4 novelty=0.1194 weighted_sim=0.7612 wm_grad_max=4.392e+00 global/event=2.602175 mix_diag=2.8678 global_steps=11 prior_KL=4.252e-02 seq_H_cond=0.4671 seq_H_marg=0.5294 seq_MI=6.227e-02 post_KL_diag=4.832e-01 branch_distill=2.615e-01 probe=6.317e+00/0.405->0.398/0.003/0.482 frontier=6.59/12.17/5.59 enc_gate=0.299 enc_scale=0.015 teacher_conf=0.299 teacher_JS=6.923e-02 max_mass=0.2543 owner_hard=[0, 19, 0, 24, 818, 124, 0, 32, 1, 10, 0, 111, 85, 0, 76, 0, 0, 0, 0, 0, 0, 0, 0] mem_assign=[4913, 7548, 1998, 8367, 28830, 9637, 1649, 3077, 3886, 4301, 2004, 8910, 5239, 1381, 8790, 4, 885, 2182, 332, 56, 11, 0, 0] topology_prune=on leaves=12 sleep_mode=deep light_absorb=4 deep_probability=0.340 topology_action=null topology_gain=0.000e+00 topology_candidates=14 collapsed=0 topology_lambda=0.000e+00 time=W28.0/G3.2/S21.3s cache=0/1300 cuda_peak=13371MiB sleep_actions=['promotion', 'promotion', 'promotion']
[Epoch 028] Wake: 100%|############| 1300/1300 [00:27<00:00, 46.66seq/s, events=104000, loss=2.5964, writes=9]
[Epoch 028] Global: 100%|################| 1300/1300 [00:03<00:00, 403.21seq-pass/s, batch=11/11, phase=train]
[Epoch 028] Sleep: 100%|############| 16/16 [00:00<00:00, 30.63step/s, actions=0, phase=light, pressure=0.198]
[MemoryTree][028/030] wake/event=2.596371 sleep_residual_utility=0.006937 writes=9 memorize=0 queue_split=10 wake_actions=A71254/R32736/M0/Q10 novelty=0.1267 weighted_sim=0.7465 wm_grad_max=4.393e+00 global/event=2.598942 mix_diag=2.9223 global_steps=11 prior_KL=3.891e-02 seq_H_cond=0.4769 seq_H_marg=0.5463 seq_MI=6.941e-02 post_KL_diag=4.981e-01 branch_distill=2.720e-01 probe=6.566e+00/0.370->0.374/0.000/0.490 frontier=6.73/12.46/5.73 enc_gate=0.299 enc_scale=0.015 teacher_conf=0.296 teacher_JS=6.814e-02 max_mass=0.1982 owner_hard=[1, 1, 0, 11, 588, 288, 6, 157, 0, 6, 15, 116, 28, 0, 80, 0, 0, 3, 0, 0, 0, 0, 0] mem_assign=[5509, 6483, 2022, 6069, 21817, 11509, 2790, 6053, 4253, 5795, 4642, 9717, 4517, 1316, 7416, 4, 54, 3292, 716, 26, 0, 0, 0] topology_prune=on leaves=12 sleep_mode=light light_absorb=5 deep_probability=0.198 topology_action=null topology_gain=0.000e+00 topology_candidates=0 collapsed=0 topology_lambda=0.000e+00 time=W27.9/G3.2/S0.5s cache=0/1300 cuda_peak=13343MiB sleep_actions=[]
[Epoch 029] Wake: 100%|############| 1300/1300 [00:27<00:00, 46.50seq/s, events=104000, loss=2.5884, writes=8]
[Epoch 029] Global: 100%|################| 1300/1300 [00:03<00:00, 415.12seq-pass/s, batch=11/11, phase=train]
[Epoch 029] Sleep: 100%|#############| 16/16 [00:19<00:00,  1.21s/step, actions=3, phase=deep, pressure=0.333]
[MemoryTree][029/030] wake/event=2.588372 sleep_residual_utility=0.007121 writes=8 memorize=0 queue_split=9 wake_actions=A71531/R32460/M0/Q9 novelty=0.1253 weighted_sim=0.7495 wm_grad_max=4.846e+00 global/event=2.592590 mix_diag=2.8552 global_steps=11 prior_KL=3.900e-02 seq_H_cond=0.4737 seq_H_marg=0.5461 seq_MI=7.243e-02 post_KL_diag=5.292e-01 branch_distill=2.836e-01 probe=6.717e+00/0.365->0.358/0.001/0.510 frontier=6.72/12.44/5.72 enc_gate=0.323 enc_scale=0.016 teacher_conf=0.324 teacher_JS=7.269e-02 max_mass=0.2311 owner_hard=[1, 12, 0, 7, 684, 212, 1, 34, 0, 0, 0, 103, 157, 0, 89, 0, 0, 0, 0, 0, 0, 0, 0] mem_assign=[5267, 8942, 2284, 6783, 25908, 10763, 1694, 3359, 2806, 3468, 2535, 10051, 7559, 999, 8482, 4, 706, 1989, 314, 79, 8, 0, 0] topology_prune=on leaves=12 sleep_mode=deep light_absorb=5 deep_probability=0.333 topology_action=null topology_gain=0.000e+00 topology_candidates=14 collapsed=0 topology_lambda=0.000e+00 time=W28.0/G3.1/S19.4s cache=0/1300 cuda_peak=13302MiB sleep_actions=['promotion', 'promotion', 'promotion']
[Epoch 030] Wake: 100%|############| 1300/1300 [00:27<00:00, 46.95seq/s, events=104000, loss=2.5945, writes=3]
[Epoch 030] Global: 100%|################| 1300/1300 [00:03<00:00, 417.58seq-pass/s, batch=11/11, phase=train]
[Epoch 030] Sleep: 100%|############| 16/16 [00:17<00:00,  1.12s/step, actions=0, phase=light, pressure=0.194]
[MemoryTree][030/030] wake/event=2.594530 sleep_residual_utility=0.005952 writes=3 memorize=0 queue_split=3 wake_actions=A71624/R32373/M0/Q3 novelty=0.1247 weighted_sim=0.7505 wm_grad_max=3.947e+00 global/event=2.595418 mix_diag=2.8927 global_steps=11 prior_KL=3.290e-02 seq_H_cond=0.4697 seq_H_marg=0.5451 seq_MI=7.546e-02 post_KL_diag=5.646e-01 branch_distill=2.904e-01 probe=6.756e+00/0.356->0.351/0.002/0.527 frontier=6.73/12.46/5.73 enc_gate=0.328 enc_scale=0.016 teacher_conf=0.325 teacher_JS=7.322e-02 max_mass=0.2436 owner_hard=[0, 8, 0, 20, 781, 113, 0, 5, 0, 0, 0, 93, 209, 0, 71, 0, 0, 0, 0, 0, 0, 0, 0] mem_assign=[4643, 9897, 2112, 7568, 27459, 8752, 1350, 2949, 2517, 3224, 2530, 10619, 8822, 1203, 7964, 2, 291, 1896, 192, 10, 0, 0, 0] topology_prune=on leaves=12 sleep_mode=light light_absorb=5 deep_probability=0.194 topology_action=null topology_gain=0.000e+00 topology_candidates=14 collapsed=0 topology_lambda=0.000e+00 time=W27.7/G3.1/S18.0s cache=0/1300 cuda_peak=13329MiB sleep_actions=[]