Using device: cuda
DataFrame shape: (1300, 3)
Columns: ['event_times', 'event_types', 'cluster']
加载了 1300 个序列
检测到 8 种事件类型: [0, 1, 2, 3, 4, 5, 6, 7]
第一个序列长度: 80
[Hawkes Cold Start][001/010] train_nll/event=4.329365 val_nll/event=3.929863 max_grad=1.8302
[Hawkes Cold Start][002/010] train_nll/event=3.517812 val_nll/event=3.414127 max_grad=0.7399
[Hawkes Cold Start][003/010] train_nll/event=3.161782 val_nll/event=3.164692 max_grad=0.3878
[Hawkes Cold Start][004/010] train_nll/event=2.983574 val_nll/event=3.044560 max_grad=0.2385
[Hawkes Cold Start][005/010] train_nll/event=2.897385 val_nll/event=2.989479 max_grad=0.1816
[Hawkes Cold Start][006/010] train_nll/event=2.856144 val_nll/event=2.962894 max_grad=0.1637
[Hawkes Cold Start][007/010] train_nll/event=2.834458 val_nll/event=2.947951 max_grad=0.1667
[Hawkes Cold Start][008/010] train_nll/event=2.821638 val_nll/event=2.938633 max_grad=0.1727
[Hawkes Cold Start][009/010] train_nll/event=2.813598 val_nll/event=2.932468 max_grad=0.1763
[Hawkes Cold Start][010/010] train_nll/event=2.808290 val_nll/event=2.928301 max_grad=0.1806
[Hawkes Cold Start] checkpoint saved to /home/xinye/HawkesMemory_wfy/checkpoints/hawkes_backbone_init.pt
[Hawkes Cold Start] spectral_radius=0.761968, min_mu=8.451259e-03
[H_tree] initialized 25/25 node_emb from /home/xinye/HawkesMemory_wfy/Data/tree_13/h_tree_one_circle.pt
[Routing] mode=active_frontier frontier=2..7 temperature=1.100 exploration=0.000

[Residual init]:   0%|          | 0/1300 [00:00<?, ?seq/s]
[Residual init]:   2%|▏         | 29/1300 [00:00<00:04, 285.23seq/s]
[Residual init]:   5%|▌         | 65/1300 [00:00<00:03, 325.20seq/s]
[Residual init]:   8%|▊         | 101/1300 [00:00<00:03, 337.61seq/s]
[Residual init]:  11%|█         | 137/1300 [00:00<00:03, 344.49seq/s]
[Residual init]:  13%|█▎        | 172/1300 [00:00<00:03, 346.40seq/s]
[Residual init]:  16%|█▌        | 207/1300 [00:00<00:03, 347.19seq/s]
[Residual init]:  19%|█▊        | 242/1300 [00:00<00:03, 346.42seq/s]
[Residual init]:  21%|██▏       | 279/1300 [00:00<00:02, 350.72seq/s]
[Residual init]:  24%|██▍       | 315/1300 [00:00<00:02, 351.21seq/s]
[Residual init]:  27%|██▋       | 352/1300 [00:01<00:02, 354.97seq/s]
[Residual init]:  30%|██▉       | 388/1300 [00:01<00:02, 354.36seq/s]
[Residual init]:  33%|███▎      | 424/1300 [00:01<00:02, 353.38seq/s]
[Residual init]:  35%|███▌      | 460/1300 [00:01<00:02, 348.22seq/s]
[Residual init]:  38%|███▊      | 496/1300 [00:01<00:02, 350.47seq/s]
[Residual init]:  41%|████      | 532/1300 [00:01<00:02, 353.01seq/s]
[Residual init]:  44%|████▎     | 568/1300 [00:01<00:02, 351.86seq/s]
[Residual init]:  46%|████▋     | 604/1300 [00:01<00:01, 353.17seq/s]
[Residual init]:  49%|████▉     | 641/1300 [00:01<00:01, 355.55seq/s]
[Residual init]:  52%|█████▏    | 677/1300 [00:01<00:01, 354.56seq/s]
[Residual init]:  55%|█████▍    | 713/1300 [00:02<00:01, 354.68seq/s]
[Residual init]:  58%|█████▊    | 749/1300 [00:02<00:01, 354.52seq/s]
[Residual init]:  60%|██████    | 785/1300 [00:02<00:01, 353.06seq/s]
[Residual init]:  63%|██████▎   | 821/1300 [00:02<00:01, 352.03seq/s]
[Residual init]:  66%|██████▌   | 857/1300 [00:02<00:01, 352.16seq/s]
[Residual init]:  69%|██████▊   | 893/1300 [00:02<00:01, 351.76seq/s]
[Residual init]:  71%|███████▏  | 929/1300 [00:02<00:01, 351.28seq/s]
[Residual init]:  74%|███████▍  | 965/1300 [00:02<00:00, 351.35seq/s]
[Residual init]:  77%|███████▋  | 1001/1300 [00:02<00:00, 352.64seq/s]
[Residual init]:  80%|███████▉  | 1037/1300 [00:02<00:00, 353.43seq/s]
[Residual init]:  83%|████████▎ | 1073/1300 [00:03<00:00, 353.64seq/s]
[Residual init]:  85%|████████▌ | 1109/1300 [00:03<00:00, 353.97seq/s]
[Residual init]:  88%|████████▊ | 1145/1300 [00:03<00:00, 351.27seq/s]
[Residual init]:  91%|█████████ | 1181/1300 [00:03<00:00, 348.12seq/s]
[Residual init]:  94%|█████████▎| 1216/1300 [00:03<00:00, 347.89seq/s]
[Residual init]:  96%|█████████▋| 1253/1300 [00:03<00:00, 352.95seq/s]
[Residual init]:  99%|█████████▉| 1289/1300 [00:03<00:00, 351.32seq/s]
[Residual init]: 100%|██████████| 1300/1300 [00:03<00:00, 350.57seq/s]
[Residual Initialization] sequences=1300 rank=4 grad_norm=6.172e+00/9.901e+00/1.469e+01 clipped=0.000 membership=[100.0, 100.0, 100.0, 100.0, 100.0, 100.0, 100.0, 100.0, 100.0, 100.0, 100.0, 100.0, 100.0] target_mass=[0.07692307978868484, 0.07692307978868484, 0.07692307978868484, 0.07692307978868484, 0.07692307978868484, 0.07692307978868484, 0.07692307978868484, 0.07692307978868484, 0.07692307978868484, 0.07692307978868484, 0.07692307978868484, 0.07692307978868484, 0.07692307978868484]
[Initialization] mode=residual_signature semantic_blend=0.0000 semantic_delta_mean=1.7616e-02 semantic_delta_max=2.6309e-01 offset_mode=path_additive route_balance=0.1000
[Symmetry] mode=residual_signature router_gain=0.0500 router_norm_mean=7.3961e-02 leaf_delta_mean=2.2302e-02 leaf_mean_error=9.537e-07 spectral_radius=[0.755441,0.773906]

[H-align 01/05]:   0%|          | 0/82 [00:00<?, ?batch/s]
[H-align 01/05]:  10%|▉         | 8/82 [00:00<00:00, 74.95batch/s, acc=0.709, loss=0.63]
[H-align 01/05]:  22%|██▏       | 18/82 [00:00<00:00, 85.38batch/s, acc=0.721, loss=0.586]
[H-align 01/05]:  34%|███▍      | 28/82 [00:00<00:00, 88.30batch/s, acc=0.718, loss=0.581]
[H-align 01/05]:  46%|████▋     | 38/82 [00:00<00:00, 90.00batch/s, acc=0.717, loss=0.567]
[H-align 01/05]:  59%|█████▊    | 48/82 [00:00<00:00, 90.80batch/s, acc=0.721, loss=0.567]
[H-align 01/05]:  71%|███████   | 58/82 [00:00<00:00, 91.53batch/s, acc=0.724, loss=0.561]
[H-align 01/05]:  83%|████████▎ | 68/82 [00:00<00:00, 91.78batch/s, acc=0.723, loss=0.561]
[H-align 01/05]:  95%|█████████▌| 78/82 [00:00<00:00, 92.31batch/s, acc=0.724, loss=0.557]
[H-align 01/05]: 100%|██████████| 82/82 [00:00<00:00, 90.57batch/s, acc=0.726, loss=0.557]
[H-align] epoch=1/5 loss=0.556581 acc=0.7256 p_target=0.6233 confidence=1.0000 grad_max=2.030e+00

[H-align 02/05]:   0%|          | 0/82 [00:00<?, ?batch/s]
[H-align 02/05]:  12%|█▏        | 10/82 [00:00<00:00, 92.15batch/s, acc=0.726, loss=0.546]
[H-align 02/05]:  24%|██▍       | 20/82 [00:00<00:00, 92.57batch/s, acc=0.733, loss=0.537]
[H-align 02/05]:  37%|███▋      | 30/82 [00:00<00:00, 90.03batch/s, acc=0.723, loss=0.546]
[H-align 02/05]:  49%|████▉     | 40/82 [00:00<00:00, 90.76batch/s, acc=0.729, loss=0.535]
[H-align 02/05]:  61%|██████    | 50/82 [00:00<00:00, 90.98batch/s, acc=0.732, loss=0.527]
[H-align 02/05]:  73%|███████▎  | 60/82 [00:00<00:00, 91.34batch/s, acc=0.737, loss=0.517]
[H-align 02/05]:  85%|████████▌ | 70/82 [00:00<00:00, 91.25batch/s, acc=0.742, loss=0.503]
[H-align 02/05]:  98%|█████████▊| 80/82 [00:00<00:00, 91.05batch/s, acc=0.751, loss=0.486]
[H-align 02/05]: 100%|██████████| 82/82 [00:00<00:00, 91.27batch/s, acc=0.752, loss=0.483]
[H-align] epoch=2/5 loss=0.483338 acc=0.7522 p_target=0.6708 confidence=1.0000 grad_max=1.128e+00

[H-align 03/05]:   0%|          | 0/82 [00:00<?, ?batch/s]
[H-align 03/05]:  12%|█▏        | 10/82 [00:00<00:00, 92.60batch/s, acc=0.826, loss=0.34]
[H-align 03/05]:  24%|██▍       | 20/82 [00:00<00:00, 92.53batch/s, acc=0.838, loss=0.323]
[H-align 03/05]:  37%|███▋      | 30/82 [00:00<00:00, 93.15batch/s, acc=0.846, loss=0.311]
[H-align 03/05]:  49%|████▉     | 40/82 [00:00<00:00, 93.49batch/s, acc=0.853, loss=0.301]
[H-align 03/05]:  61%|██████    | 50/82 [00:00<00:00, 93.18batch/s, acc=0.86, loss=0.289] 
[H-align 03/05]:  73%|███████▎  | 60/82 [00:00<00:00, 93.00batch/s, acc=0.866, loss=0.281]
[H-align 03/05]:  85%|████████▌ | 70/82 [00:00<00:00, 92.83batch/s, acc=0.873, loss=0.27] 
[H-align 03/05]:  98%|█████████▊| 80/82 [00:00<00:00, 92.84batch/s, acc=0.881, loss=0.258]
[H-align 03/05]: 100%|██████████| 82/82 [00:00<00:00, 93.10batch/s, acc=0.881, loss=0.257]
[H-align] epoch=3/5 loss=0.257032 acc=0.8815 p_target=0.8219 confidence=1.0000 grad_max=1.668e+00

[H-align 04/05]:   0%|          | 0/82 [00:00<?, ?batch/s]
[H-align 04/05]:  12%|█▏        | 10/82 [00:00<00:00, 91.88batch/s, acc=0.944, loss=0.147]
[H-align 04/05]:  24%|██▍       | 20/82 [00:00<00:00, 90.93batch/s, acc=0.951, loss=0.132]
[H-align 04/05]:  37%|███▋      | 30/82 [00:00<00:00, 91.21batch/s, acc=0.95, loss=0.133] 
[H-align 04/05]:  49%|████▉     | 40/82 [00:00<00:00, 91.44batch/s, acc=0.953, loss=0.129]
[H-align 04/05]:  61%|██████    | 50/82 [00:00<00:00, 91.81batch/s, acc=0.953, loss=0.127]
[H-align 04/05]:  73%|███████▎  | 60/82 [00:00<00:00, 91.48batch/s, acc=0.956, loss=0.122]
[H-align 04/05]:  85%|████████▌ | 70/82 [00:00<00:00, 91.54batch/s, acc=0.959, loss=0.115]
[H-align 04/05]:  98%|█████████▊| 80/82 [00:00<00:00, 91.92batch/s, acc=0.962, loss=0.109]
[H-align 04/05]: 100%|██████████| 82/82 [00:00<00:00, 91.85batch/s, acc=0.963, loss=0.108]
[H-align] epoch=4/5 loss=0.107817 acc=0.9628 p_target=0.9280 confidence=1.0000 grad_max=3.133e+00

[H-align 05/05]:   0%|          | 0/82 [00:00<?, ?batch/s]
[H-align 05/05]:  11%|█         | 9/82 [00:00<00:00, 88.28batch/s, acc=0.981, loss=0.0652]
[H-align 05/05]:  23%|██▎       | 19/82 [00:00<00:00, 89.98batch/s, acc=0.98, loss=0.07]  
[H-align 05/05]:  35%|███▌      | 29/82 [00:00<00:00, 91.18batch/s, acc=0.982, loss=0.0632]
[H-align 05/05]:  48%|████▊     | 39/82 [00:00<00:00, 91.76batch/s, acc=0.985, loss=0.0572]
[H-align 05/05]:  60%|█████▉    | 49/82 [00:00<00:00, 92.33batch/s, acc=0.986, loss=0.0539]
[H-align 05/05]:  72%|███████▏  | 59/82 [00:00<00:00, 88.55batch/s, acc=0.986, loss=0.0505]
[H-align 05/05]:  84%|████████▍ | 69/82 [00:00<00:00, 89.93batch/s, acc=0.987, loss=0.0478]
[H-align 05/05]:  96%|█████████▋| 79/82 [00:00<00:00, 90.58batch/s, acc=0.988, loss=0.0454]
[H-align 05/05]: 100%|██████████| 82/82 [00:00<00:00, 90.69batch/s, acc=0.988, loss=0.045] 
[H-align] epoch=5/5 loss=0.044972 acc=0.9881 p_target=0.9717 confidence=1.0000 grad_max=1.833e+00
[H-align Complete] epochs=5 loss=0.690036->0.026389 accuracy=0.9938 p_target=0.9833 updated=encoder+router_compat frozen=hawkes+node_emb+semantics+memory

[Init] Cache:   0%|                                                                 | 0/1300 [00:00<?, ?seq/s]
[Init] Cache: 100%|#########################| 1300/1300 [00:01<00:00, 1118.91seq/s, built=1300, events=104000]
[Cache] sequences=1300 events=104000 built=1300 device=cuda time=1.162s

[Epoch 001] Wake: 100%|#########| 1300/1300 [01:25<00:00, 15.24seq/s, events=104000, loss=2.7793, writes=4373]
[Epoch 001] Global: 100%|#################| 1300/1300 [00:29<00:00, 43.34seq-pass/s, batch=21/21, phase=train]
[Epoch 001] Sleep: 100%|############| 17/17 [00:00<00:00, 22.79step/s, actions=0, phase=light, pressure=0.150]
[MemoryTree][001/030] wake/event=2.779328 sleep_residual_utility=0.009393 writes=4373 memorize=2133 queue_split=0 wake_actions=A70986/R30881/M2133/Q0 novelty=0.0607 weighted_sim=0.8786 wm_grad_max=3.308e+00 global/event=2.748570 mix_diag=2.7486 global_steps=21 prior_KL=1.822e-01 seq_H_cond=0.3204 seq_H_marg=0.3462 seq_MI=2.577e-02 post_KL_diag=5.833e-02 branch_distill=7.075e-01 probe=5.307e+00/0.585->0.600/0.015/0.448 frontier=6.05/11.11/5.05 enc_gate=0.030 enc_scale=0.001 teacher_conf=0.018 teacher_JS=1.091e-01 max_mass=0.0880 owner_hard=[0, 0, 0, 100, 0, 100, 0, 102, 98, 100, 0, 0, 0, 0, 0, 98, 0, 100, 201, 100, 100, 102, 99, 0, 0] mem_assign=[2, 10, 0, 7469, 59, 6962, 1, 8101, 7095, 7346, 7, 413, 452, 763, 1014, 7842, 266, 7627, 15628, 8213, 7528, 10185, 7017, 0, 0] topology_prune=off leaves=13 sleep_mode=light light_absorb=0 deep_probability=0.150 topology_action=null topology_gain=0.000e+00 topology_candidates=0 collapsed=0 topology_lambda=0.000e+00 time=W85.3/G30.0/S0.8s cache=0/1300 cuda_peak=6061MiB sleep_actions=[]
[Epoch 002] Wake: 100%|#########| 1300/1300 [01:26<00:00, 15.09seq/s, events=104000, loss=2.7784, writes=4254]
[Epoch 002] Global: 100%|#################| 1300/1300 [00:29<00:00, 43.79seq-pass/s, batch=21/21, phase=train]
[Epoch 002] Sleep: 100%|############| 17/17 [00:00<00:00, 23.18step/s, actions=0, phase=light, pressure=0.283]
[MemoryTree][002/030] wake/event=2.778472 sleep_residual_utility=0.009775 writes=4254 memorize=279 queue_split=217 wake_actions=A71918/R31586/M279/Q217 novelty=0.0346 weighted_sim=0.9308 wm_grad_max=3.462e+00 global/event=2.771166 mix_diag=2.8061 global_steps=21 prior_KL=4.832e-02 seq_H_cond=0.5150 seq_H_marg=0.5181 seq_MI=3.075e-03 post_KL_diag=1.961e-01 branch_distill=1.608e-01 probe=5.049e+00/0.471->0.472/0.003/0.554 frontier=7.00/13.00/6.00 enc_gate=0.104 enc_scale=0.005 teacher_conf=0.075 teacher_JS=5.255e-02 max_mass=0.1253 owner_hard=[0, 202, 0, 42, 36, 0, 0, 0, 0, 0, 1, 628, 150, 0, 8, 0, 71, 0, 0, 0, 0, 133, 29, 0, 0] mem_assign=[7217, 12833, 4, 2629, 2868, 2, 2, 193, 0, 0, 5759, 35350, 8663, 530, 3975, 2225, 9435, 0, 134, 0, 0, 9552, 2629, 0, 0] topology_prune=off leaves=13 sleep_mode=light light_absorb=0 deep_probability=0.283 topology_action=null topology_gain=0.000e+00 topology_candidates=0 collapsed=0 topology_lambda=0.000e+00 time=W86.2/G29.7/S0.8s cache=0/1300 cuda_peak=6402MiB sleep_actions=[]
[Epoch 003] Wake: 100%|#########| 1300/1300 [01:27<00:00, 14.84seq/s, events=104000, loss=2.7285, writes=4255]
[Epoch 003] Global: 100%|#################| 1300/1300 [00:29<00:00, 43.71seq-pass/s, batch=21/21, phase=train]
[Epoch 003] Sleep: 100%|############| 17/17 [00:00<00:00, 23.23step/s, actions=0, phase=light, pressure=0.405]
[MemoryTree][003/030] wake/event=2.728536 sleep_residual_utility=0.009855 writes=4255 memorize=39 queue_split=2096 wake_actions=A72251/R29614/M39/Q2096 novelty=0.0273 weighted_sim=0.9453 wm_grad_max=4.286e+00 global/event=2.705145 mix_diag=2.7901 global_steps=21 prior_KL=7.989e-02 seq_H_cond=0.5208 seq_H_marg=0.5257 seq_MI=4.878e-03 post_KL_diag=3.027e-01 branch_distill=2.400e-01 probe=5.815e+00/0.381->0.383/0.000/0.580 frontier=6.85/12.70/5.85 enc_gate=0.171 enc_scale=0.012 teacher_conf=0.167 teacher_JS=6.141e-02 max_mass=0.1943 owner_hard=[0, 1, 0, 268, 0, 0, 0, 0, 0, 0, 0, 866, 0, 0, 0, 2, 163, 0, 0, 0, 0, 0, 0, 0, 0] mem_assign=[2775, 1665, 68, 14091, 897, 697, 869, 0, 0, 367, 3166, 53300, 567, 1262, 1293, 12337, 10646, 0, 0, 0, 0, 0, 0, 0, 0] topology_prune=off leaves=13 sleep_mode=light light_absorb=0 deep_probability=0.405 topology_action=null topology_gain=0.000e+00 topology_candidates=0 collapsed=0 topology_lambda=0.000e+00 time=W87.6/G29.7/S0.8s cache=0/1300 cuda_peak=7023MiB sleep_actions=[]
[Epoch 004] Wake: 100%|#########| 1300/1300 [01:26<00:00, 15.05seq/s, events=104000, loss=2.6959, writes=3077]
[Epoch 004] Global: 100%|#################| 1300/1300 [00:30<00:00, 43.30seq-pass/s, batch=21/21, phase=train]
[Epoch 004] Sleep: 100%|############| 17/17 [00:00<00:00, 22.87step/s, actions=0, phase=light, pressure=0.514]
[MemoryTree][004/030] wake/event=2.695949 sleep_residual_utility=0.011002 writes=3077 memorize=0 queue_split=140 wake_actions=A72521/R31339/M0/Q140 novelty=0.0185 weighted_sim=0.9629 wm_grad_max=4.935e+00 global/event=2.686158 mix_diag=2.7382 global_steps=21 prior_KL=1.116e-01 seq_H_cond=0.4970 seq_H_marg=0.5085 seq_MI=1.151e-02 post_KL_diag=2.812e-01 branch_distill=2.623e-01 probe=5.938e+00/0.361->0.365/0.012/0.640 frontier=6.92/12.84/5.92 enc_gate=0.194 enc_scale=0.015 teacher_conf=0.197 teacher_JS=6.443e-02 max_mass=0.1791 owner_hard=[0, 0, 0, 309, 0, 0, 0, 0, 0, 0, 0, 796, 1, 0, 0, 8, 186, 0, 0, 0, 0, 0, 0, 0, 0] mem_assign=[2482, 509, 560, 17802, 913, 3136, 3135, 0, 232, 4242, 2908, 48174, 1767, 1147, 58, 8190, 8745, 0, 0, 0, 0, 0, 0, 0, 0] topology_prune=off leaves=13 sleep_mode=light light_absorb=0 deep_probability=0.514 topology_action=null topology_gain=0.000e+00 topology_candidates=0 collapsed=0 topology_lambda=0.000e+00 time=W86.4/G30.0/S0.8s cache=0/1300 cuda_peak=7037MiB sleep_actions=[]
[Epoch 005] Wake: 100%|#########| 1300/1300 [01:27<00:00, 14.93seq/s, events=104000, loss=2.6733, writes=3631]
[Epoch 005] Global: 100%|#################| 1300/1300 [00:30<00:00, 43.02seq-pass/s, batch=21/21, phase=train]
[Epoch 005] Sleep: 100%|#############| 17/17 [00:41<00:00,  2.42s/step, actions=3, phase=deep, pressure=0.608]
[MemoryTree][005/030] wake/event=2.673365 sleep_residual_utility=0.009498 writes=3631 memorize=0 queue_split=1221 wake_actions=A72849/R29930/M0/Q1221 novelty=0.0316 weighted_sim=0.9368 wm_grad_max=4.054e+00 global/event=2.675717 mix_diag=2.6924 global_steps=21 prior_KL=1.025e-01 seq_H_cond=0.4662 seq_H_marg=0.4904 seq_MI=2.427e-02 post_KL_diag=2.618e-01 branch_distill=2.760e-01 probe=5.887e+00/0.400->0.402/0.068/0.620 frontier=6.76/12.52/5.76 enc_gate=0.208 enc_scale=0.015 teacher_conf=0.196 teacher_JS=6.765e-02 max_mass=0.1574 owner_hard=[0, 0, 0, 266, 3, 0, 0, 0, 0, 0, 0, 675, 0, 182, 6, 1, 167, 0, 0, 0, 0, 0, 0, 0, 0] mem_assign=[1861, 2259, 52, 12141, 3553, 44, 1588, 0, 86, 1813, 1790, 41589, 329, 16066, 5421, 7583, 7772, 0, 0, 17, 0, 36, 0, 0, 0] topology_prune=off leaves=13 sleep_mode=deep light_absorb=0 deep_probability=0.608 topology_action=null topology_gain=0.000e+00 topology_candidates=19 collapsed=0 topology_lambda=6.000e-04 time=W87.1/G30.2/S41.2s cache=0/1300 cuda_peak=7071MiB sleep_actions=['promotion', 'promotion', 'promotion']
[Epoch 006] Wake: 100%|#########| 1300/1300 [01:27<00:00, 14.89seq/s, events=104000, loss=2.6816, writes=3658]
[Epoch 006] Global: 100%|#################| 1300/1300 [00:29<00:00, 43.42seq-pass/s, batch=21/21, phase=train]
[Epoch 006] Sleep: 100%|############| 17/17 [00:00<00:00, 23.10step/s, actions=0, phase=light, pressure=0.240]
[MemoryTree][006/030] wake/event=2.681667 sleep_residual_utility=0.009429 writes=3658 memorize=0 queue_split=3859 wake_actions=A72965/R27176/M0/Q3859 novelty=0.0357 weighted_sim=0.9286 wm_grad_max=4.016e+00 global/event=2.689834 mix_diag=2.7640 global_steps=21 prior_KL=9.000e-02 seq_H_cond=0.4810 seq_H_marg=0.5048 seq_MI=2.379e-02 post_KL_diag=3.013e-01 branch_distill=2.646e-01 probe=6.272e+00/0.439->0.437/0.088/0.584 frontier=6.83/12.67/5.83 enc_gate=0.276 enc_scale=0.020 teacher_conf=0.262 teacher_JS=6.989e-02 max_mass=0.1405 owner_hard=[0, 0, 0, 46, 160, 0, 0, 0, 1, 4, 0, 998, 0, 42, 2, 0, 47, 0, 0, 0, 0, 0, 0, 0, 0] mem_assign=[1735, 1009, 247, 3066, 11268, 303, 1698, 44, 2234, 5180, 1140, 45396, 1020, 10996, 6138, 5962, 6378, 0, 0, 0, 0, 186, 0, 0, 0] topology_prune=off leaves=13 sleep_mode=light light_absorb=0 deep_probability=0.240 topology_action=null topology_gain=0.000e+00 topology_candidates=0 collapsed=0 topology_lambda=6.000e-04 time=W87.3/G29.9/S0.8s cache=0/1300 cuda_peak=7050MiB sleep_actions=[]
[Epoch 007] Wake: 100%|#########| 1300/1300 [01:26<00:00, 15.01seq/s, events=104000, loss=2.6815, writes=3400]
[Epoch 007] Global: 100%|#################| 1300/1300 [00:30<00:00, 42.94seq-pass/s, batch=21/21, phase=train]
[Epoch 007] Sleep: 100%|#############| 17/17 [00:41<00:00,  2.43s/step, actions=3, phase=deep, pressure=0.420]
[MemoryTree][007/030] wake/event=2.681501 sleep_residual_utility=0.011357 writes=3400 memorize=5 queue_split=16061 wake_actions=A73139/R14795/M5/Q16061 novelty=0.0678 weighted_sim=0.8643 wm_grad_max=4.551e+00 global/event=2.686146 mix_diag=2.7533 global_steps=21 prior_KL=9.191e-02 seq_H_cond=0.4796 seq_H_marg=0.5111 seq_MI=3.154e-02 post_KL_diag=2.930e-01 branch_distill=2.549e-01 probe=5.842e+00/0.470->0.476/0.116/0.616 frontier=6.94/12.89/5.94 enc_gate=0.291 enc_scale=0.023 teacher_conf=0.288 teacher_JS=7.526e-02 max_mass=0.1495 owner_hard=[0, 0, 0, 8, 165, 21, 0, 0, 3, 43, 0, 951, 1, 18, 0, 15, 75, 0, 0, 0, 0, 0, 0, 0, 0] mem_assign=[2046, 341, 792, 1386, 8670, 2540, 1205, 1715, 2564, 10591, 618, 48006, 1754, 5313, 2597, 7667, 5728, 5, 0, 0, 2, 338, 122, 0, 0] topology_prune=off leaves=13 sleep_mode=deep light_absorb=0 deep_probability=0.420 topology_action=null topology_gain=0.000e+00 topology_candidates=19 collapsed=0 topology_lambda=1.200e-03 time=W86.6/G30.3/S41.3s cache=0/1300 cuda_peak=7072MiB sleep_actions=['promotion', 'promotion', 'promotion']
[Epoch 008] Wake: 100%|#########| 1300/1300 [01:25<00:00, 15.18seq/s, events=104000, loss=2.6885, writes=2775]
[Epoch 008] Global: 100%|#################| 1300/1300 [00:30<00:00, 43.33seq-pass/s, batch=21/21, phase=train]
[Epoch 008] Sleep: 100%|############| 17/17 [00:00<00:00, 23.33step/s, actions=0, phase=light, pressure=0.256]
[MemoryTree][008/030] wake/event=2.688571 sleep_residual_utility=0.009856 writes=2775 memorize=1 queue_split=22704 wake_actions=A73332/R7963/M1/Q22704 novelty=0.0436 weighted_sim=0.9128 wm_grad_max=4.100e+00 global/event=2.685235 mix_diag=2.8197 global_steps=21 prior_KL=8.542e-02 seq_H_cond=0.4818 seq_H_marg=0.5190 seq_MI=3.723e-02 post_KL_diag=3.172e-01 branch_distill=2.607e-01 probe=5.764e+00/0.444->0.442/0.097/0.632 frontier=7.00/13.00/6.00 enc_gate=0.297 enc_scale=0.025 teacher_conf=0.312 teacher_JS=7.633e-02 max_mass=0.1294 owner_hard=[1, 0, 0, 81, 94, 32, 0, 0, 2, 29, 0, 1024, 6, 0, 0, 7, 24, 0, 0, 0, 0, 0, 0, 0, 0] mem_assign=[2110, 398, 1321, 3263, 7898, 4501, 1085, 2832, 3584, 8436, 651, 49263, 3033, 341, 1489, 7834, 4619, 0, 0, 0, 0, 1069, 273, 0, 0] topology_prune=off leaves=13 sleep_mode=light light_absorb=0 deep_probability=0.256 topology_action=null topology_gain=0.000e+00 topology_candidates=0 collapsed=0 topology_lambda=1.200e-03 time=W85.7/G30.0/S0.8s cache=0/1300 cuda_peak=7071MiB sleep_actions=[]
[Epoch 009] Wake: 100%|#########| 1300/1300 [01:26<00:00, 14.97seq/s, events=104000, loss=2.6560, writes=3640]
[Epoch 009] Global: 100%|#################| 1300/1300 [00:30<00:00, 42.81seq-pass/s, batch=21/21, phase=train]
[Epoch 009] Sleep: 100%|############| 17/17 [00:00<00:00, 23.19step/s, actions=0, phase=light, pressure=0.444]
[MemoryTree][009/030] wake/event=2.656024 sleep_residual_utility=0.010664 writes=3640 memorize=12 queue_split=25587 wake_actions=A73320/R5081/M12/Q25587 novelty=0.0451 weighted_sim=0.9097 wm_grad_max=5.638e+00 global/event=2.659370 mix_diag=2.7824 global_steps=21 prior_KL=7.334e-02 seq_H_cond=0.4859 seq_H_marg=0.5323 seq_MI=4.647e-02 post_KL_diag=3.050e-01 branch_distill=2.457e-01 probe=5.228e+00/0.449->0.456/0.014/0.514 frontier=7.00/13.00/6.00 enc_gate=0.276 enc_scale=0.021 teacher_conf=0.257 teacher_JS=6.821e-02 max_mass=0.1259 owner_hard=[1, 0, 0, 197, 61, 17, 0, 1, 3, 5, 0, 817, 0, 17, 0, 66, 5, 0, 0, 0, 0, 110, 0, 0, 0] mem_assign=[2202, 1612, 1548, 7199, 10338, 4353, 905, 2474, 5191, 4333, 1087, 37916, 3830, 3817, 166, 8512, 2973, 0, 0, 13, 0, 5158, 373, 0, 0] topology_prune=off leaves=13 sleep_mode=light light_absorb=0 deep_probability=0.444 topology_action=null topology_gain=0.000e+00 topology_candidates=0 collapsed=0 topology_lambda=1.200e-03 time=W86.8/G30.4/S0.8s cache=0/1300 cuda_peak=7071MiB sleep_actions=[]
[Epoch 010] Wake: 100%|#########| 1300/1300 [01:26<00:00, 14.95seq/s, events=104000, loss=2.6475, writes=3680]
[Epoch 010] Global: 100%|#################| 1300/1300 [00:30<00:00, 42.47seq-pass/s, batch=21/21, phase=train]
[Epoch 010] Sleep: 100%|#############| 17/17 [00:41<00:00,  2.47s/step, actions=3, phase=deep, pressure=0.585]
[MemoryTree][010/030] wake/event=2.647569 sleep_residual_utility=0.010962 writes=3680 memorize=1 queue_split=29621 wake_actions=A73573/R805/M1/Q29621 novelty=0.0251 weighted_sim=0.9498 wm_grad_max=4.059e+00 global/event=2.644593 mix_diag=2.8056 global_steps=21 prior_KL=7.296e-02 seq_H_cond=0.4912 seq_H_marg=0.5410 seq_MI=4.975e-02 post_KL_diag=2.872e-01 branch_distill=2.403e-01 probe=5.380e+00/0.480->0.476/0.013/0.500 frontier=6.99/12.98/5.99 enc_gate=0.220 enc_scale=0.020 teacher_conf=0.235 teacher_JS=6.358e-02 max_mass=0.0832 owner_hard=[0, 1, 0, 178, 76, 128, 0, 77, 160, 23, 0, 455, 49, 87, 0, 30, 25, 0, 0, 0, 0, 11, 0, 0, 0] mem_assign=[2246, 2179, 1241, 7200, 12603, 4392, 766, 8216, 9605, 5153, 573, 19950, 9737, 7275, 29, 5919, 4079, 0, 2, 0, 0, 2264, 571, 0, 0] topology_prune=off leaves=13 sleep_mode=deep light_absorb=0 deep_probability=0.585 topology_action=null topology_gain=0.000e+00 topology_candidates=19 collapsed=0 topology_lambda=1.800e-03 time=W87.0/G30.6/S42.0s cache=0/1300 cuda_peak=7070MiB sleep_actions=['promotion', 'promotion', 'promotion']
[Epoch 011] Wake: 100%|#########| 1300/1300 [01:26<00:00, 15.02seq/s, events=104000, loss=2.6371, writes=2720]
[Epoch 011] Global: 100%|#################| 1300/1300 [00:30<00:00, 42.54seq-pass/s, batch=21/21, phase=train]
[Epoch 011] Sleep: 100%|############| 17/17 [00:00<00:00, 23.07step/s, actions=0, phase=light, pressure=0.269]
[MemoryTree][011/030] wake/event=2.637157 sleep_residual_utility=0.012480 writes=2720 memorize=1 queue_split=30283 wake_actions=A73567/R149/M1/Q30283 novelty=0.0339 weighted_sim=0.9323 wm_grad_max=4.526e+00 global/event=2.639388 mix_diag=2.8048 global_steps=21 prior_KL=6.282e-02 seq_H_cond=0.4825 seq_H_marg=0.5452 seq_MI=6.268e-02 post_KL_diag=3.063e-01 branch_distill=2.497e-01 probe=5.342e+00/0.476->0.486/0.014/0.497 frontier=6.98/12.96/5.98 enc_gate=0.217 enc_scale=0.019 teacher_conf=0.231 teacher_JS=6.626e-02 max_mass=0.1310 owner_hard=[0, 4, 0, 319, 180, 22, 0, 1, 4, 19, 0, 405, 91, 107, 0, 6, 94, 0, 0, 0, 0, 48, 0, 0, 0] mem_assign=[2797, 2238, 704, 14776, 10336, 2486, 588, 3168, 4642, 5355, 978, 19210, 10524, 8745, 131, 7982, 6444, 0, 77, 10, 0, 2601, 208, 0, 0] topology_prune=off leaves=13 sleep_mode=light light_absorb=0 deep_probability=0.269 topology_action=null topology_gain=0.000e+00 topology_candidates=0 collapsed=0 topology_lambda=1.800e-03 time=W86.5/G30.6/S0.8s cache=0/1300 cuda_peak=7065MiB sleep_actions=[]
[Epoch 012] Wake: 100%|#########| 1300/1300 [01:27<00:00, 14.92seq/s, events=104000, loss=2.6450, writes=3342]
[Epoch 012] Global: 100%|#################| 1300/1300 [00:30<00:00, 42.78seq-pass/s, batch=21/21, phase=train]
[Epoch 012] Sleep: 100%|############| 17/17 [00:00<00:00, 23.47step/s, actions=0, phase=light, pressure=0.465]
[MemoryTree][012/030] wake/event=2.645041 sleep_residual_utility=0.011068 writes=3342 memorize=10 queue_split=29966 wake_actions=A73714/R310/M10/Q29966 novelty=0.0262 weighted_sim=0.9477 wm_grad_max=4.834e+00 global/event=2.628848 mix_diag=2.8564 global_steps=21 prior_KL=6.657e-02 seq_H_cond=0.4689 seq_H_marg=0.5367 seq_MI=6.780e-02 post_KL_diag=3.095e-01 branch_distill=2.482e-01 probe=5.641e+00/0.484->0.481/0.024/0.515 frontier=6.98/12.96/5.98 enc_gate=0.270 enc_scale=0.019 teacher_conf=0.255 teacher_JS=6.714e-02 max_mass=0.0807 owner_hard=[0, 0, 0, 120, 7, 120, 0, 0, 23, 107, 0, 427, 73, 320, 0, 3, 68, 0, 0, 0, 0, 32, 0, 0, 0] mem_assign=[1672, 2181, 1490, 5937, 7069, 6016, 862, 2951, 4706, 6964, 1051, 22304, 10116, 16105, 458, 3575, 7255, 0, 420, 58, 0, 2348, 462, 0, 0] topology_prune=off leaves=13 sleep_mode=light light_absorb=0 deep_probability=0.465 topology_action=null topology_gain=0.000e+00 topology_candidates=0 collapsed=0 topology_lambda=1.800e-03 time=W87.1/G30.4/S0.8s cache=0/1300 cuda_peak=7064MiB sleep_actions=[]
[Epoch 013] Wake: 100%|#########| 1300/1300 [01:27<00:00, 14.87seq/s, events=104000, loss=2.6208, writes=4011]
[Epoch 013] Global: 100%|#################| 1300/1300 [00:30<00:00, 42.71seq-pass/s, batch=21/21, phase=train]
[Epoch 013] Sleep: 100%|#############| 17/17 [00:40<00:00,  2.37s/step, actions=3, phase=deep, pressure=0.608]
[MemoryTree][013/030] wake/event=2.620801 sleep_residual_utility=0.012476 writes=4011 memorize=15 queue_split=29939 wake_actions=A73576/R470/M15/Q29939 novelty=0.0323 weighted_sim=0.9353 wm_grad_max=5.433e+00 global/event=2.631889 mix_diag=2.8400 global_steps=21 prior_KL=7.575e-02 seq_H_cond=0.4731 seq_H_marg=0.5521 seq_MI=7.900e-02 post_KL_diag=3.210e-01 branch_distill=2.564e-01 probe=5.745e+00/0.467->0.463/0.015/0.505 frontier=6.95/12.90/5.95 enc_gate=0.269 enc_scale=0.021 teacher_conf=0.261 teacher_JS=7.179e-02 max_mass=0.1248 owner_hard=[0, 0, 0, 104, 0, 126, 0, 0, 0, 232, 0, 295, 1, 454, 0, 82, 6, 0, 0, 0, 0, 0, 0] mem_assign=[719, 1026, 1049, 9320, 2736, 4596, 812, 5544, 2286, 11561, 797, 21546, 2913, 21314, 1952, 11462, 3206, 53, 1, 16, 15, 0, 0] topology_prune=on leaves=12 sleep_mode=deep light_absorb=0 deep_probability=0.608 topology_action=topology_prune topology_gain=4.777e-03 topology_candidates=19 collapsed=0 topology_lambda=1.400e-03 time=W87.4/G30.4/S40.4s cache=0/1300 cuda_peak=7057MiB sleep_actions=['topology_prune', 'promotion', 'promotion']
[Epoch 014] Wake: 100%|#########| 1300/1300 [01:28<00:00, 14.70seq/s, events=104000, loss=2.6313, writes=4472]
[Epoch 014] Global: 100%|#################| 1300/1300 [00:31<00:00, 40.83seq-pass/s, batch=21/21, phase=train]
[Epoch 014] Sleep: 100%|#############| 16/16 [00:36<00:00,  2.30s/step, actions=3, phase=deep, pressure=0.276]
[MemoryTree][014/030] wake/event=2.631309 sleep_residual_utility=0.015656 writes=4472 memorize=0 queue_split=30266 wake_actions=A73622/R112/M0/Q30266 novelty=0.0311 weighted_sim=0.9379 wm_grad_max=4.984e+00 global/event=2.621638 mix_diag=2.8904 global_steps=21 prior_KL=5.709e-02 seq_H_cond=0.4392 seq_H_marg=0.5378 seq_MI=9.861e-02 post_KL_diag=3.265e-01 branch_distill=2.500e-01 probe=5.535e+00/0.477->0.493/0.010/0.474 frontier=6.95/12.90/5.95 enc_gate=0.238 enc_scale=0.021 teacher_conf=0.249 teacher_JS=7.272e-02 max_mass=0.1806 owner_hard=[0, 0, 0, 301, 1, 187, 0, 134, 0, 206, 22, 234, 0, 6, 0, 0, 0, 0, 0, 0, 0] mem_assign=[1023, 3076, 688, 19633, 2667, 8007, 531, 9069, 595, 14577, 6894, 10081, 98, 7352, 3742, 0, 148, 0, 1, 0, 0] topology_prune=on leaves=11 sleep_mode=deep light_absorb=0 deep_probability=0.276 topology_action=merge topology_gain=4.410e-03 topology_candidates=18 collapsed=0 topology_lambda=6.939e-18 time=W88.5/G31.8/S36.8s cache=0/1300 cuda_peak=15368MiB sleep_actions=['merge', 'promotion', 'promotion']
[Epoch 015] Wake: 100%|#########| 1300/1300 [01:27<00:00, 14.78seq/s, events=104000, loss=2.6255, writes=3479]
[Epoch 015] Global: 100%|#################| 1300/1300 [00:31<00:00, 40.91seq-pass/s, batch=21/21, phase=train]
[Epoch 015] Sleep: 100%|############| 15/15 [00:27<00:00,  1.80s/step, actions=0, phase=light, pressure=0.278]
[MemoryTree][015/030] wake/event=2.625557 sleep_residual_utility=0.008113 writes=3479 memorize=41 queue_split=30285 wake_actions=A73654/R20/M41/Q30285 novelty=0.0266 weighted_sim=0.9469 wm_grad_max=4.657e+00 global/event=2.635162 mix_diag=2.8658 global_steps=21 prior_KL=5.488e-02 seq_H_cond=0.4577 seq_H_marg=0.5256 seq_MI=6.791e-02 post_KL_diag=3.197e-01 branch_distill=2.509e-01 probe=5.506e+00/0.493->0.486/0.020/0.519 frontier=6.84/12.68/5.84 enc_gate=0.303 enc_scale=0.023 teacher_conf=0.304 teacher_JS=6.821e-02 max_mass=0.1284 owner_hard=[0, 0, 0, 23, 66, 160, 0, 148, 0, 238, 0, 516, 0, 123, 26, 0, 0, 0, 0, 0, 0] mem_assign=[1002, 1707, 746, 7885, 13127, 7225, 495, 9151, 917, 18337, 3250, 21534, 2617, 8323, 6551, 2, 964, 118, 49, 0, 0] topology_prune=on leaves=11 sleep_mode=light light_absorb=0 deep_probability=0.278 topology_action=null topology_gain=0.000e+00 topology_candidates=16 collapsed=0 topology_lambda=6.939e-18 time=W87.9/G31.8/S27.1s cache=0/1300 cuda_peak=16197MiB sleep_actions=[]
[Epoch 016] Wake: 100%|#########| 1300/1300 [01:27<00:00, 14.91seq/s, events=104000, loss=2.6323, writes=2780]
[Epoch 016] Global: 100%|#################| 1300/1300 [00:32<00:00, 40.60seq-pass/s, batch=21/21, phase=train]
[Epoch 016] Sleep: 100%|############| 15/15 [00:00<00:00, 96.42step/s, actions=0, phase=light, pressure=0.279]
[MemoryTree][016/030] wake/event=2.632322 sleep_residual_utility=0.010360 writes=2780 memorize=139 queue_split=29148 wake_actions=A73764/R949/M139/Q29148 novelty=0.0311 weighted_sim=0.9378 wm_grad_max=4.116e+00 global/event=2.617441 mix_diag=2.8783 global_steps=21 prior_KL=5.345e-02 seq_H_cond=0.4585 seq_H_marg=0.5409 seq_MI=8.239e-02 post_KL_diag=3.305e-01 branch_distill=2.470e-01 probe=5.577e+00/0.454->0.457/0.016/0.537 frontier=6.89/12.78/5.89 enc_gate=0.317 enc_scale=0.025 teacher_conf=0.311 teacher_JS=6.988e-02 max_mass=0.1204 owner_hard=[0, 0, 0, 57, 134, 92, 0, 149, 0, 26, 0, 551, 110, 155, 26, 0, 0, 0, 0, 0, 0] mem_assign=[603, 465, 746, 10208, 13832, 5147, 772, 9211, 820, 9857, 2071, 22022, 13647, 7452, 5050, 17, 549, 578, 953, 0, 0] topology_prune=on leaves=11 sleep_mode=light light_absorb=0 deep_probability=0.279 topology_action=null topology_gain=0.000e+00 topology_candidates=0 collapsed=0 topology_lambda=6.939e-18 time=W87.2/G32.0/S0.2s cache=0/1300 cuda_peak=16159MiB sleep_actions=[]
[Epoch 017] Wake: 100%|#########| 1300/1300 [01:27<00:00, 14.92seq/s, events=104000, loss=2.6135, writes=4123]
[Epoch 017] Global: 100%|#################| 1300/1300 [00:30<00:00, 43.12seq-pass/s, batch=21/21, phase=train]
[Epoch 017] Sleep: 100%|############| 15/15 [00:00<00:00, 22.51step/s, actions=0, phase=light, pressure=0.479]
[MemoryTree][017/030] wake/event=2.613550 sleep_residual_utility=0.012006 writes=4123 memorize=114 queue_split=29623 wake_actions=A73910/R353/M114/Q29623 novelty=0.0414 weighted_sim=0.9171 wm_grad_max=4.819e+00 global/event=2.619183 mix_diag=2.8550 global_steps=21 prior_KL=5.098e-02 seq_H_cond=0.4514 seq_H_marg=0.5424 seq_MI=9.099e-02 post_KL_diag=3.181e-01 branch_distill=2.381e-01 probe=5.480e+00/0.465->0.472/0.014/0.531 frontier=6.91/12.81/5.91 enc_gate=0.265 enc_scale=0.024 teacher_conf=0.289 teacher_JS=6.971e-02 max_mass=0.1644 owner_hard=[0, 0, 0, 36, 215, 135, 0, 147, 0, 0, 0, 568, 123, 74, 0, 0, 0, 0, 2, 0, 0] mem_assign=[412, 1960, 706, 7277, 18707, 6866, 580, 8173, 594, 3240, 3203, 23427, 13513, 5960, 2983, 15, 1355, 2069, 2960, 0, 0] topology_prune=on leaves=11 sleep_mode=light light_absorb=3 deep_probability=0.479 topology_action=null topology_gain=0.000e+00 topology_candidates=0 collapsed=0 topology_lambda=6.939e-18 time=W87.1/G30.1/S0.7s cache=0/1300 cuda_peak=7007MiB sleep_actions=[]
[Epoch 018] Wake: 100%|#########| 1300/1300 [01:28<00:00, 14.72seq/s, events=104000, loss=2.6145, writes=4491]
[Epoch 018] Global: 100%|#################| 1300/1300 [00:30<00:00, 42.65seq-pass/s, batch=21/21, phase=train]
[Epoch 018] Sleep: 100%|#############| 15/15 [00:34<00:00,  2.29s/step, actions=3, phase=deep, pressure=0.624]
[MemoryTree][018/030] wake/event=2.614534 sleep_residual_utility=0.012472 writes=4491 memorize=8 queue_split=29811 wake_actions=A74018/R163/M8/Q29811 novelty=0.0398 weighted_sim=0.9204 wm_grad_max=4.230e+00 global/event=2.616478 mix_diag=2.8405 global_steps=21 prior_KL=4.968e-02 seq_H_cond=0.4444 seq_H_marg=0.5439 seq_MI=9.957e-02 post_KL_diag=3.090e-01 branch_distill=2.531e-01 probe=5.541e+00/0.461->0.456/0.010/0.542 frontier=6.81/12.62/5.81 enc_gate=0.310 enc_scale=0.023 teacher_conf=0.299 teacher_JS=7.221e-02 max_mass=0.1600 owner_hard=[0, 0, 0, 53, 250, 187, 0, 107, 0, 0, 0, 547, 44, 107, 2, 0, 0, 0, 3, 0, 0] mem_assign=[589, 2178, 762, 8920, 19131, 9530, 379, 6609, 652, 4797, 2001, 20957, 10718, 5611, 5642, 8, 1626, 2157, 1733, 0, 0] topology_prune=on leaves=11 sleep_mode=deep light_absorb=0 deep_probability=0.624 topology_action=null topology_gain=0.000e+00 topology_candidates=17 collapsed=0 topology_lambda=0.000e+00 time=W88.3/G30.5/S34.5s cache=0/1300 cuda_peak=7025MiB sleep_actions=['promotion', 'promotion', 'promotion']
[Epoch 019] Wake: 100%|#########| 1300/1300 [01:27<00:00, 14.81seq/s, events=104000, loss=2.6068, writes=4613]
[Epoch 019] Global: 100%|#################| 1300/1300 [00:30<00:00, 42.95seq-pass/s, batch=21/21, phase=train]
[Epoch 019] Sleep: 100%|############| 15/15 [00:00<00:00, 22.95step/s, actions=0, phase=light, pressure=0.281]
[MemoryTree][019/030] wake/event=2.606848 sleep_residual_utility=0.012316 writes=4613 memorize=0 queue_split=29511 wake_actions=A74114/R375/M0/Q29511 novelty=0.0391 weighted_sim=0.9219 wm_grad_max=4.635e+00 global/event=2.612957 mix_diag=2.8493 global_steps=21 prior_KL=4.735e-02 seq_H_cond=0.4478 seq_H_marg=0.5452 seq_MI=9.743e-02 post_KL_diag=2.980e-01 branch_distill=2.445e-01 probe=5.496e+00/0.447->0.454/0.005/0.523 frontier=6.91/12.82/5.91 enc_gate=0.304 enc_scale=0.023 teacher_conf=0.292 teacher_JS=6.834e-02 max_mass=0.1352 owner_hard=[0, 0, 0, 2, 141, 188, 0, 239, 0, 0, 0, 542, 173, 12, 0, 0, 0, 3, 0, 0, 0] mem_assign=[293, 578, 703, 4596, 15841, 7918, 561, 10650, 654, 4439, 2866, 21719, 17523, 3530, 4008, 156, 1261, 3455, 3249, 0, 0] topology_prune=on leaves=11 sleep_mode=light light_absorb=1 deep_probability=0.281 topology_action=null topology_gain=0.000e+00 topology_candidates=0 collapsed=0 topology_lambda=0.000e+00 time=W87.8/G30.3/S0.7s cache=0/1300 cuda_peak=7003MiB sleep_actions=[]
[Epoch 020] Wake: 100%|#########| 1300/1300 [01:28<00:00, 14.67seq/s, events=104000, loss=2.6089, writes=4758]
[Epoch 020] Global: 100%|#################| 1300/1300 [00:30<00:00, 42.16seq-pass/s, batch=21/21, phase=train]
[Epoch 020] Sleep: 100%|#############| 15/15 [00:33<00:00,  2.26s/step, actions=3, phase=deep, pressure=0.483]
[MemoryTree][020/030] wake/event=2.608979 sleep_residual_utility=0.013209 writes=4758 memorize=82 queue_split=28641 wake_actions=A74194/R1083/M82/Q28641 novelty=0.0327 weighted_sim=0.9347 wm_grad_max=3.782e+00 global/event=2.615733 mix_diag=2.9515 global_steps=21 prior_KL=4.627e-02 seq_H_cond=0.4455 seq_H_marg=0.5369 seq_MI=9.140e-02 post_KL_diag=3.449e-01 branch_distill=2.665e-01 probe=5.838e+00/0.395->0.392/0.004/0.560 frontier=6.84/12.68/5.84 enc_gate=0.380 enc_scale=0.027 teacher_conf=0.354 teacher_JS=7.445e-02 max_mass=0.1980 owner_hard=[0, 0, 0, 24, 577, 215, 0, 69, 0, 71, 0, 115, 140, 67, 22, 0, 0, 0, 0, 0, 0] mem_assign=[837, 2982, 667, 6851, 23796, 12967, 337, 4681, 499, 11873, 1824, 12102, 9350, 3921, 10051, 7, 443, 302, 510, 0, 0] topology_prune=on leaves=11 sleep_mode=deep light_absorb=0 deep_probability=0.483 topology_action=null topology_gain=0.000e+00 topology_candidates=17 collapsed=0 topology_lambda=0.000e+00 time=W88.6/G30.8/S33.9s cache=0/1300 cuda_peak=7030MiB sleep_actions=['promotion', 'promotion', 'promotion']
[Epoch 021] Wake: 100%|#########| 1300/1300 [01:28<00:00, 14.76seq/s, events=104000, loss=2.6165, writes=4598]
[Epoch 021] Global: 100%|#################| 1300/1300 [00:30<00:00, 42.73seq-pass/s, batch=21/21, phase=train]
[Epoch 021] Sleep: 100%|#############| 15/15 [00:33<00:00,  2.22s/step, actions=3, phase=deep, pressure=0.282]
[MemoryTree][021/030] wake/event=2.616574 sleep_residual_utility=0.012770 writes=4598 memorize=5 queue_split=29591 wake_actions=A74237/R167/M5/Q29591 novelty=0.0409 weighted_sim=0.9182 wm_grad_max=4.190e+00 global/event=2.615986 mix_diag=2.9644 global_steps=21 prior_KL=3.654e-02 seq_H_cond=0.4573 seq_H_marg=0.5375 seq_MI=8.014e-02 post_KL_diag=3.894e-01 branch_distill=2.546e-01 probe=5.804e+00/0.426->0.424/0.001/0.543 frontier=6.93/12.86/5.93 enc_gate=0.362 enc_scale=0.029 teacher_conf=0.363 teacher_JS=7.131e-02 max_mass=0.2467 owner_hard=[0, 0, 0, 4, 0, 13, 0, 20, 0, 43, 177, 85, 153, 0, 0, 0, 0, 0, 0] mem_assign=[766, 4448, 519, 7213, 442, 4025, 498, 11966, 1677, 10296, 9334, 4467, 12922, 34, 35, 1225, 339, 0, 0] topology_prune=on leaves=10 sleep_mode=deep light_absorb=1 deep_probability=0.282 topology_action=topology_prune topology_gain=6.824e-03 topology_candidates=17 collapsed=0 topology_lambda=0.000e+00 time=W88.1/G30.4/S33.3s cache=0/1300 cuda_peak=7046MiB sleep_actions=['topology_prune', 'promotion', 'promotion']
[Epoch 022] Wake: 100%|#########| 1300/1300 [01:28<00:00, 14.61seq/s, events=104000, loss=2.6140, writes=4380]
[Epoch 022] Global: 100%|#################| 1300/1300 [00:31<00:00, 40.89seq-pass/s, batch=21/21, phase=train]
[Epoch 022] Sleep: 100%|#############| 14/14 [00:29<00:00,  2.14s/step, actions=2, phase=deep, pressure=0.282]
[MemoryTree][022/030] wake/event=2.613999 sleep_residual_utility=0.013070 writes=4380 memorize=0 queue_split=29612 wake_actions=A74340/R48/M0/Q29612 novelty=0.0362 weighted_sim=0.9277 wm_grad_max=3.752e+00 global/event=2.610635 mix_diag=2.9483 global_steps=21 prior_KL=4.650e-02 seq_H_cond=0.4611 seq_H_marg=0.5253 seq_MI=6.427e-02 post_KL_diag=4.210e-01 branch_distill=2.477e-01 probe=6.192e+00/0.399->0.387/0.002/0.508 frontier=6.90/12.80/5.90 enc_gate=0.358 enc_scale=0.028 teacher_conf=0.355 teacher_JS=6.957e-02 max_mass=0.2689 owner_hard=[0, 616, 0, 3, 0, 117, 0, 0, 0, 72, 280, 2, 210, 0, 0, 0, 0, 0, 0] mem_assign=[354, 30259, 617, 7777, 570, 7925, 390, 367, 1226, 16144, 17996, 2895, 12962, 22, 736, 2224, 1536, 0, 0] topology_prune=on leaves=10 sleep_mode=deep light_absorb=0 deep_probability=0.282 topology_action=null topology_gain=0.000e+00 topology_candidates=14 collapsed=0 topology_lambda=0.000e+00 time=W89.0/G31.8/S30.0s cache=0/1300 cuda_peak=16148MiB sleep_actions=['promotion', 'promotion']
[Epoch 023] Wake: 100%|#########| 1300/1300 [01:29<00:00, 14.60seq/s, events=104000, loss=2.6004, writes=4625]
[Epoch 023] Global: 100%|#################| 1300/1300 [00:32<00:00, 40.60seq-pass/s, batch=21/21, phase=train]
[Epoch 023] Sleep: 100%|############| 14/14 [00:00<00:00, 89.91step/s, actions=0, phase=light, pressure=0.282]
[MemoryTree][023/030] wake/event=2.600446 sleep_residual_utility=0.015699 writes=4625 memorize=1 queue_split=29489 wake_actions=A74465/R45/M1/Q29489 novelty=0.0313 weighted_sim=0.9374 wm_grad_max=3.774e+00 global/event=2.619603 mix_diag=2.9365 global_steps=21 prior_KL=5.164e-02 seq_H_cond=0.4849 seq_H_marg=0.5493 seq_MI=6.438e-02 post_KL_diag=3.768e-01 branch_distill=2.648e-01 probe=6.266e+00/0.402->0.402/0.011/0.513 frontier=6.86/12.72/5.86 enc_gate=0.342 enc_scale=0.028 teacher_conf=0.349 teacher_JS=7.138e-02 max_mass=0.2360 owner_hard=[0, 451, 0, 3, 0, 278, 0, 0, 0, 272, 228, 1, 45, 0, 0, 21, 1, 0, 0] mem_assign=[281, 24856, 495, 6771, 534, 11594, 362, 347, 1551, 19638, 17109, 2828, 7182, 1177, 325, 5897, 3053, 0, 0] topology_prune=on leaves=10 sleep_mode=light light_absorb=0 deep_probability=0.282 topology_action=null topology_gain=0.000e+00 topology_candidates=0 collapsed=0 topology_lambda=0.000e+00 time=W89.1/G32.0/S0.2s cache=0/1300 cuda_peak=16163MiB sleep_actions=[]
[Epoch 024] Wake: 100%|#########| 1300/1300 [01:28<00:00, 14.72seq/s, events=104000, loss=2.6217, writes=4414]
[Epoch 024] Global: 100%|#################| 1300/1300 [00:30<00:00, 42.78seq-pass/s, batch=21/21, phase=train]
[Epoch 024] Sleep: 100%|#############| 14/14 [00:30<00:00,  2.15s/step, actions=2, phase=deep, pressure=0.485]
[MemoryTree][024/030] wake/event=2.621724 sleep_residual_utility=0.012723 writes=4414 memorize=46 queue_split=29243 wake_actions=A74524/R187/M46/Q29243 novelty=0.0290 weighted_sim=0.9421 wm_grad_max=3.743e+00 global/event=2.610134 mix_diag=2.9565 global_steps=21 prior_KL=4.339e-02 seq_H_cond=0.4665 seq_H_marg=0.5337 seq_MI=6.720e-02 post_KL_diag=3.561e-01 branch_distill=2.565e-01 probe=6.191e+00/0.373->0.385/0.007/0.512 frontier=6.83/12.66/5.83 enc_gate=0.354 enc_scale=0.028 teacher_conf=0.355 teacher_JS=6.990e-02 max_mass=0.3308 owner_hard=[0, 900, 0, 0, 0, 5, 0, 0, 0, 8, 276, 61, 50, 0, 0, 0, 0, 0, 0] mem_assign=[822, 38400, 415, 6136, 259, 4439, 489, 436, 964, 14939, 17469, 5913, 8127, 22, 2872, 1841, 457, 0, 0] topology_prune=on leaves=10 sleep_mode=deep light_absorb=0 deep_probability=0.485 topology_action=null topology_gain=0.000e+00 topology_candidates=14 collapsed=0 topology_lambda=0.000e+00 time=W88.3/G30.4/S30.1s cache=0/1300 cuda_peak=6984MiB sleep_actions=['promotion', 'promotion']
[Epoch 025] Wake: 100%|#########| 1300/1300 [01:27<00:00, 14.83seq/s, events=104000, loss=2.5985, writes=4272]
[Epoch 025] Global: 100%|#################| 1300/1300 [00:30<00:00, 42.74seq-pass/s, batch=21/21, phase=train]
[Epoch 025] Sleep: 100%|############| 14/14 [00:28<00:00,  2.01s/step, actions=0, phase=light, pressure=0.283]
[MemoryTree][025/030] wake/event=2.598509 sleep_residual_utility=0.013912 writes=4272 memorize=0 queue_split=29537 wake_actions=A74429/R34/M0/Q29537 novelty=0.0252 weighted_sim=0.9496 wm_grad_max=3.917e+00 global/event=2.601222 mix_diag=2.9482 global_steps=21 prior_KL=4.122e-02 seq_H_cond=0.4683 seq_H_marg=0.5372 seq_MI=6.891e-02 post_KL_diag=3.615e-01 branch_distill=2.422e-01 probe=5.960e+00/0.458->0.452/0.002/0.468 frontier=6.81/12.62/5.81 enc_gate=0.338 enc_scale=0.027 teacher_conf=0.338 teacher_JS=6.877e-02 max_mass=0.3706 owner_hard=[0, 959, 0, 6, 0, 4, 0, 0, 0, 24, 135, 62, 110, 0, 0, 0, 0, 0, 0] mem_assign=[334, 42504, 299, 9891, 264, 4005, 376, 163, 907, 12703, 10698, 5554, 13355, 73, 1630, 731, 513, 0, 0] topology_prune=on leaves=10 sleep_mode=light light_absorb=1 deep_probability=0.283 topology_action=null topology_gain=0.000e+00 topology_candidates=14 collapsed=0 topology_lambda=0.000e+00 time=W87.7/G30.4/S28.1s cache=0/1300 cuda_peak=6987MiB sleep_actions=[]
[Epoch 026] Wake: 100%|#########| 1300/1300 [01:27<00:00, 14.91seq/s, events=104000, loss=2.6020, writes=4336]
[Epoch 026] Global: 100%|#################| 1300/1300 [00:30<00:00, 42.95seq-pass/s, batch=21/21, phase=train]
[Epoch 026] Sleep: 100%|############| 14/14 [00:00<00:00, 19.87step/s, actions=0, phase=light, pressure=0.283]
[MemoryTree][026/030] wake/event=2.602064 sleep_residual_utility=0.014224 writes=4336 memorize=0 queue_split=29712 wake_actions=A74263/R25/M0/Q29712 novelty=0.0294 weighted_sim=0.9413 wm_grad_max=3.837e+00 global/event=2.588216 mix_diag=2.9222 global_steps=21 prior_KL=4.140e-02 seq_H_cond=0.4645 seq_H_marg=0.5267 seq_MI=6.219e-02 post_KL_diag=3.664e-01 branch_distill=2.421e-01 probe=5.934e+00/0.435->0.429/0.003/0.498 frontier=6.74/12.47/5.74 enc_gate=0.362 enc_scale=0.028 teacher_conf=0.350 teacher_JS=7.027e-02 max_mass=0.3623 owner_hard=[0, 942, 0, 4, 0, 29, 0, 0, 0, 9, 245, 13, 58, 0, 0, 0, 0, 0, 0] mem_assign=[579, 42533, 467, 8945, 399, 6358, 464, 397, 724, 12471, 13248, 3089, 10792, 55, 1785, 862, 832, 0, 0] topology_prune=on leaves=10 sleep_mode=light light_absorb=0 deep_probability=0.283 topology_action=null topology_gain=0.000e+00 topology_candidates=0 collapsed=0 topology_lambda=0.000e+00 time=W87.2/G30.3/S0.8s cache=0/1300 cuda_peak=7021MiB sleep_actions=[]
[Epoch 027] Wake: 100%|#########| 1300/1300 [01:27<00:00, 14.89seq/s, events=104000, loss=2.5764, writes=4406]
[Epoch 027] Global: 100%|#################| 1300/1300 [00:30<00:00, 42.25seq-pass/s, batch=21/21, phase=train]
[Epoch 027] Sleep: 100%|############| 14/14 [00:00<00:00, 19.30step/s, actions=0, phase=light, pressure=0.486]
[MemoryTree][027/030] wake/event=2.576473 sleep_residual_utility=0.013556 writes=4406 memorize=0 queue_split=29863 wake_actions=A74117/R20/M0/Q29863 novelty=0.0299 weighted_sim=0.9401 wm_grad_max=3.761e+00 global/event=2.571992 mix_diag=2.9285 global_steps=21 prior_KL=3.917e-02 seq_H_cond=0.4621 seq_H_marg=0.5264 seq_MI=6.431e-02 post_KL_diag=3.765e-01 branch_distill=2.421e-01 probe=6.150e+00/0.436->0.433/0.003/0.481 frontier=6.69/12.38/5.69 enc_gate=0.369 enc_scale=0.029 teacher_conf=0.359 teacher_JS=7.019e-02 max_mass=0.3928 owner_hard=[0, 1010, 0, 6, 0, 70, 0, 0, 0, 11, 117, 0, 86, 0, 0, 0, 0, 0, 0] mem_assign=[636, 45562, 340, 10803, 316, 6296, 265, 278, 401, 11143, 10217, 2128, 10687, 132, 2103, 1834, 859, 0, 0] topology_prune=on leaves=10 sleep_mode=light light_absorb=0 deep_probability=0.486 topology_action=null topology_gain=0.000e+00 topology_candidates=0 collapsed=0 topology_lambda=0.000e+00 time=W87.3/G30.8/S0.8s cache=0/1300 cuda_peak=6988MiB sleep_actions=[]
[Epoch 028] Wake: 100%|#########| 1300/1300 [01:27<00:00, 14.91seq/s, events=104000, loss=2.5616, writes=4370]
[Epoch 028] Global: 100%|#################| 1300/1300 [00:30<00:00, 42.60seq-pass/s, batch=21/21, phase=train]
[Epoch 028] Sleep: 100%|#############| 14/14 [00:28<00:00,  2.06s/step, actions=2, phase=deep, pressure=0.631]
[MemoryTree][028/030] wake/event=2.561670 sleep_residual_utility=0.013264 writes=4370 memorize=0 queue_split=30014 wake_actions=A73932/R54/M0/Q30014 novelty=0.0299 weighted_sim=0.9402 wm_grad_max=4.629e+00 global/event=2.574465 mix_diag=2.8960 global_steps=21 prior_KL=3.914e-02 seq_H_cond=0.4581 seq_H_marg=0.5281 seq_MI=6.999e-02 post_KL_diag=3.559e-01 branch_distill=2.451e-01 probe=6.052e+00/0.455->0.470/0.003/0.461 frontier=6.85/12.69/5.85 enc_gate=0.327 enc_scale=0.028 teacher_conf=0.339 teacher_JS=6.942e-02 max_mass=0.2962 owner_hard=[0, 752, 0, 44, 0, 109, 0, 0, 0, 175, 59, 15, 129, 0, 16, 0, 0] mem_assign=[270, 31643, 237, 10115, 337, 6331, 297, 317, 709, 18944, 9141, 2966, 10921, 859, 7518, 0, 0] topology_prune=on leaves=9 sleep_mode=deep light_absorb=0 deep_probability=0.631 topology_action=topology_prune topology_gain=2.203e-03 topology_candidates=14 collapsed=0 topology_lambda=0.000e+00 time=W87.2/G30.5/S28.9s cache=0/1300 cuda_peak=6978MiB sleep_actions=['topology_prune', 'promotion']
[Epoch 029] Wake: 100%|#########| 1300/1300 [01:28<00:00, 14.74seq/s, events=104000, loss=2.5806, writes=4292]
[Epoch 029] Global: 100%|#################| 1300/1300 [00:31<00:00, 41.15seq-pass/s, batch=21/21, phase=train]
[Epoch 029] Sleep: 100%|############| 13/13 [00:00<00:00, 19.01step/s, actions=0, phase=light, pressure=0.283]
[MemoryTree][029/030] wake/event=2.580669 sleep_residual_utility=0.013785 writes=4292 memorize=0 queue_split=29680 wake_actions=A74018/R302/M0/Q29680 novelty=0.0327 weighted_sim=0.9347 wm_grad_max=4.141e+00 global/event=2.592488 mix_diag=2.8811 global_steps=21 prior_KL=3.109e-02 seq_H_cond=0.4389 seq_H_marg=0.5106 seq_MI=7.167e-02 post_KL_diag=3.709e-01 branch_distill=2.479e-01 probe=5.991e+00/0.467->0.456/0.006/0.419 frontier=6.81/12.62/5.81 enc_gate=0.414 enc_scale=0.030 teacher_conf=0.397 teacher_JS=7.531e-02 max_mass=0.2800 owner_hard=[0, 773, 0, 36, 0, 81, 0, 0, 0, 143, 158, 5, 96, 0, 8, 0, 0] mem_assign=[432, 30418, 365, 10260, 229, 6313, 398, 347, 514, 19228, 13714, 2796, 10396, 1133, 7457, 0, 0] topology_prune=on leaves=9 sleep_mode=light light_absorb=0 deep_probability=0.283 topology_action=null topology_gain=0.000e+00 topology_candidates=0 collapsed=0 topology_lambda=0.000e+00 time=W88.2/G31.6/S0.7s cache=0/1300 cuda_peak=16166MiB sleep_actions=[]
[Epoch 030] Wake: 100%|#########| 1300/1300 [01:28<00:00, 14.72seq/s, events=104000, loss=2.6167, writes=4411]
[Epoch 030] Global: 100%|#################| 1300/1300 [00:31<00:00, 41.28seq-pass/s, batch=21/21, phase=train]
[Epoch 030] Sleep: 100%|#############| 13/13 [00:21<00:00,  1.68s/step, actions=1, phase=deep, pressure=0.486]
[MemoryTree][030/030] wake/event=2.616763 sleep_residual_utility=0.013321 writes=4411 memorize=0 queue_split=29918 wake_actions=A74032/R50/M0/Q29918 novelty=0.0287 weighted_sim=0.9425 wm_grad_max=4.451e+00 global/event=2.614183 mix_diag=2.8379 global_steps=21 prior_KL=4.337e-02 seq_H_cond=0.4308 seq_H_marg=0.5162 seq_MI=8.548e-02 post_KL_diag=3.417e-01 branch_distill=2.534e-01 probe=6.138e+00/0.466->0.466/0.013/0.384 frontier=6.72/12.44/5.72 enc_gate=0.378 enc_scale=0.032 teacher_conf=0.396 teacher_JS=7.678e-02 max_mass=0.3223 owner_hard=[0, 836, 0, 3, 0, 16, 0, 0, 0, 100, 194, 0, 144, 7, 0, 0, 0] mem_assign=[627, 37925, 286, 9284, 242, 5505, 308, 364, 598, 15553, 11476, 1897, 11208, 5271, 3456, 0, 0] topology_prune=on leaves=9 sleep_mode=deep light_absorb=0 deep_probability=0.486 topology_action=null topology_gain=0.000e+00 topology_candidates=11 collapsed=0 topology_lambda=0.000e+00 time=W88.3/G31.5/S22.0s cache=0/1300 cuda_peak=16027MiB sleep_actions=['promotion']