Using device: cuda
DataFrame shape: (1300, 3)
Columns: ['event_times', 'event_types', 'cluster']
加载了 1300 个序列
检测到 8 种事件类型: [0, 1, 2, 3, 4, 5, 6, 7]
第一个序列长度: 80
[Hawkes Cold Start][001/005] train_nll/event=4.329365 val_nll/event=3.929863 max_grad=1.8302
[Hawkes Cold Start][002/005] train_nll/event=3.517812 val_nll/event=3.414127 max_grad=0.7399
[Hawkes Cold Start][003/005] train_nll/event=3.161782 val_nll/event=3.164692 max_grad=0.3878
[Hawkes Cold Start][004/005] train_nll/event=2.983574 val_nll/event=3.044560 max_grad=0.2385
[Hawkes Cold Start][005/005] train_nll/event=2.897385 val_nll/event=2.989479 max_grad=0.1816
[Hawkes Cold Start] checkpoint saved to /home/xinye/Hawkes-Memory/HawkesMemory/checkpoints/hawkes_backbone_init.pt
[Hawkes Cold Start] spectral_radius=0.695644, min_mu=9.087375e-03
[H_tree] initialized 25/25 node_emb from /home/xinye/Hawkes-Memory/HawkesMemory/Data/tree_13/h_tree_13.pt
[Routing] mode=active_frontier frontier=2..7 temperature=1.300 exploration=0.010

[Residual init]:   0%|          | 0/1300 [00:00<?, ?seq/s]
[Residual init]:   2%|▏         | 25/1300 [00:00<00:05, 244.60seq/s]
[Residual init]:   4%|▍         | 57/1300 [00:00<00:04, 284.04seq/s]
[Residual init]:   7%|▋         | 88/1300 [00:00<00:04, 295.26seq/s]
[Residual init]:   9%|▉         | 119/1300 [00:00<00:03, 300.64seq/s]
[Residual init]:  12%|█▏        | 150/1300 [00:00<00:03, 301.20seq/s]
[Residual init]:  14%|█▍        | 181/1300 [00:00<00:03, 301.13seq/s]
[Residual init]:  16%|█▋        | 212/1300 [00:00<00:03, 299.12seq/s]
[Residual init]:  19%|█▊        | 243/1300 [00:00<00:03, 299.87seq/s]
[Residual init]:  21%|██        | 274/1300 [00:00<00:03, 302.58seq/s]
[Residual init]:  23%|██▎       | 305/1300 [00:01<00:03, 302.30seq/s]
[Residual init]:  26%|██▌       | 337/1300 [00:01<00:03, 305.03seq/s]
[Residual init]:  28%|██▊       | 368/1300 [00:01<00:03, 304.82seq/s]
[Residual init]:  31%|███       | 399/1300 [00:01<00:02, 306.17seq/s]
[Residual init]:  33%|███▎      | 430/1300 [00:01<00:02, 306.32seq/s]
[Residual init]:  35%|███▌      | 461/1300 [00:01<00:02, 307.27seq/s]
[Residual init]:  38%|███▊      | 492/1300 [00:01<00:02, 307.00seq/s]
[Residual init]:  40%|████      | 523/1300 [00:01<00:02, 302.43seq/s]
[Residual init]:  43%|████▎     | 554/1300 [00:01<00:02, 303.56seq/s]
[Residual init]:  45%|████▌     | 585/1300 [00:01<00:02, 301.18seq/s]
[Residual init]:  47%|████▋     | 616/1300 [00:02<00:02, 301.74seq/s]
[Residual init]:  50%|████▉     | 647/1300 [00:02<00:02, 300.93seq/s]
[Residual init]:  52%|█████▏    | 678/1300 [00:02<00:02, 300.92seq/s]
[Residual init]:  55%|█████▍    | 709/1300 [00:02<00:01, 298.83seq/s]
[Residual init]:  57%|█████▋    | 739/1300 [00:02<00:01, 297.91seq/s]
[Residual init]:  59%|█████▉    | 769/1300 [00:02<00:01, 297.02seq/s]
[Residual init]:  62%|██████▏   | 800/1300 [00:02<00:01, 298.23seq/s]
[Residual init]:  64%|██████▍   | 831/1300 [00:02<00:01, 299.22seq/s]
[Residual init]:  66%|██████▌   | 861/1300 [00:02<00:01, 298.24seq/s]
[Residual init]:  69%|██████▊   | 892/1300 [00:02<00:01, 299.12seq/s]
[Residual init]:  71%|███████   | 922/1300 [00:03<00:01, 298.82seq/s]
[Residual init]:  73%|███████▎  | 952/1300 [00:03<00:01, 298.26seq/s]
[Residual init]:  76%|███████▌  | 982/1300 [00:03<00:01, 298.35seq/s]
[Residual init]:  78%|███████▊  | 1013/1300 [00:03<00:00, 300.29seq/s]
[Residual init]:  80%|████████  | 1044/1300 [00:03<00:00, 300.03seq/s]
[Residual init]:  83%|████████▎ | 1075/1300 [00:03<00:00, 300.06seq/s]
[Residual init]:  85%|████████▌ | 1106/1300 [00:03<00:00, 299.79seq/s]
[Residual init]:  87%|████████▋ | 1137/1300 [00:03<00:00, 299.57seq/s]
[Residual init]:  90%|████████▉ | 1167/1300 [00:03<00:00, 299.61seq/s]
[Residual init]:  92%|█████████▏| 1198/1300 [00:03<00:00, 299.89seq/s]
[Residual init]:  95%|█████████▍| 1229/1300 [00:04<00:00, 300.25seq/s]
[Residual init]:  97%|█████████▋| 1260/1300 [00:04<00:00, 296.07seq/s]
[Residual init]:  99%|█████████▉| 1290/1300 [00:04<00:00, 293.82seq/s]
[Residual init]: 100%|██████████| 1300/1300 [00:04<00:00, 299.56seq/s]
[Residual Initialization] sequences=1300 rank=4 grad_norm=5.761e+00/9.048e+00/1.319e+01 clipped=0.000 membership=[100.0, 100.0, 100.0, 100.0, 100.0, 100.0, 100.0, 100.0, 100.0, 100.0, 100.0, 100.0, 100.0] target_mass=[0.07692307978868484, 0.07692307978868484, 0.07692307978868484, 0.07692307978868484, 0.07692307978868484, 0.07692307978868484, 0.07692307978868484, 0.07692307978868484, 0.07692307978868484, 0.07692307978868484, 0.07692307978868484, 0.07692307978868484, 0.07692307978868484]
[Initialization] mode=residual_signature semantic_blend=0.0000 semantic_delta_mean=1.6889e-02 semantic_delta_max=2.1346e-01 offset_mode=path_additive route_balance=0.1500
[Symmetry] mode=residual_signature router_gain=0.0500 router_norm_mean=7.3961e-02 leaf_delta_mean=2.1484e-02 leaf_mean_error=4.768e-07 spectral_radius=[0.691460,0.702535]

[H-align 01/05]:   0%|          | 0/82 [00:00<?, ?batch/s]
[H-align 01/05]:  10%|▉         | 8/82 [00:00<00:01, 71.99batch/s, acc=0.709, loss=0.63]
[H-align 01/05]:  21%|██        | 17/82 [00:00<00:00, 79.72batch/s, acc=0.722, loss=0.589]
[H-align 01/05]:  32%|███▏      | 26/82 [00:00<00:00, 82.57batch/s, acc=0.719, loss=0.58] 
[H-align 01/05]:  43%|████▎     | 35/82 [00:00<00:00, 84.22batch/s, acc=0.716, loss=0.571]
[H-align 01/05]:  54%|█████▎    | 44/82 [00:00<00:00, 84.84batch/s, acc=0.716, loss=0.569]
[H-align 01/05]:  65%|██████▍   | 53/82 [00:00<00:00, 84.78batch/s, acc=0.72, loss=0.564] 
[H-align 01/05]:  76%|███████▌  | 62/82 [00:00<00:00, 85.32batch/s, acc=0.723, loss=0.561]
[H-align 01/05]:  87%|████████▋ | 71/82 [00:00<00:00, 85.01batch/s, acc=0.724, loss=0.56] 
[H-align 01/05]:  98%|█████████▊| 80/82 [00:00<00:00, 85.28batch/s, acc=0.725, loss=0.557]
[H-align 01/05]: 100%|██████████| 82/82 [00:00<00:00, 84.14batch/s, acc=0.726, loss=0.557]
[H-align] epoch=1/5 loss=0.556581 acc=0.7256 p_target=0.6233 confidence=1.0000 grad_max=2.030e+00

[H-align 02/05]:   0%|          | 0/82 [00:00<?, ?batch/s]
[H-align 02/05]:  11%|█         | 9/82 [00:00<00:00, 85.11batch/s, acc=0.723, loss=0.545]
[H-align 02/05]:  22%|██▏       | 18/82 [00:00<00:00, 83.86batch/s, acc=0.732, loss=0.538]
[H-align 02/05]:  33%|███▎      | 27/82 [00:00<00:00, 83.99batch/s, acc=0.725, loss=0.543]
[H-align 02/05]:  44%|████▍     | 36/82 [00:00<00:00, 84.71batch/s, acc=0.727, loss=0.538]
[H-align 02/05]:  55%|█████▍    | 45/82 [00:00<00:00, 84.31batch/s, acc=0.729, loss=0.531]
[H-align 02/05]:  66%|██████▌   | 54/82 [00:00<00:00, 85.25batch/s, acc=0.735, loss=0.522]
[H-align 02/05]:  77%|███████▋  | 63/82 [00:00<00:00, 85.16batch/s, acc=0.738, loss=0.513]
[H-align 02/05]:  88%|████████▊ | 72/82 [00:00<00:00, 85.36batch/s, acc=0.743, loss=0.5]  
[H-align 02/05]:  99%|█████████▉| 81/82 [00:00<00:00, 84.96batch/s, acc=0.752, loss=0.484]
[H-align 02/05]: 100%|██████████| 82/82 [00:00<00:00, 84.89batch/s, acc=0.752, loss=0.483]
[H-align] epoch=2/5 loss=0.483338 acc=0.7522 p_target=0.6708 confidence=1.0000 grad_max=1.128e+00

[H-align 03/05]:   0%|          | 0/82 [00:00<?, ?batch/s]
[H-align 03/05]:  11%|█         | 9/82 [00:00<00:00, 83.76batch/s, acc=0.829, loss=0.338]
[H-align 03/05]:  22%|██▏       | 18/82 [00:00<00:00, 83.41batch/s, acc=0.835, loss=0.324]
[H-align 03/05]:  33%|███▎      | 27/82 [00:00<00:00, 83.17batch/s, acc=0.843, loss=0.315]
[H-align 03/05]:  44%|████▍     | 36/82 [00:00<00:00, 83.80batch/s, acc=0.849, loss=0.305]
[H-align 03/05]:  55%|█████▍    | 45/82 [00:00<00:00, 84.50batch/s, acc=0.857, loss=0.294]
[H-align 03/05]:  66%|██████▌   | 54/82 [00:00<00:00, 84.71batch/s, acc=0.863, loss=0.286]
[H-align 03/05]:  77%|███████▋  | 63/82 [00:00<00:00, 84.61batch/s, acc=0.867, loss=0.279]
[H-align 03/05]:  88%|████████▊ | 72/82 [00:00<00:00, 84.35batch/s, acc=0.874, loss=0.267]
[H-align 03/05]:  99%|█████████▉| 81/82 [00:00<00:00, 83.55batch/s, acc=0.881, loss=0.257]
[H-align 03/05]: 100%|██████████| 82/82 [00:00<00:00, 84.07batch/s, acc=0.881, loss=0.257]
[H-align] epoch=3/5 loss=0.257032 acc=0.8815 p_target=0.8219 confidence=1.0000 grad_max=1.668e+00

[H-align 04/05]:   0%|          | 0/82 [00:00<?, ?batch/s]
[H-align 04/05]:  10%|▉         | 8/82 [00:00<00:00, 77.45batch/s, acc=0.944, loss=0.149]
[H-align 04/05]:  20%|█▉        | 16/82 [00:00<00:00, 78.42batch/s, acc=0.954, loss=0.129]
[H-align 04/05]:  30%|███       | 25/82 [00:00<00:00, 81.21batch/s, acc=0.95, loss=0.132] 
[H-align 04/05]:  41%|████▏     | 34/82 [00:00<00:00, 83.28batch/s, acc=0.95, loss=0.133]
[H-align 04/05]:  52%|█████▏    | 43/82 [00:00<00:00, 83.61batch/s, acc=0.952, loss=0.129]
[H-align 04/05]:  63%|██████▎   | 52/82 [00:00<00:00, 82.68batch/s, acc=0.953, loss=0.127]
[H-align 04/05]:  74%|███████▍  | 61/82 [00:00<00:00, 84.45batch/s, acc=0.956, loss=0.121]
[H-align 04/05]:  85%|████████▌ | 70/82 [00:00<00:00, 85.32batch/s, acc=0.959, loss=0.115]
[H-align 04/05]:  96%|█████████▋| 79/82 [00:00<00:00, 85.91batch/s, acc=0.962, loss=0.109]
[H-align 04/05]: 100%|██████████| 82/82 [00:00<00:00, 84.07batch/s, acc=0.963, loss=0.108]
[H-align] epoch=4/5 loss=0.107817 acc=0.9628 p_target=0.9280 confidence=1.0000 grad_max=3.133e+00

[H-align 05/05]:   0%|          | 0/82 [00:00<?, ?batch/s]
[H-align 05/05]:  11%|█         | 9/82 [00:00<00:00, 84.16batch/s, acc=0.981, loss=0.0652]
[H-align 05/05]:  22%|██▏       | 18/82 [00:00<00:00, 85.76batch/s, acc=0.98, loss=0.0707]
[H-align 05/05]:  33%|███▎      | 27/82 [00:00<00:00, 86.18batch/s, acc=0.982, loss=0.0648]
[H-align 05/05]:  44%|████▍     | 36/82 [00:00<00:00, 86.35batch/s, acc=0.984, loss=0.0593]
[H-align 05/05]:  55%|█████▍    | 45/82 [00:00<00:00, 87.28batch/s, acc=0.985, loss=0.055] 
[H-align 05/05]:  66%|██████▌   | 54/82 [00:00<00:00, 87.31batch/s, acc=0.986, loss=0.0516]
[H-align 05/05]:  77%|███████▋  | 63/82 [00:00<00:00, 87.21batch/s, acc=0.987, loss=0.0495]
[H-align 05/05]:  88%|████████▊ | 72/82 [00:00<00:00, 86.98batch/s, acc=0.987, loss=0.0469]
[H-align 05/05]:  99%|█████████▉| 81/82 [00:00<00:00, 87.15batch/s, acc=0.988, loss=0.045] 
[H-align 05/05]: 100%|██████████| 82/82 [00:00<00:00, 86.98batch/s, acc=0.988, loss=0.045]
[H-align] epoch=5/5 loss=0.044972 acc=0.9881 p_target=0.9717 confidence=1.0000 grad_max=1.833e+00
[H-align Complete] epochs=5 loss=0.690036->0.026389 accuracy=0.9938 p_target=0.9833 updated=encoder+router_compat frozen=hawkes+node_emb+semantics+memory

[Init] Cache:   0%|                                                                 | 0/1300 [00:00<?, ?seq/s]
[Init] Cache: 100%|#########################| 1300/1300 [00:01<00:00, 1151.41seq/s, built=1300, events=104000]
[Cache] sequences=1300 events=104000 built=1300 device=cuda time=1.129s

[Epoch 001] Wake: 100%|##########| 1300/1300 [00:41<00:00, 31.57seq/s, events=104000, loss=2.8549, writes=558]
[Epoch 001] Global: 100%|################| 1300/1300 [00:04<00:00, 270.22seq-pass/s, batch=41/41, phase=train]
[Epoch 001] Sleep: 100%|############| 17/17 [00:00<00:00, 28.67step/s, actions=0, phase=light, pressure=0.049]
[MemoryTree][001/030] wake/event=2.854880 sleep_residual_utility=0.006667 writes=558 memorize=2074 queue_split=0 wake_actions=A71026/R30900/M2074/Q0 novelty=0.0573 weighted_sim=0.8854 wm_grad_max=3.531e+00 global/event=2.750487 mix_diag=2.7653 global_steps=41 prior_KL=1.131e-01 seq_H_cond=0.4131 seq_H_marg=0.4311 seq_MI=1.797e-02 post_KL_diag=1.051e-01 branch_distill=4.866e-01 probe=5.339e+00/0.536->0.551/0.010/0.470 frontier=6.06/11.13/5.06 enc_gate=0.103 enc_scale=0.002 teacher_conf=0.043 teacher_JS=8.019e-02 max_mass=0.0841 owner_hard=[0, 0, 0, 100, 0, 100, 0, 102, 98, 100, 0, 0, 0, 0, 0, 98, 0, 100, 202, 100, 100, 102, 98, 0, 0] mem_assign=[123, 20, 51, 7410, 65, 6899, 85, 8066, 7063, 7249, 765, 605, 361, 678, 968, 7629, 325, 7556, 15632, 8026, 7441, 10041, 6942, 0, 0] topology_prune=off leaves=13 sleep_mode=light light_absorb=1 deep_probability=0.049 topology_action=null topology_gain=0.000e+00 topology_candidates=0 collapsed=0 topology_lambda=0.000e+00 time=W41.2/G4.8/S0.6s cache=0/1300 cuda_peak=5680MiB sleep_actions=[]
[Epoch 002] Wake: 100%|##########| 1300/1300 [00:29<00:00, 44.39seq/s, events=104000, loss=2.7662, writes=489]
[Epoch 002] Global: 100%|################| 1300/1300 [00:04<00:00, 307.44seq-pass/s, batch=41/41, phase=train]
[Epoch 002] Sleep: 100%|#############| 17/17 [00:09<00:00,  1.74step/s, actions=2, phase=deep, pressure=0.242]
[MemoryTree][002/030] wake/event=2.766197 sleep_residual_utility=0.006487 writes=489 memorize=196 queue_split=359 wake_actions=A71891/R31554/M196/Q359 novelty=0.1229 weighted_sim=0.7543 wm_grad_max=3.452e+00 global/event=2.714392 mix_diag=2.8568 global_steps=41 prior_KL=4.515e-02 seq_H_cond=0.5335 seq_H_marg=0.5431 seq_MI=9.619e-03 post_KL_diag=3.320e-01 branch_distill=2.591e-01 probe=6.236e+00/0.333->0.334/0.005/0.623 frontier=5.94/10.88/4.94 enc_gate=0.197 enc_scale=0.008 teacher_conf=0.180 teacher_JS=5.865e-02 max_mass=0.1210 owner_hard=[33, 295, 26, 0, 0, 0, 1, 0, 0, 3, 9, 738, 0, 0, 0, 2, 193, 0, 0, 0, 0, 0, 0, 0, 0] mem_assign=[12267, 15116, 7568, 521, 28, 1157, 6058, 0, 0, 2411, 7824, 35909, 1409, 110, 2, 4624, 8996, 0, 0, 0, 0, 0, 0, 0, 0] topology_prune=off leaves=13 sleep_mode=deep light_absorb=2 deep_probability=0.242 topology_action=null topology_gain=0.000e+00 topology_candidates=11 collapsed=0 topology_lambda=6.000e-04 time=W29.3/G4.2/S9.7s cache=0/1300 cuda_peak=5507MiB sleep_actions=['promotion', 'promotion']
[Epoch 003] Wake: 100%|##########| 1300/1300 [00:28<00:00, 46.12seq/s, events=104000, loss=2.6902, writes=268]
[Epoch 003] Global: 100%|################| 1300/1300 [00:04<00:00, 289.92seq-pass/s, batch=41/41, phase=train]
[Epoch 003] Sleep: 100%|############| 17/17 [00:00<00:00, 29.41step/s, actions=0, phase=light, pressure=0.375]
[MemoryTree][003/030] wake/event=2.690200 sleep_residual_utility=0.006568 writes=268 memorize=73 queue_split=230 wake_actions=A71755/R31942/M73/Q230 novelty=0.1137 weighted_sim=0.7727 wm_grad_max=4.868e+00 global/event=2.717785 mix_diag=2.8543 global_steps=41 prior_KL=5.013e-02 seq_H_cond=0.5223 seq_H_marg=0.5460 seq_MI=2.365e-02 post_KL_diag=3.429e-01 branch_distill=2.361e-01 probe=5.850e+00/0.390->0.394/0.014/0.619 frontier=6.84/12.67/5.84 enc_gate=0.224 enc_scale=0.010 teacher_conf=0.196 teacher_JS=6.227e-02 max_mass=0.1614 owner_hard=[40, 0, 31, 122, 168, 0, 22, 0, 0, 25, 17, 637, 0, 7, 0, 24, 207, 0, 0, 0, 0, 0, 0, 0, 0] mem_assign=[7735, 2522, 5168, 8824, 7484, 1010, 7492, 0, 114, 6141, 7681, 32969, 900, 1300, 10, 6973, 7134, 0, 0, 0, 0, 543, 0, 0, 0] topology_prune=off leaves=13 sleep_mode=light light_absorb=2 deep_probability=0.375 topology_action=null topology_gain=0.000e+00 topology_candidates=0 collapsed=0 topology_lambda=6.000e-04 time=W28.2/G4.5/S0.6s cache=0/1300 cuda_peak=5639MiB sleep_actions=[]
[Epoch 004] Wake: 100%|###########| 1300/1300 [00:25<00:00, 50.57seq/s, events=104000, loss=2.7251, writes=96]
[Epoch 004] Global: 100%|################| 1300/1300 [00:04<00:00, 268.01seq-pass/s, batch=41/41, phase=train]
[Epoch 004] Sleep: 100%|#############| 17/17 [00:17<00:00,  1.03s/step, actions=2, phase=deep, pressure=0.515]
[MemoryTree][004/030] wake/event=2.725114 sleep_residual_utility=0.006875 writes=96 memorize=14 queue_split=95 wake_actions=A71420/R32471/M14/Q95 novelty=0.1188 weighted_sim=0.7623 wm_grad_max=4.259e+00 global/event=2.727780 mix_diag=2.7889 global_steps=41 prior_KL=3.638e-02 seq_H_cond=0.5196 seq_H_marg=0.5650 seq_MI=4.540e-02 post_KL_diag=3.055e-01 branch_distill=2.163e-01 probe=5.338e+00/0.469->0.473/0.014/0.564 frontier=6.97/12.94/5.97 enc_gate=0.251 enc_scale=0.010 teacher_conf=0.198 teacher_JS=5.844e-02 max_mass=0.1563 owner_hard=[93, 0, 10, 4, 265, 0, 5, 0, 0, 148, 23, 240, 0, 283, 7, 87, 131, 0, 0, 0, 0, 4, 0, 0, 0] mem_assign=[10872, 3146, 3864, 2141, 13045, 707, 3561, 1046, 1431, 6068, 6516, 15773, 2312, 11862, 3844, 10809, 5869, 215, 0, 6, 4, 894, 15, 0, 0] topology_prune=off leaves=13 sleep_mode=deep light_absorb=2 deep_probability=0.515 topology_action=null topology_gain=0.000e+00 topology_candidates=13 collapsed=0 topology_lambda=1.200e-03 time=W25.7/G4.9/S17.6s cache=0/1300 cuda_peak=5680MiB sleep_actions=['promotion', 'promotion']
[Epoch 005] Wake: 100%|###########| 1300/1300 [00:25<00:00, 50.90seq/s, events=104000, loss=2.7190, writes=80]
[Epoch 005] Global: 100%|################| 1300/1300 [00:05<00:00, 252.82seq-pass/s, batch=41/41, phase=train]
[Epoch 005] Sleep: 100%|#############| 17/17 [00:19<00:00,  1.15s/step, actions=2, phase=deep, pressure=0.573]
[MemoryTree][005/030] wake/event=2.719008 sleep_residual_utility=0.006937 writes=80 memorize=5 queue_split=79 wake_actions=A71576/R32340/M5/Q79 novelty=0.1342 weighted_sim=0.7317 wm_grad_max=4.148e+00 global/event=2.714073 mix_diag=2.7715 global_steps=41 prior_KL=3.693e-02 seq_H_cond=0.4648 seq_H_marg=0.5584 seq_MI=9.364e-02 post_KL_diag=3.283e-01 branch_distill=2.567e-01 probe=5.594e+00/0.493->0.496/0.019/0.532 frontier=6.68/12.35/5.68 enc_gate=0.202 enc_scale=0.012 teacher_conf=0.232 teacher_JS=7.058e-02 max_mass=0.0726 owner_hard=[3, 0, 0, 145, 17, 0, 39, 26, 0, 71, 1, 0, 1, 696, 148, 0, 153, 0, 0, 0, 0, 0, 0, 0, 0] mem_assign=[3942, 2834, 377, 7188, 11006, 14, 3354, 8444, 3069, 3236, 4192, 5920, 2735, 25662, 11812, 1659, 6750, 4, 543, 1076, 162, 16, 5, 0, 0] topology_prune=off leaves=13 sleep_mode=deep light_absorb=2 deep_probability=0.573 topology_action=null topology_gain=0.000e+00 topology_candidates=14 collapsed=0 topology_lambda=1.800e-03 time=W25.5/G5.1/S19.6s cache=0/1300 cuda_peak=5473MiB sleep_actions=['promotion', 'promotion']
[Epoch 006] Wake: 100%|###########| 1300/1300 [00:25<00:00, 51.91seq/s, events=104000, loss=2.7054, writes=82]
[Epoch 006] Global: 100%|################| 1300/1300 [00:05<00:00, 259.35seq-pass/s, batch=41/41, phase=train]
[Epoch 006] Sleep: 100%|#############| 17/17 [00:20<00:00,  1.22s/step, actions=2, phase=deep, pressure=0.658]
[MemoryTree][006/030] wake/event=2.705365 sleep_residual_utility=0.006919 writes=82 memorize=3 queue_split=83 wake_actions=A71798/R32116/M3/Q83 novelty=0.1135 weighted_sim=0.7729 wm_grad_max=4.276e+00 global/event=2.714304 mix_diag=2.7422 global_steps=41 prior_KL=4.747e-02 seq_H_cond=0.3958 seq_H_marg=0.5572 seq_MI=1.613e-01 post_KL_diag=2.772e-01 branch_distill=2.657e-01 probe=5.615e+00/0.508->0.509/0.029/0.511 frontier=6.32/11.63/5.32 enc_gate=0.258 enc_scale=0.012 teacher_conf=0.246 teacher_JS=9.259e-02 max_mass=0.1093 owner_hard=[0, 0, 2, 123, 0, 14, 6, 86, 0, 200, 0, 0, 0, 550, 199, 0, 120, 0, 0, 0, 0, 0, 0, 0, 0] mem_assign=[2681, 2972, 1583, 10476, 2858, 2036, 2567, 12323, 5164, 5964, 3307, 6524, 1614, 22875, 12587, 1060, 7130, 103, 83, 22, 3, 54, 14, 0, 0] topology_prune=off leaves=13 sleep_mode=deep light_absorb=2 deep_probability=0.658 topology_action=null topology_gain=0.000e+00 topology_candidates=15 collapsed=0 topology_lambda=2.400e-03 time=W25.0/G5.0/S20.8s cache=0/1300 cuda_peak=5318MiB sleep_actions=['promotion', 'promotion']
[Epoch 007] Wake: 100%|###########| 1300/1300 [00:24<00:00, 53.42seq/s, events=104000, loss=2.6981, writes=21]
[Epoch 007] Global: 100%|################| 1300/1300 [00:04<00:00, 260.09seq-pass/s, batch=41/41, phase=train]
[Epoch 007] Sleep: 100%|#############| 17/17 [00:21<00:00,  1.24s/step, actions=2, phase=deep, pressure=0.723]
[MemoryTree][007/030] wake/event=2.698144 sleep_residual_utility=0.007159 writes=21 memorize=0 queue_split=22 wake_actions=A71698/R32280/M0/Q22 novelty=0.1086 weighted_sim=0.7828 wm_grad_max=4.941e+00 global/event=2.703964 mix_diag=2.7542 global_steps=41 prior_KL=4.743e-02 seq_H_cond=0.3590 seq_H_marg=0.5743 seq_MI=2.153e-01 post_KL_diag=2.332e-01 branch_distill=2.772e-01 probe=5.550e+00/0.508->0.508/0.019/0.494 frontier=6.31/11.62/5.31 enc_gate=0.202 enc_scale=0.011 teacher_conf=0.217 teacher_JS=9.480e-02 max_mass=0.1798 owner_hard=[0, 0, 0, 400, 0, 28, 3, 0, 16, 172, 0, 0, 1, 433, 221, 0, 26, 0, 0, 0, 0, 0, 0, 0, 0] mem_assign=[1584, 1067, 1520, 19802, 295, 2392, 1979, 4188, 8361, 6526, 4451, 5853, 3252, 18710, 13984, 2934, 6839, 0, 0, 0, 0, 194, 69, 0, 0] topology_prune=off leaves=13 sleep_mode=deep light_absorb=2 deep_probability=0.723 topology_action=null topology_gain=0.000e+00 topology_candidates=15 collapsed=0 topology_lambda=3.000e-03 time=W24.3/G5.0/S21.2s cache=0/1300 cuda_peak=5245MiB sleep_actions=['promotion', 'promotion']
[Epoch 008] Wake: 100%|###########| 1300/1300 [00:24<00:00, 52.87seq/s, events=104000, loss=2.7037, writes=43]
[Epoch 008] Global: 100%|################| 1300/1300 [00:05<00:00, 254.36seq-pass/s, batch=41/41, phase=train]
[Epoch 008] Sleep: 100%|#############| 17/17 [00:21<00:00,  1.24s/step, actions=2, phase=deep, pressure=0.772]
[MemoryTree][008/030] wake/event=2.703731 sleep_residual_utility=0.006756 writes=43 memorize=0 queue_split=44 wake_actions=A71584/R32372/M0/Q44 novelty=0.1307 weighted_sim=0.7387 wm_grad_max=3.971e+00 global/event=2.701470 mix_diag=2.7524 global_steps=41 prior_KL=3.630e-02 seq_H_cond=0.3710 seq_H_marg=0.5809 seq_MI=2.100e-01 post_KL_diag=2.087e-01 branch_distill=2.734e-01 probe=5.371e+00/0.513->0.516/0.013/0.469 frontier=6.18/11.35/5.18 enc_gate=0.176 enc_scale=0.009 teacher_conf=0.185 teacher_JS=8.371e-02 max_mass=0.1747 owner_hard=[0, 0, 0, 520, 0, 17, 0, 22, 99, 67, 0, 3, 8, 417, 140, 0, 7, 0, 0, 0, 0, 0, 0, 0, 0] mem_assign=[1149, 961, 1884, 19368, 135, 2978, 1635, 7111, 11046, 4584, 4622, 6058, 4797, 16974, 10931, 2935, 5099, 0, 277, 21, 1, 930, 504, 0, 0] topology_prune=off leaves=13 sleep_mode=deep light_absorb=2 deep_probability=0.772 topology_action=null topology_gain=0.000e+00 topology_candidates=15 collapsed=0 topology_lambda=3.600e-03 time=W24.6/G5.1/S21.1s cache=0/1300 cuda_peak=5293MiB sleep_actions=['promotion', 'promotion']
[Epoch 009] Wake: 100%|###########| 1300/1300 [00:24<00:00, 53.32seq/s, events=104000, loss=2.6962, writes=26]
[Epoch 009] Global: 100%|################| 1300/1300 [00:05<00:00, 254.76seq-pass/s, batch=41/41, phase=train]
[Epoch 009] Sleep: 100%|#############| 17/17 [00:21<00:00,  1.24s/step, actions=2, phase=deep, pressure=0.810]
[MemoryTree][009/030] wake/event=2.696163 sleep_residual_utility=0.006962 writes=26 memorize=0 queue_split=31 wake_actions=A71921/R32048/M0/Q31 novelty=0.1483 weighted_sim=0.7035 wm_grad_max=4.418e+00 global/event=2.693413 mix_diag=2.7529 global_steps=41 prior_KL=4.370e-02 seq_H_cond=0.3605 seq_H_marg=0.5790 seq_MI=2.185e-01 post_KL_diag=2.462e-01 branch_distill=3.096e-01 probe=5.511e+00/0.494->0.496/0.018/0.499 frontier=6.13/11.25/5.13 enc_gate=0.222 enc_scale=0.010 teacher_conf=0.214 teacher_JS=9.116e-02 max_mass=0.1624 owner_hard=[0, 0, 0, 386, 0, 0, 0, 8, 168, 86, 0, 3, 2, 415, 194, 0, 38, 0, 0, 0, 0, 0, 0, 0, 0] mem_assign=[1804, 2522, 2177, 17882, 515, 3146, 1501, 6714, 12855, 6253, 4061, 5452, 3905, 17266, 10530, 869, 6169, 0, 276, 39, 0, 5, 59, 0, 0] topology_prune=off leaves=13 sleep_mode=deep light_absorb=3 deep_probability=0.810 topology_action=null topology_gain=0.000e+00 topology_candidates=15 collapsed=0 topology_lambda=4.200e-03 time=W24.4/G5.1/S21.1s cache=0/1300 cuda_peak=5421MiB sleep_actions=['promotion', 'promotion']
[Epoch 010] Wake: 100%|###########| 1300/1300 [00:24<00:00, 52.14seq/s, events=104000, loss=2.6766, writes=22]
[Epoch 010] Global: 100%|################| 1300/1300 [00:05<00:00, 253.53seq-pass/s, batch=41/41, phase=train]
[Epoch 010] Sleep: 100%|#############| 17/17 [00:21<00:00,  1.25s/step, actions=1, phase=deep, pressure=0.838]
[MemoryTree][010/030] wake/event=2.676558 sleep_residual_utility=0.006743 writes=22 memorize=0 queue_split=22 wake_actions=A71821/R32157/M0/Q22 novelty=0.1420 weighted_sim=0.7159 wm_grad_max=3.741e+00 global/event=2.688758 mix_diag=2.7389 global_steps=41 prior_KL=3.994e-02 seq_H_cond=0.3681 seq_H_marg=0.5877 seq_MI=2.196e-01 post_KL_diag=2.906e-01 branch_distill=3.381e-01 probe=5.643e+00/0.483->0.481/0.030/0.517 frontier=6.35/11.70/5.35 enc_gate=0.242 enc_scale=0.012 teacher_conf=0.244 teacher_JS=9.481e-02 max_mass=0.1621 owner_hard=[0, 0, 0, 612, 0, 93, 0, 5, 103, 69, 0, 0, 63, 274, 73, 0, 8, 0, 0, 0, 0, 0, 0, 0, 0] mem_assign=[1820, 2483, 2749, 19396, 590, 11806, 910, 6131, 11158, 5402, 2105, 4813, 7786, 13000, 6843, 361, 5146, 1, 1427, 73, 0, 0, 0, 0, 0] topology_prune=off leaves=13 sleep_mode=deep light_absorb=3 deep_probability=0.838 topology_action=null topology_gain=0.000e+00 topology_candidates=15 collapsed=0 topology_lambda=4.800e-03 time=W24.9/G5.1/S21.2s cache=0/1300 cuda_peak=5307MiB sleep_actions=['promotion']
[Epoch 011] Wake: 100%|###########| 1300/1300 [00:24<00:00, 53.47seq/s, events=104000, loss=2.6956, writes=43]
[Epoch 011] Global: 100%|################| 1300/1300 [00:05<00:00, 257.88seq-pass/s, batch=41/41, phase=train]
[Epoch 011] Sleep: 100%|#############| 17/17 [00:20<00:00,  1.23s/step, actions=2, phase=deep, pressure=0.851]
[MemoryTree][011/030] wake/event=2.695618 sleep_residual_utility=0.006465 writes=43 memorize=0 queue_split=49 wake_actions=A71720/R32231/M0/Q49 novelty=0.1459 weighted_sim=0.7082 wm_grad_max=3.519e+00 global/event=2.693331 mix_diag=2.7515 global_steps=41 prior_KL=4.830e-02 seq_H_cond=0.3335 seq_H_marg=0.5788 seq_MI=2.453e-01 post_KL_diag=2.884e-01 branch_distill=3.535e-01 probe=5.876e+00/0.478->0.484/0.076/0.511 frontier=6.02/11.03/5.02 enc_gate=0.283 enc_scale=0.014 teacher_conf=0.279 teacher_JS=1.153e-01 max_mass=0.1877 owner_hard=[0, 0, 0, 558, 0, 154, 0, 1, 14, 79, 0, 0, 3, 342, 144, 0, 5, 0, 0, 0, 0, 0, 0, 0, 0] mem_assign=[1685, 1963, 3318, 20959, 187, 15387, 935, 5377, 7613, 5767, 2093, 3481, 3796, 15417, 9466, 468, 6034, 0, 22, 31, 0, 0, 1, 0, 0] topology_prune=off leaves=13 sleep_mode=deep light_absorb=5 deep_probability=0.851 topology_action=null topology_gain=0.000e+00 topology_candidates=15 collapsed=0 topology_lambda=5.400e-03 time=W24.3/G5.0/S21.0s cache=0/1300 cuda_peak=5278MiB sleep_actions=['promotion', 'promotion']
[Epoch 012] Wake: 100%|############| 1300/1300 [00:24<00:00, 54.05seq/s, events=104000, loss=2.6814, writes=5]
[Epoch 012] Global: 100%|################| 1300/1300 [00:05<00:00, 255.91seq-pass/s, batch=41/41, phase=train]
[Epoch 012] Sleep: 100%|#############| 17/17 [00:21<00:00,  1.25s/step, actions=1, phase=deep, pressure=0.690]
[MemoryTree][012/030] wake/event=2.681397 sleep_residual_utility=0.006583 writes=5 memorize=0 queue_split=5 wake_actions=A71741/R32254/M0/Q5 novelty=0.1468 weighted_sim=0.7063 wm_grad_max=3.284e+00 global/event=2.692842 mix_diag=2.7388 global_steps=41 prior_KL=5.074e-02 seq_H_cond=0.3195 seq_H_marg=0.5748 seq_MI=2.553e-01 post_KL_diag=2.668e-01 branch_distill=3.498e-01 probe=5.946e+00/0.508->0.512/0.099/0.499 frontier=6.02/11.04/5.02 enc_gate=0.261 enc_scale=0.014 teacher_conf=0.268 teacher_JS=1.157e-01 max_mass=0.1668 owner_hard=[0, 0, 0, 430, 0, 266, 0, 16, 12, 93, 0, 0, 13, 368, 97, 0, 5, 0, 0, 0, 0, 0, 0, 0, 0] mem_assign=[1712, 1387, 1855, 18273, 335, 16451, 965, 8387, 9267, 6011, 1975, 3208, 4913, 14450, 9746, 331, 4734, 0, 0, 0, 0, 0, 0, 0, 0] topology_prune=off leaves=13 sleep_mode=deep light_absorb=3 deep_probability=0.690 topology_action=null topology_gain=0.000e+00 topology_candidates=15 collapsed=0 topology_lambda=6.000e-03 time=W24.1/G5.1/S21.2s cache=0/1300 cuda_peak=5174MiB sleep_actions=['promotion']
[Epoch 013] Wake: 100%|############| 1300/1300 [00:23<00:00, 55.34seq/s, events=104000, loss=2.6928, writes=7]
[Epoch 013] Global: 100%|################| 1300/1300 [00:04<00:00, 261.23seq-pass/s, batch=41/41, phase=train]
[Epoch 013] Sleep: 100%|#############| 17/17 [00:20<00:00,  1.23s/step, actions=1, phase=deep, pressure=0.562]
[MemoryTree][013/030] wake/event=2.692806 sleep_residual_utility=0.006679 writes=7 memorize=0 queue_split=7 wake_actions=A71907/R32086/M0/Q7 novelty=0.1564 weighted_sim=0.6872 wm_grad_max=3.648e+00 global/event=2.703865 mix_diag=2.7397 global_steps=41 prior_KL=5.790e-02 seq_H_cond=0.3205 seq_H_marg=0.5659 seq_MI=2.454e-01 post_KL_diag=2.669e-01 branch_distill=3.309e-01 probe=5.853e+00/0.520->0.519/0.080/0.505 frontier=5.85/10.69/4.85 enc_gate=0.219 enc_scale=0.012 teacher_conf=0.244 teacher_JS=1.122e-01 max_mass=0.1964 owner_hard=[0, 0, 0, 574, 0, 36, 0, 0, 0, 83, 0, 0, 0, 514, 92, 0, 1, 0, 0, 0, 0, 0, 0, 0, 0] mem_assign=[1448, 1598, 977, 20805, 212, 12490, 895, 5681, 6137, 5949, 1836, 4877, 4065, 19261, 11051, 982, 5736, 0, 0, 0, 0, 0, 0, 0, 0] topology_prune=off leaves=13 sleep_mode=deep light_absorb=4 deep_probability=0.562 topology_action=null topology_gain=0.000e+00 topology_candidates=15 collapsed=0 topology_lambda=6.600e-03 time=W23.5/G5.0/S20.9s cache=0/1300 cuda_peak=5184MiB sleep_actions=['promotion']
[Epoch 014] Wake: 100%|###########| 1300/1300 [00:24<00:00, 53.48seq/s, events=104000, loss=2.6818, writes=48]
[Epoch 014] Global: 100%|################| 1300/1300 [00:05<00:00, 257.99seq-pass/s, batch=41/41, phase=train]
[Epoch 014] Sleep: 100%|############| 17/17 [00:00<00:00, 30.65step/s, actions=0, phase=light, pressure=0.551]
[MemoryTree][014/030] wake/event=2.681786 sleep_residual_utility=0.006682 writes=48 memorize=1 queue_split=50 wake_actions=A71933/R32016/M1/Q50 novelty=0.1724 weighted_sim=0.6553 wm_grad_max=4.263e+00 global/event=2.688923 mix_diag=2.7219 global_steps=41 prior_KL=5.721e-02 seq_H_cond=0.3133 seq_H_marg=0.5708 seq_MI=2.575e-01 post_KL_diag=2.494e-01 branch_distill=3.272e-01 probe=5.640e+00/0.532->0.533/0.078/0.497 frontier=6.06/11.12/5.06 enc_gate=0.198 enc_scale=0.012 teacher_conf=0.233 teacher_JS=1.050e-01 max_mass=0.1770 owner_hard=[0, 0, 0, 424, 0, 19, 0, 2, 0, 114, 0, 0, 1, 638, 90, 0, 12, 0, 0, 0, 0, 0, 0, 0, 0] mem_assign=[1425, 1102, 1120, 19586, 85, 10832, 868, 6441, 4393, 6726, 1686, 4195, 4465, 22287, 10716, 673, 6774, 0, 485, 0, 0, 119, 22, 0, 0] topology_prune=off leaves=13 sleep_mode=light light_absorb=4 deep_probability=0.551 topology_action=null topology_gain=0.000e+00 topology_candidates=0 collapsed=0 topology_lambda=6.600e-03 time=W24.3/G5.0/S0.6s cache=0/1300 cuda_peak=5161MiB sleep_actions=[]
[Epoch 015] Wake: 100%|###########| 1300/1300 [00:24<00:00, 53.39seq/s, events=104000, loss=2.6849, writes=59]
[Epoch 015] Global: 100%|################| 1300/1300 [00:05<00:00, 247.41seq-pass/s, batch=41/41, phase=train]
[Epoch 015] Sleep: 100%|############| 17/17 [00:19<00:00,  1.15s/step, actions=0, phase=light, pressure=0.587]
[MemoryTree][015/030] wake/event=2.684872 sleep_residual_utility=0.006599 writes=59 memorize=2 queue_split=62 wake_actions=A71832/R32104/M2/Q62 novelty=0.1597 weighted_sim=0.6807 wm_grad_max=4.015e+00 global/event=2.672395 mix_diag=2.7082 global_steps=41 prior_KL=4.201e-02 seq_H_cond=0.3373 seq_H_marg=0.5796 seq_MI=2.423e-01 post_KL_diag=2.411e-01 branch_distill=3.041e-01 probe=5.322e+00/0.535->0.539/0.024/0.499 frontier=5.93/10.86/4.93 enc_gate=0.197 enc_scale=0.010 teacher_conf=0.202 teacher_JS=9.256e-02 max_mass=0.1383 owner_hard=[0, 0, 0, 153, 0, 108, 0, 7, 11, 266, 0, 0, 0, 592, 131, 1, 31, 0, 0, 0, 0, 0, 0, 0, 0] mem_assign=[1196, 1000, 1292, 14489, 465, 13354, 912, 6743, 7799, 9807, 1836, 2893, 3240, 19022, 12941, 1552, 5035, 0, 10, 12, 0, 1, 401, 0, 0] topology_prune=off leaves=13 sleep_mode=light light_absorb=4 deep_probability=0.587 topology_action=null topology_gain=0.000e+00 topology_candidates=15 collapsed=0 topology_lambda=6.600e-03 time=W24.4/G5.3/S19.6s cache=0/1300 cuda_peak=5218MiB sleep_actions=[]
[Epoch 016] Wake: 100%|###########| 1300/1300 [00:24<00:00, 53.24seq/s, events=104000, loss=2.6732, writes=39]
[Epoch 016] Global: 100%|################| 1300/1300 [00:05<00:00, 253.98seq-pass/s, batch=41/41, phase=train]
[Epoch 016] Sleep: 100%|#############| 17/17 [00:20<00:00,  1.21s/step, actions=2, phase=deep, pressure=0.469]
[MemoryTree][016/030] wake/event=2.673170 sleep_residual_utility=0.006992 writes=39 memorize=8 queue_split=32 wake_actions=A71901/R32059/M8/Q32 novelty=0.1653 weighted_sim=0.6695 wm_grad_max=4.422e+00 global/event=2.670350 mix_diag=2.6994 global_steps=41 prior_KL=4.414e-02 seq_H_cond=0.3228 seq_H_marg=0.5758 seq_MI=2.530e-01 post_KL_diag=2.523e-01 branch_distill=3.173e-01 probe=5.304e+00/0.550->0.550/0.025/0.511 frontier=6.21/11.43/5.21 enc_gate=0.213 enc_scale=0.010 teacher_conf=0.206 teacher_JS=9.552e-02 max_mass=0.1498 owner_hard=[0, 0, 0, 47, 0, 221, 0, 0, 1, 241, 0, 0, 0, 671, 81, 0, 38, 0, 0, 0, 0, 0, 0, 0, 0] mem_assign=[1097, 392, 1652, 12567, 318, 15787, 900, 3837, 6007, 10138, 2100, 3938, 1575, 20208, 12011, 1500, 8544, 31, 694, 54, 4, 8, 638, 0, 0] topology_prune=off leaves=13 sleep_mode=deep light_absorb=3 deep_probability=0.469 topology_action=null topology_gain=0.000e+00 topology_candidates=15 collapsed=0 topology_lambda=7.200e-03 time=W24.4/G5.1/S20.6s cache=0/1300 cuda_peak=5151MiB sleep_actions=['promotion', 'promotion']
[Epoch 017] Wake: 100%|###########| 1300/1300 [00:24<00:00, 53.58seq/s, events=104000, loss=2.6638, writes=38]
[Epoch 017] Global: 100%|################| 1300/1300 [00:05<00:00, 252.63seq-pass/s, batch=41/41, phase=train]
[Epoch 017] Sleep: 100%|#############| 17/17 [00:21<00:00,  1.24s/step, actions=2, phase=deep, pressure=0.473]
[MemoryTree][017/030] wake/event=2.663754 sleep_residual_utility=0.006709 writes=38 memorize=0 queue_split=41 wake_actions=A71776/R32183/M0/Q41 novelty=0.1627 weighted_sim=0.6747 wm_grad_max=4.432e+00 global/event=2.667454 mix_diag=2.6882 global_steps=41 prior_KL=4.238e-02 seq_H_cond=0.3396 seq_H_marg=0.5769 seq_MI=2.373e-01 post_KL_diag=2.686e-01 branch_distill=3.260e-01 probe=5.347e+00/0.552->0.553/0.025/0.512 frontier=6.08/11.16/5.08 enc_gate=0.223 enc_scale=0.011 teacher_conf=0.213 teacher_JS=1.005e-01 max_mass=0.1594 owner_hard=[0, 0, 0, 146, 0, 308, 0, 0, 4, 228, 0, 1, 0, 486, 106, 1, 20, 0, 0, 0, 0, 0, 0, 0, 0] mem_assign=[1008, 269, 2085, 14289, 159, 16474, 1044, 4509, 6273, 9562, 2281, 3584, 2198, 17029, 10463, 3101, 7084, 39, 2537, 0, 1, 1, 10, 0, 0] topology_prune=off leaves=13 sleep_mode=deep light_absorb=3 deep_probability=0.473 topology_action=null topology_gain=0.000e+00 topology_candidates=15 collapsed=0 topology_lambda=7.800e-03 time=W24.3/G5.1/S21.0s cache=0/1300 cuda_peak=5338MiB sleep_actions=['promotion', 'promotion']
[Epoch 018] Wake: 100%|###########| 1300/1300 [00:24<00:00, 52.65seq/s, events=104000, loss=2.6706, writes=34]
[Epoch 018] Global: 100%|################| 1300/1300 [00:05<00:00, 249.79seq-pass/s, batch=41/41, phase=train]
[Epoch 018] Sleep: 100%|############| 17/17 [00:00<00:00, 30.60step/s, actions=0, phase=light, pressure=0.484]
[MemoryTree][018/030] wake/event=2.670612 sleep_residual_utility=0.006579 writes=34 memorize=0 queue_split=38 wake_actions=A71869/R32093/M0/Q38 novelty=0.1742 weighted_sim=0.6517 wm_grad_max=4.606e+00 global/event=2.668834 mix_diag=2.7008 global_steps=41 prior_KL=4.489e-02 seq_H_cond=0.3320 seq_H_marg=0.5720 seq_MI=2.401e-01 post_KL_diag=2.780e-01 branch_distill=3.239e-01 probe=5.449e+00/0.545->0.545/0.027/0.526 frontier=6.34/11.67/5.34 enc_gate=0.209 enc_scale=0.011 teacher_conf=0.217 teacher_JS=9.822e-02 max_mass=0.1579 owner_hard=[0, 0, 1, 295, 0, 416, 0, 4, 14, 228, 0, 2, 3, 144, 129, 0, 15, 0, 49, 0, 0, 0, 0, 0, 0] mem_assign=[1377, 295, 2940, 15047, 160, 16981, 896, 4956, 6764, 10087, 2532, 3576, 3406, 11315, 10351, 2577, 5886, 0, 4852, 2, 0, 0, 0, 0, 0] topology_prune=off leaves=13 sleep_mode=light light_absorb=2 deep_probability=0.484 topology_action=null topology_gain=0.000e+00 topology_candidates=0 collapsed=0 topology_lambda=7.800e-03 time=W24.7/G5.2/S0.6s cache=0/1300 cuda_peak=5387MiB sleep_actions=[]
[Epoch 019] Wake: 100%|###########| 1300/1300 [00:24<00:00, 52.63seq/s, events=104000, loss=2.6680, writes=43]
[Epoch 019] Global: 100%|################| 1300/1300 [00:05<00:00, 250.51seq-pass/s, batch=41/41, phase=train]
[Epoch 019] Sleep: 100%|############| 17/17 [00:00<00:00, 30.38step/s, actions=0, phase=light, pressure=0.566]
[MemoryTree][019/030] wake/event=2.668033 sleep_residual_utility=0.006807 writes=43 memorize=0 queue_split=46 wake_actions=A71731/R32223/M0/Q46 novelty=0.1606 weighted_sim=0.6788 wm_grad_max=3.654e+00 global/event=2.674419 mix_diag=2.6998 global_steps=41 prior_KL=3.815e-02 seq_H_cond=0.3312 seq_H_marg=0.5774 seq_MI=2.462e-01 post_KL_diag=2.803e-01 branch_distill=3.171e-01 probe=5.422e+00/0.542->0.542/0.021/0.523 frontier=6.43/11.86/5.43 enc_gate=0.257 enc_scale=0.011 teacher_conf=0.229 teacher_JS=1.036e-01 max_mass=0.1424 owner_hard=[0, 0, 0, 300, 0, 1, 0, 1, 1, 142, 0, 0, 0, 259, 402, 2, 33, 0, 159, 0, 0, 0, 0, 0, 0] mem_assign=[441, 137, 2252, 16254, 88, 6412, 944, 5601, 4942, 7448, 2846, 3826, 2326, 14640, 16897, 2566, 6526, 158, 9657, 3, 2, 1, 33, 0, 0] topology_prune=off leaves=13 sleep_mode=light light_absorb=2 deep_probability=0.566 topology_action=null topology_gain=0.000e+00 topology_candidates=0 collapsed=0 topology_lambda=7.800e-03 time=W24.7/G5.2/S0.6s cache=0/1300 cuda_peak=5371MiB sleep_actions=[]
[Epoch 020] Wake: 100%|###########| 1300/1300 [00:24<00:00, 52.63seq/s, events=104000, loss=2.6603, writes=65]
[Epoch 020] Global: 100%|################| 1300/1300 [00:05<00:00, 256.17seq-pass/s, batch=41/41, phase=train]
[Epoch 020] Sleep: 100%|#############| 17/17 [00:20<00:00,  1.20s/step, actions=3, phase=deep, pressure=0.640]
[MemoryTree][020/030] wake/event=2.660322 sleep_residual_utility=0.006929 writes=65 memorize=0 queue_split=68 wake_actions=A71635/R32297/M0/Q68 novelty=0.1548 weighted_sim=0.6904 wm_grad_max=3.855e+00 global/event=2.667438 mix_diag=2.7149 global_steps=41 prior_KL=4.403e-02 seq_H_cond=0.3286 seq_H_marg=0.5632 seq_MI=2.346e-01 post_KL_diag=2.970e-01 branch_distill=3.101e-01 probe=5.513e+00/0.539->0.540/0.027/0.523 frontier=6.27/11.54/5.27 enc_gate=0.224 enc_scale=0.012 teacher_conf=0.238 teacher_JS=1.037e-01 max_mass=0.1235 owner_hard=[0, 0, 0, 41, 0, 22, 0, 0, 18, 221, 0, 2, 1, 949, 36, 7, 3, 0, 0, 0, 0, 0, 0, 0, 0] mem_assign=[1137, 684, 1892, 13022, 239, 8193, 836, 3732, 11439, 8356, 1462, 6259, 3062, 23555, 10832, 3852, 4427, 505, 338, 139, 35, 0, 4, 0, 0] topology_prune=off leaves=13 sleep_mode=deep light_absorb=2 deep_probability=0.640 topology_action=null topology_gain=0.000e+00 topology_candidates=15 collapsed=0 topology_lambda=8.400e-03 time=W24.7/G5.1/S20.3s cache=0/1300 cuda_peak=5380MiB sleep_actions=['promotion', 'promotion', 'promotion']
[Epoch 021] Wake: 100%|###########| 1300/1300 [00:24<00:00, 53.64seq/s, events=104000, loss=2.7162, writes=51]
[Epoch 021] Global: 100%|################| 1300/1300 [00:05<00:00, 252.10seq-pass/s, batch=41/41, phase=train]
[Epoch 021] Sleep: 100%|#############| 17/17 [00:20<00:00,  1.19s/step, actions=2, phase=deep, pressure=0.685]
[MemoryTree][021/030] wake/event=2.716158 sleep_residual_utility=0.006666 writes=51 memorize=0 queue_split=53 wake_actions=A71360/R32587/M0/Q53 novelty=0.1634 weighted_sim=0.6732 wm_grad_max=4.454e+00 global/event=2.657403 mix_diag=2.7259 global_steps=41 prior_KL=3.581e-02 seq_H_cond=0.3400 seq_H_marg=0.5704 seq_MI=2.304e-01 post_KL_diag=2.994e-01 branch_distill=3.097e-01 probe=5.480e+00/0.535->0.534/0.020/0.520 frontier=6.30/11.61/5.30 enc_gate=0.219 enc_scale=0.012 teacher_conf=0.243 teacher_JS=1.048e-01 max_mass=0.1264 owner_hard=[0, 0, 1, 208, 0, 113, 0, 0, 105, 173, 0, 3, 0, 392, 189, 11, 40, 0, 65, 0, 0, 0, 0] mem_assign=[1224, 674, 3001, 13261, 86, 10935, 1032, 3730, 11668, 6973, 2183, 4300, 2265, 14065, 12277, 3392, 6272, 0, 6658, 0, 1, 0, 0] topology_prune=on leaves=12 sleep_mode=deep light_absorb=3 deep_probability=0.685 topology_action=topology_prune topology_gain=6.227e-03 topology_candidates=15 collapsed=0 topology_lambda=8.000e-03 time=W24.2/G5.2/S20.2s cache=0/1300 cuda_peak=5327MiB sleep_actions=['topology_prune', 'promotion']
[Epoch 022] Wake: 100%|##########| 1300/1300 [00:25<00:00, 50.18seq/s, events=104000, loss=2.6494, writes=123]
[Epoch 022] Global: 100%|################| 1300/1300 [00:04<00:00, 263.70seq-pass/s, batch=41/41, phase=train]
[Epoch 022] Sleep: 100%|#############| 16/16 [00:25<00:00,  1.61s/step, actions=1, phase=deep, pressure=0.747]
[MemoryTree][022/030] wake/event=2.649412 sleep_residual_utility=0.007824 writes=123 memorize=4 queue_split=128 wake_actions=A71549/R32319/M4/Q128 novelty=0.1635 weighted_sim=0.6731 wm_grad_max=4.243e+00 global/event=2.641227 mix_diag=2.7469 global_steps=41 prior_KL=2.951e-02 seq_H_cond=0.3489 seq_H_marg=0.5753 seq_MI=2.264e-01 post_KL_diag=3.283e-01 branch_distill=3.048e-01 probe=5.373e+00/0.522->0.526/0.005/0.489 frontier=6.37/11.75/5.37 enc_gate=0.233 enc_scale=0.011 teacher_conf=0.232 teacher_JS=1.000e-01 max_mass=0.1215 owner_hard=[0, 0, 2, 195, 0, 79, 0, 0, 88, 205, 0, 1, 0, 363, 94, 2, 81, 0, 190, 0, 0] mem_assign=[1058, 1070, 3450, 12969, 58, 9292, 1031, 4161, 10934, 7622, 2372, 2862, 2607, 14157, 10904, 2700, 7543, 50, 8316, 0, 0] topology_prune=on leaves=11 sleep_mode=deep light_absorb=5 deep_probability=0.747 topology_action=topology_prune topology_gain=7.900e-03 topology_candidates=17 collapsed=0 topology_lambda=6.600e-03 time=W25.9/G4.9/S25.7s cache=0/1300 cuda_peak=5321MiB sleep_actions=['topology_prune']
[Epoch 023] Wake: 100%|###########| 1300/1300 [00:25<00:00, 50.27seq/s, events=104000, loss=2.6289, writes=63]
[Epoch 023] Global: 100%|################| 1300/1300 [00:04<00:00, 261.19seq-pass/s, batch=41/41, phase=train]
[Epoch 023] Sleep: 100%|#############| 15/15 [00:26<00:00,  1.74s/step, actions=1, phase=deep, pressure=0.798]
[MemoryTree][023/030] wake/event=2.628939 sleep_residual_utility=0.007660 writes=63 memorize=2 queue_split=67 wake_actions=A71851/R32080/M2/Q67 novelty=0.1823 weighted_sim=0.6354 wm_grad_max=4.029e+00 global/event=2.642544 mix_diag=2.7499 global_steps=41 prior_KL=2.621e-02 seq_H_cond=0.3247 seq_H_marg=0.5691 seq_MI=2.444e-01 post_KL_diag=3.133e-01 branch_distill=3.082e-01 probe=5.118e+00/0.516->0.516/0.006/0.452 frontier=6.41/11.83/5.41 enc_gate=0.238 enc_scale=0.012 teacher_conf=0.244 teacher_JS=1.107e-01 max_mass=0.1636 owner_hard=[0, 0, 0, 134, 0, 35, 0, 106, 0, 0, 0, 335, 365, 3, 38, 0, 237, 0, 0] mem_assign=[485, 633, 1472, 12596, 136, 7493, 657, 7030, 1715, 2306, 1671, 15458, 16023, 2765, 6557, 27, 12292, 0, 0] topology_prune=on leaves=10 sleep_mode=deep light_absorb=3 deep_probability=0.798 topology_action=merge topology_gain=2.731e-02 topology_candidates=14 collapsed=0 topology_lambda=4.200e-03 time=W25.9/G5.0/S26.1s cache=0/1300 cuda_peak=6041MiB sleep_actions=['merge']
[Epoch 024] Wake: 100%|##########| 1300/1300 [00:26<00:00, 49.24seq/s, events=104000, loss=2.6600, writes=153]
[Epoch 024] Global: 100%|################| 1300/1300 [00:04<00:00, 280.55seq-pass/s, batch=41/41, phase=train]
[Epoch 024] Sleep: 100%|#############| 14/14 [00:23<00:00,  1.65s/step, actions=2, phase=deep, pressure=0.823]
[MemoryTree][024/030] wake/event=2.659982 sleep_residual_utility=0.000000 writes=153 memorize=108 queue_split=55 wake_actions=A71882/R31955/M108/Q55 novelty=0.1706 weighted_sim=0.6587 wm_grad_max=3.839e+00 global/event=2.660944 mix_diag=2.7262 global_steps=41 prior_KL=1.840e-02 seq_H_cond=0.3596 seq_H_marg=0.5599 seq_MI=2.003e-01 post_KL_diag=2.873e-01 branch_distill=2.965e-01 probe=5.009e+00/0.539->0.538/0.005/0.462 frontier=6.07/11.15/5.07 enc_gate=0.252 enc_scale=0.012 teacher_conf=0.250 teacher_JS=9.854e-02 max_mass=0.1684 owner_hard=[0, 0, 0, 52, 162, 2, 0, 78, 0, 1, 0, 705, 255, 0, 0, 0, 0] mem_assign=[359, 161, 1556, 12853, 15650, 5914, 812, 7030, 2049, 3691, 1415, 21532, 16139, 301, 5005, 0, 0] topology_prune=on leaves=9 sleep_mode=deep light_absorb=0 deep_probability=0.823 topology_action=topology_prune topology_gain=-1.707e-05 topology_candidates=13 collapsed=0 topology_lambda=8.000e-04 time=W26.4/G4.6/S23.1s cache=0/1300 cuda_peak=5848MiB sleep_actions=['topology_prune', 'promotion']
[Epoch 025] Wake: 100%|##########| 1300/1300 [00:29<00:00, 44.37seq/s, events=104000, loss=2.6512, writes=437]
[Epoch 025] Global: 100%|################| 1300/1300 [00:05<00:00, 246.59seq-pass/s, batch=41/41, phase=train]
[Epoch 025] Sleep: 100%|#############| 13/13 [00:23<00:00,  1.82s/step, actions=1, phase=deep, pressure=0.858]
[MemoryTree][025/030] wake/event=2.651220 sleep_residual_utility=0.009465 writes=437 memorize=293 queue_split=186 wake_actions=A71583/R31938/M293/Q186 novelty=0.1226 weighted_sim=0.7548 wm_grad_max=4.311e+00 global/event=2.648954 mix_diag=2.7590 global_steps=41 prior_KL=2.115e-02 seq_H_cond=0.3129 seq_H_marg=0.5292 seq_MI=2.164e-01 post_KL_diag=3.169e-01 branch_distill=3.041e-01 probe=4.976e+00/0.550->0.548/0.005/0.396 frontier=5.83/10.66/4.83 enc_gate=0.269 enc_scale=0.013 teacher_conf=0.270 teacher_JS=1.112e-01 max_mass=0.1591 owner_hard=[0, 0, 0, 76, 243, 94, 0, 70, 0, 0, 177, 319, 243, 0, 78, 0, 0] mem_assign=[499, 677, 2670, 12731, 15719, 11413, 645, 7490, 1838, 1863, 10364, 13872, 14995, 22, 9202, 0, 0] topology_prune=on leaves=9 sleep_mode=deep light_absorb=1 deep_probability=0.858 topology_action=null topology_gain=0.000e+00 topology_candidates=11 collapsed=0 topology_lambda=0.000e+00 time=W29.3/G5.3/S23.6s cache=0/1300 cuda_peak=8350MiB sleep_actions=['promotion']
[Epoch 026] Wake: 100%|##########| 1300/1300 [00:25<00:00, 50.65seq/s, events=104000, loss=2.6400, writes=131]
[Epoch 026] Global: 100%|################| 1300/1300 [00:05<00:00, 234.56seq-pass/s, batch=41/41, phase=train]
[Epoch 026] Sleep: 100%|############| 13/13 [00:00<00:00, 84.16step/s, actions=0, phase=light, pressure=0.886]
[MemoryTree][026/030] wake/event=2.639953 sleep_residual_utility=0.000000 writes=131 memorize=3 queue_split=139 wake_actions=A71596/R32262/M3/Q139 novelty=0.1149 weighted_sim=0.7702 wm_grad_max=4.435e+00 global/event=2.643320 mix_diag=2.7382 global_steps=41 prior_KL=2.160e-02 seq_H_cond=0.3014 seq_H_marg=0.5472 seq_MI=2.458e-01 post_KL_diag=2.879e-01 branch_distill=3.106e-01 probe=4.944e+00/0.561->0.562/0.005/0.389 frontier=5.81/10.62/4.81 enc_gate=0.258 enc_scale=0.013 teacher_conf=0.263 teacher_JS=1.154e-01 max_mass=0.1790 owner_hard=[0, 0, 0, 74, 498, 20, 0, 121, 0, 0, 238, 117, 94, 138, 0, 0, 0] mem_assign=[1490, 2050, 1956, 12669, 17999, 9099, 542, 7715, 1856, 1312, 12350, 11994, 11598, 9947, 1423, 0, 0] topology_prune=on leaves=9 sleep_mode=light light_absorb=0 deep_probability=0.886 topology_action=null topology_gain=0.000e+00 topology_candidates=0 collapsed=0 topology_lambda=0.000e+00 time=W25.7/G5.5/S0.2s cache=0/1300 cuda_peak=8536MiB sleep_actions=[]
[Epoch 027] Wake: 100%|##########| 1300/1300 [00:26<00:00, 48.43seq/s, events=104000, loss=2.6336, writes=202]
[Epoch 027] Global: 100%|################| 1300/1300 [00:04<00:00, 304.16seq-pass/s, batch=41/41, phase=train]
[Epoch 027] Sleep: 100%|#############| 13/13 [00:22<00:00,  1.75s/step, actions=1, phase=deep, pressure=0.907]
[MemoryTree][027/030] wake/event=2.633554 sleep_residual_utility=0.009734 writes=202 memorize=202 queue_split=30 wake_actions=A71490/R32278/M202/Q30 novelty=0.1166 weighted_sim=0.7668 wm_grad_max=4.158e+00 global/event=2.662977 mix_diag=2.7523 global_steps=41 prior_KL=2.300e-02 seq_H_cond=0.2974 seq_H_marg=0.5560 seq_MI=2.586e-01 post_KL_diag=3.159e-01 branch_distill=3.401e-01 probe=5.095e+00/0.553->0.553/0.010/0.383 frontier=6.07/11.14/5.07 enc_gate=0.254 enc_scale=0.013 teacher_conf=0.266 teacher_JS=1.208e-01 max_mass=0.1674 owner_hard=[0, 0, 0, 18, 0, 91, 0, 0, 321, 3, 107, 364, 0, 0, 0] mem_assign=[1058, 1710, 1466, 8851, 615, 7586, 1459, 1984, 14205, 5850, 11484, 15130, 2660, 0, 0] topology_prune=on leaves=8 sleep_mode=deep light_absorb=1 deep_probability=0.907 topology_action=topology_prune topology_gain=3.284e-03 topology_candidates=11 collapsed=0 topology_lambda=0.000e+00 time=W26.8/G4.3/S22.8s cache=0/1300 cuda_peak=5131MiB sleep_actions=['topology_prune']
[Epoch 028] Wake: 100%|############| 1300/1300 [00:24<00:00, 53.48seq/s, events=104000, loss=2.6657, writes=5]
[Epoch 028] Global: 100%|################| 1300/1300 [00:05<00:00, 219.73seq-pass/s, batch=41/41, phase=train]
[Epoch 028] Sleep: 100%|#############| 12/12 [00:19<00:00,  1.63s/step, actions=0, phase=deep, pressure=0.872]
[MemoryTree][028/030] wake/event=2.665744 sleep_residual_utility=0.008948 writes=5 memorize=0 queue_split=5 wake_actions=A70943/R33052/M0/Q5 novelty=0.0975 weighted_sim=0.8050 wm_grad_max=4.658e+00 global/event=2.679105 mix_diag=2.7768 global_steps=41 prior_KL=2.811e-02 seq_H_cond=0.3335 seq_H_marg=0.5512 seq_MI=2.177e-01 post_KL_diag=3.490e-01 branch_distill=3.369e-01 probe=5.346e+00/0.568->0.570/0.037/0.329 frontier=5.77/10.54/4.77 enc_gate=0.287 enc_scale=0.015 teacher_conf=0.297 teacher_JS=1.151e-01 max_mass=0.3201 owner_hard=[0, 1120, 0, 1, 0, 8, 0, 0, 44, 0, 5, 122, 0, 0, 0] mem_assign=[1462, 33491, 1535, 9325, 669, 7629, 1194, 1209, 11611, 1653, 11460, 18299, 4463, 0, 0] topology_prune=on leaves=8 sleep_mode=deep light_absorb=2 deep_probability=0.872 topology_action=null topology_gain=0.000e+00 topology_candidates=8 collapsed=0 topology_lambda=0.000e+00 time=W24.3/G5.9/S19.5s cache=0/1300 cuda_peak=10050MiB sleep_actions=[]
[Epoch 029] Wake: 100%|###########| 1300/1300 [00:24<00:00, 52.81seq/s, events=104000, loss=2.7019, writes=16]
[Epoch 029] Global: 100%|################| 1300/1300 [00:06<00:00, 206.78seq-pass/s, batch=41/41, phase=train]
[Epoch 029] Sleep: 100%|#############| 12/12 [00:15<00:00,  1.28s/step, actions=0, phase=deep, pressure=0.893]
[MemoryTree][029/030] wake/event=2.701911 sleep_residual_utility=0.000000 writes=16 memorize=0 queue_split=17 wake_actions=A71987/R31996/M0/Q17 novelty=0.1698 weighted_sim=0.6603 wm_grad_max=3.820e+00 global/event=2.728052 mix_diag=2.7551 global_steps=41 prior_KL=4.493e-02 seq_H_cond=0.3755 seq_H_marg=0.5672 seq_MI=1.918e-01 post_KL_diag=3.108e-01 branch_distill=3.527e-01 probe=5.306e+00/0.583->0.587/0.058/0.359 frontier=5.68/10.37/4.68 enc_gate=0.269 enc_scale=0.014 teacher_conf=0.287 teacher_JS=1.085e-01 max_mass=0.4083 owner_hard=[0, 1283, 0, 0, 0, 0, 0, 0, 1, 0, 0, 16, 0, 0, 0] mem_assign=[3245, 45342, 1542, 10486, 820, 6920, 1349, 468, 12997, 254, 4071, 15892, 614, 0, 0] topology_prune=on leaves=8 sleep_mode=deep light_absorb=0 deep_probability=0.893 topology_action=null topology_gain=0.000e+00 topology_candidates=7 collapsed=0 topology_lambda=0.000e+00 time=W24.6/G6.3/S15.3s cache=0/1300 cuda_peak=10535MiB sleep_actions=[]
[Epoch 030] Wake: 100%|##########| 1300/1300 [00:29<00:00, 44.23seq/s, events=104000, loss=2.7367, writes=497]
[Epoch 030] Global: 100%|################| 1300/1300 [00:04<00:00, 313.90seq-pass/s, batch=41/41, phase=train]
[Epoch 030] Sleep: 100%|############| 12/12 [00:20<00:00,  1.67s/step, actions=0, phase=light, pressure=0.850]
[MemoryTree][030/030] wake/event=2.736715 sleep_residual_utility=0.008060 writes=497 memorize=735 queue_split=13 wake_actions=A71403/R31849/M735/Q13 novelty=0.0837 weighted_sim=0.8325 wm_grad_max=4.714e+00 global/event=2.731527 mix_diag=2.7891 global_steps=41 prior_KL=2.308e-02 seq_H_cond=0.3534 seq_H_marg=0.5617 seq_MI=2.083e-01 post_KL_diag=3.284e-01 branch_distill=3.435e-01 probe=5.409e+00/0.565->0.569/0.041/0.317 frontier=5.81/10.61/4.81 enc_gate=0.280 enc_scale=0.014 teacher_conf=0.276 teacher_JS=1.165e-01 max_mass=0.3166 owner_hard=[0, 1030, 0, 165, 0, 7, 0, 0, 86, 0, 0, 12, 0, 0, 0] mem_assign=[2023, 31777, 2327, 22028, 1168, 7798, 1299, 640, 14524, 2170, 6042, 11083, 1121, 0, 0] topology_prune=on leaves=8 sleep_mode=light light_absorb=1 deep_probability=0.850 topology_action=null topology_gain=0.000e+00 topology_candidates=8 collapsed=0 topology_lambda=0.000e+00 time=W29.4/G4.1/S20.0s cache=0/1300 cuda_peak=5131MiB sleep_actions=[]