Using device: cuda
DataFrame shape: (1300, 3)
Columns: ['event_times', 'event_types', 'cluster']
加载了 1300 个序列
检测到 8 种事件类型: [0, 1, 2, 3, 4, 5, 6, 7]
第一个序列长度: 80
[Hawkes Cold Start][001/005] train_nll/event=4.329365 val_nll/event=3.929863 max_grad=1.8302
[Hawkes Cold Start][002/005] train_nll/event=3.517812 val_nll/event=3.414127 max_grad=0.7399
[Hawkes Cold Start][003/005] train_nll/event=3.161782 val_nll/event=3.164692 max_grad=0.3878
[Hawkes Cold Start][004/005] train_nll/event=2.983574 val_nll/event=3.044560 max_grad=0.2385
[Hawkes Cold Start][005/005] train_nll/event=2.897385 val_nll/event=2.989479 max_grad=0.1816
[Hawkes Cold Start] checkpoint saved to /home/xinye/Hawkes-Memory/HawkesMemory/checkpoints/hawkes_backbone_init.pt
[Hawkes Cold Start] spectral_radius=0.695644, min_mu=9.087375e-03
[H_tree] initialized 25/25 node_emb from /home/xinye/Hawkes-Memory/HawkesMemory/Data/tree_13/h_tree_13.pt
[Routing] mode=active_frontier frontier=2..7 temperature=1.300 exploration=0.010

[Residual init]: 100%|██████████| 1300/1300 [00:03<00:00, 350.58seq/s]
[Residual Initialization] sequences=1300 rank=4 grad_norm=5.761e+00/9.048e+00/1.319e+01 clipped=0.000 membership=[100.0, 100.0, 100.0, 100.0, 100.0, 100.0, 100.0, 100.0, 100.0, 100.0, 100.0, 100.0, 100.0] target_mass=[0.07692307978868484, 0.07692307978868484, 0.07692307978868484, 0.07692307978868484, 0.07692307978868484, 0.07692307978868484, 0.07692307978868484, 0.07692307978868484, 0.07692307978868484, 0.07692307978868484, 0.07692307978868484, 0.07692307978868484, 0.07692307978868484]
[Initialization] mode=residual_signature semantic_blend=0.0000 semantic_delta_mean=1.6889e-02 semantic_delta_max=2.1346e-01 offset_mode=path_additive route_balance=0.1500
[Symmetry] mode=residual_signature router_gain=0.0500 router_norm_mean=7.3961e-02 leaf_delta_mean=2.1484e-02 leaf_mean_error=4.768e-07 spectral_radius=[0.691460,0.702535]

[H-align 01/05]: 100%|██████████| 82/82 [00:00<00:00, 89.63batch/s, acc=0.726, loss=0.557]
[H-align] epoch=1/5 loss=0.556581 acc=0.7256 p_target=0.6233 confidence=1.0000 grad_max=2.030e+00

[H-align 02/05]: 100%|██████████| 82/82 [00:00<00:00, 92.10batch/s, acc=0.752, loss=0.483]
[H-align] epoch=2/5 loss=0.483338 acc=0.7522 p_target=0.6708 confidence=1.0000 grad_max=1.128e+00

[H-align 03/05]: 100%|██████████| 82/82 [00:00<00:00, 92.10batch/s, acc=0.881, loss=0.257]
[H-align] epoch=3/5 loss=0.257032 acc=0.8815 p_target=0.8219 confidence=1.0000 grad_max=1.668e+00

[H-align 04/05]: 100%|██████████| 82/82 [00:00<00:00, 91.56batch/s, acc=0.963, loss=0.108]
[H-align] epoch=4/5 loss=0.107817 acc=0.9628 p_target=0.9280 confidence=1.0000 grad_max=3.133e+00

[H-align 05/05]: 100%|██████████| 82/82 [00:00<00:00, 92.27batch/s, acc=0.988, loss=0.045] 
[H-align] epoch=5/5 loss=0.044972 acc=0.9881 p_target=0.9717 confidence=1.0000 grad_max=1.833e+00
[H-align Complete] epochs=5 loss=0.690036->0.026389 accuracy=0.9938 p_target=0.9833 updated=encoder+router_compat frozen=hawkes+node_emb+semantics+memory

[Init] Cache: 100%|#########################| 1300/1300 [00:01<00:00, 1064.48seq/s, built=1300, events=104000]
[Cache] sequences=1300 events=104000 built=1300 device=cuda time=1.222s

[Epoch 001] Wake: 100%|##########| 1300/1300 [00:38<00:00, 33.85seq/s, events=104000, loss=2.8549, writes=558]
[Epoch 001] Global: 100%|################| 1300/1300 [00:06<00:00, 216.16seq-pass/s, batch=41/41, phase=train]
[Epoch 001] Sleep: 100%|###########| 17/17 [00:00<00:00, 109.00step/s, actions=0, phase=light, pressure=1.000]
[MemoryTree][001/030] wake/event=2.854880 sleep_residual=0.000457 writes=558 memorize=2074 queue_split=0 wake_actions=A71026/R30900/M2074/Q0 novelty=0.0573 weighted_sim=0.8854 wm_grad_max=3.531e+00 global/event=2.750136 mix_diag=2.7653 global_steps=41 prior_KL=1.136e-01 seq_H_cond=0.4127 seq_H_marg=0.4308 seq_MI=1.806e-02 post_KL_diag=1.040e-01 branch_distill=4.872e-01 probe=5.327e+00/0.536->0.551/0.010/0.473 frontier=6.06/11.13/5.06 enc_gate=0.102 enc_scale=0.002 teacher_conf=0.043 teacher_JS=8.016e-02 max_mass=0.0841 owner_hard=[0, 0, 0, 100, 0, 100, 0, 102, 98, 100, 0, 0, 0, 0, 0, 98, 0, 100, 202, 100, 100, 102, 98, 0, 0] mem_assign=[123, 20, 51, 7410, 65, 6899, 85, 8066, 7063, 7249, 765, 605, 361, 678, 968, 7629, 325, 7556, 15632, 8026, 7441, 10041, 6942, 0, 0] prune=off leaves=13 sleep_mode=light light_absorb=1 deep_pressure=1.000 merge=0/0 merge_keep=0.000 merge_lambda=0.000e+00 mem_prune=0/0/0 mem_keep=0.000 mem_lambda=0.000e+00 time=W38.4/G6.0/S0.2s cache=0/1300 cuda_peak=10392MiB sleep_actions=[]
[Epoch 002] Wake: 100%|##########| 1300/1300 [00:25<00:00, 50.58seq/s, events=104000, loss=2.7646, writes=371]
[Epoch 002] Global: 100%|################| 1300/1300 [00:04<00:00, 268.87seq-pass/s, batch=41/41, phase=train]
[Epoch 002] Sleep: 100%|#############| 17/17 [00:02<00:00,  5.71step/s, actions=3, phase=deep, pressure=1.000]
[MemoryTree][002/030] wake/event=2.764626 sleep_residual=0.000455 writes=371 memorize=125 queue_split=298 wake_actions=A71862/R31715/M125/Q298 novelty=0.1154 weighted_sim=0.7692 wm_grad_max=3.514e+00 global/event=2.718879 mix_diag=2.8688 global_steps=41 prior_KL=4.271e-02 seq_H_cond=0.5323 seq_H_marg=0.5430 seq_MI=1.063e-02 post_KL_diag=3.335e-01 branch_distill=2.787e-01 probe=6.326e+00/0.319->0.320/0.002/0.618 frontier=6.00/11.00/5.00 enc_gate=0.243 enc_scale=0.009 teacher_conf=0.194 teacher_JS=6.024e-02 max_mass=0.1206 owner_hard=[42, 308, 11, 0, 0, 0, 0, 2, 7, 739, 0, 0, 0, 2, 189, 0, 0, 0, 0] mem_assign=[11983, 15041, 7163, 1008, 208, 1216, 6196, 2692, 7348, 36626, 1091, 230, 7, 4474, 8717, 0, 0, 0, 0] prune=off leaves=10 sleep_mode=deep light_absorb=2 deep_pressure=1.000 merge=3/3 merge_keep=0.143 merge_lambda=0.000e+00 mem_prune=176/270/928 mem_keep=0.709 mem_lambda=0.000e+00 time=W25.7/G4.8/S3.0s cache=0/1300 cuda_peak=9867MiB sleep_actions=['merge', 'merge', 'merge']
[Epoch 003] Wake: 100%|##########| 1300/1300 [00:26<00:00, 49.84seq/s, events=104000, loss=2.6989, writes=186]
[Epoch 003] Global: 100%|################| 1300/1300 [00:04<00:00, 290.96seq-pass/s, batch=41/41, phase=train]
[Epoch 003] Sleep: 100%|##########| 14/14 [00:05<00:00,  2.75step/s, actions=2, phase=deep, pressure=6835.685]
[MemoryTree][003/030] wake/event=2.698930 sleep_residual=341.784261 writes=186 memorize=134 queue_split=68 wake_actions=A71714/R32084/M134/Q68 novelty=0.1500 weighted_sim=0.7000 wm_grad_max=4.514e+00 global/event=2.752078 mix_diag=2.8877 global_steps=41 prior_KL=2.098e-02 seq_H_cond=0.4857 seq_H_marg=0.4948 seq_MI=9.054e-03 post_KL_diag=2.407e-01 branch_distill=2.110e-01 probe=4.861e+00/0.481->0.480/0.002/0.569 frontier=6.48/11.97/5.48 enc_gate=0.192 enc_scale=0.007 teacher_conf=0.135 teacher_JS=6.674e-02 max_mass=0.1745 owner_hard=[84, 0, 12, 0, 7, 5, 7, 713, 0, 0, 0, 0, 0, 0, 0] mem_assign=[11714, 3592, 4975, 937, 4944, 2103, 8532, 32345, 237, 1365, 5, 0, 0, 0, 0] prune=off leaves=8 sleep_mode=deep light_absorb=1 deep_pressure=6835.685 merge=2/2 merge_keep=0.387 merge_lambda=0.000e+00 mem_prune=199/331/884 mem_keep=0.626 mem_lambda=0.000e+00 time=W26.1/G4.5/S5.1s cache=0/1300 cuda_peak=10396MiB sleep_actions=['merge', 'merge']
[Epoch 004] Wake: 100%|#########| 1300/1300 [00:40<00:00, 31.76seq/s, events=104000, loss=2.7824, writes=1128]
[Epoch 004] Global: 100%|################| 1300/1300 [00:03<00:00, 327.86seq-pass/s, batch=41/41, phase=train]
[Epoch 004] Sleep: 100%|############| 12/12 [00:04<00:00,  2.76step/s, actions=0, phase=deep, pressure=11.195]
[MemoryTree][004/030] wake/event=2.782404 sleep_residual=0.559744 writes=1128 memorize=1595 queue_split=928 wake_actions=A70988/R30489/M1595/Q928 novelty=0.0784 weighted_sim=0.8433 wm_grad_max=4.314e+00 global/event=2.749665 mix_diag=2.7616 global_steps=41 prior_KL=3.427e-02 seq_H_cond=0.4939 seq_H_marg=0.5049 seq_MI=1.100e-02 post_KL_diag=3.244e-01 branch_distill=2.209e-01 probe=6.119e+00/0.434->0.440/0.041/0.408 frontier=5.00/9.00/4.00 enc_gate=0.307 enc_scale=0.012 teacher_conf=0.252 teacher_JS=6.492e-02 max_mass=0.3132 owner_hard=[10, 204, 1, 94, 0, 5, 0, 548, 438, 0, 0, 0, 0, 0, 0] mem_assign=[6136, 13171, 5105, 8300, 2474, 2808, 3330, 31564, 31110, 0, 2, 0, 0, 0, 0] prune=off leaves=8 sleep_mode=deep light_absorb=1 deep_pressure=11.195 merge=0/0 merge_keep=0.000 merge_lambda=0.000e+00 mem_prune=266/266/797 mem_keep=0.666 mem_lambda=0.000e+00 time=W40.9/G4.0/S4.3s cache=0/1300 cuda_peak=9014MiB sleep_actions=[]
[Epoch 005] Wake: 100%|###########| 1300/1300 [00:23<00:00, 55.62seq/s, events=104000, loss=2.7242, writes=79]
[Epoch 005] Global: 100%|################| 1300/1300 [00:04<00:00, 309.60seq-pass/s, batch=41/41, phase=train]
[Epoch 005] Sleep: 100%|############| 12/12 [00:04<00:00,  2.76step/s, actions=0, phase=deep, pressure=13.420]
[MemoryTree][005/030] wake/event=2.724166 sleep_residual=0.670982 writes=79 memorize=116 queue_split=5 wake_actions=A70980/R32899/M116/Q5 novelty=0.0494 weighted_sim=0.9012 wm_grad_max=4.371e+00 global/event=2.712907 mix_diag=2.7316 global_steps=41 prior_KL=5.040e-02 seq_H_cond=0.4699 seq_H_marg=0.4891 seq_MI=1.922e-02 post_KL_diag=3.359e-01 branch_distill=2.271e-01 probe=6.422e+00/0.428->0.429/0.006/0.425 frontier=5.15/9.30/4.15 enc_gate=0.272 enc_scale=0.014 teacher_conf=0.283 teacher_JS=6.706e-02 max_mass=0.3784 owner_hard=[0, 156, 0, 38, 0, 0, 0, 194, 908, 0, 4, 0, 0, 0, 0] mem_assign=[4957, 16532, 2270, 6570, 1608, 2378, 2709, 19136, 41571, 0, 6269, 0, 0, 0, 0] prune=off leaves=8 sleep_mode=deep light_absorb=0 deep_pressure=13.420 merge=0/0 merge_keep=0.000 merge_lambda=0.000e+00 mem_prune=175/175/595 mem_keep=0.706 mem_lambda=0.000e+00 time=W23.4/G4.2/S4.3s cache=0/1300 cuda_peak=9242MiB sleep_actions=[]
[Epoch 006] Wake: 100%|###########| 1300/1300 [00:23<00:00, 55.29seq/s, events=104000, loss=2.7081, writes=86]
[Epoch 006] Global: 100%|################| 1300/1300 [00:04<00:00, 299.10seq-pass/s, batch=41/41, phase=train]
[Epoch 006] Sleep: 100%|############| 12/12 [00:04<00:00,  2.47step/s, actions=0, phase=deep, pressure=11.008]
[MemoryTree][006/030] wake/event=2.708115 sleep_residual=0.550389 writes=86 memorize=86 queue_split=8 wake_actions=A71218/R32688/M86/Q8 novelty=0.0669 weighted_sim=0.8662 wm_grad_max=4.596e+00 global/event=2.725824 mix_diag=2.8358 global_steps=41 prior_KL=3.151e-02 seq_H_cond=0.4682 seq_H_marg=0.4999 seq_MI=3.172e-02 post_KL_diag=2.898e-01 branch_distill=1.948e-01 probe=5.649e+00/0.492->0.492/0.021/0.368 frontier=5.32/9.64/4.32 enc_gate=0.247 enc_scale=0.013 teacher_conf=0.265 teacher_JS=6.424e-02 max_mass=0.2908 owner_hard=[0, 415, 0, 0, 0, 52, 0, 328, 448, 55, 2, 0, 0, 0, 0] mem_assign=[3981, 29183, 2003, 3332, 2180, 4362, 3465, 19093, 25461, 6392, 4362, 0, 186, 0, 0] prune=off leaves=8 sleep_mode=deep light_absorb=3 deep_pressure=11.008 merge=0/0 merge_keep=0.000 merge_lambda=0.000e+00 mem_prune=138/138/496 mem_keep=0.721 mem_lambda=0.000e+00 time=W23.5/G4.3/S4.9s cache=0/1300 cuda_peak=9442MiB sleep_actions=[]
[Epoch 007] Wake: 100%|###########| 1300/1300 [00:22<00:00, 57.03seq/s, events=104000, loss=2.7198, writes=33]
[Epoch 007] Global: 100%|################| 1300/1300 [00:04<00:00, 301.52seq-pass/s, batch=41/41, phase=train]
[Epoch 007] Sleep: 100%|############| 12/12 [00:05<00:00,  2.26step/s, actions=0, phase=deep, pressure=10.557]
[MemoryTree][007/030] wake/event=2.719806 sleep_residual=0.527861 writes=33 memorize=33 queue_split=4 wake_actions=A71273/R32690/M33/Q4 novelty=0.0430 weighted_sim=0.9140 wm_grad_max=3.725e+00 global/event=2.718806 mix_diag=2.9726 global_steps=41 prior_KL=1.559e-02 seq_H_cond=0.4657 seq_H_marg=0.5032 seq_MI=3.757e-02 post_KL_diag=2.525e-01 branch_distill=2.100e-01 probe=5.602e+00/0.528->0.524/0.014/0.278 frontier=5.26/9.52/4.26 enc_gate=0.311 enc_scale=0.013 teacher_conf=0.275 teacher_JS=6.290e-02 max_mass=0.2843 owner_hard=[0, 440, 0, 5, 0, 65, 0, 410, 257, 123, 0, 0, 0, 0, 0] mem_assign=[6885, 26986, 1588, 2575, 2565, 3720, 2994, 24576, 14973, 12467, 4499, 4, 168, 0, 0] prune=off leaves=8 sleep_mode=deep light_absorb=2 deep_pressure=10.557 merge=0/0 merge_keep=0.000 merge_lambda=0.000e+00 mem_prune=91/91/391 mem_keep=0.768 mem_lambda=0.000e+00 time=W22.8/G4.3/S5.3s cache=0/1300 cuda_peak=9179MiB sleep_actions=[]
[Epoch 008] Wake: 100%|###########| 1300/1300 [00:22<00:00, 56.90seq/s, events=104000, loss=2.7034, writes=22]
[Epoch 008] Global: 100%|################| 1300/1300 [00:04<00:00, 282.19seq-pass/s, batch=41/41, phase=train]
[Epoch 008] Sleep: 100%|#############| 12/12 [00:05<00:00,  2.29step/s, actions=0, phase=deep, pressure=9.987]
[MemoryTree][008/030] wake/event=2.703360 sleep_residual=0.499349 writes=22 memorize=2 queue_split=21 wake_actions=A71358/R32619/M2/Q21 novelty=0.0552 weighted_sim=0.8895 wm_grad_max=3.964e+00 global/event=2.705198 mix_diag=2.9221 global_steps=41 prior_KL=1.780e-02 seq_H_cond=0.4543 seq_H_marg=0.4920 seq_MI=3.776e-02 post_KL_diag=3.438e-01 branch_distill=2.395e-01 probe=5.601e+00/0.508->0.507/0.038/0.354 frontier=5.32/9.64/4.32 enc_gate=0.363 enc_scale=0.017 teacher_conf=0.353 teacher_JS=6.776e-02 max_mass=0.2403 owner_hard=[0, 225, 0, 0, 0, 94, 0, 599, 256, 125, 1, 0, 0, 0, 0] mem_assign=[3982, 21448, 629, 987, 2229, 5002, 2191, 30304, 14475, 14142, 6236, 57, 2318, 0, 0] prune=off leaves=8 sleep_mode=deep light_absorb=3 deep_pressure=9.987 merge=0/0 merge_keep=0.000 merge_lambda=0.000e+00 mem_prune=97/97/322 mem_keep=0.699 mem_lambda=0.000e+00 time=W22.8/G4.6/S5.2s cache=0/1300 cuda_peak=9601MiB sleep_actions=[]
[Epoch 009] Wake: 100%|###########| 1300/1300 [00:24<00:00, 52.96seq/s, events=104000, loss=2.7263, writes=57]
[Epoch 009] Global: 100%|################| 1300/1300 [00:04<00:00, 273.44seq-pass/s, batch=41/41, phase=train]
[Epoch 009] Sleep: 100%|#############| 12/12 [00:05<00:00,  2.29step/s, actions=0, phase=deep, pressure=8.504]
[MemoryTree][009/030] wake/event=2.726308 sleep_residual=0.425179 writes=57 memorize=1 queue_split=60 wake_actions=A71259/R32680/M1/Q60 novelty=0.0692 weighted_sim=0.8616 wm_grad_max=4.711e+00 global/event=2.689916 mix_diag=2.9164 global_steps=41 prior_KL=2.455e-02 seq_H_cond=0.4455 seq_H_marg=0.4889 seq_MI=4.346e-02 post_KL_diag=3.572e-01 branch_distill=2.488e-01 probe=5.650e+00/0.491->0.482/0.048/0.405 frontier=6.14/11.28/5.14 enc_gate=0.396 enc_scale=0.019 teacher_conf=0.381 teacher_JS=7.464e-02 max_mass=0.1937 owner_hard=[30, 264, 0, 8, 1, 106, 0, 11, 221, 368, 62, 0, 229, 0, 0] mem_assign=[8428, 18984, 1901, 3057, 2650, 5211, 2657, 9328, 11959, 16816, 7277, 94, 15638, 0, 0] prune=off leaves=8 sleep_mode=deep light_absorb=3 deep_pressure=8.504 merge=0/0 merge_keep=0.000 merge_lambda=0.000e+00 mem_prune=83/83/282 mem_keep=0.706 mem_lambda=0.000e+00 time=W24.6/G4.8/S5.2s cache=0/1300 cuda_peak=9930MiB sleep_actions=[]
[Epoch 010] Wake: 100%|##########| 1300/1300 [00:25<00:00, 51.01seq/s, events=104000, loss=2.6995, writes=102]
[Epoch 010] Global: 100%|################| 1300/1300 [00:04<00:00, 275.19seq-pass/s, batch=41/41, phase=train]
[Epoch 010] Sleep: 100%|#############| 12/12 [00:06<00:00,  1.79step/s, actions=0, phase=deep, pressure=5.706]
[MemoryTree][010/030] wake/event=2.699455 sleep_residual=0.285288 writes=102 memorize=65 queue_split=43 wake_actions=A71089/R32803/M65/Q43 novelty=0.0350 weighted_sim=0.9300 wm_grad_max=4.394e+00 global/event=2.684862 mix_diag=2.8481 global_steps=41 prior_KL=2.890e-02 seq_H_cond=0.4352 seq_H_marg=0.4954 seq_MI=6.022e-02 post_KL_diag=3.621e-01 branch_distill=2.616e-01 probe=5.730e+00/0.469->0.469/0.033/0.394 frontier=6.38/11.77/5.38 enc_gate=0.402 enc_scale=0.019 teacher_conf=0.382 teacher_JS=8.193e-02 max_mass=0.2574 owner_hard=[5, 439, 0, 0, 0, 90, 0, 12, 100, 0, 342, 0, 312, 0, 0] mem_assign=[6251, 24554, 1402, 2265, 2135, 5921, 2302, 7308, 9132, 1320, 16432, 550, 24428, 0, 0] prune=off leaves=8 sleep_mode=deep light_absorb=1 deep_pressure=5.706 merge=0/0 merge_keep=0.000 merge_lambda=0.000e+00 mem_prune=91/91/301 mem_keep=0.699 mem_lambda=0.000e+00 time=W25.5/G4.7/S6.7s cache=0/1300 cuda_peak=9938MiB sleep_actions=[]
[Epoch 011] Wake: 100%|###########| 1300/1300 [00:23<00:00, 54.53seq/s, events=104000, loss=2.6643, writes=11]
[Epoch 011] Global: 100%|################| 1300/1300 [00:04<00:00, 290.92seq-pass/s, batch=41/41, phase=train]
[Epoch 011] Sleep: 100%|#############| 12/12 [00:05<00:00,  2.17step/s, actions=0, phase=deep, pressure=1.000]
[MemoryTree][011/030] wake/event=2.664266 sleep_residual=0.000474 writes=11 memorize=11 queue_split=0 wake_actions=A71104/R32885/M11/Q0 novelty=0.0321 weighted_sim=0.9358 wm_grad_max=4.435e+00 global/event=2.672426 mix_diag=2.9508 global_steps=41 prior_KL=3.642e-02 seq_H_cond=0.4181 seq_H_marg=0.5065 seq_MI=8.847e-02 post_KL_diag=3.975e-01 branch_distill=3.386e-01 probe=5.726e+00/0.481->0.483/0.239/0.625 frontier=6.16/11.33/5.16 enc_gate=0.459 enc_scale=0.021 teacher_conf=0.437 teacher_JS=9.678e-02 max_mass=0.3046 owner_hard=[0, 633, 0, 46, 0, 0, 0, 0, 221, 0, 116, 0, 284, 0, 0] mem_assign=[2782, 30776, 1533, 4839, 348, 837, 1560, 5143, 13578, 992, 12315, 1461, 27836, 0, 0] prune=on leaves=8 sleep_mode=deep light_absorb=3 deep_pressure=1.000 merge=0/0 merge_keep=0.000 merge_lambda=0.000e+00 mem_prune=67/67/221 mem_keep=0.695 mem_lambda=0.000e+00 time=W23.8/G4.5/S5.5s cache=0/1300 cuda_peak=9767MiB sleep_actions=[]
[Epoch 012] Wake: 100%|############| 1300/1300 [00:23<00:00, 55.21seq/s, events=104000, loss=2.6922, writes=4]
[Epoch 012] Global: 100%|################| 1300/1300 [00:04<00:00, 266.27seq-pass/s, batch=41/41, phase=train]
[Epoch 012] Sleep: 100%|#############| 12/12 [00:05<00:00,  2.04step/s, actions=0, phase=deep, pressure=1.000]
[MemoryTree][012/030] wake/event=2.692211 sleep_residual=0.000464 writes=4 memorize=4 queue_split=0 wake_actions=A71116/R32880/M4/Q0 novelty=0.0320 weighted_sim=0.9360 wm_grad_max=5.299e+00 global/event=2.691292 mix_diag=2.9034 global_steps=41 prior_KL=5.470e-02 seq_H_cond=0.4150 seq_H_marg=0.5242 seq_MI=1.092e-01 post_KL_diag=3.688e-01 branch_distill=3.462e-01 probe=5.613e+00/0.506->0.515/0.307/0.614 frontier=5.84/10.68/4.84 enc_gate=0.383 enc_scale=0.020 teacher_conf=0.399 teacher_JS=1.015e-01 max_mass=0.3844 owner_hard=[0, 1204, 0, 18, 0, 0, 0, 0, 0, 0, 72, 2, 4, 0, 0] mem_assign=[1701, 41670, 1262, 3591, 2095, 6443, 408, 3889, 3393, 648, 20982, 9490, 8428, 0, 0] prune=on leaves=8 sleep_mode=deep light_absorb=2 deep_pressure=1.000 merge=0/0 merge_keep=0.000 merge_lambda=0.000e+00 mem_prune=50/50/158 mem_keep=0.685 mem_lambda=0.000e+00 time=W23.6/G4.9/S5.9s cache=0/1300 cuda_peak=9386MiB sleep_actions=[]
[Epoch 013] Wake: 100%|###########| 1300/1300 [00:23<00:00, 55.79seq/s, events=104000, loss=2.6844, writes=21]
[Epoch 013] Global: 100%|################| 1300/1300 [00:04<00:00, 284.50seq-pass/s, batch=41/41, phase=train]
[Epoch 013] Sleep: 100%|#############| 12/12 [00:05<00:00,  2.29step/s, actions=0, phase=deep, pressure=1.000]
[MemoryTree][013/030] wake/event=2.684374 sleep_residual=0.000495 writes=21 memorize=23 queue_split=0 wake_actions=A71357/R32620/M23/Q0 novelty=0.0331 weighted_sim=0.9337 wm_grad_max=4.047e+00 global/event=2.688264 mix_diag=2.9043 global_steps=41 prior_KL=6.091e-02 seq_H_cond=0.4042 seq_H_marg=0.5190 seq_MI=1.148e-01 post_KL_diag=3.731e-01 branch_distill=3.366e-01 probe=5.495e+00/0.544->0.547/0.374/0.573 frontier=5.62/10.23/4.62 enc_gate=0.342 enc_scale=0.019 teacher_conf=0.376 teacher_JS=1.008e-01 max_mass=0.3878 owner_hard=[0, 1185, 0, 19, 0, 0, 0, 0, 2, 0, 90, 0, 4, 0, 0] mem_assign=[1455, 42979, 2019, 4676, 1592, 3691, 622, 4409, 6079, 324, 22607, 3464, 10083, 0, 0] prune=on leaves=8 sleep_mode=deep light_absorb=3 deep_pressure=1.000 merge=0/0 merge_keep=0.000 merge_lambda=0.000e+00 mem_prune=39/39/129 mem_keep=0.701 mem_lambda=0.000e+00 time=W23.3/G4.6/S5.2s cache=0/1300 cuda_peak=9269MiB sleep_actions=[]
[Epoch 014] Wake: 100%|###########| 1300/1300 [00:24<00:00, 54.09seq/s, events=104000, loss=2.6844, writes=75]
[Epoch 014] Global: 100%|################| 1300/1300 [00:04<00:00, 277.16seq-pass/s, batch=41/41, phase=train]
[Epoch 014] Sleep: 100%|#############| 12/12 [00:05<00:00,  2.21step/s, actions=0, phase=deep, pressure=1.000]
[MemoryTree][014/030] wake/event=2.684369 sleep_residual=0.000473 writes=75 memorize=85 queue_split=0 wake_actions=A71387/R32528/M85/Q0 novelty=0.0341 weighted_sim=0.9318 wm_grad_max=4.141e+00 global/event=2.684248 mix_diag=2.8734 global_steps=41 prior_KL=3.788e-02 seq_H_cond=0.4004 seq_H_marg=0.5122 seq_MI=1.118e-01 post_KL_diag=3.594e-01 branch_distill=3.049e-01 probe=5.628e+00/0.481->0.489/0.073/0.427 frontier=5.62/10.24/4.62 enc_gate=0.355 enc_scale=0.017 teacher_conf=0.337 teacher_JS=9.466e-02 max_mass=0.4164 owner_hard=[0, 1291, 0, 1, 0, 0, 0, 0, 3, 0, 5, 0, 0, 0, 0] mem_assign=[1341, 46342, 2331, 6651, 1031, 2638, 830, 3993, 7585, 1150, 12654, 7668, 9786, 0, 0] prune=on leaves=8 sleep_mode=deep light_absorb=2 deep_pressure=1.000 merge=0/0 merge_keep=0.000 merge_lambda=0.000e+00 mem_prune=48/48/165 mem_keep=0.709 mem_lambda=0.000e+00 time=W24.0/G4.7/S5.4s cache=0/1300 cuda_peak=9489MiB sleep_actions=[]
[Epoch 015] Wake: 100%|###########| 1300/1300 [00:23<00:00, 55.04seq/s, events=104000, loss=2.7021, writes=51]
[Epoch 015] Global: 100%|################| 1300/1300 [00:04<00:00, 293.91seq-pass/s, batch=41/41, phase=train]
[Epoch 015] Sleep: 100%|#############| 12/12 [00:04<00:00,  2.41step/s, actions=0, phase=deep, pressure=1.000]
[MemoryTree][015/030] wake/event=2.702104 sleep_residual=0.000410 writes=51 memorize=53 queue_split=0 wake_actions=A71152/R32795/M53/Q0 novelty=0.0411 weighted_sim=0.9178 wm_grad_max=3.931e+00 global/event=2.715615 mix_diag=2.8419 global_steps=41 prior_KL=7.926e-02 seq_H_cond=0.4241 seq_H_marg=0.5595 seq_MI=1.354e-01 post_KL_diag=3.365e-01 branch_distill=3.895e-01 probe=5.591e+00/0.577->0.582/0.704/0.552 frontier=5.59/10.19/4.59 enc_gate=0.298 enc_scale=0.018 teacher_conf=0.353 teacher_JS=1.032e-01 max_mass=0.3831 owner_hard=[0, 1277, 0, 13, 0, 1, 0, 0, 0, 0, 2, 0, 7, 0, 0] mem_assign=[1100, 41908, 2751, 13023, 1989, 5073, 794, 3847, 5064, 1154, 10716, 7351, 9230, 0, 0] prune=on leaves=8 sleep_mode=deep light_absorb=0 deep_pressure=1.000 merge=0/0 merge_keep=0.000 merge_lambda=0.000e+00 mem_prune=43/43/168 mem_keep=0.745 mem_lambda=0.000e+00 time=W23.6/G4.4/S5.0s cache=0/1300 cuda_peak=9371MiB sleep_actions=[]
[Epoch 016] Wake: 100%|###########| 1300/1300 [00:22<00:00, 56.97seq/s, events=104000, loss=2.7129, writes=26]
[Epoch 016] Global: 100%|################| 1300/1300 [00:04<00:00, 290.31seq-pass/s, batch=41/41, phase=train]
[Epoch 016] Sleep: 100%|#############| 12/12 [00:05<00:00,  2.19step/s, actions=0, phase=deep, pressure=1.000]
[MemoryTree][016/030] wake/event=2.712891 sleep_residual=0.000413 writes=26 memorize=25 queue_split=1 wake_actions=A71398/R32576/M25/Q1 novelty=0.0416 weighted_sim=0.9168 wm_grad_max=3.803e+00 global/event=2.699499 mix_diag=2.7511 global_steps=41 prior_KL=3.561e-02 seq_H_cond=0.3819 seq_H_marg=0.5001 seq_MI=1.182e-01 post_KL_diag=3.054e-01 branch_distill=2.949e-01 probe=5.656e+00/0.503->0.503/0.082/0.420 frontier=5.47/9.94/4.47 enc_gate=0.334 enc_scale=0.016 teacher_conf=0.323 teacher_JS=9.709e-02 max_mass=0.3558 owner_hard=[0, 1181, 0, 1, 0, 0, 0, 0, 70, 0, 4, 1, 43, 0, 0] mem_assign=[282, 38325, 1523, 8732, 862, 1570, 1382, 3254, 10885, 735, 7777, 6448, 22225, 0, 0] prune=on leaves=8 sleep_mode=deep light_absorb=1 deep_pressure=1.000 merge=0/0 merge_keep=0.000 merge_lambda=0.000e+00 mem_prune=37/37/151 mem_keep=0.756 mem_lambda=0.000e+00 time=W22.8/G4.5/S5.5s cache=0/1300 cuda_peak=9490MiB sleep_actions=[]
[Epoch 017] Wake: 100%|############| 1300/1300 [00:23<00:00, 56.38seq/s, events=104000, loss=2.6906, writes=5]
[Epoch 017] Global: 100%|################| 1300/1300 [00:04<00:00, 287.77seq-pass/s, batch=41/41, phase=train]
[Epoch 017] Sleep: 100%|#############| 12/12 [00:05<00:00,  2.24step/s, actions=0, phase=deep, pressure=1.000]
[MemoryTree][017/030] wake/event=2.690592 sleep_residual=0.000384 writes=5 memorize=3 queue_split=2 wake_actions=A71494/R32501/M3/Q2 novelty=0.0562 weighted_sim=0.8877 wm_grad_max=3.795e+00 global/event=2.711313 mix_diag=2.7450 global_steps=41 prior_KL=4.622e-02 seq_H_cond=0.3676 seq_H_marg=0.5043 seq_MI=1.367e-01 post_KL_diag=2.680e-01 branch_distill=2.889e-01 probe=5.493e+00/0.517->0.519/0.101/0.462 frontier=5.60/10.21/4.60 enc_gate=0.338 enc_scale=0.017 teacher_conf=0.331 teacher_JS=9.625e-02 max_mass=0.3442 owner_hard=[0, 1167, 0, 4, 0, 0, 0, 0, 18, 0, 1, 0, 110, 0, 0] mem_assign=[216, 37509, 1802, 12054, 886, 2348, 957, 2996, 8704, 1061, 5084, 5203, 25180, 0, 0] prune=on leaves=8 sleep_mode=deep light_absorb=1 deep_pressure=1.000 merge=0/0 merge_keep=0.000 merge_lambda=0.000e+00 mem_prune=31/31/119 mem_keep=0.736 mem_lambda=0.000e+00 time=W23.1/G4.5/S5.4s cache=0/1300 cuda_peak=9274MiB sleep_actions=[]
[Epoch 018] Wake: 100%|##########| 1300/1300 [00:27<00:00, 46.99seq/s, events=104000, loss=2.7197, writes=378]
[Epoch 018] Global: 100%|################| 1300/1300 [00:04<00:00, 287.03seq-pass/s, batch=41/41, phase=train]
[Epoch 018] Sleep: 100%|#############| 12/12 [00:05<00:00,  2.17step/s, actions=0, phase=deep, pressure=1.000]
[MemoryTree][018/030] wake/event=2.719721 sleep_residual=0.000467 writes=378 memorize=542 queue_split=0 wake_actions=A71299/R32159/M542/Q0 novelty=0.0754 weighted_sim=0.8491 wm_grad_max=3.753e+00 global/event=2.708320 mix_diag=2.7403 global_steps=41 prior_KL=3.725e-02 seq_H_cond=0.3781 seq_H_marg=0.5165 seq_MI=1.383e-01 post_KL_diag=2.722e-01 branch_distill=2.789e-01 probe=5.332e+00/0.524->0.530/0.092/0.478 frontier=5.44/9.88/4.44 enc_gate=0.315 enc_scale=0.016 teacher_conf=0.326 teacher_JS=9.555e-02 max_mass=0.3872 owner_hard=[0, 1285, 0, 7, 0, 2, 0, 0, 4, 0, 1, 0, 1, 0, 0] mem_assign=[739, 41603, 944, 15938, 1166, 3503, 1209, 4183, 8364, 487, 8395, 467, 17002, 0, 0] prune=on leaves=8 sleep_mode=deep light_absorb=1 deep_pressure=1.000 merge=0/0 merge_keep=0.000 merge_lambda=0.000e+00 mem_prune=149/149/340 mem_keep=0.563 mem_lambda=0.000e+00 time=W27.7/G4.5/S5.5s cache=0/1300 cuda_peak=9275MiB sleep_actions=[]
[Epoch 019] Wake: 100%|############| 1300/1300 [00:22<00:00, 58.57seq/s, events=104000, loss=2.7221, writes=1]
[Epoch 019] Global: 100%|################| 1300/1300 [00:04<00:00, 286.61seq-pass/s, batch=41/41, phase=train]
[Epoch 019] Sleep: 100%|#############| 12/12 [00:05<00:00,  2.18step/s, actions=0, phase=deep, pressure=1.000]
[MemoryTree][019/030] wake/event=2.722071 sleep_residual=0.000397 writes=1 memorize=1 queue_split=0 wake_actions=A71491/R32508/M1/Q0 novelty=0.0708 weighted_sim=0.8584 wm_grad_max=3.968e+00 global/event=2.701456 mix_diag=2.7244 global_steps=41 prior_KL=3.390e-02 seq_H_cond=0.3731 seq_H_marg=0.5187 seq_MI=1.456e-01 post_KL_diag=2.570e-01 branch_distill=2.824e-01 probe=5.247e+00/0.539->0.537/0.096/0.453 frontier=5.19/9.39/4.19 enc_gate=0.329 enc_scale=0.016 teacher_conf=0.315 teacher_JS=9.669e-02 max_mass=0.3799 owner_hard=[0, 1250, 0, 2, 0, 1, 0, 0, 14, 0, 3, 0, 30, 0, 0] mem_assign=[248, 39223, 487, 13689, 686, 2897, 1493, 4488, 9358, 585, 9224, 616, 21006, 0, 0] prune=on leaves=8 sleep_mode=deep light_absorb=1 deep_pressure=1.000 merge=0/0 merge_keep=0.000 merge_lambda=0.000e+00 mem_prune=78/78/192 mem_keep=0.594 mem_lambda=0.000e+00 time=W22.2/G4.5/S5.5s cache=0/1300 cuda_peak=9472MiB sleep_actions=[]
[Epoch 020] Wake: 100%|##########| 1300/1300 [00:29<00:00, 44.01seq/s, events=104000, loss=2.6944, writes=481]
[Epoch 020] Global: 100%|################| 1300/1300 [00:04<00:00, 283.36seq-pass/s, batch=41/41, phase=train]
[Epoch 020] Sleep: 100%|#############| 12/12 [00:05<00:00,  2.09step/s, actions=0, phase=deep, pressure=1.000]
[MemoryTree][020/030] wake/event=2.694417 sleep_residual=0.000406 writes=481 memorize=606 queue_split=0 wake_actions=A71271/R32123/M606/Q0 novelty=0.0779 weighted_sim=0.8443 wm_grad_max=3.779e+00 global/event=2.703707 mix_diag=2.7417 global_steps=41 prior_KL=3.121e-02 seq_H_cond=0.3665 seq_H_marg=0.5160 seq_MI=1.495e-01 post_KL_diag=2.945e-01 branch_distill=3.023e-01 probe=5.390e+00/0.520->0.521/0.105/0.487 frontier=5.44/9.88/4.44 enc_gate=0.359 enc_scale=0.017 teacher_conf=0.340 teacher_JS=1.018e-01 max_mass=0.3670 owner_hard=[0, 1241, 0, 8, 0, 6, 0, 0, 30, 0, 2, 0, 13, 0, 0] mem_assign=[286, 38435, 704, 15744, 1152, 4327, 1107, 3785, 8936, 436, 9823, 1772, 17493, 0, 0] prune=on leaves=8 sleep_mode=deep light_absorb=1 deep_pressure=1.000 merge=0/0 merge_keep=0.000 merge_lambda=0.000e+00 mem_prune=121/121/296 mem_keep=0.590 mem_lambda=0.000e+00 time=W29.5/G4.6/S5.7s cache=0/1300 cuda_peak=9363MiB sleep_actions=[]
[Epoch 021] Wake: 100%|##########| 1300/1300 [00:27<00:00, 47.07seq/s, events=104000, loss=2.7085, writes=401]
[Epoch 021] Global: 100%|################| 1300/1300 [00:04<00:00, 283.59seq-pass/s, batch=41/41, phase=train]
[Epoch 021] Sleep: 100%|#############| 12/12 [00:05<00:00,  2.05step/s, actions=0, phase=deep, pressure=1.000]
[MemoryTree][021/030] wake/event=2.708528 sleep_residual=0.000472 writes=401 memorize=442 queue_split=1 wake_actions=A71246/R32311/M442/Q1 novelty=0.0455 weighted_sim=0.9089 wm_grad_max=4.228e+00 global/event=2.708340 mix_diag=2.7491 global_steps=41 prior_KL=2.967e-02 seq_H_cond=0.3746 seq_H_marg=0.5194 seq_MI=1.448e-01 post_KL_diag=2.765e-01 branch_distill=2.839e-01 probe=5.339e+00/0.528->0.530/0.089/0.450 frontier=5.78/10.56/4.78 enc_gate=0.313 enc_scale=0.016 teacher_conf=0.320 teacher_JS=9.642e-02 max_mass=0.3908 owner_hard=[0, 1280, 0, 13, 0, 0, 0, 0, 2, 0, 0, 0, 5, 0, 0] mem_assign=[967, 42567, 629, 16993, 822, 3674, 1737, 3663, 8965, 1076, 5633, 1499, 15775, 0, 0] prune=on leaves=8 sleep_mode=deep light_absorb=2 deep_pressure=1.000 merge=0/0 merge_keep=0.000 merge_lambda=0.000e+00 mem_prune=170/170/375 mem_keep=0.546 mem_lambda=0.000e+00 time=W27.6/G4.6/S5.9s cache=0/1300 cuda_peak=9554MiB sleep_actions=[]
[Epoch 022] Wake: 100%|###########| 1300/1300 [00:22<00:00, 56.65seq/s, events=104000, loss=2.6973, writes=16]
[Epoch 022] Global: 100%|################| 1300/1300 [00:04<00:00, 284.42seq-pass/s, batch=41/41, phase=train]
[Epoch 022] Sleep: 100%|#############| 12/12 [00:05<00:00,  2.08step/s, actions=0, phase=deep, pressure=1.000]
[MemoryTree][022/030] wake/event=2.697293 sleep_residual=0.000481 writes=16 memorize=18 queue_split=0 wake_actions=A71041/R32941/M18/Q0 novelty=0.0273 weighted_sim=0.9454 wm_grad_max=3.637e+00 global/event=2.690169 mix_diag=2.7141 global_steps=41 prior_KL=3.071e-02 seq_H_cond=0.3966 seq_H_marg=0.5292 seq_MI=1.326e-01 post_KL_diag=3.093e-01 branch_distill=3.275e-01 probe=5.473e+00/0.509->0.508/0.129/0.476 frontier=5.45/9.91/4.45 enc_gate=0.377 enc_scale=0.018 teacher_conf=0.368 teacher_JS=1.007e-01 max_mass=0.3756 owner_hard=[0, 1258, 0, 6, 0, 0, 0, 0, 13, 0, 3, 0, 20, 0, 0] mem_assign=[310, 39695, 355, 14253, 712, 2879, 1499, 2724, 10192, 645, 8725, 2164, 19847, 0, 0] prune=on leaves=8 sleep_mode=deep light_absorb=1 deep_pressure=1.000 merge=0/0 merge_keep=0.000 merge_lambda=0.000e+00 mem_prune=84/84/221 mem_keep=0.622 mem_lambda=0.000e+00 time=W22.9/G4.6/S5.8s cache=0/1300 cuda_peak=9673MiB sleep_actions=[]
[Epoch 023] Wake: 100%|###########| 1300/1300 [00:23<00:00, 55.41seq/s, events=104000, loss=2.6807, writes=38]
[Epoch 023] Global: 100%|################| 1300/1300 [00:04<00:00, 288.56seq-pass/s, batch=41/41, phase=train]
[Epoch 023] Sleep: 100%|#############| 12/12 [00:05<00:00,  2.10step/s, actions=0, phase=deep, pressure=1.000]
[MemoryTree][023/030] wake/event=2.680748 sleep_residual=0.000469 writes=38 memorize=39 queue_split=2 wake_actions=A71324/R32635/M39/Q2 novelty=0.0289 weighted_sim=0.9421 wm_grad_max=4.099e+00 global/event=2.693612 mix_diag=2.7390 global_steps=41 prior_KL=3.051e-02 seq_H_cond=0.3754 seq_H_marg=0.5221 seq_MI=1.467e-01 post_KL_diag=3.074e-01 branch_distill=3.260e-01 probe=5.353e+00/0.511->0.514/0.142/0.558 frontier=5.54/10.08/4.54 enc_gate=0.414 enc_scale=0.019 teacher_conf=0.378 teacher_JS=1.051e-01 max_mass=0.3749 owner_hard=[0, 1269, 0, 4, 0, 0, 0, 0, 2, 0, 4, 0, 21, 0, 0] mem_assign=[346, 39239, 615, 13985, 668, 3146, 1186, 1590, 7715, 859, 8647, 5645, 20359, 0, 0] prune=on leaves=8 sleep_mode=deep light_absorb=2 deep_pressure=1.000 merge=0/0 merge_keep=0.000 merge_lambda=0.000e+00 mem_prune=57/57/175 mem_keep=0.675 mem_lambda=0.000e+00 time=W23.5/G4.5/S5.7s cache=0/1300 cuda_peak=9359MiB sleep_actions=[]
[Epoch 024] Wake: 100%|###########| 1300/1300 [00:24<00:00, 52.46seq/s, events=104000, loss=2.6765, writes=51]
[Epoch 024] Global: 100%|################| 1300/1300 [00:04<00:00, 279.09seq-pass/s, batch=41/41, phase=train]
[Epoch 024] Sleep: 100%|#############| 12/12 [00:05<00:00,  2.31step/s, actions=0, phase=deep, pressure=1.000]
[MemoryTree][024/030] wake/event=2.676478 sleep_residual=0.000404 writes=51 memorize=54 queue_split=0 wake_actions=A71161/R32785/M54/Q0 novelty=0.0325 weighted_sim=0.9350 wm_grad_max=4.385e+00 global/event=2.702537 mix_diag=2.6901 global_steps=41 prior_KL=4.354e-02 seq_H_cond=0.4337 seq_H_marg=0.5459 seq_MI=1.122e-01 post_KL_diag=3.343e-01 branch_distill=3.897e-01 probe=5.567e+00/0.526->0.528/0.338/0.631 frontier=6.28/11.55/5.28 enc_gate=0.423 enc_scale=0.023 teacher_conf=0.457 teacher_JS=1.065e-01 max_mass=0.3654 owner_hard=[0, 1256, 0, 13, 0, 0, 0, 0, 21, 0, 2, 0, 8, 0, 0] mem_assign=[1333, 38812, 376, 15021, 720, 3500, 1378, 1794, 10943, 781, 6615, 4717, 18010, 0, 0] prune=on leaves=8 sleep_mode=deep light_absorb=2 deep_pressure=1.000 merge=0/0 merge_keep=0.000 merge_lambda=0.000e+00 mem_prune=50/50/169 mem_keep=0.703 mem_lambda=0.000e+00 time=W24.8/G4.7/S5.2s cache=0/1300 cuda_peak=10300MiB sleep_actions=[]
[Epoch 025] Wake: 100%|###########| 1300/1300 [00:23<00:00, 54.76seq/s, events=104000, loss=2.6976, writes=56]
[Epoch 025] Global: 100%|################| 1300/1300 [00:04<00:00, 288.36seq-pass/s, batch=41/41, phase=train]
[Epoch 025] Sleep: 100%|#############| 12/12 [00:05<00:00,  2.11step/s, actions=0, phase=deep, pressure=1.000]
[MemoryTree][025/030] wake/event=2.697649 sleep_residual=0.000406 writes=56 memorize=61 queue_split=0 wake_actions=A71264/R32675/M61/Q0 novelty=0.0358 weighted_sim=0.9283 wm_grad_max=4.085e+00 global/event=2.697902 mix_diag=2.7732 global_steps=41 prior_KL=3.665e-02 seq_H_cond=0.3512 seq_H_marg=0.5155 seq_MI=1.643e-01 post_KL_diag=3.156e-01 branch_distill=3.162e-01 probe=5.305e+00/0.509->0.509/0.149/0.662 frontier=6.08/11.17/5.08 enc_gate=0.404 enc_scale=0.020 teacher_conf=0.400 teacher_JS=1.090e-01 max_mass=0.3445 owner_hard=[0, 1235, 0, 16, 0, 0, 0, 0, 4, 0, 10, 0, 35, 0, 0] mem_assign=[592, 36532, 614, 15736, 678, 4298, 895, 1578, 7747, 812, 9788, 3954, 20776, 0, 0] prune=on leaves=8 sleep_mode=deep light_absorb=2 deep_pressure=1.000 merge=0/0 merge_keep=0.000 merge_lambda=0.000e+00 mem_prune=58/58/175 mem_keep=0.669 mem_lambda=0.000e+00 time=W23.7/G4.5/S5.7s cache=0/1300 cuda_peak=9548MiB sleep_actions=[]
[Epoch 026] Wake: 100%|##########| 1300/1300 [00:32<00:00, 40.34seq/s, events=104000, loss=2.6961, writes=961]
[Epoch 026] Global: 100%|################| 1300/1300 [00:04<00:00, 284.33seq-pass/s, batch=41/41, phase=train]
[Epoch 026] Sleep: 100%|#############| 12/12 [00:06<00:00,  2.00step/s, actions=0, phase=deep, pressure=1.000]
[MemoryTree][026/030] wake/event=2.696129 sleep_residual=0.000464 writes=961 memorize=1250 queue_split=16 wake_actions=A71155/R31579/M1250/Q16 novelty=0.0549 weighted_sim=0.8903 wm_grad_max=3.624e+00 global/event=2.688432 mix_diag=2.7029 global_steps=41 prior_KL=4.078e-02 seq_H_cond=0.3936 seq_H_marg=0.5288 seq_MI=1.352e-01 post_KL_diag=3.433e-01 branch_distill=4.076e-01 probe=5.476e+00/0.485->0.486/0.188/0.662 frontier=5.36/9.73/4.36 enc_gate=0.480 enc_scale=0.023 teacher_conf=0.466 teacher_JS=1.156e-01 max_mass=0.3681 owner_hard=[0, 1183, 0, 9, 0, 0, 0, 0, 22, 0, 7, 0, 79, 0, 0] mem_assign=[287, 37896, 107, 14746, 458, 2710, 869, 1061, 8777, 360, 9941, 5440, 21348, 0, 0] prune=on leaves=8 sleep_mode=deep light_absorb=1 deep_pressure=1.000 merge=0/0 merge_keep=0.000 merge_lambda=0.000e+00 mem_prune=163/163/328 mem_keep=0.502 mem_lambda=0.000e+00 time=W32.2/G4.6/S6.0s cache=0/1300 cuda_peak=9931MiB sleep_actions=[]
[Epoch 027] Wake: 100%|###########| 1300/1300 [00:24<00:00, 53.80seq/s, events=104000, loss=2.6811, writes=28]
[Epoch 027] Global: 100%|################| 1300/1300 [00:04<00:00, 274.71seq-pass/s, batch=41/41, phase=train]
[Epoch 027] Sleep: 100%|#############| 12/12 [00:06<00:00,  1.97step/s, actions=0, phase=deep, pressure=1.000]
[MemoryTree][027/030] wake/event=2.681096 sleep_residual=0.000358 writes=28 memorize=32 queue_split=0 wake_actions=A71024/R32944/M32/Q0 novelty=0.0394 weighted_sim=0.9212 wm_grad_max=4.108e+00 global/event=2.706145 mix_diag=2.7786 global_steps=41 prior_KL=3.823e-02 seq_H_cond=0.3833 seq_H_marg=0.5348 seq_MI=1.516e-01 post_KL_diag=3.587e-01 branch_distill=3.673e-01 probe=5.313e+00/0.494->0.503/0.192/0.590 frontier=5.99/10.98/4.99 enc_gate=0.337 enc_scale=0.020 teacher_conf=0.386 teacher_JS=1.106e-01 max_mass=0.4501 owner_hard=[0, 1294, 0, 6, 0, 0, 0, 0, 0, 0, 0, 0, 0, 0, 0] mem_assign=[1447, 49107, 1007, 16222, 788, 6348, 826, 1220, 6095, 719, 5392, 8209, 6620, 0, 0] prune=on leaves=8 sleep_mode=deep light_absorb=0 deep_pressure=1.000 merge=0/0 merge_keep=0.000 merge_lambda=0.000e+00 mem_prune=79/79/193 mem_keep=0.593 mem_lambda=0.000e+00 time=W24.2/G4.7/S6.1s cache=0/1300 cuda_peak=10204MiB sleep_actions=[]
[Epoch 028] Wake: 100%|############| 1300/1300 [00:22<00:00, 57.43seq/s, events=104000, loss=2.7153, writes=9]
[Epoch 028] Global: 100%|################| 1300/1300 [00:04<00:00, 268.45seq-pass/s, batch=41/41, phase=train]
[Epoch 028] Sleep: 100%|#############| 12/12 [00:06<00:00,  1.76step/s, actions=0, phase=deep, pressure=1.000]
[MemoryTree][028/030] wake/event=2.715299 sleep_residual=0.000385 writes=9 memorize=9 queue_split=0 wake_actions=A71071/R32920/M9/Q0 novelty=0.0307 weighted_sim=0.9386 wm_grad_max=3.812e+00 global/event=2.721294 mix_diag=2.7175 global_steps=41 prior_KL=5.727e-02 seq_H_cond=0.4232 seq_H_marg=0.5642 seq_MI=1.411e-01 post_KL_diag=3.249e-01 branch_distill=4.383e-01 probe=5.476e+00/0.531->0.534/0.436/0.582 frontier=5.25/9.50/4.25 enc_gate=0.420 enc_scale=0.019 teacher_conf=0.396 teacher_JS=1.143e-01 max_mass=0.3505 owner_hard=[0, 1244, 0, 1, 0, 46, 0, 0, 1, 0, 8, 0, 0, 0, 0] mem_assign=[142, 37320, 375, 14004, 2274, 15372, 724, 1179, 6171, 530, 15882, 5347, 4680, 0, 0] prune=on leaves=8 sleep_mode=deep light_absorb=1 deep_pressure=1.000 merge=0/0 merge_keep=0.000 merge_lambda=0.000e+00 mem_prune=41/41/123 mem_keep=0.667 mem_lambda=0.000e+00 time=W22.6/G4.8/S6.8s cache=0/1300 cuda_peak=9737MiB sleep_actions=[]
[Epoch 029] Wake: 100%|############| 1300/1300 [00:24<00:00, 53.45seq/s, events=104000, loss=2.6925, writes=0]
[Epoch 029] Global: 100%|################| 1300/1300 [00:04<00:00, 274.74seq-pass/s, batch=41/41, phase=train]
[Epoch 029] Sleep: 100%|#############| 12/12 [00:05<00:00,  2.05step/s, actions=0, phase=deep, pressure=1.000]
[MemoryTree][029/030] wake/event=2.692507 sleep_residual=0.000404 writes=0 memorize=0 queue_split=0 wake_actions=A71394/R32606/M0/Q0 novelty=0.0340 weighted_sim=0.9320 wm_grad_max=4.821e+00 global/event=2.685651 mix_diag=2.7085 global_steps=41 prior_KL=4.123e-02 seq_H_cond=0.4204 seq_H_marg=0.5361 seq_MI=1.157e-01 post_KL_diag=3.764e-01 branch_distill=3.829e-01 probe=5.495e+00/0.465->0.472/0.192/0.620 frontier=6.59/12.19/5.59 enc_gate=0.435 enc_scale=0.022 teacher_conf=0.451 teacher_JS=1.104e-01 max_mass=0.4312 owner_hard=[0, 1299, 0, 0, 0, 0, 0, 0, 1, 0, 0, 0, 0, 0, 0] mem_assign=[1853, 49526, 363, 13348, 905, 2372, 1228, 1408, 9028, 715, 4808, 9263, 9183, 0, 0] prune=on leaves=8 sleep_mode=deep light_absorb=2 deep_pressure=1.000 merge=0/0 merge_keep=0.000 merge_lambda=0.000e+00 mem_prune=25/25/82 mem_keep=0.693 mem_lambda=0.000e+00 time=W24.3/G4.7/S5.9s cache=0/1300 cuda_peak=10331MiB sleep_actions=[]
[Epoch 030] Wake: 100%|##########| 1300/1300 [00:25<00:00, 51.65seq/s, events=104000, loss=2.6955, writes=104]
[Epoch 030] Global: 100%|################| 1300/1300 [00:04<00:00, 280.12seq-pass/s, batch=41/41, phase=train]
[Epoch 030] Sleep: 100%|#############| 12/12 [00:06<00:00,  1.96step/s, actions=0, phase=deep, pressure=1.000]
[MemoryTree][030/030] wake/event=2.695454 sleep_residual=0.000465 writes=104 memorize=114 queue_split=0 wake_actions=A71233/R32653/M114/Q0 novelty=0.0392 weighted_sim=0.9215 wm_grad_max=4.910e+00 global/event=2.738832 mix_diag=2.7506 global_steps=41 prior_KL=6.828e-02 seq_H_cond=0.4071 seq_H_marg=0.5490 seq_MI=1.419e-01 post_KL_diag=3.340e-01 branch_distill=4.282e-01 probe=5.575e+00/0.530->0.525/0.434/0.625 frontier=5.94/10.88/4.94 enc_gate=0.430 enc_scale=0.020 teacher_conf=0.398 teacher_JS=1.141e-01 max_mass=0.3966 owner_hard=[0, 1282, 0, 9, 0, 0, 0, 0, 0, 0, 2, 7, 0, 0, 0] mem_assign=[1037, 43021, 793, 16485, 874, 3512, 354, 1451, 3376, 483, 8507, 14046, 10061, 0, 0] prune=on leaves=8 sleep_mode=deep light_absorb=3 deep_pressure=1.000 merge=0/0 merge_keep=0.000 merge_lambda=0.000e+00 mem_prune=44/44/161 mem_keep=0.730 mem_lambda=0.000e+00 time=W25.2/G4.6/S6.1s cache=0/1300 cuda_peak=9738MiB sleep_actions=[][Training Plot] metrics=/home/xinye/Hawkes-Memory/HawkesMemory/Memory/Checkpoints/dws_13_posterior_frontier_v2_training_metrics.json figure=/home/xinye/Hawkes-Memory/HawkesMemory/Memory/Checkpoints/dws_13_posterior_frontier_v2_training_curves.png
