Using device: cuda
DataFrame shape: (800, 3)
Columns: ['event_times', 'event_types', 'cluster']
加载了 800 个序列
检测到 8 种事件类型: [0, 1, 2, 3, 4, 5, 6, 7]
第一个序列长度: 80
[Hawkes Cold Start][001/005] train_nll/event=4.511088 val_nll/event=4.072359 max_grad=2.1196
[Hawkes Cold Start][002/005] train_nll/event=3.805501 val_nll/event=3.583059 max_grad=1.2100
[Hawkes Cold Start][003/005] train_nll/event=3.412626 val_nll/event=3.286352 max_grad=0.7050
[Hawkes Cold Start][004/005] train_nll/event=3.162308 val_nll/event=3.092808 max_grad=0.4479
[Hawkes Cold Start][005/005] train_nll/event=2.996922 val_nll/event=2.966069 max_grad=0.3209
[Hawkes Cold Start] checkpoint saved to /home/xinye/Hawkes-Memory/HawkesMemory/checkpoints/hawkes_backbone_init.pt
[Hawkes Cold Start] spectral_radius=0.582299, min_mu=1.523343e-02
[H_tree] initialized 15/15 node_emb from /home/xinye/Hawkes-Memory/HawkesMemory/Data/tree_8/h_tree_8.pt
[Routing] mode=active_frontier frontier=2..4 temperature=1.300 exploration=0.010

[Residual init]:   0%|          | 0/800 [00:00<?, ?seq/s]
[Residual init]:   1%|          | 5/800 [00:00<00:17, 45.89seq/s]
[Residual init]:   1%|▏         | 11/800 [00:00<00:14, 52.88seq/s]
[Residual init]:   2%|▏         | 17/800 [00:00<00:14, 54.87seq/s]
[Residual init]:   3%|▎         | 23/800 [00:00<00:13, 55.82seq/s]
[Residual init]:   4%|▎         | 29/800 [00:00<00:13, 55.88seq/s]
[Residual init]:   4%|▍         | 35/800 [00:00<00:13, 56.26seq/s]
[Residual init]:   5%|▌         | 41/800 [00:00<00:13, 56.52seq/s]
[Residual init]:   6%|▌         | 47/800 [00:00<00:13, 56.36seq/s]
[Residual init]:   7%|▋         | 53/800 [00:00<00:13, 56.64seq/s]
[Residual init]:   7%|▋         | 59/800 [00:01<00:13, 56.83seq/s]
[Residual init]:   8%|▊         | 65/800 [00:01<00:12, 56.96seq/s]
[Residual init]:   9%|▉         | 71/800 [00:01<00:12, 56.73seq/s]
[Residual init]:  10%|▉         | 77/800 [00:01<00:12, 56.90seq/s]
[Residual init]:  10%|█         | 83/800 [00:01<00:12, 57.00seq/s]
[Residual init]:  11%|█         | 89/800 [00:01<00:12, 56.70seq/s]
[Residual init]:  12%|█▏        | 95/800 [00:01<00:12, 56.79seq/s]
[Residual init]:  13%|█▎        | 101/800 [00:01<00:12, 56.87seq/s]
[Residual init]:  13%|█▎        | 107/800 [00:01<00:12, 56.61seq/s]
[Residual init]:  14%|█▍        | 113/800 [00:02<00:12, 56.79seq/s]
[Residual init]:  15%|█▍        | 119/800 [00:02<00:11, 56.95seq/s]
[Residual init]:  16%|█▌        | 125/800 [00:02<00:11, 57.06seq/s]
[Residual init]:  16%|█▋        | 131/800 [00:02<00:11, 56.80seq/s]
[Residual init]:  17%|█▋        | 137/800 [00:02<00:11, 56.98seq/s]
[Residual init]:  18%|█▊        | 143/800 [00:02<00:11, 57.07seq/s]
[Residual init]:  19%|█▊        | 149/800 [00:02<00:11, 56.73seq/s]
[Residual init]:  19%|█▉        | 155/800 [00:02<00:11, 56.80seq/s]
[Residual init]:  20%|██        | 161/800 [00:02<00:11, 56.89seq/s]
[Residual init]:  21%|██        | 167/800 [00:02<00:11, 56.66seq/s]
[Residual init]:  22%|██▏       | 173/800 [00:03<00:11, 56.82seq/s]
[Residual init]:  22%|██▏       | 179/800 [00:03<00:10, 56.96seq/s]
[Residual init]:  23%|██▎       | 185/800 [00:03<00:10, 57.07seq/s]
[Residual init]:  24%|██▍       | 191/800 [00:03<00:10, 56.82seq/s]
[Residual init]:  25%|██▍       | 197/800 [00:03<00:10, 56.97seq/s]
[Residual init]:  25%|██▌       | 203/800 [00:03<00:10, 57.05seq/s]
[Residual init]:  26%|██▌       | 209/800 [00:03<00:10, 56.74seq/s]
[Residual init]:  27%|██▋       | 215/800 [00:03<00:10, 56.83seq/s]
[Residual init]:  28%|██▊       | 221/800 [00:03<00:10, 56.90seq/s]
[Residual init]:  28%|██▊       | 227/800 [00:04<00:10, 56.65seq/s]
[Residual init]:  29%|██▉       | 233/800 [00:04<00:09, 56.85seq/s]
[Residual init]:  30%|██▉       | 239/800 [00:04<00:09, 56.98seq/s]
[Residual init]:  31%|███       | 245/800 [00:04<00:09, 57.08seq/s]
[Residual init]:  31%|███▏      | 251/800 [00:04<00:09, 56.82seq/s]
[Residual init]:  32%|███▏      | 257/800 [00:04<00:09, 56.96seq/s]
[Residual init]:  33%|███▎      | 263/800 [00:04<00:09, 57.05seq/s]
[Residual init]:  34%|███▎      | 269/800 [00:04<00:09, 56.72seq/s]
[Residual init]:  34%|███▍      | 275/800 [00:04<00:09, 56.78seq/s]
[Residual init]:  35%|███▌      | 281/800 [00:04<00:09, 56.86seq/s]
[Residual init]:  36%|███▌      | 287/800 [00:05<00:09, 56.65seq/s]
[Residual init]:  37%|███▋      | 293/800 [00:05<00:08, 56.85seq/s]
[Residual init]:  37%|███▋      | 299/800 [00:05<00:08, 56.99seq/s]
[Residual init]:  38%|███▊      | 305/800 [00:05<00:08, 57.10seq/s]
[Residual init]:  39%|███▉      | 311/800 [00:05<00:08, 56.83seq/s]
[Residual init]:  40%|███▉      | 317/800 [00:05<00:08, 56.95seq/s]
[Residual init]:  40%|████      | 323/800 [00:05<00:08, 57.03seq/s]
[Residual init]:  41%|████      | 329/800 [00:05<00:08, 56.72seq/s]
[Residual init]:  42%|████▏     | 335/800 [00:05<00:08, 56.80seq/s]
[Residual init]:  43%|████▎     | 341/800 [00:06<00:08, 56.89seq/s]
[Residual init]:  43%|████▎     | 347/800 [00:06<00:07, 56.67seq/s]
[Residual init]:  44%|████▍     | 353/800 [00:06<00:07, 56.87seq/s]
[Residual init]:  45%|████▍     | 359/800 [00:06<00:07, 57.02seq/s]
[Residual init]:  46%|████▌     | 365/800 [00:06<00:07, 57.11seq/s]
[Residual init]:  46%|████▋     | 371/800 [00:06<00:07, 56.29seq/s]
[Residual init]:  47%|████▋     | 377/800 [00:06<00:07, 56.56seq/s]
[Residual init]:  48%|████▊     | 383/800 [00:06<00:07, 56.75seq/s]
[Residual init]:  49%|████▊     | 389/800 [00:06<00:07, 57.07seq/s]
[Residual init]:  49%|████▉     | 395/800 [00:06<00:07, 57.05seq/s]
[Residual init]:  50%|█████     | 401/800 [00:07<00:06, 57.07seq/s]
[Residual init]:  51%|█████     | 407/800 [00:07<00:06, 56.81seq/s]
[Residual init]:  52%|█████▏    | 413/800 [00:07<00:06, 56.95seq/s]
[Residual init]:  52%|█████▏    | 419/800 [00:07<00:06, 57.06seq/s]
[Residual init]:  53%|█████▎    | 425/800 [00:07<00:06, 57.13seq/s]
[Residual init]:  54%|█████▍    | 431/800 [00:07<00:06, 56.82seq/s]
[Residual init]:  55%|█████▍    | 437/800 [00:07<00:06, 56.93seq/s]
[Residual init]:  55%|█████▌    | 443/800 [00:07<00:06, 57.00seq/s]
[Residual init]:  56%|█████▌    | 449/800 [00:07<00:06, 56.67seq/s]
[Residual init]:  57%|█████▋    | 455/800 [00:08<00:06, 56.75seq/s]
[Residual init]:  58%|█████▊    | 461/800 [00:08<00:05, 56.84seq/s]
[Residual init]:  58%|█████▊    | 467/800 [00:08<00:05, 56.64seq/s]
[Residual init]:  59%|█████▉    | 473/800 [00:08<00:05, 56.85seq/s]
[Residual init]:  60%|█████▉    | 479/800 [00:08<00:05, 57.00seq/s]
[Residual init]:  61%|██████    | 485/800 [00:08<00:05, 57.09seq/s]
[Residual init]:  61%|██████▏   | 491/800 [00:08<00:05, 56.80seq/s]
[Residual init]:  62%|██████▏   | 497/800 [00:08<00:05, 56.91seq/s]
[Residual init]:  63%|██████▎   | 503/800 [00:08<00:05, 56.99seq/s]
[Residual init]:  64%|██████▎   | 509/800 [00:08<00:05, 56.66seq/s]
[Residual init]:  64%|██████▍   | 515/800 [00:09<00:05, 56.74seq/s]
[Residual init]:  65%|██████▌   | 521/800 [00:09<00:04, 56.87seq/s]
[Residual init]:  66%|██████▌   | 527/800 [00:09<00:04, 57.01seq/s]
[Residual init]:  67%|██████▋   | 533/800 [00:09<00:04, 57.10seq/s]
[Residual init]:  67%|██████▋   | 539/800 [00:09<00:04, 57.18seq/s]
[Residual init]:  68%|██████▊   | 545/800 [00:09<00:04, 57.23seq/s]
[Residual init]:  69%|██████▉   | 551/800 [00:09<00:04, 57.45seq/s]
[Residual init]:  70%|██████▉   | 557/800 [00:09<00:04, 57.37seq/s]
[Residual init]:  70%|███████   | 563/800 [00:09<00:04, 57.29seq/s]
[Residual init]:  71%|███████   | 569/800 [00:10<00:04, 57.44seq/s]
[Residual init]:  72%|███████▏  | 575/800 [00:10<00:03, 57.32seq/s]
[Residual init]:  73%|███████▎  | 581/800 [00:10<00:03, 57.28seq/s]
[Residual init]:  73%|███████▎  | 587/800 [00:10<00:03, 58.06seq/s]
[Residual init]:  74%|███████▍  | 593/800 [00:10<00:03, 57.84seq/s]
[Residual init]:  75%|███████▍  | 599/800 [00:10<00:03, 57.70seq/s]
[Residual init]:  76%|███████▌  | 605/800 [00:10<00:03, 57.60seq/s]
[Residual init]:  76%|███████▋  | 611/800 [00:10<00:03, 57.16seq/s]
[Residual init]:  77%|███████▋  | 617/800 [00:10<00:03, 57.14seq/s]
[Residual init]:  78%|███████▊  | 623/800 [00:10<00:03, 57.13seq/s]
[Residual init]:  79%|███████▊  | 629/800 [00:11<00:03, 56.79seq/s]
[Residual init]:  79%|███████▉  | 635/800 [00:11<00:02, 56.87seq/s]
[Residual init]:  80%|████████  | 641/800 [00:11<00:02, 56.98seq/s]
[Residual init]:  81%|████████  | 647/800 [00:11<00:02, 56.73seq/s]
[Residual init]:  82%|████████▏ | 653/800 [00:11<00:02, 56.90seq/s]
[Residual init]:  82%|████████▏ | 659/800 [00:11<00:02, 57.02seq/s]
[Residual init]:  83%|████████▎ | 665/800 [00:11<00:02, 57.09seq/s]
[Residual init]:  84%|████████▍ | 671/800 [00:11<00:02, 56.81seq/s]
[Residual init]:  85%|████████▍ | 677/800 [00:11<00:02, 56.90seq/s]
[Residual init]:  85%|████████▌ | 683/800 [00:12<00:02, 56.95seq/s]
[Residual init]:  86%|████████▌ | 689/800 [00:12<00:01, 56.62seq/s]
[Residual init]:  87%|████████▋ | 695/800 [00:12<00:01, 56.76seq/s]
[Residual init]:  88%|████████▊ | 701/800 [00:12<00:01, 56.90seq/s]
[Residual init]:  88%|████████▊ | 707/800 [00:12<00:01, 56.85seq/s]
[Residual init]:  89%|████████▉ | 713/800 [00:12<00:01, 56.81seq/s]
[Residual init]:  90%|████████▉ | 719/800 [00:12<00:01, 56.96seq/s]
[Residual init]:  91%|█████████ | 725/800 [00:12<00:01, 57.07seq/s]
[Residual init]:  91%|█████████▏| 731/800 [00:12<00:01, 56.78seq/s]
[Residual init]:  92%|█████████▏| 737/800 [00:12<00:01, 56.90seq/s]
[Residual init]:  93%|█████████▎| 743/800 [00:13<00:01, 56.95seq/s]
[Residual init]:  94%|█████████▎| 749/800 [00:13<00:00, 56.64seq/s]
[Residual init]:  94%|█████████▍| 755/800 [00:13<00:00, 56.77seq/s]
[Residual init]:  95%|█████████▌| 761/800 [00:13<00:00, 56.92seq/s]
[Residual init]:  96%|█████████▌| 767/800 [00:13<00:00, 56.71seq/s]
[Residual init]:  97%|█████████▋| 773/800 [00:13<00:00, 56.92seq/s]
[Residual init]:  97%|█████████▋| 779/800 [00:13<00:00, 57.03seq/s]
[Residual init]:  98%|█████████▊| 785/800 [00:13<00:00, 57.12seq/s]
[Residual init]:  99%|█████████▉| 791/800 [00:13<00:00, 56.80seq/s]
[Residual init]: 100%|█████████▉| 797/800 [00:14<00:00, 56.86seq/s]
[Residual init]: 100%|██████████| 800/800 [00:14<00:00, 56.86seq/s]
[Residual Initialization] sequences=800 rank=4 grad_norm=5.403e+00/9.762e+00/2.091e+01 clipped=0.000 membership=[100.0, 100.0, 100.0, 100.0, 100.0, 100.0, 100.0, 100.0] target_mass=[0.125, 0.125, 0.125, 0.125, 0.125, 0.125, 0.125, 0.125]
[Initialization] mode=residual_signature semantic_blend=0.0000 semantic_delta_mean=1.5665e-02 semantic_delta_max=1.5004e-01 offset_mode=path_additive route_balance=0.1500
[Symmetry] mode=residual_signature router_gain=0.0500 router_norm_mean=7.3961e-02 leaf_delta_mean=2.0249e-02 leaf_mean_error=4.768e-07 spectral_radius=[0.580877,0.585051]

[H-align 01/05]:   0%|          | 0/50 [00:00<?, ?batch/s]
[H-align 01/05]:   2%|▏         | 1/50 [00:00<00:05,  9.54batch/s, acc=0.566, loss=0.692]
[H-align 01/05]:   6%|▌         | 3/50 [00:00<00:04, 11.02batch/s, acc=0.566, loss=0.68] 
[H-align 01/05]:  10%|█         | 5/50 [00:00<00:03, 11.63batch/s, acc=0.55, loss=0.68] 
[H-align 01/05]:  14%|█▍        | 7/50 [00:00<00:03, 11.78batch/s, acc=0.584, loss=0.666]
[H-align 01/05]:  18%|█▊        | 9/50 [00:00<00:03, 11.86batch/s, acc=0.601, loss=0.664]
[H-align 01/05]:  22%|██▏       | 11/50 [00:00<00:03, 11.81batch/s, acc=0.608, loss=0.661]
[H-align 01/05]:  26%|██▌       | 13/50 [00:01<00:03, 11.80batch/s, acc=0.616, loss=0.655]
[H-align 01/05]:  30%|███       | 15/50 [00:01<00:02, 11.76batch/s, acc=0.611, loss=0.662]
[H-align 01/05]:  34%|███▍      | 17/50 [00:01<00:02, 11.76batch/s, acc=0.609, loss=0.66] 
[H-align 01/05]:  38%|███▊      | 19/50 [00:01<00:02, 11.97batch/s, acc=0.605, loss=0.658]
[H-align 01/05]:  42%|████▏     | 21/50 [00:01<00:02, 11.89batch/s, acc=0.602, loss=0.657]
[H-align 01/05]:  46%|████▌     | 23/50 [00:01<00:02, 12.02batch/s, acc=0.605, loss=0.656]
[H-align 01/05]:  50%|█████     | 25/50 [00:02<00:02, 11.91batch/s, acc=0.608, loss=0.653]
[H-align 01/05]:  54%|█████▍    | 27/50 [00:02<00:01, 11.86batch/s, acc=0.613, loss=0.649]
[H-align 01/05]:  58%|█████▊    | 29/50 [00:02<00:01, 11.83batch/s, acc=0.612, loss=0.649]
[H-align 01/05]:  62%|██████▏   | 31/50 [00:02<00:01, 11.87batch/s, acc=0.616, loss=0.649]
[H-align 01/05]:  66%|██████▌   | 33/50 [00:02<00:01, 11.83batch/s, acc=0.615, loss=0.65] 
[H-align 01/05]:  70%|███████   | 35/50 [00:02<00:01, 11.97batch/s, acc=0.613, loss=0.651]
[H-align 01/05]:  74%|███████▍  | 37/50 [00:03<00:01, 11.88batch/s, acc=0.615, loss=0.649]
[H-align 01/05]:  78%|███████▊  | 39/50 [00:03<00:00, 11.99batch/s, acc=0.616, loss=0.648]
[H-align 01/05]:  82%|████████▏ | 41/50 [00:03<00:00, 11.90batch/s, acc=0.61, loss=0.652] 
[H-align 01/05]:  86%|████████▌ | 43/50 [00:03<00:00, 11.87batch/s, acc=0.612, loss=0.651]
[H-align 01/05]:  90%|█████████ | 45/50 [00:03<00:00, 11.82batch/s, acc=0.615, loss=0.65] 
[H-align 01/05]:  94%|█████████▍| 47/50 [00:03<00:00, 11.77batch/s, acc=0.611, loss=0.652]
[H-align 01/05]:  98%|█████████▊| 49/50 [00:04<00:00, 11.82batch/s, acc=0.61, loss=0.652] 
[H-align 01/05]: 100%|██████████| 50/50 [00:04<00:00, 11.82batch/s, acc=0.612, loss=0.651]
[H-align] epoch=1/5 loss=0.651040 acc=0.6117 p_target=0.5399 confidence=1.0000 grad_max=1.615e+00

[H-align 02/05]:   0%|          | 0/50 [00:00<?, ?batch/s]
[H-align 02/05]:   4%|▍         | 2/50 [00:00<00:03, 12.31batch/s, acc=0.588, loss=0.662]
[H-align 02/05]:   8%|▊         | 4/50 [00:00<00:03, 11.94batch/s, acc=0.609, loss=0.652]
[H-align 02/05]:  12%|█▏        | 6/50 [00:00<00:03, 12.11batch/s, acc=0.616, loss=0.648]
[H-align 02/05]:  16%|█▌        | 8/50 [00:00<00:03, 11.95batch/s, acc=0.617, loss=0.648]
[H-align 02/05]:  20%|██        | 10/50 [00:00<00:03, 11.98batch/s, acc=0.613, loss=0.645]
[H-align 02/05]:  24%|██▍       | 12/50 [00:01<00:03, 11.87batch/s, acc=0.62, loss=0.641] 
[H-align 02/05]:  28%|██▊       | 14/50 [00:01<00:03, 11.81batch/s, acc=0.631, loss=0.634]
[H-align 02/05]:  32%|███▏      | 16/50 [00:01<00:02, 11.88batch/s, acc=0.627, loss=0.634]
[H-align 02/05]:  36%|███▌      | 18/50 [00:01<00:02, 11.83batch/s, acc=0.63, loss=0.631] 
[H-align 02/05]:  40%|████      | 20/50 [00:01<00:02, 11.97batch/s, acc=0.629, loss=0.629]
[H-align 02/05]:  44%|████▍     | 22/50 [00:01<00:02, 11.96batch/s, acc=0.631, loss=0.634]
[H-align 02/05]:  48%|████▊     | 24/50 [00:02<00:02, 11.97batch/s, acc=0.63, loss=0.636] 
[H-align 02/05]:  52%|█████▏    | 26/50 [00:02<00:02, 11.88batch/s, acc=0.627, loss=0.638]
[H-align 02/05]:  56%|█████▌    | 28/50 [00:02<00:01, 11.85batch/s, acc=0.626, loss=0.641]
[H-align 02/05]:  60%|██████    | 30/50 [00:02<00:01, 11.88batch/s, acc=0.63, loss=0.641] 
[H-align 02/05]:  64%|██████▍   | 32/50 [00:02<00:01, 12.01batch/s, acc=0.631, loss=0.641]
[H-align 02/05]:  68%|██████▊   | 34/50 [00:02<00:01, 11.91batch/s, acc=0.631, loss=0.641]
[H-align 02/05]:  72%|███████▏  | 36/50 [00:03<00:01, 12.01batch/s, acc=0.634, loss=0.64] 
[H-align 02/05]:  76%|███████▌  | 38/50 [00:03<00:01, 11.93batch/s, acc=0.637, loss=0.639]
[H-align 02/05]:  80%|████████  | 40/50 [00:03<00:00, 11.94batch/s, acc=0.643, loss=0.635]
[H-align 02/05]:  84%|████████▍ | 42/50 [00:03<00:00, 12.02batch/s, acc=0.642, loss=0.635]
[H-align 02/05]:  88%|████████▊ | 44/50 [00:03<00:00, 11.93batch/s, acc=0.644, loss=0.634]
[H-align 02/05]:  92%|█████████▏| 46/50 [00:03<00:00, 11.96batch/s, acc=0.648, loss=0.63] 
[H-align 02/05]:  96%|█████████▌| 48/50 [00:04<00:00, 11.90batch/s, acc=0.649, loss=0.628]
[H-align 02/05]: 100%|██████████| 50/50 [00:04<00:00, 12.05batch/s, acc=0.653, loss=0.624]
[H-align 02/05]: 100%|██████████| 50/50 [00:04<00:00, 11.95batch/s, acc=0.653, loss=0.624]
[H-align] epoch=2/5 loss=0.623533 acc=0.6526 p_target=0.5577 confidence=1.0000 grad_max=1.788e+00

[H-align 03/05]:   0%|          | 0/50 [00:00<?, ?batch/s]
[H-align 03/05]:   4%|▍         | 2/50 [00:00<00:04, 11.80batch/s, acc=0.779, loss=0.482]
[H-align 03/05]:   8%|▊         | 4/50 [00:00<00:03, 12.08batch/s, acc=0.796, loss=0.466]
[H-align 03/05]:  12%|█▏        | 6/50 [00:00<00:03, 11.99batch/s, acc=0.783, loss=0.465]
[H-align 03/05]:  16%|█▌        | 8/50 [00:00<00:03, 11.91batch/s, acc=0.796, loss=0.45] 
[H-align 03/05]:  20%|██        | 10/50 [00:00<00:03, 11.82batch/s, acc=0.806, loss=0.437]
[H-align 03/05]:  24%|██▍       | 12/50 [00:01<00:03, 11.97batch/s, acc=0.814, loss=0.422]
[H-align 03/05]:  28%|██▊       | 14/50 [00:01<00:03, 11.95batch/s, acc=0.82, loss=0.408] 
[H-align 03/05]:  32%|███▏      | 16/50 [00:01<00:02, 12.07batch/s, acc=0.829, loss=0.391]
[H-align 03/05]:  36%|███▌      | 18/50 [00:01<00:02, 11.96batch/s, acc=0.838, loss=0.375]
[H-align 03/05]:  40%|████      | 20/50 [00:01<00:02, 11.98batch/s, acc=0.844, loss=0.361]
[H-align 03/05]:  44%|████▍     | 22/50 [00:01<00:02, 11.95batch/s, acc=0.85, loss=0.352] 
[H-align 03/05]:  48%|████▊     | 24/50 [00:02<00:02, 11.90batch/s, acc=0.857, loss=0.339]
[H-align 03/05]:  52%|█████▏    | 26/50 [00:02<00:02, 11.93batch/s, acc=0.862, loss=0.329]
[H-align 03/05]:  56%|█████▌    | 28/50 [00:02<00:01, 11.92batch/s, acc=0.867, loss=0.32] 
[H-align 03/05]:  60%|██████    | 30/50 [00:02<00:01, 11.96batch/s, acc=0.873, loss=0.307]
[H-align 03/05]:  64%|██████▍   | 32/50 [00:02<00:01, 11.91batch/s, acc=0.88, loss=0.294] 
[H-align 03/05]:  68%|██████▊   | 34/50 [00:02<00:01, 11.91batch/s, acc=0.884, loss=0.285]
[H-align 03/05]:  72%|███████▏  | 36/50 [00:03<00:01, 11.92batch/s, acc=0.889, loss=0.275]
[H-align 03/05]:  76%|███████▌  | 38/50 [00:03<00:01, 11.87batch/s, acc=0.893, loss=0.265]
[H-align 03/05]:  80%|████████  | 40/50 [00:03<00:00, 11.82batch/s, acc=0.897, loss=0.256]
[H-align 03/05]:  84%|████████▍ | 42/50 [00:03<00:00, 11.89batch/s, acc=0.9, loss=0.249]  
[H-align 03/05]:  88%|████████▊ | 44/50 [00:03<00:00, 11.83batch/s, acc=0.904, loss=0.242]
[H-align 03/05]:  92%|█████████▏| 46/50 [00:03<00:00, 11.84batch/s, acc=0.906, loss=0.236]
[H-align 03/05]:  96%|█████████▌| 48/50 [00:04<00:00, 11.84batch/s, acc=0.909, loss=0.229]
[H-align 03/05]: 100%|██████████| 50/50 [00:04<00:00, 11.90batch/s, acc=0.912, loss=0.222]
[H-align 03/05]: 100%|██████████| 50/50 [00:04<00:00, 11.91batch/s, acc=0.912, loss=0.222]
[H-align] epoch=3/5 loss=0.222494 acc=0.9120 p_target=0.8433 confidence=1.0000 grad_max=4.386e+00

[H-align 04/05]:   0%|          | 0/50 [00:00<?, ?batch/s]
[H-align 04/05]:   4%|▍         | 2/50 [00:00<00:04, 11.75batch/s, acc=0.974, loss=0.0825]
[H-align 04/05]:   8%|▊         | 4/50 [00:00<00:03, 11.79batch/s, acc=0.981, loss=0.0681]
[H-align 04/05]:  12%|█▏        | 6/50 [00:00<00:03, 11.86batch/s, acc=0.981, loss=0.0672]
[H-align 04/05]:  16%|█▌        | 8/50 [00:00<00:03, 11.79batch/s, acc=0.978, loss=0.0741]
[H-align 04/05]:  20%|██        | 10/50 [00:00<00:03, 11.86batch/s, acc=0.976, loss=0.0794]
[H-align 04/05]:  24%|██▍       | 12/50 [00:01<00:03, 11.81batch/s, acc=0.977, loss=0.0765]
[H-align 04/05]:  28%|██▊       | 14/50 [00:01<00:03, 11.97batch/s, acc=0.979, loss=0.0703]
[H-align 04/05]:  32%|███▏      | 16/50 [00:01<00:02, 11.89batch/s, acc=0.98, loss=0.0678] 
[H-align 04/05]:  36%|███▌      | 18/50 [00:01<00:02, 11.85batch/s, acc=0.979, loss=0.0702]
[H-align 04/05]:  40%|████      | 20/50 [00:01<00:02, 11.80batch/s, acc=0.979, loss=0.0699]
[H-align 04/05]:  44%|████▍     | 22/50 [00:01<00:02, 11.79batch/s, acc=0.98, loss=0.0665] 
[H-align 04/05]:  48%|████▊     | 24/50 [00:02<00:02, 11.76batch/s, acc=0.981, loss=0.0632]
[H-align 04/05]:  52%|█████▏    | 26/50 [00:02<00:02, 11.85batch/s, acc=0.982, loss=0.0613]
[H-align 04/05]:  56%|█████▌    | 28/50 [00:02<00:01, 11.81batch/s, acc=0.982, loss=0.0609]
[H-align 04/05]:  60%|██████    | 30/50 [00:02<00:01, 11.90batch/s, acc=0.982, loss=0.059] 
[H-align 04/05]:  64%|██████▍   | 32/50 [00:02<00:01, 11.90batch/s, acc=0.983, loss=0.0574]
[H-align 04/05]:  68%|██████▊   | 34/50 [00:02<00:01, 11.86batch/s, acc=0.983, loss=0.0568]
[H-align 04/05]:  72%|███████▏  | 36/50 [00:03<00:01, 11.93batch/s, acc=0.983, loss=0.0555]
[H-align 04/05]:  76%|███████▌  | 38/50 [00:03<00:01, 11.85batch/s, acc=0.984, loss=0.0541]
[H-align 04/05]:  80%|████████  | 40/50 [00:03<00:00, 11.88batch/s, acc=0.984, loss=0.0532]
[H-align 04/05]:  84%|████████▍ | 42/50 [00:03<00:00, 11.97batch/s, acc=0.985, loss=0.0519]
[H-align 04/05]:  88%|████████▊ | 44/50 [00:03<00:00, 12.05batch/s, acc=0.985, loss=0.051] 
[H-align 04/05]:  92%|█████████▏| 46/50 [00:03<00:00, 11.99batch/s, acc=0.985, loss=0.0504]
[H-align 04/05]:  96%|█████████▌| 48/50 [00:04<00:00, 12.02batch/s, acc=0.985, loss=0.0494]
[H-align 04/05]: 100%|██████████| 50/50 [00:04<00:00, 11.99batch/s, acc=0.986, loss=0.0482]
[H-align 04/05]: 100%|██████████| 50/50 [00:04<00:00, 11.89batch/s, acc=0.986, loss=0.0482]
[H-align] epoch=4/5 loss=0.048214 acc=0.9856 p_target=0.9710 confidence=1.0000 grad_max=1.896e+00

[H-align 05/05]:   0%|          | 0/50 [00:00<?, ?batch/s]
[H-align 05/05]:   4%|▍         | 2/50 [00:00<00:03, 12.15batch/s, acc=0.994, loss=0.0221]
[H-align 05/05]:   8%|▊         | 4/50 [00:00<00:03, 12.12batch/s, acc=0.994, loss=0.0227]
[H-align 05/05]:  12%|█▏        | 6/50 [00:00<00:03, 12.07batch/s, acc=0.994, loss=0.0233]
[H-align 05/05]:  16%|█▌        | 8/50 [00:00<00:03, 11.91batch/s, acc=0.993, loss=0.0234]
[H-align 05/05]:  20%|██        | 10/50 [00:00<00:03, 12.14batch/s, acc=0.994, loss=0.0231]
[H-align 05/05]:  24%|██▍       | 12/50 [00:00<00:03, 12.08batch/s, acc=0.994, loss=0.0225]
[H-align 05/05]:  28%|██▊       | 14/50 [00:01<00:02, 12.07batch/s, acc=0.994, loss=0.0219]
[H-align 05/05]:  32%|███▏      | 16/50 [00:01<00:02, 11.97batch/s, acc=0.994, loss=0.0221]
[H-align 05/05]:  36%|███▌      | 18/50 [00:01<00:02, 11.93batch/s, acc=0.994, loss=0.0231]
[H-align 05/05]:  40%|████      | 20/50 [00:01<00:02, 12.03batch/s, acc=0.994, loss=0.0232]
[H-align 05/05]:  44%|████▍     | 22/50 [00:01<00:02, 11.93batch/s, acc=0.994, loss=0.0223]
[H-align 05/05]:  48%|████▊     | 24/50 [00:01<00:02, 12.04batch/s, acc=0.994, loss=0.022] 
[H-align 05/05]:  52%|█████▏    | 26/50 [00:02<00:01, 12.02batch/s, acc=0.994, loss=0.0221]
[H-align 05/05]:  56%|█████▌    | 28/50 [00:02<00:01, 11.94batch/s, acc=0.994, loss=0.0215]
[H-align 05/05]:  60%|██████    | 30/50 [00:02<00:01, 11.94batch/s, acc=0.994, loss=0.0216]
[H-align 05/05]:  64%|██████▍   | 32/50 [00:02<00:01, 11.89batch/s, acc=0.994, loss=0.0209]
[H-align 05/05]:  68%|██████▊   | 34/50 [00:02<00:01, 11.83batch/s, acc=0.994, loss=0.0214]
[H-align 05/05]:  72%|███████▏  | 36/50 [00:03<00:01, 11.90batch/s, acc=0.994, loss=0.0215]
[H-align 05/05]:  76%|███████▌  | 38/50 [00:03<00:01, 11.84batch/s, acc=0.994, loss=0.0216]
[H-align 05/05]:  80%|████████  | 40/50 [00:03<00:00, 11.90batch/s, acc=0.994, loss=0.0217]
[H-align 05/05]:  84%|████████▍ | 42/50 [00:03<00:00, 11.83batch/s, acc=0.994, loss=0.0213]
[H-align 05/05]:  88%|████████▊ | 44/50 [00:03<00:00, 11.81batch/s, acc=0.994, loss=0.0211]
[H-align 05/05]:  92%|█████████▏| 46/50 [00:03<00:00, 11.73batch/s, acc=0.994, loss=0.0211]
[H-align 05/05]:  96%|█████████▌| 48/50 [00:04<00:00, 11.81batch/s, acc=0.994, loss=0.0215]
[H-align 05/05]: 100%|██████████| 50/50 [00:04<00:00, 11.78batch/s, acc=0.994, loss=0.0212]
[H-align 05/05]: 100%|██████████| 50/50 [00:04<00:00, 11.92batch/s, acc=0.994, loss=0.0212]
[H-align] epoch=5/5 loss=0.021228 acc=0.9938 p_target=0.9871 confidence=1.0000 grad_max=9.954e-01
[H-align Complete] epochs=5 loss=0.692696->0.014015 accuracy=0.9958 p_target=0.9911 updated=encoder+router_compat frozen=hawkes+node_emb+semantics+memory

[Init] Cache:  48%|##############4               | 385/800 [00:02<00:02, 192.27seq/s, built=385, events=30800]
[Init] Cache:  96%|############################8 | 770/800 [00:04<00:00, 192.25seq/s, built=770, events=61600]
[Init] Cache: 100%|##############################| 800/800 [00:04<00:00, 192.22seq/s, built=8００, events=64０００]
[Cache] sequences=8００ events=64０００ built=8００ device=cuda time=4.163s
[Epoch 001] Global: 100%|###################| ８₀₀/８₀₀ [₀₀:₁₄<₀₀:₀₀, 55.4₀seq-pass/s, batch=25/25, phase=train]
[Epoch 001] Sleep: 100%|############| 12/12 [00:00<00:00, 13.81step/s, actions=0, phase=light, pressure=1.000]
[MemoryTree][001/030] wake/event=2.919521 sleep_residual=0.000620 writes=523 memorize=2082 queue_split=0 wake_actions=A44340/R17578/M2082/Q0 novelty=0.0901 weighted_sim=0.8198 wm_grad_max=5.617e+00 global/event=2.692136 mix_diag=2.6828 global_steps=25 prior_KL=1.243e-01 seq_H_cond=0.4607 seq_H_marg=0.4767 seq_MI=1.609e-02 post_KL_diag=8.345e-02 branch_distill=4.106e-01 frontier=3.86/6.72/2.86 enc_gate=0.065 enc_scale=0.001 teacher_conf=0.036 teacher_JS=7.324e-02 max_mass=0.1184 owner_hard=[0, 0, 0, 100, 100, 0, 0, 100, 200, 100, 200, 0, 0, 0, 0] mem_assign=[104, 65, 48, 7374, 7329, 706, 349, 7531, 16957, 7352, 16185, 0, 0, 0, 0] prune=off leaves=8 sleep_mode=light light_absorb=1 deep_pressure=1.000 merge=0/0 merge_keep=0.000 merge_lambda=0.000e+00 mem_prune=0/0/0 mem_keep=0.000 mem_lambda=0.000e+00 time=W126.6/G14.4/S1.0s cache=0/800 cuda_peak=5354MiB sleep_actions=[]
[Epoch 002] Wake: 100%|###############| 800/800 [00:34<00:00, 22.96seq/s, events=64000, loss=2.6774, writes=0]
[Epoch 002] Global: 100%|###################| 800/800 [00:14<00:00, 55.86seq-pass/s, batch=25/25, phase=train]
[Epoch 002] Sleep: 100%|############| 12/12 [00:00<00:00, 13.73step/s, actions=0, phase=light, pressure=1.000]
[MemoryTree][002/030] wake/event=2.677382 sleep_residual=0.000620 writes=0 memorize=0 queue_split=0 wake_actions=A44519/R19481/M0/Q0 novelty=0.1082 weighted_sim=0.7836 wm_grad_max=3.580e+00 global/event=2.596928 mix_diag=2.6743 global_steps=25 prior_KL=7.759e-03 seq_H_cond=0.6285 seq_H_marg=0.6301 seq_MI=1.587e-03 post_KL_diag=2.531e-01 branch_distill=2.015e-01 frontier=4.00/7.00/3.00 enc_gate=0.123 enc_scale=0.005 teacher_conf=0.114 teacher_JS=2.830e-02 max_mass=0.1030 owner_hard=[0, 200, 1, 0, 0, 0, 391, 0, 163, 0, 45, 0, 0, 0, 0] mem_assign=[5356, 13970, 4514, 0, 0, 2054, 24755, 428, 10477, 0, 2446, 0, 0, 0, 0] prune=off leaves=8 sleep_mode=light light_absorb=1 deep_pressure=1.000 merge=0/0 merge_keep=0.000 merge_lambda=0.000e+00 mem_prune=0/0/0 mem_keep=0.000 mem_lambda=0.000e+00 time=W34.8/G14.3/S0.9s cache=0/800 cuda_peak=5354MiB sleep_actions=[]
[Epoch 003] Wake: 100%|###############| 800/800 [00:35<00:00, 22.79seq/s, events=64000, loss=2.5487, writes=0]
[Epoch 003] Global: 100%|###################| 800/800 [00:14<00:00, 55.48seq-pass/s, batch=25/25, phase=train]
[Epoch 003] Sleep: 100%|#############| 12/12 [00:07<00:00,  1.61step/s, actions=1, phase=deep, pressure=1.000]
[MemoryTree][003/030] wake/event=2.548711 sleep_residual=0.000621 writes=0 memorize=0 queue_split=0 wake_actions=A44577/R19423/M0/Q0 novelty=0.1280 weighted_sim=0.7441 wm_grad_max=4.094e+00 global/event=2.502132 mix_diag=2.6814 global_steps=25 prior_KL=2.324e-02 seq_H_cond=0.6174 seq_H_marg=0.6224 seq_MI=5.041e-03 post_KL_diag=3.499e-01 branch_distill=2.069e-01 frontier=4.00/7.00/3.00 enc_gate=0.194 enc_scale=0.007 teacher_conf=0.153 teacher_JS=3.252e-02 max_mass=0.1090 owner_hard=[0, 0, 0, 330, 218, 0, 15, 0, 38, 0, 0, 0, 0] mem_assign=[1688, 5001, 1825, 18059, 16543, 45, 4839, 0, 5789, 0, 0, 0, 0] prune=off leaves=7 sleep_mode=deep light_absorb=1 deep_pressure=1.000 merge=1/1 merge_keep=0.053 merge_lambda=0.000e+00 mem_prune=127/159/474 mem_keep=0.665 mem_lambda=0.000e+00 time=W35.1/G14.4/S7.5s cache=0/800 cuda_peak=5354MiB sleep_actions=['merge']
[Epoch 004] Wake: 100%|##############| 800/800 [00:38<00:00, 20.62seq/s, events=64000, loss=2.6914, writes=56]
[Epoch 004] Global: 100%|###################| 800/800 [00:14<00:00, 56.79seq-pass/s, batch=25/25, phase=train]
[Epoch 004] Sleep: 100%|#########| 11/11 [01:30<00:00,  8.22s/step, actions=0, phase=deep, pressure=19110.609]
[MemoryTree][004/030] wake/event=2.691355 sleep_residual=955.530441 writes=56 memorize=0 queue_split=62 wake_actions=A44172/R19766/M0/Q62 novelty=0.1608 weighted_sim=0.6783 wm_grad_max=4.573e+00 global/event=2.582617 mix_diag=2.9860 global_steps=25 prior_KL=2.262e-02 seq_H_cond=0.5511 seq_H_marg=0.5595 seq_MI=8.361e-03 post_KL_diag=3.699e-01 branch_distill=2.543e-01 frontier=3.95/6.90/2.95 enc_gate=0.320 enc_scale=0.013 teacher_conf=0.290 teacher_JS=6.044e-02 max_mass=0.3059 owner_hard=[0, 201, 0, 0, 150, 0, 449, 0, 0, 0, 0, 0, 0] mem_assign=[1802, 20113, 1320, 2779, 13467, 2656, 20937, 1, 925, 0, 0, 0, 0] prune=off leaves=7 sleep_mode=deep light_absorb=1 deep_pressure=19110.609 merge=0/0 merge_keep=0.000 merge_lambda=0.000e+00 mem_prune=131/131/358 mem_keep=0.635 mem_lambda=0.000e+00 time=W38.8/G14.1/S90.5s cache=0/800 cuda_peak=5350MiB sleep_actions=[]
[Epoch 005] Wake: 100%|###############| 800/800 [00:35<00:00, 22.78seq/s, events=64000, loss=2.5192, writes=3]
[Epoch 005] Global: 100%|###################| 800/800 [00:13<00:00, 57.21seq-pass/s, batch=25/25, phase=train]
[Epoch 005] Sleep: 100%|###########| 11/11 [00:14<00:00,  1.36s/step, actions=0, phase=deep, pressure=122.399]
[MemoryTree][005/030] wake/event=2.519211 sleep_residual=6.119937 writes=3 memorize=0 queue_split=3 wake_actions=A44756/R19241/M0/Q3 novelty=0.1799 weighted_sim=0.6401 wm_grad_max=4.360e+00 global/event=2.523642 mix_diag=2.9127 global_steps=25 prior_KL=1.884e-02 seq_H_cond=0.5615 seq_H_marg=0.5814 seq_MI=1.997e-02 post_KL_diag=4.103e-01 branch_distill=2.891e-01 frontier=3.99/6.97/2.99 enc_gate=0.326 enc_scale=0.017 teacher_conf=0.341 teacher_JS=6.284e-02 max_mass=0.1467 owner_hard=[0, 192, 0, 1, 155, 0, 452, 0, 0, 0, 0, 0, 0] mem_assign=[1194, 9140, 886, 8199, 11059, 488, 30113, 40, 2881, 0, 0, 0, 0] prune=off leaves=7 sleep_mode=deep light_absorb=1 deep_pressure=122.399 merge=0/0 merge_keep=0.000 merge_lambda=0.000e+00 mem_prune=61/61/230 mem_keep=0.734 mem_lambda=0.000e+00 time=W35.1/G14.0/S14.9s cache=0/800 cuda_peak=5352MiB sleep_actions=[]
[Epoch 006] Wake: 100%|##############| 800/800 [00:38<00:00, 20.95seq/s, events=64000, loss=2.5504, writes=43]
[Epoch 006] Global: 100%|###################| 800/800 [00:13<00:00, 57.18seq-pass/s, batch=25/25, phase=train]
[Epoch 006] Sleep: 100%|###########| 11/11 [00:10<00:00,  1.04step/s, actions=0, phase=deep, pressure=100.331]
[MemoryTree][006/030] wake/event=2.550405 sleep_residual=5.016528 writes=43 memorize=45 queue_split=1 wake_actions=A44656/R19298/M45/Q1 novelty=0.2009 weighted_sim=0.5982 wm_grad_max=3.861e+00 global/event=2.576560 mix_diag=2.6350 global_steps=25 prior_KL=1.821e-02 seq_H_cond=0.4447 seq_H_marg=0.6002 seq_MI=1.555e-01 post_KL_diag=2.707e-01 branch_distill=2.623e-01 frontier=3.99/6.97/2.99 enc_gate=0.185 enc_scale=0.012 teacher_conf=0.220 teacher_JS=7.845e-02 max_mass=0.1577 owner_hard=[0, 192, 0, 143, 11, 0, 343, 0, 111, 0, 0, 0, 0] mem_assign=[1490, 10537, 1078, 16006, 6149, 3006, 15875, 968, 8891, 0, 0, 0, 0] prune=off leaves=7 sleep_mode=deep light_absorb=1 deep_pressure=100.331 merge=0/0 merge_keep=0.000 merge_lambda=0.000e+00 mem_prune=54/54/210 mem_keep=0.744 mem_lambda=0.000e+00 time=W38.2/G14.0/S10.6s cache=0/800 cuda_peak=5339MiB sleep_actions=[]
[Epoch 007] Wake: 100%|##############| 800/800 [00:36<00:00, 22.05seq/s, events=64000, loss=2.5795, writes=20]
[Epoch 007] Global: 100%|###################| 800/800 [00:14<00:00, 57.11seq-pass/s, batch=25/25, phase=train]
[Epoch 007] Sleep: 100%|############| 11/11 [01:03<00:00,  5.76s/step, actions=0, phase=deep, pressure=78.258]
[MemoryTree][007/030] wake/event=2.579458 sleep_residual=3.912879 writes=20 memorize=2 queue_split=21 wake_actions=A44887/R19090/M2/Q21 novelty=0.1857 weighted_sim=0.6286 wm_grad_max=3.520e+00 global/event=2.571435 mix_diag=2.6099 global_steps=25 prior_KL=2.659e-02 seq_H_cond=0.1970 seq_H_marg=0.5978 seq_MI=4.008e-01 post_KL_diag=1.964e-01 branch_distill=3.034e-01 frontier=3.97/6.95/2.97 enc_gate=0.176 enc_scale=0.009 teacher_conf=0.180 teacher_JS=1.487e-01 max_mass=0.2142 owner_hard=[0, 239, 0, 0, 0, 29, 221, 63, 248, 0, 0, 0, 0] mem_assign=[280, 14297, 44, 1173, 1727, 9283, 13716, 10308, 13172, 0, 0, 0, 0] prune=off leaves=7 sleep_mode=deep light_absorb=1 deep_pressure=78.258 merge=0/0 merge_keep=0.000 merge_lambda=0.000e+00 mem_prune=47/47/176 mem_keep=0.731 mem_lambda=0.000e+00 time=W36.3/G14.0/S63.3s cache=0/800 cuda_peak=5328MiB sleep_actions=[]
[Epoch 008] Wake: 100%|##############| 800/800 [00:36<00:00, 22.12seq/s, events=64000, loss=2.5616, writes=16]
[Epoch 008] Global: 100%|###################| 800/800 [00:14<00:00, 56.74seq-pass/s, batch=25/25, phase=train]
[Epoch 008] Sleep: 100%|############| 11/11 [01:27<00:00,  7.97s/step, actions=0, phase=deep, pressure=72.332]
[MemoryTree][008/030] wake/event=2.561607 sleep_residual=3.616602 writes=16 memorize=2 queue_split=15 wake_actions=A44953/R19030/M2/Q15 novelty=0.1734 weighted_sim=0.6531 wm_grad_max=3.306e+00 global/event=2.556020 mix_diag=2.5960 global_steps=25 prior_KL=2.438e-02 seq_H_cond=0.1458 seq_H_marg=0.5994 seq_MI=4.536e-01 post_KL_diag=1.819e-01 branch_distill=3.033e-01 frontier=3.98/6.95/2.98 enc_gate=0.176 enc_scale=0.009 teacher_conf=0.174 teacher_JS=1.639e-01 max_mass=0.1978 owner_hard=[0, 208, 0, 0, 0, 7, 190, 24, 371, 0, 0, 0, 0] mem_assign=[35, 12279, 11, 649, 632, 9336, 14739, 9798, 16521, 0, 0, 0, 0] prune=off leaves=7 sleep_mode=deep light_absorb=1 deep_pressure=72.332 merge=0/0 merge_keep=0.000 merge_lambda=0.000e+00 mem_prune=45/45/145 mem_keep=0.687 mem_lambda=0.000e+00 time=W36.2/G14.1/S87.7s cache=0/800 cuda_peak=5327MiB sleep_actions=[]
[Epoch 009] Wake: 100%|##############| 800/800 [00:36<00:00, 21.71seq/s, events=64000, loss=2.5501, writes=24]
[Epoch 009] Global: 100%|###################| 800/800 [00:14<00:00, 56.79seq-pass/s, batch=25/25, phase=train]
[Epoch 009] Sleep: 100%|############| 11/11 [01:16<00:00,  7.00s/step, actions=0, phase=deep, pressure=88.197]
[MemoryTree][009/030] wake/event=2.550083 sleep_residual=4.409844 writes=24 memorize=27 queue_split=0 wake_actions=A44738/R19235/M27/Q0 novelty=0.1587 weighted_sim=0.6826 wm_grad_max=4.724e+00 global/event=2.543253 mix_diag=2.5806 global_steps=25 prior_KL=2.294e-02 seq_H_cond=0.1490 seq_H_marg=0.6014 seq_MI=4.523e-01 post_KL_diag=1.898e-01 branch_distill=3.094e-01 frontier=3.97/6.95/2.97 enc_gate=0.186 enc_scale=0.009 teacher_conf=0.183 teacher_JS=1.620e-01 max_mass=0.2151 owner_hard=[0, 245, 0, 0, 0, 20, 166, 57, 312, 0, 0, 0, 0] mem_assign=[15, 13822, 3, 293, 290, 10382, 13983, 10602, 14610, 0, 0, 0, 0] prune=off leaves=7 sleep_mode=deep light_absorb=0 deep_pressure=88.197 merge=0/0 merge_keep=0.000 merge_lambda=0.000e+00 mem_prune=40/40/126 mem_keep=0.681 mem_lambda=0.000e+00 time=W36.8/G14.1/S77.0s cache=0/800 cuda_peak=5327MiB sleep_actions=[]
[Epoch 010] Wake: 100%|##############| 800/800 [00:36<00:00, 21.63seq/s, events=64000, loss=2.5483, writes=29]
[Epoch 010] Global: 100%|###################| 800/800 [00:13<00:00, 57.18seq-pass/s, batch=25/25, phase=train]
[Epoch 010] Sleep: 100%|#############| 11/11 [01:04<00:00,  5.83s/step, actions=0, phase=deep, pressure=1.000]
[MemoryTree][010/030] wake/event=2.548316 sleep_residual=0.000585 writes=29 memorize=30 queue_split=0 wake_actions=A44773/R19197/M30/Q0 novelty=0.1481 weighted_sim=0.7039 wm_grad_max=4.099e+00 global/event=2.543950 mix_diag=2.5837 global_steps=25 prior_KL=1.964e-02 seq_H_cond=0.1561 seq_H_marg=0.6018 seq_MI=4.457e-01 post_KL_diag=1.912e-01 branch_distill=3.190e-01 frontier=3.98/6.95/2.98 enc_gate=0.194 enc_scale=0.009 teacher_conf=0.190 teacher_JS=1.583e-01 max_mass=0.2034 owner_hard=[0, 230, 0, 0, 0, 17, 142, 59, 352, 0, 0, 0, 0] mem_assign=[24, 13034, 11, 124, 393, 10478, 14184, 10719, 15033, 0, 0, 0, 0] prune=off leaves=7 sleep_mode=deep light_absorb=0 deep_pressure=1.000 merge=0/0 merge_keep=0.000 merge_lambda=0.000e+00 mem_prune=37/37/116 mem_keep=0.682 mem_lambda=0.000e+00 time=W37.0/G14.0/S64.1s cache=0/800 cuda_peak=5329MiB sleep_actions=[]
[Epoch 011] Wake: 100%|###############| 800/800 [00:35<00:00, 22.61seq/s, events=64000, loss=2.5414, writes=7]
[Epoch 011] Global: 100%|###################| 800/800 [00:14<00:00, 56.88seq-pass/s, batch=25/25, phase=train]
[Epoch 011] Sleep: 100%|#############| 11/11 [00:43<00:00,  3.97s/step, actions=0, phase=deep, pressure=1.000]
[MemoryTree][011/030] wake/event=2.541352 sleep_residual=0.000640 writes=7 memorize=8 queue_split=0 wake_actions=A44741/R19251/M8/Q0 novelty=0.1636 weighted_sim=0.6729 wm_grad_max=4.491e+00 global/event=2.536349 mix_diag=2.5719 global_steps=25 prior_KL=1.793e-02 seq_H_cond=0.1618 seq_H_marg=0.6019 seq_MI=4.401e-01 post_KL_diag=1.911e-01 branch_distill=3.184e-01 frontier=3.97/6.95/2.97 enc_gate=0.195 enc_scale=0.010 teacher_conf=0.195 teacher_JS=1.544e-01 max_mass=0.2135 owner_hard=[0, 247, 0, 0, 0, 7, 189, 43, 314, 0, 0, 0, 0] mem_assign=[18, 13747, 5, 123, 328, 9294, 15262, 10663, 14560, 0, 0, 0, 0] prune=on leaves=7 sleep_mode=deep light_absorb=0 deep_pressure=1.000 merge=0/0 merge_keep=0.000 merge_lambda=0.000e+00 mem_prune=27/27/86 mem_keep=0.688 mem_lambda=0.000e+00 time=W35.4/G14.1/S43.6s cache=0/800 cuda_peak=5327MiB sleep_actions=[]
[Epoch 012] Wake: 100%|##############| 800/800 [00:35<00:00, 22.31seq/s, events=64000, loss=2.5252, writes=11]
[Epoch 012] Global: 100%|###################| 800/800 [00:14<00:00, 57.06seq-pass/s, batch=25/25, phase=train]
[Epoch 012] Sleep: 100%|#############| 11/11 [00:32<00:00,  2.97s/step, actions=0, phase=deep, pressure=1.000]
[MemoryTree][012/030] wake/event=2.525160 sleep_residual=0.000574 writes=11 memorize=13 queue_split=0 wake_actions=A44711/R19276/M13/Q0 novelty=0.1628 weighted_sim=0.6745 wm_grad_max=3.541e+00 global/event=2.529994 mix_diag=2.5617 global_steps=25 prior_KL=1.654e-02 seq_H_cond=0.1583 seq_H_marg=0.6032 seq_MI=4.449e-01 post_KL_diag=1.898e-01 branch_distill=3.259e-01 frontier=3.97/6.95/2.97 enc_gate=0.199 enc_scale=0.010 teacher_conf=0.197 teacher_JS=1.538e-01 max_mass=0.1974 owner_hard=[0, 214, 0, 0, 0, 8, 94, 25, 459, 0, 0, 0, 0] mem_assign=[20, 12706, 10, 272, 270, 9500, 14213, 10303, 16706, 0, 0, 0, 0] prune=on leaves=7 sleep_mode=deep light_absorb=0 deep_pressure=1.000 merge=0/0 merge_keep=0.000 merge_lambda=0.000e+00 mem_prune=19/19/70 mem_keep=0.724 mem_lambda=0.000e+00 time=W35.9/G14.0/S32.7s cache=0/800 cuda_peak=5327MiB sleep_actions=[]
[Epoch 013] Wake: 100%|###############| 800/800 [00:35<00:00, 22.49seq/s, events=64000, loss=2.5400, writes=7]
[Epoch 013] Global: 100%|###################| 800/800 [00:14<00:00, 56.83seq-pass/s, batch=25/25, phase=train]
[Epoch 013] Sleep: 100%|#############| 11/11 [00:28<00:00,  2.58s/step, actions=0, phase=deep, pressure=1.000]
[MemoryTree][013/030] wake/event=2.540038 sleep_residual=0.000578 writes=7 memorize=7 queue_split=0 wake_actions=A44661/R19332/M7/Q0 novelty=0.1180 weighted_sim=0.7640 wm_grad_max=3.871e+00 global/event=2.529073 mix_diag=2.5568 global_steps=25 prior_KL=1.599e-02 seq_H_cond=0.1678 seq_H_marg=0.6046 seq_MI=4.368e-01 post_KL_diag=1.928e-01 branch_distill=3.291e-01 frontier=3.98/6.95/2.98 enc_gate=0.198 enc_scale=0.010 teacher_conf=0.202 teacher_JS=1.508e-01 max_mass=0.2046 owner_hard=[0, 233, 0, 0, 0, 3, 125, 52, 387, 0, 0, 0, 0] mem_assign=[29, 13224, 11, 370, 348, 8760, 14397, 11305, 15556, 0, 0, 0, 0] prune=on leaves=7 sleep_mode=deep light_absorb=1 deep_pressure=1.000 merge=0/0 merge_keep=0.000 merge_lambda=0.000e+00 mem_prune=15/15/58 mem_keep=0.739 mem_lambda=0.000e+00 time=W35.6/G14.1/S28.4s cache=0/800 cuda_peak=5326MiB sleep_actions=[]
[Epoch 014] Wake: 100%|###############| 800/800 [00:35<00:00, 22.75seq/s, events=64000, loss=2.5246, writes=3]
[Epoch 014] Global: 100%|###################| 800/800 [00:14<00:00, 56.91seq-pass/s, batch=25/25, phase=train]
[Epoch 014] Sleep: 100%|#############| 11/11 [00:21<00:00,  1.96s/step, actions=0, phase=deep, pressure=1.000]
[MemoryTree][014/030] wake/event=2.524627 sleep_residual=0.000545 writes=3 memorize=4 queue_split=0 wake_actions=A44768/R19228/M4/Q0 novelty=0.1422 weighted_sim=0.7155 wm_grad_max=3.741e+00 global/event=2.523631 mix_diag=2.5506 global_steps=25 prior_KL=1.464e-02 seq_H_cond=0.1681 seq_H_marg=0.6050 seq_MI=4.369e-01 post_KL_diag=1.908e-01 branch_distill=3.294e-01 frontier=3.97/6.95/2.97 enc_gate=0.198 enc_scale=0.010 teacher_conf=0.200 teacher_JS=1.487e-01 max_mass=0.2119 owner_hard=[0, 243, 0, 0, 0, 4, 105, 17, 431, 0, 0, 0, 0] mem_assign=[20, 13661, 3, 415, 201, 9022, 14178, 10257, 16243, 0, 0, 0, 0] prune=on leaves=7 sleep_mode=deep light_absorb=0 deep_pressure=1.000 merge=0/0 merge_keep=0.000 merge_lambda=0.000e+00 mem_prune=11/11/46 mem_keep=0.753 mem_lambda=0.000e+00 time=W35.2/G14.1/S21.6s cache=0/800 cuda_peak=5327MiB sleep_actions=[]
[Epoch 015] Wake: 100%|###############| 800/800 [00:35<00:00, 22.48seq/s, events=64000, loss=2.5120, writes=9]
[Epoch 015] Global: 100%|###################| 800/800 [00:14<00:00, 57.13seq-pass/s, batch=25/25, phase=train]
[Epoch 015] Sleep: 100%|#############| 11/11 [00:21<00:00,  1.92s/step, actions=0, phase=deep, pressure=1.000]
[MemoryTree][015/030] wake/event=2.511984 sleep_residual=0.000563 writes=9 memorize=11 queue_split=0 wake_actions=A44733/R19256/M11/Q0 novelty=0.1369 weighted_sim=0.7261 wm_grad_max=3.716e+00 global/event=2.520650 mix_diag=2.5551 global_steps=25 prior_KL=1.423e-02 seq_H_cond=0.1708 seq_H_marg=0.6058 seq_MI=4.349e-01 post_KL_diag=1.943e-01 branch_distill=3.377e-01 frontier=3.98/6.95/2.98 enc_gate=0.198 enc_scale=0.010 teacher_conf=0.202 teacher_JS=1.473e-01 max_mass=0.2037 owner_hard=[0, 224, 0, 0, 0, 3, 122, 15, 436, 0, 0, 0, 0] mem_assign=[20, 13190, 6, 621, 226, 8733, 14536, 10271, 16397, 0, 0, 0, 0] prune=on leaves=7 sleep_mode=deep light_absorb=0 deep_pressure=1.000 merge=0/0 merge_keep=0.000 merge_lambda=0.000e+00 mem_prune=12/12/44 mem_keep=0.727 mem_lambda=0.000e+00 time=W35.6/G14.0/S21.2s cache=0/800 cuda_peak=5326MiB sleep_actions=[]
[Epoch 016] Wake: 100%|##############| 800/800 [00:36<00:00, 22.14seq/s, events=64000, loss=2.5120, writes=18]
[Epoch 016] Global: 100%|###################| 800/800 [00:14<00:00, 56.98seq-pass/s, batch=25/25, phase=train]
[Epoch 016] Sleep: 100%|#############| 11/11 [00:15<00:00,  1.42s/step, actions=0, phase=deep, pressure=1.000]
[MemoryTree][016/030] wake/event=2.511972 sleep_residual=0.000543 writes=18 memorize=18 queue_split=0 wake_actions=A44759/R19223/M18/Q0 novelty=0.1342 weighted_sim=0.7316 wm_grad_max=3.797e+00 global/event=2.519470 mix_diag=2.5411 global_steps=25 prior_KL=1.363e-02 seq_H_cond=0.1712 seq_H_marg=0.6062 seq_MI=4.351e-01 post_KL_diag=1.930e-01 branch_distill=3.358e-01 frontier=3.98/6.95/2.98 enc_gate=0.206 enc_scale=0.010 teacher_conf=0.204 teacher_JS=1.472e-01 max_mass=0.2088 owner_hard=[0, 234, 0, 0, 0, 3, 133, 19, 411, 0, 0, 0, 0] mem_assign=[39, 13526, 1, 623, 123, 8654, 14744, 10477, 15813, 0, 0, 0, 0] prune=on leaves=7 sleep_mode=deep light_absorb=1 deep_pressure=1.000 merge=0/0 merge_keep=0.000 merge_lambda=0.000e+00 mem_prune=14/14/50 mem_keep=0.719 mem_lambda=0.000e+00 time=W36.1/G14.0/S15.6s cache=0/800 cuda_peak=5326MiB sleep_actions=[]
[Epoch 017] Wake: 100%|#############| 800/800 [00:52<00:00, 15.25seq/s, events=64000, loss=2.5170, writes=274]
[Epoch 017] Global: 100%|###################| 800/800 [00:14<00:00, 56.86seq-pass/s, batch=25/25, phase=train]
[Epoch 017] Sleep: 100%|#############| 11/11 [02:19<00:00, 12.67s/step, actions=0, phase=deep, pressure=1.000]
[MemoryTree][017/030] wake/event=2.516993 sleep_residual=0.000528 writes=274 memorize=292 queue_split=0 wake_actions=A44631/R19077/M292/Q0 novelty=0.0902 weighted_sim=0.8196 wm_grad_max=4.427e+00 global/event=2.517088 mix_diag=2.5359 global_steps=25 prior_KL=1.338e-02 seq_H_cond=0.1738 seq_H_marg=0.6070 seq_MI=4.332e-01 post_KL_diag=1.912e-01 branch_distill=3.339e-01 frontier=3.98/6.95/2.98 enc_gate=0.206 enc_scale=0.010 teacher_conf=0.204 teacher_JS=1.452e-01 max_mass=0.1999 owner_hard=[0, 225, 0, 0, 0, 5, 160, 12, 398, 0, 0, 0, 0] mem_assign=[24, 12927, 10, 680, 204, 9069, 15154, 10314, 15618, 0, 0, 0, 0] prune=on leaves=7 sleep_mode=deep light_absorb=0 deep_pressure=1.000 merge=0/0 merge_keep=0.000 merge_lambda=0.000e+00 mem_prune=133/133/226 mem_keep=0.410 mem_lambda=0.000e+00 time=W52.5/G14.1/S139.4s cache=0/800 cuda_peak=5328MiB sleep_actions=[]
[Epoch 018] Wake: 100%|###############| 800/800 [00:34<00:00, 23.02seq/s, events=64000, loss=2.5383, writes=2]
[Epoch 018] Global: 100%|###################| 800/800 [00:14<00:00, 57.12seq-pass/s, batch=25/25, phase=train]
[Epoch 018] Sleep: 100%|#############| 11/11 [00:47<00:00,  4.34s/step, actions=0, phase=deep, pressure=1.000]
[MemoryTree][018/030] wake/event=2.538294 sleep_residual=0.000522 writes=2 memorize=2 queue_split=0 wake_actions=A44557/R19441/M2/Q0 novelty=0.1028 weighted_sim=0.7945 wm_grad_max=4.447e+00 global/event=2.519401 mix_diag=2.5411 global_steps=25 prior_KL=1.308e-02 seq_H_cond=0.1787 seq_H_marg=0.6069 seq_MI=4.283e-01 post_KL_diag=1.908e-01 branch_distill=3.420e-01 frontier=3.97/6.95/2.97 enc_gate=0.204 enc_scale=0.010 teacher_conf=0.206 teacher_JS=1.436e-01 max_mass=0.2142 owner_hard=[0, 252, 0, 0, 0, 4, 93, 9, 442, 0, 0, 0, 0] mem_assign=[27, 14057, 32, 384, 443, 8656, 14124, 10065, 16212, 0, 0, 0, 0] prune=on leaves=7 sleep_mode=deep light_absorb=0 deep_pressure=1.000 merge=0/0 merge_keep=0.000 merge_lambda=0.000e+00 mem_prune=47/47/95 mem_keep=0.507 mem_lambda=0.000e+00 time=W34.7/G14.0/S47.8s cache=0/800 cuda_peak=5327MiB sleep_actions=[]
[Epoch 019] Wake: 100%|###############| 800/800 [00:35<00:00, 22.72seq/s, events=64000, loss=2.5111, writes=4]
[Epoch 019] Global: 100%|###################| 800/800 [00:13<00:00, 57.21seq-pass/s, batch=25/25, phase=train]
[Epoch 019] Sleep: 100%|#############| 11/11 [00:20<00:00,  1.85s/step, actions=0, phase=deep, pressure=1.000]
[MemoryTree][019/030] wake/event=2.511053 sleep_residual=0.000535 writes=4 memorize=4 queue_split=0 wake_actions=A44684/R19312/M4/Q0 novelty=0.1004 weighted_sim=0.7992 wm_grad_max=4.536e+00 global/event=2.518326 mix_diag=2.5378 global_steps=25 prior_KL=1.340e-02 seq_H_cond=0.1744 seq_H_marg=0.6074 seq_MI=4.330e-01 post_KL_diag=1.909e-01 branch_distill=3.408e-01 frontier=3.97/6.95/2.97 enc_gate=0.213 enc_scale=0.010 teacher_conf=0.203 teacher_JS=1.440e-01 max_mass=0.1985 owner_hard=[0, 214, 0, 0, 0, 3, 145, 5, 433, 0, 0, 0, 0] mem_assign=[34, 12577, 29, 527, 421, 9555, 14947, 9959, 15951, 0, 0, 0, 0] prune=on leaves=7 sleep_mode=deep light_absorb=0 deep_pressure=1.000 merge=0/0 merge_keep=0.000 merge_lambda=0.000e+00 mem_prune=18/18/52 mem_keep=0.648 mem_lambda=0.000e+00 time=W35.2/G14.0/S20.3s cache=0/800 cuda_peak=5328MiB sleep_actions=[]
[Epoch 020] Wake: 100%|##############| 800/800 [00:40<00:00, 19.67seq/s, events=64000, loss=2.5131, writes=83]
[Epoch 020] Global: 100%|###################| 800/800 [00:14<00:00, 57.14seq-pass/s, batch=25/25, phase=train]
[Epoch 020] Sleep: 100%|#############| 11/11 [00:22<00:00,  2.02s/step, actions=0, phase=deep, pressure=1.000]
[MemoryTree][020/030] wake/event=2.513059 sleep_residual=0.000624 writes=83 memorize=89 queue_split=0 wake_actions=A44654/R19257/M89/Q0 novelty=0.0813 weighted_sim=0.8375 wm_grad_max=4.392e+00 global/event=2.517949 mix_diag=2.5353 global_steps=25 prior_KL=1.266e-02 seq_H_cond=0.1774 seq_H_marg=0.6050 seq_MI=4.276e-01 post_KL_diag=1.914e-01 branch_distill=3.419e-01 frontier=3.98/6.95/2.98 enc_gate=0.213 enc_scale=0.011 teacher_conf=0.211 teacher_JS=1.418e-01 max_mass=0.2028 owner_hard=[0, 214, 0, 0, 0, 2, 47, 1, 536, 0, 0, 0, 0] mem_assign=[41, 13039, 36, 633, 368, 9202, 14053, 8539, 18089, 0, 0, 0, 0] prune=on leaves=7 sleep_mode=deep light_absorb=2 deep_pressure=1.000 merge=0/0 merge_keep=0.000 merge_lambda=0.000e+00 mem_prune=18/18/117 mem_keep=0.863 mem_lambda=9.850e-03 time=W40.7/G14.0/S22.2s cache=0/800 cuda_peak=5327MiB sleep_actions=[]
[Epoch 021] Wake: 100%|##############| 800/800 [00:41<00:00, 19.40seq/s, events=64000, loss=2.5066, writes=89]
[Epoch 021] Global: 100%|###################| 800/800 [00:14<00:00, 57.12seq-pass/s, batch=25/25, phase=train]
[Epoch 021] Sleep: 100%|#############| 11/11 [00:56<00:00,  5.15s/step, actions=0, phase=deep, pressure=1.000]
[MemoryTree][021/030] wake/event=2.506624 sleep_residual=0.000572 writes=89 memorize=98 queue_split=0 wake_actions=A44518/R19384/M98/Q0 novelty=0.0858 weighted_sim=0.8284 wm_grad_max=4.189e+00 global/event=2.519294 mix_diag=2.5376 global_steps=25 prior_KL=1.224e-02 seq_H_cond=0.1837 seq_H_marg=0.6051 seq_MI=4.213e-01 post_KL_diag=1.960e-01 branch_distill=3.374e-01 frontier=3.98/6.95/2.98 enc_gate=0.227 enc_scale=0.011 teacher_conf=0.220 teacher_JS=1.382e-01 max_mass=0.2153 owner_hard=[0, 250, 0, 0, 0, 0, 129, 2, 419, 0, 0, 0, 0] mem_assign=[44, 13948, 53, 897, 413, 9289, 14592, 8681, 16083, 0, 0, 0, 0] prune=on leaves=7 sleep_mode=deep light_absorb=2 deep_pressure=1.000 merge=0/0 merge_keep=0.000 merge_lambda=0.000e+00 mem_prune=76/76/188 mem_keep=0.594 mem_lambda=0.000e+00 time=W41.2/G14.0/S56.6s cache=0/800 cuda_peak=5328MiB sleep_actions=[]
[Epoch 022] Wake: 100%|##############| 800/800 [00:37<00:00, 21.22seq/s, events=64000, loss=2.5100, writes=36]
[Epoch 022] Global: 100%|###################| 800/800 [00:14<00:00, 56.75seq-pass/s, batch=25/25, phase=train]
[Epoch 022] Sleep: 100%|#############| 11/11 [00:51<00:00,  4.64s/step, actions=0, phase=deep, pressure=1.000]
[MemoryTree][022/030] wake/event=2.510039 sleep_residual=0.000559 writes=36 memorize=42 queue_split=0 wake_actions=A44571/R19387/M42/Q0 novelty=0.0792 weighted_sim=0.8415 wm_grad_max=4.190e+00 global/event=2.514959 mix_diag=2.5273 global_steps=25 prior_KL=1.169e-02 seq_H_cond=0.1782 seq_H_marg=0.6043 seq_MI=4.261e-01 post_KL_diag=1.982e-01 branch_distill=3.360e-01 frontier=3.97/6.95/2.97 enc_gate=0.229 enc_scale=0.011 teacher_conf=0.228 teacher_JS=1.390e-01 max_mass=0.2028 owner_hard=[0, 227, 0, 0, 0, 3, 131, 4, 435, 0, 0, 0, 0] mem_assign=[35, 13087, 69, 729, 487, 9142, 15203, 8621, 16627, 0, 0, 0, 0] prune=on leaves=7 sleep_mode=deep light_absorb=1 deep_pressure=1.000 merge=0/0 merge_keep=0.000 merge_lambda=0.000e+00 mem_prune=48/48/148 mem_keep=0.679 mem_lambda=0.000e+00 time=W37.7/G14.1/S51.1s cache=0/800 cuda_peak=5327MiB sleep_actions=[]
[Epoch 023] Wake: 100%|##############| 800/800 [00:37<00:00, 21.15seq/s, events=64000, loss=2.5046, writes=38]
[Epoch 023] Global: 100%|###################| 800/800 [00:14<00:00, 56.81seq-pass/s, batch=25/25, phase=train]
[Epoch 023] Sleep: 100%|#############| 11/11 [01:01<00:00,  5.55s/step, actions=0, phase=deep, pressure=1.000]
[MemoryTree][023/030] wake/event=2.504605 sleep_residual=0.000546 writes=38 memorize=41 queue_split=0 wake_actions=A44644/R19315/M41/Q0 novelty=0.1003 weighted_sim=0.7993 wm_grad_max=4.468e+00 global/event=2.514708 mix_diag=2.5188 global_steps=25 prior_KL=1.248e-02 seq_H_cond=0.1784 seq_H_marg=0.6066 seq_MI=4.283e-01 post_KL_diag=1.982e-01 branch_distill=3.422e-01 frontier=3.98/6.95/2.98 enc_gate=0.208 enc_scale=0.012 teacher_conf=0.226 teacher_JS=1.389e-01 max_mass=0.2162 owner_hard=[0, 247, 0, 0, 0, 4, 86, 1, 462, 0, 0, 0, 0] mem_assign=[35, 13928, 36, 513, 442, 9340, 14424, 8321, 16961, 0, 0, 0, 0] prune=on leaves=7 sleep_mode=deep light_absorb=1 deep_pressure=1.000 merge=0/0 merge_keep=0.000 merge_lambda=0.000e+00 mem_prune=44/44/138 mem_keep=0.683 mem_lambda=0.000e+00 time=W37.8/G14.1/S61.0s cache=0/800 cuda_peak=5328MiB sleep_actions=[]
[Epoch 024] Wake: 100%|##############| 800/800 [00:37<00:00, 21.51seq/s, events=64000, loss=2.5023, writes=25]
[Epoch 024] Global: 100%|###################| 800/800 [00:14<00:00, 56.95seq-pass/s, batch=25/25, phase=train]
[Epoch 024] Sleep: 100%|#############| 11/11 [00:49<00:00,  4.49s/step, actions=0, phase=deep, pressure=1.000]
[MemoryTree][024/030] wake/event=2.502293 sleep_residual=0.000551 writes=25 memorize=25 queue_split=0 wake_actions=A44737/R19238/M25/Q0 novelty=0.1135 weighted_sim=0.7730 wm_grad_max=4.171e+00 global/event=2.513657 mix_diag=2.5119 global_steps=25 prior_KL=1.223e-02 seq_H_cond=0.1820 seq_H_marg=0.6076 seq_MI=4.255e-01 post_KL_diag=1.964e-01 branch_distill=3.357e-01 frontier=3.98/6.95/2.98 enc_gate=0.226 enc_scale=0.011 teacher_conf=0.228 teacher_JS=1.369e-01 max_mass=0.2285 owner_hard=[0, 263, 0, 0, 0, 6, 145, 14, 372, 0, 0, 0, 0] mem_assign=[27, 14673, 17, 608, 324, 9488, 14558, 8937, 15368, 0, 0, 0, 0] prune=on leaves=7 sleep_mode=deep light_absorb=0 deep_pressure=1.000 merge=0/0 merge_keep=0.000 merge_lambda=0.000e+00 mem_prune=37/37/119 mem_keep=0.691 mem_lambda=0.000e+00 time=W37.2/G14.0/S49.4s cache=0/800 cuda_peak=5327MiB sleep_actions=[]
[Epoch 025] Wake: 100%|##############| 800/800 [00:40<00:00, 19.71seq/s, events=64000, loss=2.4979, writes=80]
[Epoch 025] Global: 100%|###################| 800/800 [00:14<00:00, 56.94seq-pass/s, batch=25/25, phase=train]
[Epoch 025] Sleep: 100%|#############| 11/11 [01:14<00:00,  6.75s/step, actions=0, phase=deep, pressure=1.000]
[MemoryTree][025/030] wake/event=2.497854 sleep_residual=0.000538 writes=80 memorize=83 queue_split=1 wake_actions=A44612/R19304/M83/Q1 novelty=0.0981 weighted_sim=0.8038 wm_grad_max=4.289e+00 global/event=2.508357 mix_diag=2.5054 global_steps=25 prior_KL=1.198e-02 seq_H_cond=0.1812 seq_H_marg=0.6071 seq_MI=4.258e-01 post_KL_diag=1.979e-01 branch_distill=3.343e-01 frontier=3.98/6.95/2.98 enc_gate=0.232 enc_scale=0.012 teacher_conf=0.232 teacher_JS=1.370e-01 max_mass=0.2183 owner_hard=[0, 254, 0, 0, 0, 2, 78, 2, 464, 0, 0, 0, 0] mem_assign=[47, 14076, 38, 435, 465, 9210, 14430, 8285, 17014, 0, 0, 0, 0] prune=on leaves=7 sleep_mode=deep light_absorb=0 deep_pressure=1.000 merge=0/0 merge_keep=0.000 merge_lambda=0.000e+00 mem_prune=38/38/162 mem_keep=0.763 mem_lambda=0.000e+00 time=W40.6/G14.1/S74.3s cache=0/800 cuda_peak=5328MiB sleep_actions=[]
[Epoch 026] Wake: 100%|##############| 800/800 [00:36<00:00, 21.93seq/s, events=64000, loss=2.5127, writes=19]
[Epoch 026] Global: 100%|###################| 800/800 [00:13<00:00, 57.22seq-pass/s, batch=25/25, phase=train]
[Epoch 026] Sleep: 100%|#############| 11/11 [01:10<00:00,  6.43s/step, actions=0, phase=deep, pressure=1.000]
[MemoryTree][026/030] wake/event=2.512707 sleep_residual=0.000532 writes=19 memorize=19 queue_split=1 wake_actions=A44639/R19341/M19/Q1 novelty=0.0932 weighted_sim=0.8135 wm_grad_max=4.410e+00 global/event=2.507343 mix_diag=2.4968 global_steps=25 prior_KL=1.199e-02 seq_H_cond=0.1846 seq_H_marg=0.6087 seq_MI=4.240e-01 post_KL_diag=2.022e-01 branch_distill=3.398e-01 frontier=3.98/6.95/2.98 enc_gate=0.248 enc_scale=0.012 teacher_conf=0.240 teacher_JS=1.362e-01 max_mass=0.2281 owner_hard=[0, 276, 0, 0, 0, 3, 123, 4, 394, 0, 0, 0, 0] mem_assign=[38, 14873, 37, 438, 395, 8913, 14717, 8589, 16000, 0, 0, 0, 0] prune=on leaves=7 sleep_mode=deep light_absorb=0 deep_pressure=1.000 merge=0/0 merge_keep=0.000 merge_lambda=0.000e+00 mem_prune=31/31/143 mem_keep=0.781 mem_lambda=0.000e+00 time=W36.5/G14.0/S70.7s cache=0/800 cuda_peak=5329MiB sleep_actions=[]
[Epoch 027] Wake: 100%|##############| 800/800 [00:37<00:00, 21.49seq/s, events=64000, loss=2.5130, writes=29]
[Epoch 027] Global: 100%|###################| 800/800 [00:14<00:00, 56.96seq-pass/s, batch=25/25, phase=train]
[Epoch 027] Sleep: 100%|#############| 11/11 [01:07<00:00,  6.13s/step, actions=0, phase=deep, pressure=1.000]
[MemoryTree][027/030] wake/event=2.512958 sleep_residual=0.000523 writes=29 memorize=30 queue_split=0 wake_actions=A44672/R19298/M30/Q0 novelty=0.1118 weighted_sim=0.7765 wm_grad_max=4.394e+00 global/event=2.508967 mix_diag=2.4965 global_steps=25 prior_KL=1.220e-02 seq_H_cond=0.1847 seq_H_marg=0.6082 seq_MI=4.235e-01 post_KL_diag=1.920e-01 branch_distill=3.361e-01 frontier=3.97/6.95/2.97 enc_gate=0.229 enc_scale=0.012 teacher_conf=0.231 teacher_JS=1.357e-01 max_mass=0.2193 owner_hard=[0, 270, 0, 0, 0, 4, 108, 9, 409, 0, 0, 0, 0] mem_assign=[64, 14166, 47, 355, 738, 9276, 14564, 8680, 16110, 0, 0, 0, 0] prune=on leaves=7 sleep_mode=deep light_absorb=0 deep_pressure=1.000 merge=0/0 merge_keep=0.000 merge_lambda=0.000e+00 mem_prune=28/28/141 mem_keep=0.801 mem_lambda=0.000e+00 time=W37.2/G14.0/S67.5s cache=0/800 cuda_peak=5327MiB sleep_actions=[]
[Epoch 028] Wake: 100%|##############| 800/800 [00:36<00:00, 21.82seq/s, events=64000, loss=2.4977, writes=21]
[Epoch 028] Global: 100%|###################| 800/800 [00:14<00:00, 56.85seq-pass/s, batch=25/25, phase=train]
[Epoch 028] Sleep: 100%|#############| 11/11 [01:03<00:00,  5.76s/step, actions=0, phase=deep, pressure=1.000]
[MemoryTree][028/030] wake/event=2.497658 sleep_residual=0.000511 writes=21 memorize=22 queue_split=2 wake_actions=A44645/R19331/M22/Q2 novelty=0.0956 weighted_sim=0.8088 wm_grad_max=4.102e+00 global/event=2.504514 mix_diag=2.4968 global_steps=25 prior_KL=1.166e-02 seq_H_cond=0.1906 seq_H_marg=0.6094 seq_MI=4.188e-01 post_KL_diag=1.975e-01 branch_distill=3.438e-01 frontier=3.97/6.95/2.97 enc_gate=0.230 enc_scale=0.012 teacher_conf=0.237 teacher_JS=1.354e-01 max_mass=0.2332 owner_hard=[0, 291, 0, 0, 0, 7, 100, 3, 399, 0, 0, 0, 0] mem_assign=[78, 15063, 26, 593, 565, 8960, 14480, 8111, 16124, 0, 0, 0, 0] prune=on leaves=7 sleep_mode=deep light_absorb=0 deep_pressure=1.000 merge=0/0 merge_keep=0.000 merge_lambda=0.000e+00 mem_prune=42/42/133 mem_keep=0.685 mem_lambda=0.000e+00 time=W36.7/G14.1/S63.3s cache=0/800 cuda_peak=5328MiB sleep_actions=[]
[Epoch 029] Wake: 100%|##############| 800/800 [00:37<00:00, 21.32seq/s, events=64000, loss=2.5013, writes=34]
[Epoch 029] Global: 100%|###################| 800/800 [00:14<00:00, 56.84seq-pass/s, batch=25/25, phase=train]
[Epoch 029] Sleep: 100%|#############| 11/11 [00:56<00:00,  5.17s/step, actions=0, phase=deep, pressure=1.000]
[MemoryTree][029/030] wake/event=2.501297 sleep_residual=0.000501 writes=34 memorize=36 queue_split=0 wake_actions=A44547/R19417/M36/Q0 novelty=0.0971 weighted_sim=0.8059 wm_grad_max=4.379e+00 global/event=2.499719 mix_diag=2.4891 global_steps=25 prior_KL=1.168e-02 seq_H_cond=0.1947 seq_H_marg=0.6081 seq_MI=4.134e-01 post_KL_diag=2.020e-01 branch_distill=3.420e-01 frontier=3.98/6.95/2.98 enc_gate=0.232 enc_scale=0.012 teacher_conf=0.242 teacher_JS=1.339e-01 max_mass=0.2086 owner_hard=[0, 233, 0, 0, 0, 3, 123, 7, 434, 0, 0, 0, 0] mem_assign=[60, 13230, 35, 644, 879, 9430, 14848, 8369, 16505, 0, 0, 0, 0] prune=on leaves=7 sleep_mode=deep light_absorb=1 deep_pressure=1.000 merge=0/0 merge_keep=0.000 merge_lambda=0.000e+00 mem_prune=37/37/126 mem_keep=0.706 mem_lambda=0.000e+00 time=W37.5/G14.1/S56.9s cache=0/800 cuda_peak=5327MiB sleep_actions=[]
[Epoch 030] Wake: 100%|##############| 800/800 [00:36<00:00, 22.01seq/s, events=64000, loss=2.4877, writes=18]
[Epoch 030] Global: 100%|###################| 800/800 [00:14<00:00, 57.05seq-pass/s, batch=25/25, phase=train]
[Epoch 030] Sleep: 100%|#############| 11/11 [00:45<00:00,  4.16s/step, actions=0, phase=deep, pressure=1.000]
[MemoryTree][030/030] wake/event=2.487693 sleep_residual=0.000516 writes=18 memorize=18 queue_split=0 wake_actions=A44552/R19430/M18/Q0 novelty=0.0806 weighted_sim=0.8388 wm_grad_max=3.895e+00 global/event=2.494306 mix_diag=2.4849 global_steps=25 prior_KL=1.160e-02 seq_H_cond=0.1914 seq_H_marg=0.6102 seq_MI=4.188e-01 post_KL_diag=1.993e-01 branch_distill=3.401e-01 frontier=3.98/6.95/2.98 enc_gate=0.247 enc_scale=0.012 teacher_conf=0.242 teacher_JS=1.343e-01 max_mass=0.2324 owner_hard=[0, 282, 0, 0, 0, 7, 138, 4, 369, 0, 0, 0, 0] mem_assign=[57, 14810, 32, 580, 596, 9295, 14790, 8040, 15800, 0, 0, 0, 0] prune=on leaves=7 sleep_mode=deep light_absorb=1 deep_pressure=1.000 merge=0/0 merge_keep=0.000 merge_lambda=0.000e+00 mem_prune=30/30/107 mem_keep=0.715 mem_lambda=0.000e+00 time=W36.4/G14.0/S45.8s cache=0/800 cuda_peak=5327MiB sleep_actions=[][Training Plot] metrics=/home/xinye/Hawkes-Memory/HawkesMemory/Memory/Checkpoints/dws_8_posterior_frontier_v2_training_metrics.json figure=/home/xinye/Hawkes-Memory/HawkesMemory/Memory/Checkpoints/dws_8_posterior_frontier_v2_training_curves.png
