Using device: cuda
DataFrame shape: (800, 3)
Columns: ['event_times', 'event_types', 'cluster']
加载了 800 个序列
检测到 8 种事件类型: [0, 1, 2, 3, 4, 5, 6, 7]
第一个序列长度: 80
[Hawkes Cold Start][001/005] train_nll/event=4.511088 val_nll/event=4.072359 max_grad=2.1196
[Hawkes Cold Start][002/005] train_nll/event=3.805501 val_nll/event=3.583059 max_grad=1.2100
[Hawkes Cold Start][003/005] train_nll/event=3.412626 val_nll/event=3.286352 max_grad=0.7050
[Hawkes Cold Start][004/005] train_nll/event=3.162308 val_nll/event=3.092808 max_grad=0.4479
[Hawkes Cold Start][005/005] train_nll/event=2.996922 val_nll/event=2.966069 max_grad=0.3209
[Hawkes Cold Start] checkpoint saved to /home/xinye/Hawkes-Memory/HawkesMemory/checkpoints/hawkes_backbone_init.pt
[Hawkes Cold Start] spectral_radius=0.582299, min_mu=1.523343e-02
[H_tree] initialized 15/15 node_emb from /home/xinye/Hawkes-Memory/HawkesMemory/Data/tree_8/h_tree_8.pt
[Routing] mode=active_frontier frontier=2..4 temperature=1.300 exploration=0.010

[Residual init]:   0%|          | 0/800 [00:00<?, ?seq/s]
[Residual init]:   1%|          | 5/800 [00:00<00:17, 46.41seq/s]
[Residual init]:   1%|▏         | 11/800 [00:00<00:14, 52.76seq/s]
[Residual init]:   2%|▏         | 17/800 [00:00<00:14, 54.96seq/s]
[Residual init]:   3%|▎         | 23/800 [00:00<00:13, 55.85seq/s]
[Residual init]:   4%|▎         | 29/800 [00:00<00:13, 56.33seq/s]
[Residual init]:   4%|▍         | 35/800 [00:00<00:13, 56.60seq/s]
[Residual init]:   5%|▌         | 41/800 [00:00<00:13, 56.27seq/s]
[Residual init]:   6%|▌         | 47/800 [00:00<00:13, 56.52seq/s]
[Residual init]:   7%|▋         | 53/800 [00:00<00:13, 56.75seq/s]
[Residual init]:   7%|▋         | 59/800 [00:01<00:13, 56.46seq/s]
[Residual init]:   8%|▊         | 65/800 [00:01<00:12, 56.70seq/s]
[Residual init]:   9%|▉         | 71/800 [00:01<00:12, 56.88seq/s]
[Residual init]:  10%|▉         | 77/800 [00:01<00:12, 56.57seq/s]
[Residual init]:  10%|█         | 83/800 [00:01<00:12, 56.76seq/s]
[Residual init]:  11%|█         | 89/800 [00:01<00:12, 56.88seq/s]
[Residual init]:  12%|█▏        | 95/800 [00:01<00:12, 56.97seq/s]
[Residual init]:  13%|█▎        | 101/800 [00:01<00:12, 56.55seq/s]
[Residual init]:  13%|█▎        | 107/800 [00:01<00:12, 56.71seq/s]
[Residual init]:  14%|█▍        | 113/800 [00:02<00:12, 56.88seq/s]
[Residual init]:  15%|█▍        | 119/800 [00:02<00:12, 56.58seq/s]
[Residual init]:  16%|█▌        | 125/800 [00:02<00:11, 56.79seq/s]
[Residual init]:  16%|█▋        | 131/800 [00:02<00:11, 56.95seq/s]
[Residual init]:  17%|█▋        | 137/800 [00:02<00:11, 56.65seq/s]
[Residual init]:  18%|█▊        | 143/800 [00:02<00:11, 56.81seq/s]
[Residual init]:  19%|█▊        | 149/800 [00:02<00:11, 56.93seq/s]
[Residual init]:  19%|█▉        | 155/800 [00:02<00:11, 57.00seq/s]
[Residual init]:  20%|██        | 161/800 [00:02<00:11, 56.59seq/s]
[Residual init]:  21%|██        | 167/800 [00:02<00:11, 56.74seq/s]
[Residual init]:  22%|██▏       | 173/800 [00:03<00:11, 56.88seq/s]
[Residual init]:  22%|██▏       | 179/800 [00:03<00:10, 56.58seq/s]
[Residual init]:  23%|██▎       | 185/800 [00:03<00:10, 56.79seq/s]
[Residual init]:  24%|██▍       | 191/800 [00:03<00:10, 56.96seq/s]
[Residual init]:  25%|██▍       | 197/800 [00:03<00:10, 56.64seq/s]
[Residual init]:  25%|██▌       | 203/800 [00:03<00:10, 56.82seq/s]
[Residual init]:  26%|██▌       | 209/800 [00:03<00:10, 56.92seq/s]
[Residual init]:  27%|██▋       | 215/800 [00:03<00:10, 56.99seq/s]
[Residual init]:  28%|██▊       | 221/800 [00:03<00:10, 56.57seq/s]
[Residual init]:  28%|██▊       | 227/800 [00:04<00:10, 56.73seq/s]
[Residual init]:  29%|██▉       | 233/800 [00:04<00:09, 56.90seq/s]
[Residual init]:  30%|██▉       | 239/800 [00:04<00:09, 56.58seq/s]
[Residual init]:  31%|███       | 245/800 [00:04<00:09, 56.81seq/s]
[Residual init]:  31%|███▏      | 251/800 [00:04<00:09, 56.97seq/s]
[Residual init]:  32%|███▏      | 257/800 [00:04<00:09, 56.65seq/s]
[Residual init]:  33%|███▎      | 263/800 [00:04<00:09, 56.83seq/s]
[Residual init]:  34%|███▎      | 269/800 [00:04<00:09, 56.94seq/s]
[Residual init]:  34%|███▍      | 275/800 [00:04<00:09, 57.00seq/s]
[Residual init]:  35%|███▌      | 281/800 [00:04<00:09, 56.55seq/s]
[Residual init]:  36%|███▌      | 287/800 [00:05<00:09, 56.72seq/s]
[Residual init]:  37%|███▋      | 293/800 [00:05<00:08, 56.89seq/s]
[Residual init]:  37%|███▋      | 299/800 [00:05<00:08, 56.57seq/s]
[Residual init]:  38%|███▊      | 305/800 [00:05<00:08, 56.80seq/s]
[Residual init]:  39%|███▉      | 311/800 [00:05<00:08, 56.95seq/s]
[Residual init]:  40%|███▉      | 317/800 [00:05<00:08, 56.80seq/s]
[Residual init]:  40%|████      | 323/800 [00:05<00:08, 56.78seq/s]
[Residual init]:  41%|████      | 329/800 [00:05<00:08, 56.94seq/s]
[Residual init]:  42%|████▏     | 335/800 [00:05<00:08, 57.01seq/s]
[Residual init]:  43%|████▎     | 341/800 [00:06<00:08, 56.58seq/s]
[Residual init]:  43%|████▎     | 347/800 [00:06<00:07, 56.73seq/s]
[Residual init]:  44%|████▍     | 353/800 [00:06<00:07, 56.90seq/s]
[Residual init]:  45%|████▍     | 359/800 [00:06<00:07, 56.60seq/s]
[Residual init]:  46%|████▌     | 365/800 [00:06<00:07, 56.28seq/s]
[Residual init]:  46%|████▋     | 371/800 [00:06<00:07, 56.59seq/s]
[Residual init]:  47%|████▋     | 377/800 [00:06<00:07, 56.92seq/s]
[Residual init]:  48%|████▊     | 383/800 [00:06<00:07, 57.04seq/s]
[Residual init]:  49%|████▊     | 389/800 [00:06<00:07, 57.11seq/s]
[Residual init]:  49%|████▉     | 395/800 [00:06<00:07, 57.13seq/s]
[Residual init]:  50%|█████     | 401/800 [00:07<00:07, 56.66seq/s]
[Residual init]:  51%|█████     | 407/800 [00:07<00:06, 56.79seq/s]
[Residual init]:  52%|█████▏    | 413/800 [00:07<00:06, 56.92seq/s]
[Residual init]:  52%|█████▏    | 419/800 [00:07<00:06, 56.60seq/s]
[Residual init]:  53%|█████▎    | 425/800 [00:07<00:06, 56.81seq/s]
[Residual init]:  54%|█████▍    | 431/800 [00:07<00:06, 56.95seq/s]
[Residual init]:  55%|█████▍    | 437/800 [00:07<00:06, 56.64seq/s]
[Residual init]:  55%|█████▌    | 443/800 [00:07<00:06, 56.83seq/s]
[Residual init]:  56%|█████▌    | 449/800 [00:07<00:06, 56.93seq/s]
[Residual init]:  57%|█████▋    | 455/800 [00:08<00:06, 56.98seq/s]
[Residual init]:  58%|█████▊    | 461/800 [00:08<00:05, 56.52seq/s]
[Residual init]:  58%|█████▊    | 467/800 [00:08<00:05, 56.68seq/s]
[Residual init]:  59%|█████▉    | 473/800 [00:08<00:05, 56.86seq/s]
[Residual init]:  60%|█████▉    | 479/800 [00:08<00:05, 56.56seq/s]
[Residual init]:  61%|██████    | 485/800 [00:08<00:05, 56.78seq/s]
[Residual init]:  61%|██████▏   | 491/800 [00:08<00:05, 56.94seq/s]
[Residual init]:  62%|██████▏   | 497/800 [00:08<00:05, 56.62seq/s]
[Residual init]:  63%|██████▎   | 503/800 [00:08<00:05, 56.80seq/s]
[Residual init]:  64%|██████▎   | 509/800 [00:08<00:05, 56.92seq/s]
[Residual init]:  64%|██████▍   | 515/800 [00:09<00:05, 56.97seq/s]
[Residual init]:  65%|██████▌   | 521/800 [00:09<00:04, 56.52seq/s]
[Residual init]:  66%|██████▌   | 527/800 [00:09<00:04, 56.68seq/s]
[Residual init]:  67%|██████▋   | 533/800 [00:09<00:04, 56.86seq/s]
[Residual init]:  67%|██████▋   | 539/800 [00:09<00:04, 56.43seq/s]
[Residual init]:  68%|██████▊   | 545/800 [00:09<00:04, 56.69seq/s]
[Residual init]:  69%|██████▉   | 551/800 [00:09<00:04, 56.87seq/s]
[Residual init]:  70%|██████▉   | 557/800 [00:09<00:04, 56.57seq/s]
[Residual init]:  70%|███████   | 563/800 [00:09<00:04, 56.80seq/s]
[Residual init]:  71%|███████   | 569/800 [00:10<00:04, 56.94seq/s]
[Residual init]:  72%|███████▏  | 575/800 [00:10<00:03, 56.98seq/s]
[Residual init]:  73%|███████▎  | 581/800 [00:10<00:03, 56.55seq/s]
[Residual init]:  73%|███████▎  | 587/800 [00:10<00:03, 56.71seq/s]
[Residual init]:  74%|███████▍  | 593/800 [00:10<00:03, 56.87seq/s]
[Residual init]:  75%|███████▍  | 599/800 [00:10<00:03, 56.57seq/s]
[Residual init]:  76%|███████▌  | 605/800 [00:10<00:03, 56.79seq/s]
[Residual init]:  76%|███████▋  | 611/800 [00:10<00:03, 56.94seq/s]
[Residual init]:  77%|███████▋  | 617/800 [00:10<00:03, 56.61seq/s]
[Residual init]:  78%|███████▊  | 623/800 [00:10<00:03, 56.82seq/s]
[Residual init]:  79%|███████▊  | 629/800 [00:11<00:03, 56.95seq/s]
[Residual init]:  79%|███████▉  | 635/800 [00:11<00:02, 57.01seq/s]
[Residual init]:  80%|████████  | 641/800 [00:11<00:02, 56.56seq/s]
[Residual init]:  81%|████████  | 647/800 [00:11<00:02, 56.71seq/s]
[Residual init]:  82%|████████▏ | 653/800 [00:11<00:02, 56.88seq/s]
[Residual init]:  82%|████████▏ | 659/800 [00:11<00:02, 56.56seq/s]
[Residual init]:  83%|████████▎ | 665/800 [00:11<00:02, 56.78seq/s]
[Residual init]:  84%|████████▍ | 671/800 [00:11<00:02, 56.93seq/s]
[Residual init]:  85%|████████▍ | 677/800 [00:11<00:02, 56.61seq/s]
[Residual init]:  85%|████████▌ | 683/800 [00:12<00:02, 56.82seq/s]
[Residual init]:  86%|████████▌ | 689/800 [00:12<00:01, 56.96seq/s]
[Residual init]:  87%|████████▋ | 695/800 [00:12<00:01, 57.00seq/s]
[Residual init]:  88%|████████▊ | 701/800 [00:12<00:01, 56.55seq/s]
[Residual init]:  88%|████████▊ | 707/800 [00:12<00:01, 56.70seq/s]
[Residual init]:  89%|████████▉ | 713/800 [00:12<00:01, 56.87seq/s]
[Residual init]:  90%|████████▉ | 719/800 [00:12<00:01, 56.57seq/s]
[Residual init]:  91%|█████████ | 725/800 [00:12<00:01, 56.76seq/s]
[Residual init]:  91%|█████████▏| 731/800 [00:12<00:01, 56.92seq/s]
[Residual init]:  92%|█████████▏| 737/800 [00:12<00:01, 56.62seq/s]
[Residual init]:  93%|█████████▎| 743/800 [00:13<00:01, 56.84seq/s]
[Residual init]:  94%|█████████▎| 749/800 [00:13<00:00, 56.97seq/s]
[Residual init]:  94%|█████████▍| 755/800 [00:13<00:00, 56.99seq/s]
[Residual init]:  95%|█████████▌| 761/800 [00:13<00:00, 56.54seq/s]
[Residual init]:  96%|█████████▌| 767/800 [00:13<00:00, 56.67seq/s]
[Residual init]:  97%|█████████▋| 773/800 [00:13<00:00, 56.90seq/s]
[Residual init]:  97%|█████████▋| 779/800 [00:13<00:00, 56.59seq/s]
[Residual init]:  98%|█████████▊| 785/800 [00:13<00:00, 56.81seq/s]
[Residual init]:  99%|█████████▉| 791/800 [00:13<00:00, 56.95seq/s]
[Residual init]: 100%|█████████▉| 797/800 [00:14<00:00, 56.62seq/s]
[Residual init]: 100%|██████████| 800/800 [00:14<00:00, 56.71seq/s]
[Residual Initialization] sequences=800 rank=4 grad_norm=5.403e+00/9.762e+00/2.091e+01 clipped=0.000 membership=[100.0, 100.0, 100.0, 100.0, 100.0, 100.0, 100.0, 100.0] target_mass=[0.125, 0.125, 0.125, 0.125, 0.125, 0.125, 0.125, 0.125]
[Initialization] mode=residual_signature semantic_blend=0.0000 semantic_delta_mean=1.5665e-02 semantic_delta_max=1.5004e-01 offset_mode=path_additive route_balance=0.1500
[Symmetry] mode=residual_signature router_gain=0.0500 router_norm_mean=7.3961e-02 leaf_delta_mean=2.0249e-02 leaf_mean_error=4.768e-07 spectral_radius=[0.580877,0.585051]

[H-align 01/05]:   0%|          | 0/50 [00:00<?, ?batch/s]
[H-align 01/05]:   2%|▏         | 1/50 [00:00<00:05,  8.98batch/s, acc=0.566, loss=0.692]
[H-align 01/05]:   6%|▌         | 3/50 [00:00<00:04, 11.15batch/s, acc=0.566, loss=0.68] 
[H-align 01/05]:  10%|█         | 5/50 [00:00<00:03, 11.46batch/s, acc=0.55, loss=0.68] 
[H-align 01/05]:  14%|█▍        | 7/50 [00:00<00:03, 11.57batch/s, acc=0.584, loss=0.666]
[H-align 01/05]:  18%|█▊        | 9/50 [00:00<00:03, 11.62batch/s, acc=0.601, loss=0.664]
[H-align 01/05]:  22%|██▏       | 11/50 [00:00<00:03, 11.67batch/s, acc=0.608, loss=0.661]
[H-align 01/05]:  26%|██▌       | 13/50 [00:01<00:03, 11.75batch/s, acc=0.616, loss=0.655]
[H-align 01/05]:  30%|███       | 15/50 [00:01<00:02, 11.86batch/s, acc=0.611, loss=0.662]
[H-align 01/05]:  34%|███▍      | 17/50 [00:01<00:02, 11.86batch/s, acc=0.609, loss=0.66] 
[H-align 01/05]:  38%|███▊      | 19/50 [00:01<00:02, 11.91batch/s, acc=0.605, loss=0.658]
[H-align 01/05]:  42%|████▏     | 21/50 [00:01<00:02, 11.91batch/s, acc=0.602, loss=0.657]
[H-align 01/05]:  46%|████▌     | 23/50 [00:01<00:02, 11.99batch/s, acc=0.605, loss=0.656]
[H-align 01/05]:  50%|█████     | 25/50 [00:02<00:02, 11.91batch/s, acc=0.608, loss=0.653]
[H-align 01/05]:  54%|█████▍    | 27/50 [00:02<00:01, 11.85batch/s, acc=0.613, loss=0.649]
[H-align 01/05]:  58%|█████▊    | 29/50 [00:02<00:01, 11.89batch/s, acc=0.612, loss=0.649]
[H-align 01/05]:  62%|██████▏   | 31/50 [00:02<00:01, 11.83batch/s, acc=0.616, loss=0.649]
[H-align 01/05]:  66%|██████▌   | 33/50 [00:02<00:01, 11.95batch/s, acc=0.615, loss=0.65] 
[H-align 01/05]:  70%|███████   | 35/50 [00:02<00:01, 11.83batch/s, acc=0.613, loss=0.651]
[H-align 01/05]:  74%|███████▍  | 37/50 [00:03<00:01, 11.94batch/s, acc=0.615, loss=0.649]
[H-align 01/05]:  78%|███████▊  | 39/50 [00:03<00:00, 11.87batch/s, acc=0.616, loss=0.648]
[H-align 01/05]:  82%|████████▏ | 41/50 [00:03<00:00, 11.83batch/s, acc=0.61, loss=0.652] 
[H-align 01/05]:  86%|████████▌ | 43/50 [00:03<00:00, 11.79batch/s, acc=0.612, loss=0.651]
[H-align 01/05]:  90%|█████████ | 45/50 [00:03<00:00, 11.92batch/s, acc=0.615, loss=0.65] 
[H-align 01/05]:  94%|█████████▍| 47/50 [00:03<00:00, 11.81batch/s, acc=0.611, loss=0.652]
[H-align 01/05]:  98%|█████████▊| 49/50 [00:04<00:00, 12.43batch/s, acc=0.61, loss=0.652] 
[H-align 01/05]: 100%|██████████| 50/50 [00:04<00:00, 11.87batch/s, acc=0.612, loss=0.651]
[H-align] epoch=1/5 loss=0.651040 acc=0.6117 p_target=0.5399 confidence=1.0000 grad_max=1.615e+00

[H-align 02/05]:   0%|          | 0/50 [00:00<?, ?batch/s]
[H-align 02/05]:   4%|▍         | 2/50 [00:00<00:04, 11.81batch/s, acc=0.588, loss=0.662]
[H-align 02/05]:   8%|▊         | 4/50 [00:00<00:03, 12.00batch/s, acc=0.609, loss=0.652]
[H-align 02/05]:  12%|█▏        | 6/50 [00:00<00:03, 11.86batch/s, acc=0.616, loss=0.648]
[H-align 02/05]:  16%|█▌        | 8/50 [00:00<00:03, 12.01batch/s, acc=0.617, loss=0.648]
[H-align 02/05]:  20%|██        | 10/50 [00:00<00:03, 11.85batch/s, acc=0.613, loss=0.645]
[H-align 02/05]:  24%|██▍       | 12/50 [00:01<00:03, 11.90batch/s, acc=0.62, loss=0.641] 
[H-align 02/05]:  28%|██▊       | 14/50 [00:01<00:03, 11.89batch/s, acc=0.631, loss=0.634]
[H-align 02/05]:  32%|███▏      | 16/50 [00:01<00:02, 11.84batch/s, acc=0.627, loss=0.634]
[H-align 02/05]:  36%|███▌      | 18/50 [00:01<00:02, 11.80batch/s, acc=0.63, loss=0.631] 
[H-align 02/05]:  40%|████      | 20/50 [00:01<00:02, 11.79batch/s, acc=0.629, loss=0.629]
[H-align 02/05]:  44%|████▍     | 22/50 [00:01<00:02, 11.76batch/s, acc=0.631, loss=0.634]
[H-align 02/05]:  48%|████▊     | 24/50 [00:02<00:02, 11.75batch/s, acc=0.63, loss=0.636] 
[H-align 02/05]:  52%|█████▏    | 26/50 [00:02<00:02, 11.90batch/s, acc=0.627, loss=0.638]
[H-align 02/05]:  56%|█████▌    | 28/50 [00:02<00:01, 11.86batch/s, acc=0.626, loss=0.641]
[H-align 02/05]:  60%|██████    | 30/50 [00:02<00:01, 12.04batch/s, acc=0.63, loss=0.641] 
[H-align 02/05]:  64%|██████▍   | 32/50 [00:02<00:01, 12.07batch/s, acc=0.631, loss=0.641]
[H-align 02/05]:  68%|██████▊   | 34/50 [00:02<00:01, 11.97batch/s, acc=0.631, loss=0.641]
[H-align 02/05]:  72%|███████▏  | 36/50 [00:03<00:01, 11.90batch/s, acc=0.634, loss=0.64] 
[H-align 02/05]:  76%|███████▌  | 38/50 [00:03<00:01, 11.92batch/s, acc=0.637, loss=0.639]
[H-align 02/05]:  80%|████████  | 40/50 [00:03<00:00, 11.85batch/s, acc=0.643, loss=0.635]
[H-align 02/05]:  84%|████████▍ | 42/50 [00:03<00:00, 11.96batch/s, acc=0.642, loss=0.635]
[H-align 02/05]:  88%|████████▊ | 44/50 [00:03<00:00, 11.89batch/s, acc=0.644, loss=0.634]
[H-align 02/05]:  92%|█████████▏| 46/50 [00:03<00:00, 12.00batch/s, acc=0.648, loss=0.63] 
[H-align 02/05]:  96%|█████████▌| 48/50 [00:04<00:00, 11.91batch/s, acc=0.649, loss=0.628]
[H-align 02/05]: 100%|██████████| 50/50 [00:04<00:00, 11.87batch/s, acc=0.653, loss=0.624]
[H-align 02/05]: 100%|██████████| 50/50 [00:04<00:00, 11.89batch/s, acc=0.653, loss=0.624]
[H-align] epoch=2/5 loss=0.623533 acc=0.6526 p_target=0.5577 confidence=1.0000 grad_max=1.788e+00

[H-align 03/05]:   0%|          | 0/50 [00:00<?, ?batch/s]
[H-align 03/05]:   4%|▍         | 2/50 [00:00<00:04, 11.72batch/s, acc=0.779, loss=0.482]
[H-align 03/05]:   8%|▊         | 4/50 [00:00<00:03, 11.71batch/s, acc=0.796, loss=0.466]
[H-align 03/05]:  12%|█▏        | 6/50 [00:00<00:03, 11.95batch/s, acc=0.783, loss=0.465]
[H-align 03/05]:  16%|█▌        | 8/50 [00:00<00:03, 11.86batch/s, acc=0.796, loss=0.45] 
[H-align 03/05]:  20%|██        | 10/50 [00:00<00:03, 12.00batch/s, acc=0.806, loss=0.437]
[H-align 03/05]:  24%|██▍       | 12/50 [00:01<00:03, 11.90batch/s, acc=0.814, loss=0.422]
[H-align 03/05]:  28%|██▊       | 14/50 [00:01<00:03, 11.84batch/s, acc=0.82, loss=0.408] 
[H-align 03/05]:  32%|███▏      | 16/50 [00:01<00:02, 11.80batch/s, acc=0.829, loss=0.391]
[H-align 03/05]:  36%|███▌      | 18/50 [00:01<00:02, 11.79batch/s, acc=0.838, loss=0.375]
[H-align 03/05]:  40%|████      | 20/50 [00:01<00:02, 11.77batch/s, acc=0.844, loss=0.361]
[H-align 03/05]:  44%|████▍     | 22/50 [00:01<00:02, 11.84batch/s, acc=0.85, loss=0.352] 
[H-align 03/05]:  48%|████▊     | 24/50 [00:02<00:02, 11.80batch/s, acc=0.857, loss=0.339]
[H-align 03/05]:  52%|█████▏    | 26/50 [00:02<00:02, 11.92batch/s, acc=0.862, loss=0.329]
[H-align 03/05]:  56%|█████▌    | 28/50 [00:02<00:01, 11.93batch/s, acc=0.867, loss=0.32] 
[H-align 03/05]:  60%|██████    | 30/50 [00:02<00:01, 11.88batch/s, acc=0.873, loss=0.307]
[H-align 03/05]:  64%|██████▍   | 32/50 [00:02<00:01, 11.83batch/s, acc=0.88, loss=0.294] 
[H-align 03/05]:  68%|██████▊   | 34/50 [00:02<00:01, 11.82batch/s, acc=0.884, loss=0.285]
[H-align 03/05]:  72%|███████▏  | 36/50 [00:03<00:01, 11.78batch/s, acc=0.889, loss=0.275]
[H-align 03/05]:  76%|███████▌  | 38/50 [00:03<00:01, 11.76batch/s, acc=0.893, loss=0.265]
[H-align 03/05]:  80%|████████  | 40/50 [00:03<00:00, 11.82batch/s, acc=0.897, loss=0.256]
[H-align 03/05]:  84%|████████▍ | 42/50 [00:03<00:00, 11.79batch/s, acc=0.9, loss=0.249]  
[H-align 03/05]:  88%|████████▊ | 44/50 [00:03<00:00, 11.92batch/s, acc=0.904, loss=0.242]
[H-align 03/05]:  92%|█████████▏| 46/50 [00:03<00:00, 11.86batch/s, acc=0.906, loss=0.236]
[H-align 03/05]:  96%|█████████▌| 48/50 [00:04<00:00, 11.83batch/s, acc=0.909, loss=0.229]
[H-align 03/05]: 100%|██████████| 50/50 [00:04<00:00, 11.86batch/s, acc=0.912, loss=0.222]
[H-align 03/05]: 100%|██████████| 50/50 [00:04<00:00, 11.84batch/s, acc=0.912, loss=0.222]
[H-align] epoch=3/5 loss=0.222494 acc=0.9120 p_target=0.8433 confidence=1.0000 grad_max=4.386e+00

[H-align 04/05]:   0%|          | 0/50 [00:00<?, ?batch/s]
[H-align 04/05]:   4%|▍         | 2/50 [00:00<00:04, 11.78batch/s, acc=0.974, loss=0.0825]
[H-align 04/05]:   8%|▊         | 4/50 [00:00<00:03, 11.75batch/s, acc=0.981, loss=0.0681]
[H-align 04/05]:  12%|█▏        | 6/50 [00:00<00:03, 11.78batch/s, acc=0.981, loss=0.0672]
[H-align 04/05]:  16%|█▌        | 8/50 [00:00<00:03, 11.83batch/s, acc=0.978, loss=0.0741]
[H-align 04/05]:  20%|██        | 10/50 [00:00<00:03, 11.97batch/s, acc=0.976, loss=0.0794]
[H-align 04/05]:  24%|██▍       | 12/50 [00:01<00:03, 11.87batch/s, acc=0.977, loss=0.0765]
[H-align 04/05]:  28%|██▊       | 14/50 [00:01<00:03, 11.83batch/s, acc=0.979, loss=0.0703]
[H-align 04/05]:  32%|███▏      | 16/50 [00:01<00:02, 11.82batch/s, acc=0.98, loss=0.0678] 
[H-align 04/05]:  36%|███▌      | 18/50 [00:01<00:02, 11.85batch/s, acc=0.979, loss=0.0702]
[H-align 04/05]:  40%|████      | 20/50 [00:01<00:02, 11.81batch/s, acc=0.979, loss=0.0699]
[H-align 04/05]:  44%|████▍     | 22/50 [00:01<00:02, 11.77batch/s, acc=0.98, loss=0.0665] 
[H-align 04/05]:  48%|████▊     | 24/50 [00:02<00:02, 11.83batch/s, acc=0.981, loss=0.0632]
[H-align 04/05]:  52%|█████▏    | 26/50 [00:02<00:02, 11.80batch/s, acc=0.982, loss=0.0613]
[H-align 04/05]:  56%|█████▌    | 28/50 [00:02<00:01, 11.93batch/s, acc=0.982, loss=0.0609]
[H-align 04/05]:  60%|██████    | 30/50 [00:02<00:01, 11.94batch/s, acc=0.982, loss=0.059] 
[H-align 04/05]:  64%|██████▍   | 32/50 [00:02<00:01, 11.88batch/s, acc=0.983, loss=0.0574]
[H-align 04/05]:  68%|██████▊   | 34/50 [00:02<00:01, 11.90batch/s, acc=0.983, loss=0.0568]
[H-align 04/05]:  72%|███████▏  | 36/50 [00:03<00:01, 11.92batch/s, acc=0.983, loss=0.0555]
[H-align 04/05]:  76%|███████▌  | 38/50 [00:03<00:01, 11.88batch/s, acc=0.984, loss=0.0541]
[H-align 04/05]:  80%|████████  | 40/50 [00:03<00:00, 12.04batch/s, acc=0.984, loss=0.0532]
[H-align 04/05]:  84%|████████▍ | 42/50 [00:03<00:00, 12.01batch/s, acc=0.985, loss=0.0519]
[H-align 04/05]:  88%|████████▊ | 44/50 [00:03<00:00, 12.03batch/s, acc=0.985, loss=0.051] 
[H-align 04/05]:  92%|█████████▏| 46/50 [00:03<00:00, 11.98batch/s, acc=0.985, loss=0.0504]
[H-align 04/05]:  96%|█████████▌| 48/50 [00:04<00:00, 11.98batch/s, acc=0.985, loss=0.0494]
[H-align 04/05]: 100%|██████████| 50/50 [00:04<00:00, 11.90batch/s, acc=0.986, loss=0.0482]
[H-align 04/05]: 100%|██████████| 50/50 [00:04<00:00, 11.89batch/s, acc=0.986, loss=0.0482]
[H-align] epoch=4/5 loss=0.048214 acc=0.9856 p_target=0.9710 confidence=1.0000 grad_max=1.896e+00

[H-align 05/05]:   0%|          | 0/50 [00:00<?, ?batch/s]
[H-align 05/05]:   4%|▍         | 2/50 [00:00<00:04, 11.63batch/s, acc=0.994, loss=0.0221]
[H-align 05/05]:   8%|▊         | 4/50 [00:00<00:03, 11.93batch/s, acc=0.994, loss=0.0227]
[H-align 05/05]:  12%|█▏        | 6/50 [00:00<00:03, 11.83batch/s, acc=0.994, loss=0.0233]
[H-align 05/05]:  16%|█▌        | 8/50 [00:00<00:03, 11.98batch/s, acc=0.993, loss=0.0234]
[H-align 05/05]:  20%|██        | 10/50 [00:00<00:03, 11.97batch/s, acc=0.994, loss=0.0231]
[H-align 05/05]:  24%|██▍       | 12/50 [00:01<00:03, 11.90batch/s, acc=0.994, loss=0.0225]
[H-align 05/05]:  28%|██▊       | 14/50 [00:01<00:03, 11.84batch/s, acc=0.994, loss=0.0219]
[H-align 05/05]:  32%|███▏      | 16/50 [00:01<00:02, 11.89batch/s, acc=0.994, loss=0.0221]
[H-align 05/05]:  36%|███▌      | 18/50 [00:01<00:02, 11.83batch/s, acc=0.994, loss=0.0231]
[H-align 05/05]:  40%|████      | 20/50 [00:01<00:02, 12.84batch/s, acc=0.994, loss=0.0232]
[H-align 05/05]:  44%|████▍     | 22/50 [00:01<00:02, 12.55batch/s, acc=0.994, loss=0.0223]
[H-align 05/05]:  48%|████▊     | 24/50 [00:01<00:02, 12.28batch/s, acc=0.994, loss=0.022] 
[H-align 05/05]:  52%|█████▏    | 26/50 [00:02<00:01, 12.10batch/s, acc=0.994, loss=0.0221]
[H-align 05/05]:  56%|█████▌    | 28/50 [00:02<00:01, 11.98batch/s, acc=0.994, loss=0.0215]
[H-align 05/05]:  60%|██████    | 30/50 [00:02<00:01, 11.98batch/s, acc=0.994, loss=0.0216]
[H-align 05/05]:  64%|██████▍   | 32/50 [00:02<00:01, 11.89batch/s, acc=0.994, loss=0.0209]
[H-align 05/05]:  68%|██████▊   | 34/50 [00:02<00:01, 11.99batch/s, acc=0.994, loss=0.0214]
[H-align 05/05]:  72%|███████▏  | 36/50 [00:02<00:01, 11.91batch/s, acc=0.994, loss=0.0215]
[H-align 05/05]:  76%|███████▌  | 38/50 [00:03<00:01, 11.86batch/s, acc=0.994, loss=0.0216]
[H-align 05/05]:  80%|████████  | 40/50 [00:03<00:00, 11.81batch/s, acc=0.994, loss=0.0217]
[H-align 05/05]:  84%|████████▍ | 42/50 [00:03<00:00, 11.80batch/s, acc=0.994, loss=0.0213]
[H-align 05/05]:  88%|████████▊ | 44/50 [00:03<00:00, 11.77batch/s, acc=0.994, loss=0.0211]
[H-align 05/05]:  92%|█████████▏| 46/50 [00:03<00:00, 11.91batch/s, acc=0.994, loss=0.0211]
[H-align 05/05]:  96%|█████████▌| 48/50 [00:04<00:00, 11.85batch/s, acc=0.994, loss=0.0215]
[H-align 05/05]: 100%|██████████| 50/50 [00:04<00:00, 11.96batch/s, acc=0.994, loss=0.0212]
[H-align 05/05]: 100%|██████████| 50/50 [00:04<00:00, 11.98batch/s, acc=0.994, loss=0.0212]
[H-align] epoch=5/5 loss=0.021228 acc=0.9938 p_target=0.9871 confidence=1.0000 grad_max=9.954e-01
[H-align Complete] epochs=5 loss=0.692696->0.014015 accuracy=0.9958 p_target=0.9911 updated=encoder+router_compat frozen=hawkes+node_emb+semantics+memory

[Init] Cache:   0%|                                                                  | 0/800 [00:00<?, ?seq/s]
[Init] Cache:  48%|##############4               | 384/800 [00:02<00:02, 191.94seq/s, built=384, events=30720]
[Init] Cache:  96%|############################8 | 768/800 [00:04<00:00, 191.90seq/s, built=768, events=61440]
[Init] Cache: 100%|##############################| 800/800 [00:04<00:00, 191.91seq/s, built=800, events=64000]
[Cache] sequences=800 events=64000 built=800 device=cuda time=4.169s

[Epoch 001] Wake: 100%|#############| 800/800 [02:06<00:00,  6.31seq/s, events=64000, loss=2.9195, writes=523]
[Epoch 001] Global: 100%|###################| 800/800 [00:17<00:00, 46.53seq-pass/s, batch=25/25, phase=train]
[Epoch 001] Sleep: 100%|############| 12/12 [00:00<00:00, 13.77step/s, actions=0, phase=light, pressure=1.000]
[MemoryTree][001/030] wake/event=2.919521 sleep_residual=0.000620 writes=523 memorize=2082 queue_split=0 wake_actions=A44340/R17578/M2082/Q0 novelty=0.0901 weighted_sim=0.8198 wm_grad_max=5.617e+00 global/event=2.694145 mix_diag=2.6840 global_steps=25 prior_KL=1.232e-01 seq_H_cond=0.4617 seq_H_marg=0.4777 seq_MI=1.601e-02 post_KL_diag=8.428e-02 branch_distill=4.145e-01 probe=6.642e-13/0.000 frontier=3.86/6.72/2.86 enc_gate=0.070 enc_scale=0.001 teacher_conf=0.038 teacher_JS=7.339e-02 max_mass=0.1184 owner_hard=[0, 0, 0, 100, 100, 0, 0, 100, 200, 100, 200, 0, 0, 0, 0] mem_assign=[104, 65, 48, 7374, 7329, 706, 349, 7531, 16957, 7352, 16185, 0, 0, 0, 0] prune=off leaves=8 sleep_mode=light light_absorb=1 deep_pressure=1.000 merge=0/0 merge_keep=0.000 merge_lambda=0.000e+00 mem_prune=0/0/0 mem_keep=0.000 mem_lambda=0.000e+00 time=W126.8/G17.2/S1.0s cache=0/800 cuda_peak=5354MiB sleep_actions=[]
[Epoch 002] Wake: 100%|###############| 800/800 [00:34<00:00, 23.11seq/s, events=64000, loss=2.6815, writes=0]
[Epoch 002] Global: 100%|###################| 800/800 [00:17<00:00, 47.01seq-pass/s, batch=25/25, phase=train]
[Epoch 002] Sleep: 100%|############| 12/12 [00:00<00:00, 13.65step/s, actions=0, phase=light, pressure=1.000]
[MemoryTree][002/030] wake/event=2.681495 sleep_residual=0.000620 writes=0 memorize=0 queue_split=0 wake_actions=A44510/R19490/M0/Q0 novelty=0.1084 weighted_sim=0.7832 wm_grad_max=3.615e+00 global/event=2.625432 mix_diag=2.6565 global_steps=25 prior_KL=7.218e-03 seq_H_cond=0.6191 seq_H_marg=0.6209 seq_MI=1.748e-03 post_KL_diag=2.314e-01 branch_distill=2.157e-01 probe=2.979e-23/0.000 frontier=4.00/7.00/3.00 enc_gate=0.160 enc_scale=0.006 teacher_conf=0.129 teacher_JS=3.111e-02 max_mass=0.1124 owner_hard=[0, 200, 2, 0, 0, 1, 445, 0, 141, 0, 11, 0, 0, 0, 0] mem_assign=[5037, 14049, 4717, 0, 0, 1490, 26533, 512, 10196, 0, 1466, 0, 0, 0, 0] prune=off leaves=8 sleep_mode=light light_absorb=1 deep_pressure=1.000 merge=0/0 merge_keep=0.000 merge_lambda=0.000e+00 mem_prune=0/0/0 mem_keep=0.000 mem_lambda=0.000e+00 time=W34.6/G17.0/S0.9scache=0/800 cuda_peak=5351MiB sleep_actions=[]
[Epoch 003] Wake: 100%|###############| 800/800 [00:34<00:00, 23.01seq/s, events=64000, loss=2.5857, writes=0]
[Epoch 003] Global: 100%|###################| 800/800 [00:17<00:00, 46.12seq-pass/s, batch=25/25, phase=train]
[Epoch 003] Sleep: 100%|#############| 12/12 [00:07<00:00,  1.62step/s, actions=1, phase=deep, pressure=1.000]
[MemoryTree][003/030] wake/event=2.585698 sleep_residual=0.000618 writes=0 memorize=0 queue_split=0 wake_actions=A44763/R19237/M0/Q0 novelty=0.1283 weighted_sim=0.7434 wm_grad_max=4.149e+00 global/event=2.563779 mix_diag=2.7348 global_steps=25 prior_KL=1.293e-02 seq_H_cond=0.6075 seq_H_marg=0.6107 seq_MI=3.238e-03 post_KL_diag=3.396e-01 branch_distill=2.704e-01 probe=7.019e-37/0.000 frontier=3.20/5.39/2.20 enc_gate=0.201 enc_scale=0.010 teacher_conf=0.209 teacher_JS=3.949e-02 max_mass=0.0417 owner_hard=[0, 209, 164, 179, 130, 0, 60, 0, 58, 0, 0, 0, 0] mem_assign=[1351, 14550, 15441, 12032, 11278, 72, 6063, 1, 3212, 0, 0, 0, 0] prune=off leaves=7 sleep_mode=deep light_absorb=1 deep_pressure=1.000 merge=1/1 merge_keep=0.221 merge_lambda=0.000e+00 mem_prune=127/167/474 mem_keep=0.647 mem_lambda=0.000e+00 time=W34.8/G17.4/S7.4s cache=0/800 cuda_peak=5341MiB sleep_actions=['merge']
[Epoch 004] Wake: 100%|##############| 800/800 [00:39<00:00, 20.49seq/s, events=64000, loss=2.6294, writes=60]
[Epoch 004] Global: 100%|###################| 800/800 [00:16<00:00, 48.94seq-pass/s, batch=25/25, phase=train]
[Epoch 004] Sleep: 100%|#########| 11/11 [00:00<00:00, 16.42step/s, actions=0, phase=light, pressure=6642.426]
[MemoryTree][004/030] wake/event=2.629443 sleep_residual=332.121299 writes=60 memorize=0 queue_split=62 wake_actions=A44757/R19181/M0/Q62 novelty=0.1556 weighted_sim=0.6888 wm_grad_max=4.031e+00 global/event=2.538352 mix_diag=2.7985 global_steps=25 prior_KL=1.707e-02 seq_H_cond=0.6016 seq_H_marg=0.6074 seq_MI=5.827e-03 post_KL_diag=3.346e-01 branch_distill=2.464e-01 probe=0.000e+00/0.000 frontier=3.73/6.46/2.73 enc_gate=0.237 enc_scale=0.010 teacher_conf=0.211 teacher_JS=3.922e-02 max_mass=0.2917 owner_hard=[0, 255, 0, 362, 23, 0, 1, 0, 159, 0, 0, 0, 0] mem_assign=[2173, 18759, 1969, 19209, 7805, 1, 2667, 13, 11404, 0, 0, 0, 0] prune=off leaves=7 sleep_mode=light light_absorb=1 deep_pressure=6642.426 merge=0/0merge_keep=0.000 merge_lambda=0.000e+00 mem_prune=0/0/0 mem_keep=0.000 mem_lambda=0.000e+00 time=W39.0/G16.4/S0.7s cache=0/800 cuda_peak=5272MiB sleep_actions=[]
[Epoch 005] Wake: 100%|##############| 800/800 [00:35<00:00, 22.39seq/s, events=64000, loss=2.4790, writes=12]
[Epoch 005] Global: 100%|###################| 800/800 [00:16<00:00, 48.93seq-pass/s, batch=25/25, phase=train]
[Epoch 005] Sleep: 100%|#########| 11/11 [00:00<00:00, 16.50step/s, actions=0, phase=light, pressure=5756.933]
[MemoryTree][005/030] wake/event=2.478983 sleep_residual=287.846669 writes=12 memorize=0 queue_split=13 wake_actions=A44823/R19164/M0/Q13 novelty=0.1772 weighted_sim=0.6456 wm_grad_max=4.799e+00 global/event=2.517125 mix_diag=2.7849 global_steps=25 prior_KL=1.599e-02 seq_H_cond=0.5755 seq_H_marg=0.6044 seq_MI=2.883e-02 post_KL_diag=3.783e-01 branch_distill=2.879e-01 probe=0.000e+00/0.000 frontier=3.76/6.53/2.76 enc_gate=0.244 enc_scale=0.012 teacher_conf=0.250 teacher_JS=4.926e-02 max_mass=0.1994 owner_hard=[0, 222, 0, 17, 367, 0, 93, 0, 101, 0, 0, 0, 0] mem_assign=[1298, 13564, 1505, 11606, 20466, 98, 9044, 14, 6405, 0, 0, 0, 0] prune=off leaves=7 sleep_mode=light light_absorb=0 deep_pressure=5756.933 merge=0/0 merge_keep=0.000 merge_lambda=0.000e+00 mem_prune=0/0/0 mem_keep=0.000 mem_lambda=0.000e+00 time=W35.7/G16.4/S0.7s cache=0/800 cuda_peak=5183MiB sleep_actions=[]
[Epoch 006] Wake: 100%|###############| 800/800 [00:34<00:00, 22.98seq/s, events=64000, loss=2.5543, writes=1]
[Epoch 006] Global: 100%|###################| 800/800 [00:16<00:00, 48.04seq-pass/s, batch=25/25, phase=train]
[Epoch 006] Sleep: 100%|##########| 11/11 [00:03<00:00,  3.30step/s, actions=0, phase=deep, pressure=4939.098]
[MemoryTree][006/030] wake/event=2.554255 sleep_residual=246.954916 writes=1 memorize=0 queue_split=1 wake_actions=A44673/R19326/M0/Q1 novelty=0.1768 weighted_sim=0.6464 wm_grad_max=4.424e+00 global/event=2.554250 mix_diag=2.6254 global_steps=25 prior_KL=1.790e-02 seq_H_cond=0.5003 seq_H_marg=0.6081 seq_MI=1.078e-01 post_KL_diag=2.673e-01 branch_distill=3.082e-01 probe=3.726e-30/0.000 frontier=3.62/6.23/2.62 enc_gate=0.179 enc_scale=0.011 teacher_conf=0.199 teacher_JS=6.226e-02 max_mass=0.2166 owner_hard=[0, 245, 0, 102, 184, 0, 64, 0, 205, 0, 0, 0, 0] mem_assign=[605, 14636, 460, 12429, 14501, 761, 5685, 3242, 11681, 0, 0, 0, 0] prune=off leaves=7 sleep_mode=deep light_absorb=0 deep_pressure=4939.098 merge=0/0 merge_keep=0.000 merge_lambda=0.000e+00 mem_prune=203/203/414 mem_keep=0.509 mem_lambda=0.000e+00 time=W34.8/G16.7/S3.3s cache=0/800 cuda_peak=5014MiB sleep_actions=[]
[Epoch 007] Wake: 100%|##############| 800/800 [00:36<00:00, 21.97seq/s, events=64000, loss=2.5496, writes=26]
[Epoch 007] Global: 100%|###################| 800/800 [00:16<00:00, 48.10seq-pass/s, batch=25/25, phase=train]
[Epoch 007] Sleep: 100%|###########| 11/11 [00:00<00:00, 24.12step/s, actions=0, phase=light, pressure=45.142]
[MemoryTree][007/030] wake/event=2.549562 sleep_residual=2.257077 writes=26 memorize=26 queue_split=0 wake_actions=A44791/R19183/M26/Q0 novelty=0.1744 weighted_sim=0.6511 wm_grad_max=3.997e+00 global/event=2.543189 mix_diag=2.5996 global_steps=25 prior_KL=1.271e-02 seq_H_cond=0.4623 seq_H_marg=0.6170 seq_MI=1.546e-01 post_KL_diag=2.360e-01 branch_distill=3.112e-01 probe=9.504e-31/0.000 frontier=3.54/6.08/2.54 enc_gate=0.204 enc_scale=0.009 teacher_conf=0.186 teacher_JS=7.663e-02 max_mass=0.2543 owner_hard=[0, 326, 0, 194, 0, 0, 9, 0, 271, 0, 0, 0, 0] mem_assign=[319, 17049, 208, 15477, 4334, 145, 5691, 3922, 16855, 0, 0, 0, 0] prune=off leaves=7 sleep_mode=light light_absorb=0 deep_pressure=45.142 merge=0/0 merge_keep=0.000 merge_lambda=0.000e+00 mem_prune=0/0/0 mem_keep=0.000 mem_lambda=0.000e+00 time=W36.4/G16.6/S0.5s cache=0/800 cuda_peak=5013MiB sleep_actions=[]
[Epoch 008] Wake: 100%|#############| 800/800 [00:50<00:00, 15.83seq/s, events=64000, loss=2.5517, writes=225]
[Epoch 008] Global: 100%|###################| 800/800 [00:16<00:00, 48.25seq-pass/s, batch=25/25, phase=train]
[Epoch 008] Sleep:  27%|######2                | 3/11 [00:11<00:31,  3.92s/step, leaf=roo
[Epoch 008] Sleep: 100%|############| 11/11 [02:13<00:00, 12.17s/step, actions=0, phase=deep, pressure=39.755]
[MemoryTree][008/030] wake/event=2.551710 sleep_residual=1.987762 writes=225 memorize=89 queue_split=217 wake_actions=A44769/R18925/M89/Q217 novelty=0.1345 weighted_sim=0.7311 wm_grad_max=3.332e+00 global/event=2.553594 mix_diag=2.5847 global_steps=25 prior_KL=1.896e-02 seq_H_cond=0.3833 seq_H_marg=0.6235 seq_MI=2.403e-01 post_KL_diag=2.340e-01 branch_distill=3.176e-01 probe=1.675e-25/0.000 frontier=3.73/6.47/2.73 enc_gate=0.164 enc_scale=0.010 teacher_conf=0.183 teacher_JS=9.841e-02 max_mass=0.2493 owner_hard=[0, 368, 0, 0, 1, 0, 348, 0, 83, 0, 0, 0, 0] mem_assign=[372, 16547, 36, 1091, 9117, 8008, 13783, 4197, 10849, 0, 0, 0, 0] prune=off leaves=7 sleep_mode=deep light_absorb=1 deep_pressure=39.755 merge=0/0merge_keep=0.000 merge_lambda=0.000e+00 mem_prune=151/151/452 mem_keep=0.665 mem_lambda=0.000e+00 time=W50.6/G16.6/S133.9s cache=0/800 cuda_peak=5288MiB sleep_actions=[]
[Epoch 009] Wake: 100%|##############| 800/800 [00:37<00:00, 21.08seq/s, events=64000, loss=2.5449, writes=44]
[Epoch 009] Global: 100%|###################| 800/800 [00:16<00:00, 48.00seq-pass/s, batch=25/25, phase=train]
[Epoch 009] Sleep: 100%|############| 11/11 [02:13<00:00, 12.15s/step, actions=0, phase=deep, pressure=37.494]
[MemoryTree][009/030] wake/event=2.544914 sleep_residual=1.874687 writes=44 memorize=45 queue_split=0 wake_actions=A44910/R19045/M45/Q0 novelty=0.1544 weighted_sim=0.6911 wm_grad_max=3.737e+00 global/event=2.543098 mix_diag=2.6208 global_steps=25 prior_KL=2.430e-02 seq_H_cond=0.1886 seq_H_marg=0.6223 seq_MI=4.336e-01 post_KL_diag=2.131e-01 branch_distill=3.579e-01 probe=1.491e-30/0.000 frontier=3.94/6.88/2.94 enc_gate=0.164 enc_scale=0.008 teacher_conf=0.162 teacher_JS=1.543e-01 max_mass=0.2533 owner_hard=[0, 334, 0, 0, 0, 35, 186, 35, 210, 0, 0, 0, 0] mem_assign=[140, 16523, 30, 1388, 397, 7451, 13481, 10283, 14307, 0, 0, 0, 0] prune=off leaves=7 sleep_mode=deep light_absorb=1 deep_pressure=37.494 merge=0/0 merge_keep=0.000 merge_lambda=0.000e+00 mem_prune=104/104/346 mem_keep=0.699 mem_lambda=0.000e+00 time=W38.0/G16.7/S133.6s cache=0/800 cuda_peak=5329MiB sleep_actions=[]
[Epoch 010] Wake: 100%|###############| 800/800 [00:35<00:00, 22.85seq/s, events=64000, loss=2.5374, writes=0]
[Epoch 010] Global: 100%|###################| 800/800 [00:16<00:00, 47.96seq-pass/s, batch=25/25, phase=train]
[Epoch 010] Sleep: 100%|############| 11/11 [01:56<00:00, 10.60s/step, actions=0, phase=deep, pressure=44.511]
[MemoryTree][010/030] wake/event=2.537382 sleep_residual=2.225551 writes=0 memorize=0 queue_split=0 wake_actions=A44933/R19067/M0/Q0 novelty=0.1400 weighted_sim=0.7200 wm_grad_max=3.168e+00 global/event=2.530417 mix_diag=2.6192 global_steps=25 prior_KL=2.380e-02 seq_H_cond=0.1719 seq_H_marg=0.6257 seq_MI=4.538e-01 post_KL_diag=2.115e-01 branch_distill=3.734e-01 probe=0.000e+00/0.000 frontier=3.98/6.95/2.98 enc_gate=0.176 enc_scale=0.008 teacher_conf=0.169 teacher_JS=1.560e-01 max_mass=0.2282 owner_hard=[0, 289, 0, 0, 0, 19, 198, 37, 257, 0, 0, 0, 0] mem_assign=[38, 14077, 15, 35, 1947, 8579, 13949, 10571, 14789, 0, 0, 0, 0] prune=off leaves=7 sleep_mode=deep light_absorb=1 deep_pressure=44.511 merge=0/0 merge_keep=0.000 merge_lambda=0.000e+00 mem_prune=64/64/242 mem_keep=0.735 mem_lambda=0.000e+00 time=W35.0/G16.7/S116.6s cache=0/800 cuda_peak=5330MiB sleep_actions=[]
[Epoch 011] Wake: 100%|###############| 800/800 [00:35<00:00, 22.73seq/s, events=64000, loss=2.5161, writes=1]
[Epoch 011] Global: 100%|###################| 800/800 [00:16<00:00, 47.70seq-pass/s, batch=25/25, phase=train]
[Epoch 011] Sleep: 100%|############| 11/11 [01:33<00:00,  8.49s/step, actions=0, phase=deep, pressure=60.835]
[MemoryTree][011/030] wake/event=2.516054 sleep_residual=3.041727 writes=1 memorize=1 queue_split=0 wake_actions=A44894/R19105/M1/Q0 novelty=0.1767 weighted_sim=0.6466 wm_grad_max=4.646e+00 global/event=2.522192 mix_diag=2.5998 global_steps=25 prior_KL=2.244e-02 seq_H_cond=0.1911 seq_H_marg=0.6291 seq_MI=4.380e-01 post_KL_diag=2.056e-01 branch_distill=3.648e-01 probe=0.000e+00/0.000 frontier=3.97/6.95/2.97 enc_gate=0.186 enc_scale=0.009 teacher_conf=0.181 teacher_JS=1.447e-01 max_mass=0.2503 owner_hard=[0, 346, 0, 0, 0, 46, 139, 30, 239, 0, 0, 0, 0] mem_assign=[15, 16152, 2, 225, 688, 9593, 12714, 10136, 14475, 0, 0, 0, 0] prune=on leaves=7 sleep_mode=deep light_absorb=1 deep_pressure=60.835 merge=0/0 merge_keep=0.000 merge_lambda=0.000e+00 mem_prune=61/61/179 mem_keep=0.661 mem_lambda=0.000e+00 time=W35.2/G16.8/S93.4s cache=0/800 cuda_peak=5328MiB sleep_actions=[]
[Epoch 012] Wake: 100%|#############| 800/800 [01:08<00:00, 11.76seq/s, events=64000, loss=2.5112, writes=465]
[Epoch 012] Global: 100%|###################| 800/800 [00:16<00:00, 47.80seq-pass/s, batch=25/25, phase=train]
[Epoch 012] Sleep: 100%|############| 11/11 [03:16<00:00, 17.85s/step, actions=0, phase=deep, pressure=22.026]
[MemoryTree][012/030] wake/event=2.511239 sleep_residual=1.101299 writes=465 memorize=473 queue_split=76 wake_actions=A44652/R18799/M473/Q76 novelty=0.0951 weighted_sim=0.8098 wm_grad_max=4.055e+00 global/event=2.511015 mix_diag=2.5888 global_steps=25 prior_KL=2.161e-02 seq_H_cond=0.1887 seq_H_marg=0.6298 seq_MI=4.410e-01 post_KL_diag=2.014e-01 branch_distill=3.706e-01 probe=0.000e+00/0.000 frontier=3.97/6.95/2.97 enc_gate=0.205 enc_scale=0.010 teacher_conf=0.199 teacher_JS=1.411e-01 max_mass=0.2375 owner_hard=[0, 318, 0, 0, 0, 39, 152, 28, 263, 0, 0, 0, 0] mem_assign=[20, 15239, 6, 317, 111,9637, 13596, 10200, 14874, 0, 0, 0, 0] prune=on leaves=7 sleep_mode=deep light_absorb=0 deep_pressure=22.026 merge=0/0 merge_keep=0.000 merge_lambda=0.000e+00 mem_prune=243/243/491 mem_keep=0.504 mem_lambda=0.000e+00 time=W68.0/G16.7/S196.4s cache=0/800 cuda_peak=5331MiB sleep_actions=[]
[Epoch 013] Wake: 100%|#############| 800/800 [00:44<00:00, 17.84seq/s, events=64000, loss=2.5272, writes=137]
[Epoch 013] Global: 100%|###################| 800/800 [00:16<00:00, 47.96seq-pass/s, batch=25/25, phase=train]
[Epoch 013] Sleep: 100%|############| 11/11 [02:26<00:00, 13.29s/step, actions=0, phase=deep, pressure=24.250]
[MemoryTree][013/030] wake/event=2.527222 sleep_residual=1.212501 writes=137 memorize=146 queue_split=0 wake_actions=A44701/R19153/M146/Q0 novelty=0.1124 weighted_sim=0.7752 wm_grad_max=4.107e+00 global/event=2.513321 mix_diag=2.5772 global_steps=25 prior_KL=1.927e-02 seq_H_cond=0.1986 seq_H_marg=0.6304 seq_MI=4.318e-01 post_KL_diag=1.958e-01 branch_distill=3.648e-01 probe=0.000e+00/0.000 frontier=3.97/6.95/2.97 enc_gate=0.200 enc_scale=0.010 teacher_conf=0.203 teacher_JS=1.353e-01 max_mass=0.2388 owner_hard=[0, 340, 0, 0, 0, 32, 137, 34, 257, 0, 0, 0, 0] mem_assign=[95, 15204, 41, 318, 790, 9083, 13631, 10244, 14594, 0, 0, 0, 0] prune=on leaves=7 sleep_mode=deep light_absorb=0 deep_pressure=24.250 merge=0/0 merge_keep=0.000 merge_lambda=0.000e+00 mem_prune=161/161/374 mem_keep=0.571 mem_lambda=0.000e+00 time=W44.9/G16.7/S146.2s cache=0/800 cuda_peak=5330MiB sleep_actions=[]
[Epoch 014] Wake: 100%|##############| 800/800 [00:40<00:00, 19.63seq/s, events=64000, loss=2.5096, writes=78]
[Epoch 014] Global: 100%|###################| 800/800 [00:16<00:00, 47.81seq-pass/s, batch=25/25, phase=train]
[Epoch 014] Sleep: 100%|############| 11/11 [01:38<00:00,  8.94s/step, actions=0, phase=deep, pressure=28.532]
[MemoryTree][014/030] wake/event=2.509611 sleep_residual=1.426588 writes=78 memorize=81 queue_split=5 wake_actions=A44586/R19328/M81/Q5 novelty=0.1011 weighted_sim=0.7977 wm_grad_max=4.051e+00 global/event=2.511241 mix_diag=2.5775 global_steps=25 prior_KL=1.852e-02 seq_H_cond=0.2059 seq_H_marg=0.6316 seq_MI=4.257e-01 post_KL_diag=2.021e-01 branch_distill=3.629e-01 probe=0.000e+00/0.000 frontier=3.97/6.95/2.97 enc_gate=0.212 enc_scale=0.010 teacher_conf=0.212 teacher_JS=1.325e-01 max_mass=0.2474 owner_hard=[0, 340, 0, 0, 0, 30, 127, 21, 282, 0, 0, 0, 0] mem_assign=[77, 15671, 27, 284, 489, 8969, 13347, 9774, 15362, 0, 0, 0, 0] prune=on leaves=7 sleep_mode=deep light_absorb=0 deep_pressure=28.532 merge=0/0 merge_keep=0.000 merge_lambda=0.000e+00 mem_prune=115/115/291 mem_keep=0.606 mem_lambda=0.000e+00 time=W40.8/G16.7/S98.3s cache=0/800 cuda_peak=5329MiB sleep_actions=[]
[Epoch 015] Wake: 100%|#############| 800/800 [00:54<00:00, 14.79seq/s, events=64000, loss=2.5128, writes=267]
[Epoch 015] Global: 100%|###################| 800/800 [00:16<00:00, 47.88seq-pass/s, batch=25/25, phase=train]
[Epoch 015] Sleep: 100%|############| 11/11 [01:19<00:00,  7.20s/step, actions=0, phase=deep, pressure=29.122]
[MemoryTree][015/030] wake/event=2.512843 sleep_residual=1.456102 writes=267 memorize=276 queue_split=5 wake_actions=A44608/R19111/M276/Q5 novelty=0.0871 weighted_sim=0.8259 wm_grad_max=4.227e+00 global/event=2.508623 mix_diag=2.5621 global_steps=25 prior_KL=1.845e-02 seq_H_cond=0.2038 seq_H_marg=0.6324 seq_MI=4.286e-01 post_KL_diag=1.953e-01 branch_distill=3.617e-01 probe=0.000e+00/0.000 frontier=3.98/6.95/2.98 enc_gate=0.215 enc_scale=0.011 teacher_conf=0.213 teacher_JS=1.315e-01 max_mass=0.2266 owner_hard=[0, 306, 0, 0, 0, 41, 136, 16, 301, 0, 0, 0, 0] mem_assign=[68, 14101, 35, 849, 521, 9843, 13674, 9588, 15321, 0, 0, 0, 0] prune=on leaves=7 sleep_mode=deep light_absorb=0 deep_pressure=29.122 merge=0/0 merge_keep=0.000 merge_lambda=0.000e+00 mem_prune=162/162/375 mem_keep=0.569 mem_lambda=0.000e+00 time=W54.1/G16.7/S79.3s cache=0/800 cuda_peak=5330MiB sleep_actions=[]
[Epoch 016] Wake: 100%|##############| 800/800 [00:38<00:00, 20.74seq/s, events=64000, loss=2.4946, writes=46]
[Epoch 016] Global: 100%|###################| 800/800 [00:16<00:00, 47.71seq-pass/s, batch=25/25, phase=train]
[Epoch 016] Sleep: 100%|#############| 11/11 [01:00<00:00,  5.52s/step, actions=0, phase=deep, pressure=1.000]
[MemoryTree][016/030] wake/event=2.494609 sleep_residual=0.000700 writes=46 memorize=49 queue_split=0 wake_actions=A44677/R19274/M49/Q0 novelty=0.1062 weighted_sim=0.7876 wm_grad_max=3.978e+00 global/event=2.502717 mix_diag=2.5580 global_steps=25 prior_KL=1.767e-02 seq_H_cond=0.2059 seq_H_marg=0.6330 seq_MI=4.271e-01 post_KL_diag=2.000e-01 branch_distill=3.626e-01 probe=0.000e+00/0.000 frontier=3.97/6.95/2.97 enc_gate=0.220 enc_scale=0.011 teacher_conf=0.224 teacher_JS=1.292e-01 max_mass=0.2465 owner_hard=[0, 345, 0, 0, 0, 40, 101, 22, 292, 0, 0, 0, 0] mem_assign=[71, 15652, 35, 497, 733, 9479, 12909, 9459, 15165, 0, 0, 0, 0] prune=on leaves=7 sleep_mode=deep light_absorb=0 deep_pressure=1.000 merge=0/0 merge_keep=0.000 merge_lambda=0.000e+00 mem_prune=107/107/259 mem_keep=0.587 mem_lambda=0.000e+00 time=W38.6/G16.8/S60.7s cache=0/800 cuda_peak=5329MiB sleep_actions=[]
[Epoch 017] Wake: 100%|#############| 800/800 [00:44<00:00, 17.88seq/s, events=64000, loss=2.5003, writes=134]
[Epoch 017] Global: 100%|###################| 800/800 [00:16<00:00, 47.61seq-pass/s, batch=25/25, phase=train]
[Epoch 017] Sleep: 100%|#############| 11/11 [01:05<00:00,  6.00s/step, actions=0, phase=deep, pressure=1.000]
[MemoryTree][017/030] wake/event=2.500345 sleep_residual=0.000660 writes=134 memorize=153 queue_split=1 wake_actions=A44695/R19151/M153/Q1 novelty=0.1073 weighted_sim=0.7853 wm_grad_max=3.817e+00 global/event=2.500054 mix_diag=2.5520 global_steps=25 prior_KL=1.681e-02 seq_H_cond=0.2126 seq_H_marg=0.6339 seq_MI=4.213e-01 post_KL_diag=2.030e-01 branch_distill=3.604e-01 probe=0.000e+00/0.000 frontier=3.97/6.95/2.97 enc_gate=0.224 enc_scale=0.011 teacher_conf=0.227 teacher_JS=1.265e-01 max_mass=0.2463 owner_hard=[0, 350, 0, 0, 0, 45, 110, 16, 279, 0, 0, 0, 0] mem_assign=[67, 15453, 31, 375, 476, 9760, 13111, 9559, 15168, 0, 0, 0, 0] prune=on leaves=7 sleep_mode=deep light_absorb=1 deep_pressure=1.000 merge=0/0 merge_keep=0.000 merge_lambda=0.000e+00 mem_prune=110/110/286 mem_keep=0.614 mem_lambda=0.000e+00 time=W44.7/G16.8/S66.0s cache=0/800 cuda_peak=5330MiB sleep_actions=[]
[Epoch 018] Wake: 100%|#############| 800/800 [00:45<00:00, 17.42seq/s, events=64000, loss=2.4899, writes=154]
[Epoch 018] Global: 100%|###################| 800/800 [00:16<00:00, 47.64seq-pass/s, batch=25/25, phase=train]
[Epoch 018] Sleep: 100%|#############| 11/11 [01:59<00:00, 10.88s/step, actions=0, phase=deep, pressure=1.000]
[MemoryTree][018/030] wake/event=2.489886 sleep_residual=0.000676 writes=154 memorize=165 queue_split=2 wake_actions=A44580/R19253/M165/Q2 novelty=0.0827 weighted_sim=0.8346 wm_grad_max=3.924e+00 global/event=2.499082 mix_diag=2.5413 global_steps=25 prior_KL=1.609e-02 seq_H_cond=0.2136 seq_H_marg=0.6361 seq_MI=4.225e-01 post_KL_diag=2.057e-01 branch_distill=3.660e-01 probe=0.000e+00/0.000 frontier=3.97/6.95/2.97 enc_gate=0.232 enc_scale=0.012 teacher_conf=0.232 teacher_JS=1.266e-01 max_mass=0.2490 owner_hard=[0, 348, 0, 0, 0, 27, 107, 8, 310, 0, 0, 0, 0] mem_assign=[84, 15755, 48, 519, 890, 9252, 13274, 8627, 15551, 0, 0, 0, 0] prune=on leaves=7 sleep_mode=deep light_absorb=1 deep_pressure=1.000 merge=0/0 merge_keep=0.000 merge_lambda=0.000e+00 mem_prune=131/131/331 mem_keep=0.603 mem_lambda=0.000e+00 time=W45.9/G16.8/S119.7s cache=0/800 cuda_peak=5330MiB sleep_actions=[]
[Epoch 019] Wake: 100%|##############| 800/800 [00:41<00:00, 19.33seq/s, events=64000, loss=2.4937, writes=90]
[Epoch 019] Global: 100%|###################| 800/800 [00:16<00:00, 47.73seq-pass/s, batch=25/25, phase=train]
[Epoch 019] Sleep: 100%|#############| 11/11 [02:02<00:00, 11.13s/step, actions=0, phase=deep, pressure=1.000]
[MemoryTree][019/030] wake/event=2.493679 sleep_residual=0.000674 writes=90 memorize=97 queue_split=0 wake_actions=A44683/R19220/M97/Q0 novelty=0.0863 weighted_sim=0.8274 wm_grad_max=3.675e+00 global/event=2.493720 mix_diag=2.5461 global_steps=25 prior_KL=1.493e-02 seq_H_cond=0.2221 seq_H_marg=0.6356 seq_MI=4.134e-01 post_KL_diag=2.105e-01 branch_distill=3.579e-01 probe=0.000e+00/0.000 frontier=3.97/6.95/2.97 enc_gate=0.245 enc_scale=0.012 teacher_conf=0.242 teacher_JS=1.233e-01 max_mass=0.2507 owner_hard=[0, 361, 0, 0, 0, 28, 98, 7, 306, 0, 0, 0, 0] mem_assign=[113, 15780, 60, 515, 1217, 9150, 13145, 8652, 15368, 0, 0, 0, 0] prune=on leaves=7 sleep_mode=deep light_absorb=0 deep_pressure=1.000 merge=0/0 merge_keep=0.000 merge_lambda=0.000e+00 mem_prune=121/121/290 mem_keep=0.583 mem_lambda=0.000e+00 time=W41.4/G16.8/S122.5s cache=0/800 cuda_peak=5331MiB sleep_actions=[]
[Epoch 020] Wake: 100%|###############| 800/800 [00:35<00:00, 22.63seq/s, events=64000, loss=2.5009, writes=4]
[Epoch 020] Global: 100%|###################| 800/800 [00:16<00:00, 48.05seq-pass/s, batch=25/25, phase=train]
[Epoch 020] Sleep: 100%|#############| 11/11 [01:08<00:00,  6.22s/step, actions=0, phase=deep, pressure=1.000]
[MemoryTree][020/030] wake/event=2.500949 sleep_residual=0.000631 writes=4 memorize=5 queue_split=0 wake_actions=A44493/R19502/M5/Q0 novelty=0.0810 weighted_sim=0.8380 wm_grad_max=4.016e+00 global/event=2.495351 mix_diag=2.5393 global_steps=25 prior_KL=1.448e-02 seq_H_cond=0.2195 seq_H_marg=0.6386 seq_MI=4.191e-01 post_KL_diag=2.158e-01 branch_distill=3.670e-01 probe=0.000e+00/0.000 frontier=3.97/6.95/2.97 enc_gate=0.244 enc_scale=0.012 teacher_conf=0.247 teacher_JS=1.243e-01 max_mass=0.2599 owner_hard=[0, 395, 0, 0, 0, 30, 93, 4, 278, 0, 0, 0, 0] mem_assign=[87, 16627, 68, 944, 1119, 8859, 12982, 7893, 15421, 0, 0, 0, 0] prune=on leaves=7 sleep_mode=deep light_absorb=0 deep_pressure=1.000 merge=0/0 merge_keep=0.000 merge_lambda=0.000e+00 mem_prune=75/75/173 mem_keep=0.568 mem_lambda=0.000e+00 time=W35.4/G16.7/S68.4s cache=0/800 cuda_peak=5330MiB sleep_actions=[]
[Epoch 021] Wake: 100%|###############| 800/800 [00:35<00:00, 22.35seq/s, events=64000, loss=2.4872, writes=9]
[Epoch 021] Global: 100%|###################| 800/800 [00:16<00:00, 48.13seq-pass/s, batch=25/25, phase=train]
[Epoch 021] Sleep: 100%|#############| 11/11 [00:36<00:00,  3.30s/step, actions=0, phase=deep, pressure=1.000]
[MemoryTree][021/030] wake/event=2.487248 sleep_residual=0.000558 writes=9 memorize=9 queue_split=0 wake_actions=A44534/R19457/M9/Q0 novelty=0.0799 weighted_sim=0.8403 wm_grad_max=3.771e+00 global/event=2.495693 mix_diag=2.5357 global_steps=25 prior_KL=1.445e-02 seq_H_cond=0.2245 seq_H_marg=0.6379 seq_MI=4.134e-01 post_KL_diag=2.163e-01 branch_distill=3.595e-01 probe=0.000e+00/0.000 frontier=3.97/6.95/2.97 enc_gate=0.251 enc_scale=0.012 teacher_conf=0.249 teacher_JS=1.229e-01 max_mass=0.2670 owner_hard=[0, 411, 0, 0, 0, 27, 144, 5, 213, 0, 0, 0, 0] mem_assign=[121, 17092, 82, 1007, 974, 8783,13586, 7764, 14591, 0, 0, 0, 0] prune=on leaves=7 sleep_mode=deep light_absorb=1 deep_pressure=1.000 merge=0/0 merge_keep=0.000 merge_lambda=0.000e+00 mem_prune=43/43/107 mem_keep=0.594 mem_lambda=0.000e+00 time=W35.8/G16.6/S36.3s cache=0/800 cuda_peak=5329MiB sleep_actions=[]
[Epoch 022] Wake: 100%|##############| 800/800 [00:36<00:00, 22.14seq/s, events=64000, loss=2.4856, writes=14]
[Epoch 022] Global: 100%|###################| 800/800 [00:16<00:00, 47.88seq-pass/s, batch=25/25, phase=train]
[Epoch 022] Sleep: 100%|#############| 11/11 [00:21<00:00,  1.95s/step, actions=0, phase=deep, pressure=1.000]
[MemoryTree][022/030] wake/event=2.485631 sleep_residual=0.000543 writes=14 memorize=17 queue_split=0 wake_actions=A44441/R19542/M17/Q0 novelty=0.0679 weighted_sim=0.8643 wm_grad_max=3.758e+00 global/event=2.492453 mix_diag=2.5290 global_steps=25 prior_KL=1.312e-02 seq_H_cond=0.2232 seq_H_marg=0.6398 seq_MI=4.166e-01 post_KL_diag=2.219e-01 branch_distill=3.658e-01 probe=0.000e+00/0.000 frontier=3.97/6.95/2.97 enc_gate=0.258 enc_scale=0.013 teacher_conf=0.256 teacher_JS=1.227e-01 max_mass=0.2578 owner_hard=[0, 406, 0, 0, 0, 26, 145, 8, 215, 0, 0, 0, 0] mem_assign=[101, 16627, 69, 789, 1507, 8731, 13502, 8061, 14613, 0, 0, 0, 0] prune=on leaves=7 sleep_mode=deep light_absorb=0 deep_pressure=1.000 merge=0/0 merge_keep=0.000 merge_lambda=0.000e+00 mem_prune=24/24/78 mem_keep=0.687 mem_lambda=0.000e+00 time=W36.1/G16.7/S21.5s cache=0/800 cuda_peak=5329MiB sleep_actions=[]
[Epoch 023] Wake: 100%|##############| 800/800 [00:37<00:00, 21.56seq/s, events=64000, loss=2.4931, writes=28]
[Epoch 023] Global: 100%|###################| 800/800 [00:16<00:00, 47.84seq-pass/s, batch=25/25, phase=train]
[Epoch 023] Sleep: 100%|#############| 11/11 [00:17<00:00,  1.60s/step, actions=0, phase=deep, pressure=1.000]
[MemoryTree][023/030] wake/event=2.493148 sleep_residual=0.000579 writes=28 memorize=31 queue_split=0 wake_actions=A44566/R19403/M31/Q0 novelty=0.0942 weighted_sim=0.8116 wm_grad_max=3.680e+00 global/event=2.494358 mix_diag=2.5132 global_steps=25 prior_KL=1.321e-02 seq_H_cond=0.2295 seq_H_marg=0.6388 seq_MI=4.094e-01 post_KL_diag=2.150e-01 branch_distill=3.656e-01 probe=0.000e+00/0.000 frontier=3.97/6.95/2.97 enc_gate=0.238 enc_scale=0.012 teacher_conf=0.245 teacher_JS=1.220e-01 max_mass=0.2671 owner_hard=[0, 431, 0, 0, 0, 13, 141, 5, 210, 0, 0, 0, 0] mem_assign=[114, 17288, 68, 942, 1935, 8026, 13492, 7692, 14443, 0, 0, 0, 0] prune=on leaves=7 sleep_mode=deep light_absorb=0 deep_pressure=1.000 merge=0/0 merge_keep=0.000 merge_lambda=0.000e+00 mem_prune=15/15/82 mem_keep=0.814 mem_lambda=0.000e+00 time=W37.1/G16.7/S17.6s cache=0/800 cuda_peak=5331MiB sleep_actions=[]
[Epoch 024] Wake: 100%|#############| 800/800 [00:42<00:00, 18.64seq/s, events=64000, loss=2.4829, writes=117]
[Epoch 024] Global: 100%|###################| 800/800 [00:16<00:00, 47.55seq-pass/s, batch=25/25, phase=train]
[Epoch 024] Sleep: 100%|#############| 11/11 [00:59<00:00,  5.44s/step, actions=0, phase=deep, pressure=1.000]
[MemoryTree][024/030] wake/event=2.482888 sleep_residual=0.000523 writes=117 memorize=121 queue_split=1 wake_actions=A44635/R19243/M121/Q1 novelty=0.0935 weighted_sim=0.8129 wm_grad_max=3.907e+00 global/event=2.488532 mix_diag=2.5081 global_steps=25 prior_KL=1.297e-02 seq_H_cond=0.2322 seq_H_marg=0.6391 seq_MI=4.069e-01 post_KL_diag=2.122e-01 branch_distill=3.624e-01 probe=0.000e+00/0.000 frontier=3.97/6.95/2.97 enc_gate=0.253 enc_scale=0.012 teacher_conf=0.241 teacher_JS=1.220e-01 max_mass=0.2761 owner_hard=[0, 435, 0, 0, 0, 12, 166, 11, 176, 0, 0, 0, 0] mem_assign=[136, 17664, 99, 666, 1825, 8005, 13555, 7985, 14065, 0, 0, 0, 0] prune=on leaves=7 sleep_mode=deep light_absorb=1 deep_pressure=1.000 merge=0/0 merge_keep=0.000 merge_lambda=0.000e+00 mem_prune=53/53/184 mem_keep=0.713 mem_lambda=0.000e+00 time=W42.9/G16.8/S59.8s cache=0/800 cuda_peak=5328MiB sleep_actions=[]
[Epoch 025] Wake: 100%|##############| 800/800 [00:37<00:00, 21.13seq/s, events=64000, loss=2.4877, writes=36]
[Epoch 025] Global: 100%|###################| 800/800 [00:16<00:00, 47.74seq-pass/s, batch=25/25, phase=train]
[Epoch 025] Sleep: 100%|#############| 11/11 [01:04<00:00,  5.83s/step, actions=0, phase=deep, pressure=1.000]
[MemoryTree][025/030] wake/event=2.487680 sleep_residual=0.000551 writes=36 memorize=42 queue_split=0 wake_actions=A44443/R19515/M42/Q0 novelty=0.0959 weighted_sim=0.8082 wm_grad_max=4.455e+00 global/event=2.486587 mix_diag=2.5028 global_steps=25 prior_KL=1.223e-02 seq_H_cond=0.2343 seq_H_marg=0.6398 seq_MI=4.054e-01 post_KL_diag=2.139e-01 branch_distill=3.648e-01 probe=0.000e+00/0.000 frontier=3.97/6.95/2.97 enc_gate=0.247 enc_scale=0.012 teacher_conf=0.243 teacher_JS=1.228e-01 max_mass=0.2786 owner_hard=[0, 446, 0, 0, 0, 7, 196, 14, 137, 0, 0, 0, 0] mem_assign=[116, 18125, 94, 801, 2072, 7172, 14275, 7623, 13722, 0, 0, 0, 0] prune=on leaves=7 sleep_mode=deep light_absorb=2 deep_pressure=1.000 merge=0/0 merge_keep=0.000 merge_lambda=0.000e+00 mem_prune=56/56/167 mem_keep=0.662 mem_lambda=0.000e+00 time=W37.9/G16.8/S64.1s cache=0/800 cuda_peak=5329MiB sleep_actions=[]
[Epoch 026] Wake: 100%|##############| 800/800 [00:35<00:00, 22.31seq/s, events=64000, loss=2.4715, writes=10]
[Epoch 026] Global: 100%|###################| 800/800 [00:16<00:00, 47.73seq-pass/s, batch=25/25, phase=train]
[Epoch 026] Sleep: 100%|#############| 11/11 [00:36<00:00,  3.30s/step, actions=0, phase=deep, pressure=1.000]
[MemoryTree][026/030] wake/event=2.471483 sleep_residual=0.000634 writes=10 memorize=12 queue_split=0 wake_actions=A44549/R19439/M12/Q0 novelty=0.1025 weighted_sim=0.7949 wm_grad_max=4.584e+00 global/event=2.479237 mix_diag=2.4952 global_steps=25 prior_KL=1.234e-02 seq_H_cond=0.2282 seq_H_marg=0.6407 seq_MI=4.126e-01 post_KL_diag=2.079e-01 branch_distill=3.710e-01 probe=0.000e+00/0.000 frontier=3.97/6.95/2.97 enc_gate=0.235 enc_scale=0.012 teacher_conf=0.239 teacher_JS=1.248e-01 max_mass=0.2704 owner_hard=[0, 459, 0, 0, 0, 9, 172, 13, 147, 0, 0, 0, 0] mem_assign=[139, 17560, 63, 585, 2428, 7670, 13903, 7769, 13883, 0, 0, 0, 0] prune=on leaves=7 sleep_mode=deep light_absorb=2 deep_pressure=1.000 merge=0/0 merge_keep=0.000 merge_lambda=0.000e+00 mem_prune=38/38/121 mem_keep=0.687 mem_lambda=0.000e+00 time=W35.9/G16.8/S36.3s cache=0/800 cuda_peak=5330MiB sleep_actions=[]
[Epoch 027] Wake: 100%|#############| 800/800 [00:47<00:00, 16.72seq/s, events=64000, loss=2.4684, writes=198]
[Epoch 027] Global: 100%|###################| 800/800 [00:16<00:00, 47.90seq-pass/s, batch=25/25, phase=train]
[Epoch 027] Sleep: 100%|#############| 11/11 [01:55<00:00, 10.47s/step, actions=0, phase=deep, pressure=1.000]
[MemoryTree][027/030] wake/event=2.468356 sleep_residual=0.000510 writes=198 memorize=208 queue_split=3 wake_actions=A44468/R19321/M208/Q3 novelty=0.0737 weighted_sim=0.8525 wm_grad_max=4.604e+00 global/event=2.477250 mix_diag=2.4848 global_steps=25 prior_KL=1.174e-02 seq_H_cond=0.2284 seq_H_marg=0.6422 seq_MI=4.138e-01 post_KL_diag=2.119e-01 branch_distill=3.681e-01 probe=0.000e+00/0.000 frontier=3.97/6.94/2.97 enc_gate=0.240 enc_scale=0.012 teacher_conf=0.243 teacher_JS=1.255e-01 max_mass=0.2841 owner_hard=[0, 475, 0, 0, 0, 5, 157, 12, 151, 0, 0, 0, 0] mem_assign=[144, 18462, 75, 497, 2191,7211, 13764, 7695, 13961, 0, 0, 0, 0] prune=on leaves=7 sleep_mode=deep light_absorb=0 deep_pressure=1.000 merge=0/0 merge_keep=0.000 merge_lambda=0.000e+00 mem_prune=122/122/224 mem_keep=0.456 mem_lambda=0.000e+00 time=W47.9/G16.7/S115.2scache=0/800 cuda_peak=5329MiB sleep_actions=[]
[Epoch 028] Wake: 100%|###############| 800/800 [00:35<00:00, 22.45seq/s, events=64000, loss=2.4680, writes=7]
[Epoch 028] Global: 100%|###################| 800/800 [00:16<00:00, 47.70seq-pass/s, batch=25/25, phase=train]
[Epoch 028] Sleep: 100%|#############| 11/11 [00:34<00:00,  3.14s/step, actions=0, phase=deep, pressure=1.000]
[MemoryTree][028/030] wake/event=2.467992 sleep_residual=0.000518 writes=7 memorize=8 queue_split=0 wake_actions=A44422/R19570/M8/Q0 novelty=0.0680 weighted_sim=0.8640 wm_grad_max=3.830e+00 global/event=2.470686 mix_diag=2.4802 global_steps=25 prior_KL=1.194e-02 seq_H_cond=0.2298 seq_H_marg=0.6430 seq_MI=4.132e-01 post_KL_diag=2.097e-01 branch_distill=3.698e-01 probe=0.000e+00/0.000 frontier=3.97/6.94/2.97 enc_gate=0.249 enc_scale=0.012 teacher_conf=0.244 teacher_JS=1.243e-01 max_mass=0.2881 owner_hard=[0, 495, 0, 0, 0, 1, 143, 14, 147, 0, 0, 0, 0] mem_assign=[109, 18761, 51, 430, 2508, 6481,13758, 8047, 13855, 0, 0, 0, 0] prune=on leaves=7 sleep_mode=deep light_absorb=0 deep_pressure=1.000 merge=0/0 merge_keep=0.000 merge_lambda=0.000e+00 mem_prune=44/44/109 mem_keep=0.593 mem_lambda=0.000e+00 time=W35.6/G16.8/S34.5s cache=0/800 cuda_peak=5326MiB sleep_actions=[]
[Epoch 029] Wake: 100%|##############| 800/800 [00:35<00:00, 22.32seq/s, events=64000, loss=2.4542, writes=12]
[Epoch 029] Global: 100%|###################| 800/800 [00:16<00:00, 48.18seq-pass/s, batch=25/25, phase=train]
[Epoch 029] Sleep: 100%|#############| 11/11 [00:22<00:00,  2.03s/step, actions=0, phase=deep, pressure=1.000]
[MemoryTree][029/030] wake/event=2.454190 sleep_residual=0.000470 writes=12 memorize=13 queue_split=0 wake_actions=A44491/R19496/M13/Q0 novelty=0.0862 weighted_sim=0.8277 wm_grad_max=3.927e+00 global/event=2.462843 mix_diag=2.4673 global_steps=25 prior_KL=1.137e-02 seq_H_cond=0.2295 seq_H_marg=0.6432 seq_MI=4.137e-01 post_KL_diag=2.174e-01 branch_distill=3.716e-01 probe=0.000e+00/0.000 frontier=3.97/6.95/2.97 enc_gate=0.254 enc_scale=0.013 teacher_conf=0.252 teacher_JS=1.248e-01 max_mass=0.2788 owner_hard=[0, 474, 0, 0, 0, 1, 180, 7, 138, 0, 0, 0, 0] mem_assign=[114, 18127, 90, 470, 2300, 6026, 14657, 8167, 14049, 0, 0, 0, 0] prune=on leaves=7 sleep_mode=deep light_absorb=2 deep_pressure=1.000 merge=0/0 merge_keep=0.000 merge_lambda=0.000e+00 mem_prune=23/23/77 mem_keep=0.698 mem_lambda=0.000e+00 time=W35.8/G16.6/S22.4s cache=0/800 cuda_peak=5327MiB sleep_actions=[]
[Epoch 030] Wake: 100%|###############| 800/800 [00:35<00:00, 22.45seq/s, events=64000, loss=2.4616, writes=7]
[Epoch 030] Global: 100%|###################| 800/800 [00:16<00:00, 48.02seq-pass/s, batch=25/25, phase=train]
[Epoch 030] Sleep: 100%|#############| 11/11 [00:20<00:00,  1.90s/step, actions=0, phase=deep, pressure=1.000]
[MemoryTree][030/030] wake/event=2.461591 sleep_residual=0.000467 writes=7 memorize=7 queue_split=0 wake_actions=A44445/R19548/M7/Q0 novelty=0.0974 weighted_sim=0.8052 wm_grad_max=4.593e+00 global/event=2.460498 mix_diag=2.4643 global_steps=25 prior_KL=1.202e-02 seq_H_cond=0.2317 seq_H_marg=0.6429 seq_MI=4.113e-01 post_KL_diag=2.143e-01 branch_distill=3.726e-01 probe=0.000e+00/0.000 frontier=3.97/6.94/2.97 enc_gate=0.259 enc_scale=0.012 teacher_conf=0.250 teacher_JS=1.244e-01 max_mass=0.2861 owner_hard=[0, 504, 0, 0, 0, 1, 143, 8, 144, 0, 0, 0, 0] mem_assign=[109, 18560, 51, 522, 2689, 6077, 13786, 7964, 14242, 0, 0, 0, 0] prune=on leaves=7 sleep_mode=deep light_absorb=1 deep_pressure=1.000 merge=0/0 merge_keep=0.000 merge_lambda=0.000e+00 mem_prune=15/15/61 mem_keep=0.758 mem_lambda=0.000e+00 time=W35.6/G16.7/S20.9s cache=0/800 cuda_peak=5328MiB sleep_actions=[][Training Plot] metrics=/home/xinye/Hawkes-Memory/HawkesMemory/Memory/Checkpoints/dws_8_posterior_frontier_v2_training_metrics.json figure=/home/xinye/Hawkes-Memory/HawkesMemory/Memory/Checkpoints/dws_8_posterior_frontier_v2_training_curves.png
