Using device: cuda
DataFrame shape: (1000, 3)
Columns: ['event_times', 'event_types', 'cluster']
加载了 1000 个序列
检测到 8 种事件类型: [0, 1, 2, 3, 4, 5, 6, 7]
第一个序列长度: 80
[Hawkes Cold Start][001/005] train_nll/event=4.530360 val_nll/event=3.983941 max_grad=1.7082
[Hawkes Cold Start][002/005] train_nll/event=3.752346 val_nll/event=3.476004 max_grad=0.8174
[Hawkes Cold Start][003/005] train_nll/event=3.367936 val_nll/event=3.194996 max_grad=0.4840
[Hawkes Cold Start][004/005] train_nll/event=3.147597 val_nll/event=3.029957 max_grad=0.3228
[Hawkes Cold Start][005/005] train_nll/event=3.019739 val_nll/event=2.935587 max_grad=0.2016
[Hawkes Cold Start] checkpoint saved to /home/zt/zimo/Hawkes-Memory/checkpoints/hawkes_backbone_init.pt
[Hawkes Cold Start] spectral_radius=0.627653, min_mu=1.175818e-02
[H_tree] initialized 19/19 node_emb from /home/zt/zimo/Hawkes-Memory/Data/tree_10/h_tree_10.pt
[Routing] mode=active_frontier frontier=2..4 temperature=1.500 exploration=0.050

[Residual init]:   0%|          | 0/1000 [00:00<?, ?seq/s]
[Residual init]:   2%|▎         | 25/1000 [00:00<00:04, 242.92seq/s]
[Residual init]:   5%|▌         | 51/1000 [00:00<00:03, 247.54seq/s]
[Residual init]:   8%|▊         | 76/1000 [00:00<00:03, 247.18seq/s]
[Residual init]:  10%|█         | 102/1000 [00:00<00:03, 248.74seq/s]
[Residual init]:  13%|█▎        | 127/1000 [00:00<00:03, 249.03seq/s]
[Residual init]:  15%|█▌        | 152/1000 [00:00<00:03, 249.17seq/s]
[Residual init]:  18%|█▊        | 177/1000 [00:00<00:03, 249.24seq/s]
[Residual init]:  20%|██        | 202/1000 [00:00<00:03, 249.03seq/s]
[Residual init]:  23%|██▎       | 227/1000 [00:00<00:03, 245.85seq/s]
[Residual init]:  25%|██▌       | 252/1000 [00:01<00:03, 232.65seq/s]
[Residual init]:  28%|██▊       | 277/1000 [00:01<00:03, 236.42seq/s]
[Residual init]:  30%|███       | 302/1000 [00:01<00:02, 238.77seq/s]
[Residual init]:  33%|███▎      | 326/1000 [00:01<00:02, 238.66seq/s]
[Residual init]:  35%|███▌      | 351/1000 [00:01<00:02, 239.46seq/s]
[Residual init]:  38%|███▊      | 376/1000 [00:01<00:02, 240.62seq/s]
[Residual init]:  40%|████      | 401/1000 [00:01<00:02, 240.06seq/s]
[Residual init]:  43%|████▎     | 426/1000 [00:01<00:02, 240.14seq/s]
[Residual init]:  45%|████▌     | 451/1000 [00:01<00:02, 240.59seq/s]
[Residual init]:  48%|████▊     | 476/1000 [00:01<00:02, 240.89seq/s]
[Residual init]:  50%|█████     | 501/1000 [00:02<00:02, 240.87seq/s]
[Residual init]:  53%|█████▎    | 526/1000 [00:02<00:01, 241.43seq/s]
[Residual init]:  55%|█████▌    | 551/1000 [00:02<00:01, 242.63seq/s]
[Residual init]:  58%|█████▊    | 576/1000 [00:02<00:01, 242.56seq/s]
[Residual init]:  60%|██████    | 601/1000 [00:02<00:01, 243.10seq/s]
[Residual init]:  63%|██████▎   | 626/1000 [00:02<00:01, 243.29seq/s]
[Residual init]:  65%|██████▌   | 651/1000 [00:02<00:01, 245.18seq/s]
[Residual init]:  68%|██████▊   | 676/1000 [00:02<00:01, 244.35seq/s]
[Residual init]:  70%|███████   | 701/1000 [00:02<00:01, 244.64seq/s]
[Residual init]:  73%|███████▎  | 726/1000 [00:02<00:01, 239.81seq/s]
[Residual init]:  75%|███████▌  | 751/1000 [00:03<00:01, 239.66seq/s]
[Residual init]:  78%|███████▊  | 776/1000 [00:03<00:00, 240.97seq/s]
[Residual init]:  80%|████████  | 801/1000 [00:03<00:00, 241.75seq/s]
[Residual init]:  83%|████████▎ | 826/1000 [00:03<00:00, 241.22seq/s]
[Residual init]:  85%|████████▌ | 851/1000 [00:03<00:00, 242.20seq/s]
[Residual init]:  88%|████████▊ | 876/1000 [00:03<00:00, 242.89seq/s]
[Residual init]:  90%|█████████ | 901/1000 [00:03<00:00, 242.18seq/s]
[Residual init]:  93%|█████████▎| 926/1000 [00:03<00:00, 241.04seq/s]
[Residual init]:  95%|█████████▌| 951/1000 [00:03<00:00, 241.46seq/s]
[Residual init]:  98%|█████████▊| 976/1000 [00:04<00:00, 242.22seq/s]
[Residual init]: 100%|██████████| 1000/1000 [00:04<00:00, 242.25seq/s]
[Residual Initialization] sequences=1000 rank=2 grad_norm=5.422e+00/8.863e+00/1.497e+01 clipped=0.000 membership=[100.0, 100.0, 100.0, 100.0, 100.0, 100.0, 100.0, 100.0, 100.0, 100.0] target_mass=[0.10000000149011612, 0.10000000149011612, 0.10000000149011612, 0.10000000149011612, 0.10000000149011612, 0.10000000149011612, 0.10000000149011612, 0.10000000149011612, 0.10000000149011612, 0.10000000149011612]
[Initialization] mode=residual_signature semantic_blend=0.0000 semantic_delta_mean=1.5257e-03 semantic_delta_max=1.5326e-02 offset_mode=path_additive route_balance=0.0500
[Symmetry] mode=residual_signature router_gain=0.0500 router_norm_mean=7.3961e-02 leaf_delta_mean=1.9558e-03 leaf_mean_error=4.768e-07 spectral_radius=[0.627336,0.627942]

[H-align 01/05]:   0%|          | 0/63 [00:00<?, ?batch/s]
[H-align 01/05]:   8%|▊         | 5/63 [00:00<00:01, 44.81batch/s, acc=0.513, loss=0.693]
[H-align 01/05]:  17%|█▋        | 11/63 [00:00<00:00, 52.76batch/s, acc=0.56, loss=0.687]
[H-align 01/05]:  27%|██▋       | 17/63 [00:00<00:00, 54.73batch/s, acc=0.556, loss=0.684]
[H-align 01/05]:  37%|███▋      | 23/63 [00:00<00:00, 56.03batch/s, acc=0.553, loss=0.681]
[H-align 01/05]:  46%|████▌     | 29/63 [00:00<00:00, 56.61batch/s, acc=0.561, loss=0.676]
[H-align 01/05]:  56%|█████▌    | 35/63 [00:00<00:00, 57.00batch/s, acc=0.558, loss=0.672]
[H-align 01/05]:  65%|██████▌   | 41/63 [00:00<00:00, 57.64batch/s, acc=0.554, loss=0.675]
[H-align 01/05]:  75%|███████▍  | 47/63 [00:00<00:00, 58.12batch/s, acc=0.553, loss=0.674]
[H-align 01/05]:  84%|████████▍ | 53/63 [00:00<00:00, 58.30batch/s, acc=0.557, loss=0.674]
[H-align 01/05]:  94%|█████████▎| 59/63 [00:01<00:00, 57.42batch/s, acc=0.563, loss=0.67] 
[H-align 01/05]: 100%|██████████| 63/63 [00:01<00:00, 56.59batch/s, acc=0.562, loss=0.67]
[H-align] epoch=1/5 loss=0.669761 acc=0.5624 p_target=0.5215 confidence=1.0000 grad_max=7.732e-01

[H-align 02/05]:   0%|          | 0/63 [00:00<?, ?batch/s]
[H-align 02/05]:  10%|▉         | 6/63 [00:00<00:00, 57.98batch/s, acc=0.538, loss=0.66]
[H-align 02/05]:  19%|█▉        | 12/63 [00:00<00:00, 58.33batch/s, acc=0.569, loss=0.659]
[H-align 02/05]:  29%|██▊       | 18/63 [00:00<00:00, 58.57batch/s, acc=0.582, loss=0.657]
[H-align 02/05]:  38%|███▊      | 24/63 [00:00<00:00, 58.70batch/s, acc=0.596, loss=0.642]
[H-align 02/05]:  48%|████▊     | 30/63 [00:00<00:00, 58.58batch/s, acc=0.61, loss=0.628] 
[H-align 02/05]:  57%|█████▋    | 36/63 [00:00<00:00, 58.03batch/s, acc=0.625, loss=0.605]
[H-align 02/05]:  67%|██████▋   | 42/63 [00:00<00:00, 57.55batch/s, acc=0.635, loss=0.59] 
[H-align 02/05]:  76%|███████▌  | 48/63 [00:00<00:00, 57.50batch/s, acc=0.647, loss=0.576]
[H-align 02/05]:  86%|████████▌ | 54/63 [00:00<00:00, 57.45batch/s, acc=0.655, loss=0.565]
[H-align 02/05]:  95%|█████████▌| 60/63 [00:01<00:00, 57.77batch/s, acc=0.66, loss=0.555] 
[H-align 02/05]: 100%|██████████| 63/63 [00:01<00:00, 57.97batch/s, acc=0.664, loss=0.55]
[H-align] epoch=2/5 loss=0.549741 acc=0.6642 p_target=0.6131 confidence=1.0000 grad_max=2.442e+00

[H-align 03/05]:   0%|          | 0/63 [00:00<?, ?batch/s]
[H-align 03/05]:  10%|▉         | 6/63 [00:00<00:00, 57.97batch/s, acc=0.772, loss=0.42]
[H-align 03/05]:  19%|█▉        | 12/63 [00:00<00:00, 57.17batch/s, acc=0.78, loss=0.419]
[H-align 03/05]:  29%|██▊       | 18/63 [00:00<00:00, 57.78batch/s, acc=0.789, loss=0.408]
[H-align 03/05]:  38%|███▊      | 24/63 [00:00<00:00, 58.11batch/s, acc=0.79, loss=0.403] 
[H-align 03/05]:  48%|████▊     | 30/63 [00:00<00:00, 58.03batch/s, acc=0.797, loss=0.392]
[H-align 03/05]:  57%|█████▋    | 36/63 [00:00<00:00, 58.06batch/s, acc=0.804, loss=0.382]
[H-align 03/05]:  67%|██████▋   | 42/63 [00:00<00:00, 58.06batch/s, acc=0.812, loss=0.37] 
[H-align 03/05]:  76%|███████▌  | 48/63 [00:00<00:00, 57.99batch/s, acc=0.82, loss=0.36] 
[H-align 03/05]:  86%|████████▌ | 54/63 [00:00<00:00, 58.14batch/s, acc=0.822, loss=0.355]
[H-align 03/05]:  95%|█████████▌| 60/63 [00:01<00:00, 58.21batch/s, acc=0.828, loss=0.347]
[H-align 03/05]: 100%|██████████| 63/63 [00:01<00:00, 58.13batch/s, acc=0.83, loss=0.345] 
[H-align] epoch=3/5 loss=0.345011 acc=0.8297 p_target=0.7629 confidence=1.0000 grad_max=4.205e+00

[H-align 04/05]:   0%|          | 0/63 [00:00<?, ?batch/s]
[H-align 04/05]:  10%|▉         | 6/63 [00:00<00:00, 58.80batch/s, acc=0.885, loss=0.243]
[H-align 04/05]:  19%|█▉        | 12/63 [00:00<00:00, 58.61batch/s, acc=0.888, loss=0.24]
[H-align 04/05]:  29%|██▊       | 18/63 [00:00<00:00, 59.11batch/s, acc=0.901, loss=0.225]
[H-align 04/05]:  38%|███▊      | 24/63 [00:00<00:00, 59.37batch/s, acc=0.911, loss=0.211]
[H-align 04/05]:  48%|████▊     | 30/63 [00:00<00:00, 58.60batch/s, acc=0.917, loss=0.199]
[H-align 04/05]:  57%|█████▋    | 36/63 [00:00<00:00, 58.87batch/s, acc=0.923, loss=0.187]
[H-align 04/05]:  67%|██████▋   | 42/63 [00:00<00:00, 58.26batch/s, acc=0.93, loss=0.176] 
[H-align 04/05]:  76%|███████▌  | 48/63 [00:00<00:00, 58.32batch/s, acc=0.934, loss=0.168]
[H-align 04/05]:  86%|████████▌ | 54/63 [00:00<00:00, 58.36batch/s, acc=0.938, loss=0.161]
[H-align 04/05]:  95%|█████████▌| 60/63 [00:01<00:00, 58.45batch/s, acc=0.941, loss=0.155]
[H-align 04/05]: 100%|██████████| 63/63 [00:01<00:00, 58.63batch/s, acc=0.943, loss=0.152]
[H-align] epoch=4/5 loss=0.151769 acc=0.9428 p_target=0.8955 confidence=1.0000 grad_max=2.482e+00

[H-align 05/05]:   0%|          | 0/63 [00:00<?, ?batch/s]
[H-align 05/05]:  10%|▉         | 6/63 [00:00<00:00, 58.19batch/s, acc=0.98, loss=0.0682]
[H-align 05/05]:  19%|█▉        | 12/63 [00:00<00:00, 58.09batch/s, acc=0.98, loss=0.0686]
[H-align 05/05]:  29%|██▊       | 18/63 [00:00<00:00, 58.23batch/s, acc=0.982, loss=0.065]
[H-align 05/05]:  38%|███▊      | 24/63 [00:00<00:00, 58.38batch/s, acc=0.983, loss=0.0608]
[H-align 05/05]:  48%|████▊     | 30/63 [00:00<00:00, 58.33batch/s, acc=0.984, loss=0.0594]
[H-align 05/05]:  57%|█████▋    | 36/63 [00:00<00:00, 58.38batch/s, acc=0.984, loss=0.0579]
[H-align 05/05]:  67%|██████▋   | 42/63 [00:00<00:00, 58.44batch/s, acc=0.984, loss=0.0586]
[H-align 05/05]:  76%|███████▌  | 48/63 [00:00<00:00, 58.26batch/s, acc=0.985, loss=0.056] 
[H-align 05/05]:  86%|████████▌ | 54/63 [00:00<00:00, 58.06batch/s, acc=0.985, loss=0.0542]
[H-align 05/05]:  95%|█████████▌| 60/63 [00:01<00:00, 58.36batch/s, acc=0.986, loss=0.0524]
[H-align 05/05]: 100%|██████████| 63/63 [00:01<00:00, 58.38batch/s, acc=0.986, loss=0.0519]
[H-align] epoch=5/5 loss=0.051941 acc=0.9855 p_target=0.9670 confidence=1.0000 grad_max=1.989e+00
[H-align Complete] epochs=5 loss=0.693299->0.029580 accuracy=0.9917 p_target=0.9805 updated=encoder+router_compat frozen=hawkes+node_emb+semantics+memory

[Init] Cache:   0%|                                                                 | 0/1000 [00:00<?, ?seq/s]
[Init] Cache: 100%|############################| 1000/1000 [00:01<00:00, 675.77seq/s, built=1000, events=8e+4]
[Cache] sequences=1000 events=80000 built=1000 device=cuda time=1.481s

[Epoch 001] Wake: 100%|############| 1000/1000 [02:04<00:00,  8.01seq/s, events=8e+4, loss=2.9706, writes=512]
[Epoch 001] Global: 100%|################| 1000/1000 [00:02<00:00, 375.80seq-pass/s, batch=16/16, phase=train]
[Epoch 001] Sleep: 100%|###########| 14/14 [00:00<00:00, 312.92step/s, actions=0, phase=light, pressure=0.341]
[MemoryTree][001/020] wake/event=2.970648 sleep_residual=0.000925 writes=512 memorize=2127 queue_split=0 wake_actions=A54237/R23636/M2127/Q0 novelty=0.0737 weighted_sim=0.8527 wm_grad_max=4.444e+00 global/event=2.812181 mix=2.7935 global_steps=16 prior_KL=1.045e-01 seq_H_cond=0.5097 seq_H_marg=0.5243 seq_MI=1.456e-02 post_KL=1.085e-01 branch_distill=4.475e-01 frontier=3.91/6.83/2.91 enc_gate=0.078 enc_scale=0.004 teacher_conf=0.090 teacher_JS=5.176e-02 max_mass=0.0921 owner_hard=[38, 16, 172, 88, 64, 76, 63, 159, 149, 26, 0, 0, 149, 0, 0, 0, 0, 0, 0] mem_assign=[9524, 2248, 13652, 5408, 6629, 5788, 4800, 10270, 9728, 1783, 0, 0, 10170, 0, 0, 0, 0, 0, 0] prune=off leaves=10 sleep_mode=light light_absorb=1 deep_pressure=0.341 time=W124.8/G2.7/S0.1s cache=0/1000 cuda_peak=10675MiB sleep_actions=[]

[Epoch 002] Wake: 100%|##############| 1000/1000 [00:25<00:00, 38.53seq/s, events=8e+4, loss=2.7568, writes=0]
[Epoch 002] Global: 100%|################| 1000/1000 [00:02<00:00, 474.58seq-pass/s, batch=16/16, phase=train]
[Epoch 002] Sleep: 100%|###########| 14/14 [00:00<00:00, 317.77step/s, actions=0, phase=light, pressure=0.341]
[MemoryTree][002/020] wake/event=2.756797 sleep_residual=0.000689 writes=0 memorize=0 queue_split=0 wake_actions=A54482/R25518/M0/Q0 novelty=0.0452 weighted_sim=0.9097 wm_grad_max=3.606e+00 global/event=2.744419 mix=2.5464 global_steps=16 prior_KL=2.702e-02 seq_H_cond=0.5853 seq_H_marg=0.5878 seq_MI=2.427e-03 post_KL=3.644e-01 branch_distill=1.335e-01 frontier=4.00/7.00/3.00 enc_gate=0.160 enc_scale=0.012 teacher_conf=0.178 teacher_JS=2.709e-02 max_mass=0.0848 owner_hard=[982, 0, 18, 0, 0, 0, 0, 0, 0, 0, 0, 0, 0, 0, 0, 0, 0, 0, 0] mem_assign=[58213, 5497, 8680, 286, 7324, 0, 0, 0, 0, 0, 0, 0, 0, 0, 0, 0, 0, 0, 0] prune=off leaves=10 sleep_mode=light light_absorb=1 deep_pressure=0.341 time=W26.0/G2.1/S0.0s cache=0/1000 cuda_peak=10613MiB sleep_actions=[]

[Epoch 003] Wake: 100%|##############| 1000/1000 [00:27<00:00, 36.09seq/s, events=8e+4, loss=2.7460, writes=0]
[Epoch 003] Global: 100%|################| 1000/1000 [00:02<00:00, 476.63seq-pass/s, batch=16/16, phase=train]
[Epoch 003] Sleep: 100%|###########| 14/14 [00:00<00:00, 299.64step/s, actions=0, phase=light, pressure=0.341]
[MemoryTree][003/020] wake/event=2.745960 sleep_residual=0.000567 writes=0 memorize=0 queue_split=0 wake_actions=A54251/R25749/M0/Q0 novelty=0.0863 weighted_sim=0.8274 wm_grad_max=4.731e+00 global/event=2.752600 mix=2.4816 global_steps=16 prior_KL=2.263e-02 seq_H_cond=0.5954 seq_H_marg=0.5984 seq_MI=3.009e-03 post_KL=4.300e-01 branch_distill=2.073e-01 frontier=4.00/7.00/3.00 enc_gate=0.225 enc_scale=0.019 teacher_conf=0.254 teacher_JS=4.431e-02 max_mass=0.1539 owner_hard=[660, 1, 308, 0, 31, 0, 0, 0, 0, 0, 0, 0, 0, 0, 0, 0, 0, 0, 0] mem_assign=[38846, 10175, 17735, 2333, 10911, 0, 0, 0, 0, 0, 0, 0, 0, 0, 0, 0, 0, 0, 0] prune=off leaves=10 sleep_mode=light light_absorb=1 deep_pressure=0.341 time=W27.7/G2.1/S0.0s cache=0/1000 cuda_peak=10677MiB sleep_actions=[]

[Epoch 004] Wake: 100%|##############| 1000/1000 [00:24<00:00, 40.11seq/s, events=8e+4, loss=2.7359, writes=1]
[Epoch 004] Global: 100%|################| 1000/1000 [00:02<00:00, 481.65seq-pass/s, batch=16/16, phase=train]
[Epoch 004] Sleep: 100%|###########| 14/14 [00:00<00:00, 297.69step/s, actions=0, phase=light, pressure=0.341]
[MemoryTree][004/020] wake/event=2.735941 sleep_residual=0.000483 writes=1 memorize=0 queue_split=1 wake_actions=A54935/R25064/M0/Q1 novelty=0.1108 weighted_sim=0.7785 wm_grad_max=5.273e+00 global/event=2.726871 mix=2.5272 global_steps=16 prior_KL=3.978e-02 seq_H_cond=0.5586 seq_H_marg=0.5630 seq_MI=4.377e-03 post_KL=4.442e-01 branch_distill=2.436e-01 frontier=3.71/6.43/2.71 enc_gate=0.234 enc_scale=0.023 teacher_conf=0.264 teacher_JS=4.633e-02 max_mass=0.1445 owner_hard=[816, 2, 160, 0, 22, 0, 0, 0, 0, 0, 0, 0, 0, 0, 0, 0, 0, 0, 0] mem_assign=[40233, 12825, 15466, 2909, 8567, 0, 0, 0, 0, 0, 0, 0, 0, 0, 0, 0, 0, 0, 0] prune=off leaves=10 sleep_mode=light light_absorb=1 deep_pressure=0.341 time=W24.9/G2.1/S0.0s cache=0/1000 cuda_peak=10240MiB sleep_actions=[]

[Epoch 005] Wake: 100%|############| 1000/1000 [00:41<00:00, 24.02seq/s, events=8e+4, loss=2.7009, writes=943]
[Epoch 005] Global: 100%|################| 1000/1000 [00:02<00:00, 479.02seq-pass/s, batch=16/16, phase=train]
[Epoch 005] Sleep: 100%|###########| 14/14 [00:00<00:00, 297.78step/s, actions=0, phase=light, pressure=0.495]
[MemoryTree][005/020] wake/event=2.700952 sleep_residual=0.000434 writes=943 memorize=299 queue_split=1039 wake_actions=A55055/R23607/M299/Q1039 novelty=0.0892 weighted_sim=0.8216 wm_grad_max=4.955e+00 global/event=2.687788 mix=2.4554 global_steps=16 prior_KL=6.227e-02 seq_H_cond=0.5673 seq_H_marg=0.5732 seq_MI=5.915e-03 post_KL=4.924e-01 branch_distill=3.331e-01 frontier=3.66/6.32/2.66 enc_gate=0.289 enc_scale=0.026 teacher_conf=0.338 teacher_JS=6.587e-02 max_mass=0.1882 owner_hard=[666, 6, 214, 0, 114, 0, 0, 0, 0, 0, 0, 0, 0, 0, 0, 0, 0, 0, 0] mem_assign=[34257, 13885, 16341, 5051, 10466, 0, 0, 0, 0, 0, 0, 0, 0, 0, 0, 0, 0, 0, 0] prune=off leaves=10 sleep_mode=light light_absorb=1 deep_pressure=0.495 time=W41.6/G2.1/S0.1s cache=0/1000 cuda_peak=10131MiB sleep_actions=[]

[Epoch 006] Wake: 100%|#############| 1000/1000 [00:25<00:00, 38.68seq/s, events=8e+4, loss=2.6750, writes=19]
[Epoch 006] Global: 100%|################| 1000/1000 [00:02<00:00, 497.33seq-pass/s, batch=16/16, phase=train]
[Epoch 006] Sleep: 100%|###########| 14/14 [00:00<00:00, 554.14step/s, actions=0, phase=light, pressure=0.495]
[MemoryTree][006/020] wake/event=2.675045 sleep_residual=0.000393 writes=19 memorize=0 queue_split=21 wake_actions=A55281/R24698/M0/Q21 novelty=0.1788 weighted_sim=0.6424 wm_grad_max=4.355e+00 global/event=2.676066 mix=2.4250 global_steps=16 prior_KL=6.614e-02 seq_H_cond=0.5794 seq_H_marg=0.5864 seq_MI=6.937e-03 post_KL=5.198e-01 branch_distill=3.596e-01 frontier=3.62/6.25/2.62 enc_gate=0.314 enc_scale=0.030 teacher_conf=0.379 teacher_JS=7.790e-02 max_mass=0.2213 owner_hard=[752, 0, 89, 0, 159, 0, 0, 0, 0, 0, 0, 0, 0, 0, 0, 0, 0, 0, 0] mem_assign=[38844, 5109, 14213, 8658, 12931, 0, 245, 0, 0, 0, 0, 0, 0, 0, 0, 0, 0, 0, 0] prune=off leaves=10 sleep_mode=light light_absorb=1 deep_pressure=0.495 time=W25.9/G2.0/S0.0s cache=0/1000 cuda_peak=10133MiB sleep_actions=[]

[Epoch 007] Wake: 100%|############| 1000/1000 [00:29<00:00, 33.46seq/s, events=8e+4, loss=2.6629, writes=635]
[Epoch 007] Global: 100%|################| 1000/1000 [00:02<00:00, 475.03seq-pass/s, batch=16/16, phase=train]
[Epoch 007] Sleep: 100%|###########| 14/14 [00:00<00:00, 285.84step/s, actions=0, phase=light, pressure=0.559]
[MemoryTree][007/020] wake/event=2.662895 sleep_residual=0.000370 writes=635 memorize=0 queue_split=697 wake_actions=A55263/R24040/M0/Q697 novelty=0.1647 weighted_sim=0.6707 wm_grad_max=4.198e+00 global/event=2.676433 mix=2.3936 global_steps=16 prior_KL=4.899e-02 seq_H_cond=0.5881 seq_H_marg=0.5951 seq_MI=6.971e-03 post_KL=5.420e-01 branch_distill=4.018e-01 frontier=3.71/6.42/2.71 enc_gate=0.324 enc_scale=0.032 teacher_conf=0.392 teacher_JS=8.128e-02 max_mass=0.1785 owner_hard=[876, 0, 54, 0, 70, 0, 0, 0, 0, 0, 0, 0, 0, 0, 0, 0, 0, 0, 0] mem_assign=[45913, 78, 14644, 4055, 12874, 63, 2356, 0, 0, 0, 0, 0, 17, 0, 0, 0, 0, 0, 0] prune=off leaves=10 sleep_mode=light light_absorb=1 deep_pressure=0.559 time=W29.9/G2.1/S0.1s cache=0/1000 cuda_peak=10625MiB sleep_actions=[]

[Epoch 008] Wake: 100%|#############| 1000/1000 [00:25<00:00, 39.02seq/s, events=8e+4, loss=2.6762, writes=29]
[Epoch 008] Global: 100%|################| 1000/1000 [00:02<00:00, 468.71seq-pass/s, batch=16/16, phase=train]
[Epoch 008] Sleep: 100%|###########| 14/14 [00:00<00:00, 282.55step/s, actions=0, phase=light, pressure=0.570]
[MemoryTree][008/020] wake/event=2.676238 sleep_residual=0.000374 writes=29 memorize=0 queue_split=33 wake_actions=A54877/R25090/M0/Q33 novelty=0.1068 weighted_sim=0.7865 wm_grad_max=3.565e+00 global/event=2.682761 mix=2.3738 global_steps=16 prior_KL=4.989e-02 seq_H_cond=0.5601 seq_H_marg=0.5682 seq_MI=8.074e-03 post_KL=5.241e-01 branch_distill=3.802e-01 frontier=3.96/6.93/2.96 enc_gate=0.291 enc_scale=0.031 teacher_conf=0.340 teacher_JS=7.076e-02 max_mass=0.0960 owner_hard=[887, 0, 12, 0, 101, 0, 0, 0, 0, 0, 0, 0, 0, 0, 0, 0, 0, 0, 0] mem_assign=[48262, 74, 7688, 144, 13737, 6892, 3201, 0, 0, 0, 0, 0, 2, 0, 0, 0, 0, 0, 0] prune=off leaves=10 sleep_mode=light light_absorb=1 deep_pressure=0.570 time=W25.6/G2.1/S0.1s cache=0/1000 cuda_peak=10661MiB sleep_actions=[]

[Epoch 009] Wake: 100%|#############| 1000/1000 [00:25<00:00, 39.20seq/s, events=8e+4, loss=2.6720, writes=15]
[Epoch 009] Global: 100%|################| 1000/1000 [00:02<00:00, 469.67seq-pass/s, batch=16/16, phase=train]
[Epoch 009] Sleep: 100%|###########| 14/14 [00:00<00:00, 285.61step/s, actions=0, phase=light, pressure=0.570]
[MemoryTree][009/020] wake/event=2.671968 sleep_residual=0.000361 writes=15 memorize=0 queue_split=15 wake_actions=A55047/R24938/M0/Q15 novelty=0.1453 weighted_sim=0.7094 wm_grad_max=3.427e+00 global/event=2.670874 mix=2.3655 global_steps=16 prior_KL=5.328e-02 seq_H_cond=0.5431 seq_H_marg=0.5530 seq_MI=9.928e-03 post_KL=5.225e-01 branch_distill=3.818e-01 frontier=4.00/7.00/3.00 enc_gate=0.286 enc_scale=0.029 teacher_conf=0.332 teacher_JS=6.728e-02 max_mass=0.0734 owner_hard=[851, 0, 0, 0, 124, 25, 0, 0, 0, 0, 0, 0, 0, 0, 0, 0, 0, 0, 0] mem_assign=[46212, 47, 3484, 0, 14698, 10118, 5441, 0, 0, 0, 0, 0, 0, 0, 0, 0, 0, 0, 0] prune=off leaves=10 sleep_mode=light light_absorb=1 deep_pressure=0.570 time=W25.5/G2.1/S0.1s cache=0/1000 cuda_peak=10648MiB sleep_actions=[]

[Epoch 010] Wake: 100%|#############| 1000/1000 [00:25<00:00, 39.14seq/s, events=8e+4, loss=2.6576, writes=10]
[Epoch 010] Global: 100%|################| 1000/1000 [00:02<00:00, 468.27seq-pass/s, batch=16/16, phase=train]
[Epoch 010] Sleep: 100%|###########| 14/14 [00:00<00:00, 287.80step/s, actions=0, phase=light, pressure=0.573]
[MemoryTree][010/020] wake/event=2.657648 sleep_residual=0.000349 writes=10 memorize=0 queue_split=11 wake_actions=A55017/R24972/M0/Q11 novelty=0.1382 weighted_sim=0.7236 wm_grad_max=3.955e+00 global/event=2.654338 mix=2.3615 global_steps=16 prior_KL=5.318e-02 seq_H_cond=0.5377 seq_H_marg=0.5496 seq_MI=1.189e-02 post_KL=5.255e-01 branch_distill=3.847e-01 frontier=4.00/7.00/3.00 enc_gate=0.288 enc_scale=0.028 teacher_conf=0.335 teacher_JS=6.740e-02 max_mass=0.0758 owner_hard=[830, 0, 0, 0, 130, 26, 14, 0, 0, 0, 0, 0, 0, 0, 0, 0, 0, 0, 0] mem_assign=[44511, 116, 3511, 0, 15061, 9796, 7005, 0, 0, 0, 0, 0, 0, 0, 0, 0, 0, 0, 0] prune=off leaves=10 sleep_mode=light light_absorb=1 deep_pressure=0.573 time=W25.6/G2.1/S0.1s cache=0/1000 cuda_peak=10637MiB sleep_actions=[]

[Epoch 011] Wake: 100%|#############| 1000/1000 [00:25<00:00, 38.69seq/s, events=8e+4, loss=2.6427, writes=24]
[Epoch 011] Global: 100%|################| 1000/1000 [00:02<00:00, 465.84seq-pass/s, batch=16/16, phase=train]
[Epoch 011] Sleep: 100%|###########| 14/14 [00:00<00:00, 278.00step/s, actions=0, phase=light, pressure=0.584]
[MemoryTree][011/020] wake/event=2.642664 sleep_residual=0.000340 writes=24 memorize=0 queue_split=28 wake_actions=A55038/R24934/M0/Q28 novelty=0.1264 weighted_sim=0.7472 wm_grad_max=4.023e+00 global/event=2.653782 mix=2.3574 global_steps=16 prior_KL=5.279e-02 seq_H_cond=0.5374 seq_H_marg=0.5502 seq_MI=1.276e-02 post_KL=5.205e-01 branch_distill=3.750e-01 frontier=4.00/7.00/3.00 enc_gate=0.290 enc_scale=0.029 teacher_conf=0.339 teacher_JS=6.768e-02 max_mass=0.0707 owner_hard=[835, 0, 1, 0, 120, 30, 14, 0, 0, 0, 0, 0, 0, 0, 0, 0, 0, 0, 0] mem_assign=[44188, 179, 3461, 0, 14538, 10156, 7456, 0, 0, 0, 0, 0, 22, 0, 0, 0, 0, 0, 0] prune=on leaves=10 sleep_mode=light light_absorb=1 deep_pressure=0.584 time=W25.9/G2.1/S0.1s cache=0/1000 cuda_peak=10606MiB sleep_actions=[]

[Epoch 012] Wake: 100%|#############| 1000/1000 [00:26<00:00, 38.02seq/s, events=8e+4, loss=2.6360, writes=42]
[Epoch 012] Global: 100%|################| 1000/1000 [00:02<00:00, 470.70seq-pass/s, batch=16/16, phase=train]
[Epoch 012] Sleep: 100%|###########| 14/14 [00:00<00:00, 282.97step/s, actions=0, phase=light, pressure=0.602]
[MemoryTree][012/020] wake/event=2.635996 sleep_residual=0.000332 writes=42 memorize=0 queue_split=45 wake_actions=A54880/R25075/M0/Q45 novelty=0.1241 weighted_sim=0.7518 wm_grad_max=3.914e+00 global/event=2.645128 mix=2.3580 global_steps=16 prior_KL=5.214e-02 seq_H_cond=0.5347 seq_H_marg=0.5486 seq_MI=1.391e-02 post_KL=5.249e-01 branch_distill=3.805e-01 frontier=4.00/7.00/3.00 enc_gate=0.306 enc_scale=0.030 teacher_conf=0.367 teacher_JS=7.283e-02 max_mass=0.0623 owner_hard=[841, 0, 0, 0, 106, 42, 11, 0, 0, 0, 0, 0, 0, 0, 0, 0, 0, 0, 0] mem_assign=[44159, 181, 3017, 0, 14293, 10980, 7336, 0, 0, 0, 0, 0, 34, 0, 0, 0, 0, 0, 0] prune=on leaves=10 sleep_mode=light light_absorb=1 deep_pressure=0.602 time=W26.3/G2.1/S0.1s cache=0/1000 cuda_peak=10617MiB sleep_actions=[]

[Epoch 013] Wake: 100%|############| 1000/1000 [00:28<00:00, 34.99seq/s, events=8e+4, loss=2.6223, writes=187]
[Epoch 013] Global: 100%|################| 1000/1000 [00:02<00:00, 466.32seq-pass/s, batch=16/16, phase=train]
[Epoch 013] Sleep: 100%|###########| 14/14 [00:00<00:00, 298.68step/s, actions=0, phase=light, pressure=1.000]
[MemoryTree][013/020] wake/event=2.622291 sleep_residual=0.000332 writes=187 memorize=0 queue_split=201 wake_actions=A54867/R24932/M0/Q201 novelty=0.1128 weighted_sim=0.7743 wm_grad_max=4.075e+00 global/event=2.630779 mix=2.3461 global_steps=16 prior_KL=5.072e-02 seq_H_cond=0.5410 seq_H_marg=0.5553 seq_MI=1.427e-02 post_KL=5.173e-01 branch_distill=3.695e-01 frontier=4.00/7.00/3.00 enc_gate=0.307 enc_scale=0.030 teacher_conf=0.354 teacher_JS=7.078e-02 max_mass=0.0666 owner_hard=[883, 0, 15, 0, 88, 5, 9, 0, 0, 0, 0, 0, 0, 0, 0, 0, 0, 0, 0] mem_assign=[44693, 220, 4629, 0, 14321, 9232, 6675, 0, 0, 0, 0, 0, 230, 0, 0, 0, 0, 0, 0] prune=on leaves=10 sleep_mode=light light_absorb=0 deep_pressure=1.000 time=W28.6/G2.1/S0.1s cache=0/1000 cuda_peak=10585MiB sleep_actions=[]

[Epoch 014] Wake: 100%|############| 1000/1000 [00:30<00:00, 32.88seq/s, events=8e+4, loss=2.6147, writes=323]
[Epoch 014] Global: 100%|################| 1000/1000 [00:02<00:00, 473.92seq-pass/s, batch=16/16, phase=train]
[Epoch 014] Sleep: 100%|############| 14/14 [00:00<00:00, 224.27step/s, actions=0, phase=deep, pressure=1.000]
[MemoryTree][014/020] wake/event=2.614734 sleep_residual=0.000332 writes=323 memorize=0 queue_split=344 wake_actions=A54798/R24858/M0/Q344 novelty=0.0741 weighted_sim=0.8518 wm_grad_max=4.302e+00 global/event=2.616455 mix=2.3402 global_steps=16 prior_KL=4.989e-02 seq_H_cond=0.5372 seq_H_marg=0.5523 seq_MI=1.508e-02 post_KL=5.257e-01 branch_distill=3.661e-01 frontier=4.00/7.00/3.00 enc_gate=0.349 enc_scale=0.032 teacher_conf=0.408 teacher_JS=8.035e-02 max_mass=0.0621 owner_hard=[859, 0, 24, 0, 115, 2, 0, 0, 0, 0, 0, 0, 0, 0, 0, 0, 0, 0, 0] mem_assign=[45245, 179, 5330, 0, 14739, 8516, 5472, 0, 0, 0, 0, 0, 519, 0, 0, 0, 0, 0, 0] prune=on leaves=10 sleep_mode=deep light_absorb=1 deep_pressure=1.000 time=W30.4/G2.1/S0.1s cache=0/1000 cuda_peak=10562MiB sleep_actions=[]

[Epoch 015] Wake: 100%|############| 1000/1000 [00:27<00:00, 36.74seq/s, events=8e+4, loss=2.5969, writes=107]
[Epoch 015] Global: 100%|################| 1000/1000 [00:02<00:00, 468.33seq-pass/s, batch=16/16, phase=train]
[Epoch 015] Sleep: 100%|###########| 14/14 [00:00<00:00, 296.45step/s, actions=0, phase=light, pressure=1.000]
[MemoryTree][015/020] wake/event=2.596934 sleep_residual=0.000332 writes=107 memorize=0 queue_split=115 wake_actions=A54785/R25100/M0/Q115 novelty=0.0715 weighted_sim=0.8570 wm_grad_max=4.222e+00 global/event=2.603428 mix=2.3273 global_steps=16 prior_KL=4.818e-02 seq_H_cond=0.5409 seq_H_marg=0.5559 seq_MI=1.508e-02 post_KL=5.395e-01 branch_distill=3.585e-01 frontier=4.00/7.00/3.00 enc_gate=0.386 enc_scale=0.037 teacher_conf=0.472 teacher_JS=9.149e-02 max_mass=0.0644 owner_hard=[836, 0, 52, 0, 112, 0, 0, 0, 0, 0, 0, 0, 0, 0, 0, 0, 0, 0, 0] mem_assign=[45688, 268, 8035, 0, 14836, 6354, 2395, 0, 0, 0, 0, 0, 2424, 0, 0, 0, 0, 0, 0] prune=on leaves=10 sleep_mode=light light_absorb=0 deep_pressure=1.000 time=W27.2/G2.1/S0.1s cache=0/1000 cuda_peak=10492MiB sleep_actions=[]

[Epoch 016] Wake: 100%|##############| 1000/1000 [00:25<00:00, 38.85seq/s, events=8e+4, loss=2.5846, writes=8]
[Epoch 016] Global: 100%|################| 1000/1000 [00:02<00:00, 473.85seq-pass/s, batch=16/16, phase=train]
[Epoch 016] Sleep: 100%|###########| 14/14 [00:00<00:00, 283.77step/s, actions=0, phase=light, pressure=1.000]
[MemoryTree][016/020] wake/event=2.584590 sleep_residual=0.000331 writes=8 memorize=7 queue_split=1 wake_actions=A54804/R25188/M7/Q1 novelty=0.1240 weighted_sim=0.7520 wm_grad_max=4.530e+00 global/event=2.594123 mix=2.3114 global_steps=16 prior_KL=4.771e-02 seq_H_cond=0.5437 seq_H_marg=0.5591 seq_MI=1.536e-02 post_KL=5.457e-01 branch_distill=3.489e-01 frontier=4.00/7.00/3.00 enc_gate=0.396 enc_scale=0.039 teacher_conf=0.473 teacher_JS=9.090e-02 max_mass=0.0664 owner_hard=[852, 0, 69, 0, 79, 0, 0, 0, 0, 0, 0, 0, 0, 0, 0, 0, 0, 0, 0] mem_assign=[46216, 247, 10471, 3, 13720, 5368, 1379, 0, 0, 0, 0, 0, 2596, 0, 0, 0, 0, 0, 0] prune=on leaves=10 sleep_mode=light light_absorb=1 deep_pressure=1.000 time=W25.7/G2.1/S0.1s cache=0/1000 cuda_peak=10473MiB sleep_actions=[]

[Epoch 017] Wake: 100%|##############| 1000/1000 [00:25<00:00, 39.33seq/s, events=8e+4, loss=2.5842, writes=3]
[Epoch 017] Global: 100%|################| 1000/1000 [00:02<00:00, 472.77seq-pass/s, batch=16/16, phase=train]
[Epoch 017] Sleep: 100%|############| 14/14 [00:00<00:00, 238.15step/s, actions=0, phase=deep, pressure=1.000]
[MemoryTree][017/020] wake/event=2.584233 sleep_residual=0.000332 writes=3 memorize=2 queue_split=1 wake_actions=A54583/R25414/M2/Q1 novelty=0.1320 weighted_sim=0.7361 wm_grad_max=3.823e+00 global/event=2.579746 mix=2.2967 global_steps=16 prior_KL=4.938e-02 seq_H_cond=0.5404 seq_H_marg=0.5571 seq_MI=1.668e-02 post_KL=5.511e-01 branch_distill=3.421e-01 frontier=4.00/7.00/3.00 enc_gate=0.395 enc_scale=0.040 teacher_conf=0.472 teacher_JS=9.061e-02 max_mass=0.0802 owner_hard=[886, 0, 46, 0, 68, 0, 0, 0, 0, 0, 0, 0, 0, 0, 0, 0, 0, 0, 0] mem_assign=[46124, 328, 10048, 0, 13434, 5394, 1477, 0, 0, 0, 0, 409, 2786, 0, 0, 0, 0, 0, 0] prune=on leaves=10 sleep_mode=deep light_absorb=0 deep_pressure=1.000 time=W25.4/G2.1/S0.1s cache=0/1000 cuda_peak=10459MiB sleep_actions=[]

[Epoch 018] Wake: 100%|#############| 1000/1000 [00:25<00:00, 39.17seq/s, events=8e+4, loss=2.5563, writes=13]
[Epoch 018] Global: 100%|################| 1000/1000 [00:02<00:00, 477.18seq-pass/s, batch=16/16, phase=train]
[Epoch 018] Sleep: 100%|###########| 14/14 [00:00<00:00, 288.83step/s, actions=0, phase=light, pressure=1.000]
[MemoryTree][018/020] wake/event=2.556268 sleep_residual=0.000330 writes=13 memorize=8 queue_split=6 wake_actions=A54631/R25355/M8/Q6 novelty=0.1493 weighted_sim=0.7014 wm_grad_max=4.314e+00 global/event=2.560024 mix=2.2802 global_steps=16 prior_KL=5.137e-02 seq_H_cond=0.5357 seq_H_marg=0.5538 seq_MI=1.808e-02 post_KL=5.485e-01 branch_distill=3.369e-01 frontier=4.00/7.00/3.00 enc_gate=0.395 enc_scale=0.039 teacher_conf=0.468 teacher_JS=9.012e-02 max_mass=0.0847 owner_hard=[933, 0, 20, 0, 47, 0, 0, 0, 0, 0, 0, 0, 0, 0, 0, 0, 0, 0, 0] mem_assign=[47004, 221, 9134, 4, 12610, 6033, 1724, 0, 0, 0, 0, 1309, 1961, 0, 0, 0, 0, 0, 0] prune=on leaves=10 sleep_mode=light light_absorb=1 deep_pressure=1.000 time=W25.5/G2.1/S0.1s cache=0/1000 cuda_peak=10400MiB sleep_actions=[]

[Epoch 019] Wake: 100%|#############| 1000/1000 [00:25<00:00, 38.61seq/s, events=8e+4, loss=2.5449, writes=28]
[Epoch 019] Global: 100%|################| 1000/1000 [00:02<00:00, 467.81seq-pass/s, batch=16/16, phase=train]
[Epoch 019] Sleep: 100%|###########| 14/14 [00:00<00:00, 249.82step/s, actions=0, phase=light, pressure=1.000]
[MemoryTree][019/020] wake/event=2.544875 sleep_residual=0.000016 writes=28 memorize=28 queue_split=1 wake_actions=A54572/R25399/M28/Q1 novelty=0.1305 weighted_sim=0.7390 wm_grad_max=4.384e+00 global/event=2.548997 mix=2.2651 global_steps=16 prior_KL=5.374e-02 seq_H_cond=0.5313 seq_H_marg=0.5507 seq_MI=1.944e-02 post_KL=5.409e-01 branch_distill=3.311e-01 frontier=4.00/7.00/3.00 enc_gate=0.379 enc_scale=0.038 teacher_conf=0.446 teacher_JS=8.858e-02 max_mass=0.0909 owner_hard=[937, 0, 4, 0, 59, 0, 0, 0, 0, 0, 0, 0, 0, 0, 0, 0, 0, 0, 0] mem_assign=[47216, 309, 7938, 2, 12927, 6239, 1749, 0, 0, 0, 0, 2198, 1422, 0, 0, 0, 0, 0, 0] prune=on leaves=10 sleep_mode=light light_absorb=0 deep_pressure=1.000 time=W25.9/G2.1/S0.1s cache=0/1000 cuda_peak=10682MiB sleep_actions=[]

[Epoch 020] Wake: 100%|##############| 1000/1000 [00:26<00:00, 38.16seq/s, events=8e+4, loss=2.5553, writes=3]
[Epoch 020] Global: 100%|################| 1000/1000 [00:02<00:00, 463.75seq-pass/s, batch=16/16, phase=train]
[Epoch 020] Sleep: 100%|############| 14/14 [00:00<00:00, 192.75step/s, actions=0, phase=deep, pressure=1.000]
[MemoryTree][020/020] wake/event=2.555322 sleep_residual=0.000015 writes=3 memorize=1 queue_split=2 wake_actions=A54556/R25441/M1/Q2 novelty=0.1253 weighted_sim=0.7493 wm_grad_max=3.861e+00 global/event=2.544126 mix=2.2581 global_steps=16 prior_KL=5.440e-02 seq_H_cond=0.5303 seq_H_marg=0.5510 seq_MI=2.066e-02 post_KL=5.338e-01 branch_distill=3.236e-01 frontier=4.00/7.00/3.00 enc_gate=0.347 enc_scale=0.036 teacher_conf=0.409 teacher_JS=8.510e-02 max_mass=0.0813 owner_hard=[937, 0, 0, 0, 63, 0, 0, 0, 0, 0, 0, 0, 0, 0, 0, 0, 0, 0, 0] mem_assign=[50114, 235, 5790, 0, 13277, 6026, 1770, 1, 0, 0, 0, 2499, 288, 0, 0, 0, 0, 0, 0] prune=on leaves=10 sleep_mode=deep light_absorb=1 deep_pressure=1.000 time=W26.2/G2.2/S0.1s cache=0/1000 cuda_peak=10680MiB sleep_actions=[]
